OMNeT++ Discrete Event Simulation  (C) 1992-2022 Andras Varga, OpenSim Ltd.
Version: 6.0.3, build: 240223-17fcae5ef3, edition: Academic Public License -- NOT FOR COMMERCIAL USE
See the license for distribution terms and warranty disclaimer

Setting up Qtenv...

Loading NED files from .:  4

Loading images from 'images': *: 0 
Loading images from '/mnt/EA6658A8665876F3/Polimi/DS/omnetpp-6.0.3-linux-x86_64/omnetpp-6.0.3/images': *: 0  abstract/*: 90  background/*: 4  block/*: 325  device/*: 195  logo/*: 3  maps/*: 9  misc/*: 70  msg/*: 55  old/*: 111  status/*: 28 

client[2] - No rooms available
client[0] - No rooms available
client[2] - No rooms available
client[4] - No rooms available
client[0] - No rooms available
client[4] - No rooms available
client[4] - No rooms available
client[3] - No rooms available
client[1] - No rooms available
client[3] - No rooms available
client[4] - No rooms available
client[1] - No rooms available
client[0] - Sent room creation: stanza(client[0], 0) with: client[0],client[3],client[2]
client[4] - Room: stanza(client[0], 0) - Message discarded for I'm not a recipient: 
client[4] - time to live = 0 for message: creation of room stanza(client[0], 0)
client[1] - Room: stanza(client[0], 0) - Message discarded for I'm not a recipient: 
client[1] - time to live = 0 for message: creation of room stanza(client[0], 0)
client[0] - Sending message to room stanza(client[0], 0) - msg(0,client[0])
client[4] - Room: stanza(client[0], 0) - Message discarded for I'm not a recipient: 
client[4] - time to live = 0 for message: message from client[0] to stanza(client[0], 0)
client[1] - Room: stanza(client[0], 0) - Message discarded for I'm not a recipient: 
client[1] - time to live = 0 for message: message from client[0] to stanza(client[0], 0)
client[4] - No rooms available
client[0] - Sending message to room stanza(client[0], 0) - msg(1,client[0])
client[4] - Room: stanza(client[0], 0) - Message discarded for I'm not a recipient: 
client[4] - time to live = 0 for message: message from client[0] to stanza(client[0], 0)
client[1] - Room: stanza(client[0], 0) - Message discarded for I'm not a recipient: 
client[1] - time to live = 0 for message: message from client[0] to stanza(client[0], 0)
client[3] - No rooms available
client[0] - Sending message to room stanza(client[0], 0) - msg(2,client[0])
client[4] - Room: stanza(client[0], 0) - Message discarded for I'm not a recipient: 
client[4] - time to live = 0 for message: message from client[0] to stanza(client[0], 0)
client[1] - Room: stanza(client[0], 0) - Message discarded for I'm not a recipient: 
client[1] - time to live = 0 for message: message from client[0] to stanza(client[0], 0)
client[4] - No rooms available
client[2] - No rooms available
client[3] - No rooms available
client[0] - Sending message to room stanza(client[0], 0) - msg(3,client[0])
client[4] - Room: stanza(client[0], 0) - Message discarded for I'm not a recipient: 
client[4] - time to live = 0 for message: message from client[0] to stanza(client[0], 0)
client[1] - Room: stanza(client[0], 0) - Message discarded for I'm not a recipient: 
client[1] - time to live = 0 for message: message from client[0] to stanza(client[0], 0)
client[1] - No rooms available
client[4] - No rooms available
client[2] - No rooms available
client[3] - No rooms available
client[2] - No rooms available
client[4] - No rooms available
client[2] - No rooms available
client[4] - No rooms available
client[3] - No rooms available
client[0] - Sent room creation: stanza(client[0], 1) with: client[0],client[2],client[3],client[4],client[1]
client[4] - Room created: stanza(client[0], 1)
client[4] - time to live = 0 for message: creation of room stanza(client[0], 1)
client[1] - Room created: stanza(client[0], 1)
client[1] - time to live = 0 for message: creation of room stanza(client[0], 1)
client[1] - Sending message to room stanza(client[0], 1) - msg(0,client[1])
client[0] - stanza(client[0], 1) - Displayed message: msg(0,client[1]) from user client[1]
client[0] - Room: stanza(client[0], 1) - Message received: msg(0,client[1])
client[0] - time to live = 0 for message: message from client[1] to stanza(client[0], 1)
client[2] - Room: stanza(client[0], 1) - Message discarded for I'm not a recipient: 
client[2] - time to live = 0 for message: message from client[1] to stanza(client[0], 1)
client[2] - No rooms available
client[0] - Sending message to room stanza(client[0], 0) - msg(4,client[0])
client[4] - Room: stanza(client[0], 0) - Message discarded for I'm not a recipient: 
client[4] - time to live = 0 for message: message from client[0] to stanza(client[0], 0)
client[1] - Room: stanza(client[0], 0) - Message discarded for I'm not a recipient: 
client[1] - time to live = 0 for message: message from client[0] to stanza(client[0], 0)
client[4] - Sending message to room stanza(client[0], 1) - msg(0,client[4])
client[3] - Room: stanza(client[0], 1) - Message discarded for I'm not a recipient: 
client[3] - time to live = 0 for message: message from client[4] to stanza(client[0], 1)
client[0] - stanza(client[0], 1) - Displayed message: msg(0,client[4]) from user client[4]
client[0] - Room: stanza(client[0], 1) - Message received: msg(0,client[4])
client[0] - time to live = 0 for message: message from client[4] to stanza(client[0], 1)
client[3] - No rooms available
client[0] - Sending message to room stanza(client[0], 1) - msg(5,client[0])
client[4] - Room: stanza(client[0], 1) - Message received: msg(5,client[0])
client[4] - time to live = 0 for message: message from client[0] to stanza(client[0], 1)
client[1] - Room: stanza(client[0], 1) - Message received: msg(5,client[0])
client[1] - time to live = 0 for message: message from client[0] to stanza(client[0], 1)
client[4] - Sending message to room stanza(client[0], 1) - msg(1,client[4])
client[3] - Room: stanza(client[0], 1) - Message discarded for I'm not a recipient: 
client[3] - time to live = 0 for message: message from client[4] to stanza(client[0], 1)
client[0] - stanza(client[0], 1) - Displayed message: msg(1,client[4]) from user client[4]
client[0] - Room: stanza(client[0], 1) - Message received: msg(1,client[4])
client[0] - time to live = 0 for message: message from client[4] to stanza(client[0], 1)
client[3] - No rooms available
client[1] - Sending message to room stanza(client[0], 1) - msg(1,client[1])
client[0] - stanza(client[0], 1) - Displayed message: msg(1,client[1]) from user client[1]
client[0] - Room: stanza(client[0], 1) - Message received: msg(1,client[1])
client[0] - time to live = 0 for message: message from client[1] to stanza(client[0], 1)
client[2] - Room: stanza(client[0], 1) - Message discarded for I'm not a recipient: 
client[2] - time to live = 0 for message: message from client[1] to stanza(client[0], 1)
client[0] - Sending message to room stanza(client[0], 1) - msg(6,client[0])
client[4] - Room: stanza(client[0], 1) - Message received: msg(6,client[0])
client[4] - time to live = 0 for message: message from client[0] to stanza(client[0], 1)
client[1] - Room: stanza(client[0], 1) - Message received: msg(6,client[0])
client[1] - time to live = 0 for message: message from client[0] to stanza(client[0], 1)
client[1] - Sending message to room stanza(client[0], 1) - msg(2,client[1])
client[0] - stanza(client[0], 1) - Displayed message: msg(2,client[1]) from user client[1]
client[0] - Room: stanza(client[0], 1) - Message received: msg(2,client[1])
client[0] - time to live = 0 for message: message from client[1] to stanza(client[0], 1)
client[2] - Room: stanza(client[0], 1) - Message discarded for I'm not a recipient: 
client[2] - time to live = 0 for message: message from client[1] to stanza(client[0], 1)
client[4] - Sending message to room stanza(client[0], 1) - msg(2,client[4])
client[3] - Room: stanza(client[0], 1) - Message discarded for I'm not a recipient: 
client[3] - time to live = 0 for message: message from client[4] to stanza(client[0], 1)
client[0] - stanza(client[0], 1) - Displayed message: msg(2,client[4]) from user client[4]
client[0] - Room: stanza(client[0], 1) - Message received: msg(2,client[4])
client[0] - time to live = 0 for message: message from client[4] to stanza(client[0], 1)
client[0] - Sending message to room stanza(client[0], 0) - msg(7,client[0])
client[4] - Room: stanza(client[0], 0) - Message discarded for I'm not a recipient: 
client[4] - time to live = 0 for message: message from client[0] to stanza(client[0], 0)
client[1] - Room: stanza(client[0], 0) - Message discarded for I'm not a recipient: 
client[1] - time to live = 0 for message: message from client[0] to stanza(client[0], 0)
client[2] - No rooms available
client[1] - Sending message to room stanza(client[0], 1) - msg(3,client[1])
client[0] - stanza(client[0], 1) - Displayed message: msg(3,client[1]) from user client[1]
client[0] - Room: stanza(client[0], 1) - Message received: msg(3,client[1])
client[0] - time to live = 0 for message: message from client[1] to stanza(client[0], 1)
client[2] - Room: stanza(client[0], 1) - Message discarded for I'm not a recipient: 
client[2] - time to live = 0 for message: message from client[1] to stanza(client[0], 1)
client[4] - Sending message to room stanza(client[0], 1) - msg(3,client[4])
client[3] - Room: stanza(client[0], 1) - Message discarded for I'm not a recipient: 
client[3] - time to live = 0 for message: message from client[4] to stanza(client[0], 1)
client[0] - stanza(client[0], 1) - Displayed message: msg(3,client[4]) from user client[4]
client[0] - Room: stanza(client[0], 1) - Message received: msg(3,client[4])
client[0] - time to live = 0 for message: message from client[4] to stanza(client[0], 1)
client[1] - Sending message to room stanza(client[0], 1) - msg(4,client[1])
client[0] - stanza(client[0], 1) - Displayed message: msg(4,client[1]) from user client[1]
client[0] - Room: stanza(client[0], 1) - Message received: msg(4,client[1])
client[0] - time to live = 0 for message: message from client[1] to stanza(client[0], 1)
client[2] - Room: stanza(client[0], 1) - Message discarded for I'm not a recipient: 
client[2] - time to live = 0 for message: message from client[1] to stanza(client[0], 1)
client[2] - No rooms available
client[1] - Sending message to room stanza(client[0], 1) - msg(5,client[1])
client[0] - stanza(client[0], 1) - Displayed message: msg(5,client[1]) from user client[1]
client[0] - Room: stanza(client[0], 1) - Message received: msg(5,client[1])
client[0] - time to live = 0 for message: message from client[1] to stanza(client[0], 1)
client[2] - Room: stanza(client[0], 1) - Message discarded for I'm not a recipient: 
client[2] - time to live = 0 for message: message from client[1] to stanza(client[0], 1)
client[0] - Sending message to room stanza(client[0], 0) - msg(8,client[0])
client[4] - Room: stanza(client[0], 0) - Message discarded for I'm not a recipient: 
client[4] - time to live = 0 for message: message from client[0] to stanza(client[0], 0)
client[1] - Room: stanza(client[0], 0) - Message discarded for I'm not a recipient: 
client[1] - time to live = 0 for message: message from client[0] to stanza(client[0], 0)
client[4] - Sending message to room stanza(client[0], 1) - msg(4,client[4])
client[3] - Room: stanza(client[0], 1) - Message discarded for I'm not a recipient: 
client[3] - time to live = 0 for message: message from client[4] to stanza(client[0], 1)
client[0] - stanza(client[0], 1) - Displayed message: msg(4,client[4]) from user client[4]
client[0] - Room: stanza(client[0], 1) - Message received: msg(4,client[4])
client[0] - time to live = 0 for message: message from client[4] to stanza(client[0], 1)
client[3] - No rooms available
client[4] - Sending message to room stanza(client[0], 1) - msg(5,client[4])
client[3] - Room: stanza(client[0], 1) - Message discarded for I'm not a recipient: 
client[3] - time to live = 0 for message: message from client[4] to stanza(client[0], 1)
client[0] - stanza(client[0], 1) - Displayed message: msg(5,client[4]) from user client[4]
client[0] - Room: stanza(client[0], 1) - Message received: msg(5,client[4])
client[0] - time to live = 0 for message: message from client[4] to stanza(client[0], 1)
client[2] - No rooms available
client[0] - Sending message to room stanza(client[0], 0) - msg(9,client[0])
client[4] - Room: stanza(client[0], 0) - Message discarded for I'm not a recipient: 
client[4] - time to live = 0 for message: message from client[0] to stanza(client[0], 0)
client[1] - Room: stanza(client[0], 0) - Message discarded for I'm not a recipient: 
client[1] - time to live = 0 for message: message from client[0] to stanza(client[0], 0)
client[4] - Sending message to room stanza(client[0], 1) - msg(6,client[4])
client[3] - Room: stanza(client[0], 1) - Message discarded for I'm not a recipient: 
client[3] - time to live = 0 for message: message from client[4] to stanza(client[0], 1)
client[0] - stanza(client[0], 1) - Displayed message: msg(6,client[4]) from user client[4]
client[0] - Room: stanza(client[0], 1) - Message received: msg(6,client[4])
client[0] - time to live = 0 for message: message from client[4] to stanza(client[0], 1)
client[1] - Sending message to room stanza(client[0], 1) - msg(6,client[1])
client[0] - stanza(client[0], 1) - Displayed message: msg(6,client[1]) from user client[1]
client[0] - Room: stanza(client[0], 1) - Message received: msg(6,client[1])
client[0] - time to live = 0 for message: message from client[1] to stanza(client[0], 1)
client[2] - Room: stanza(client[0], 1) - Message discarded for I'm not a recipient: 
client[2] - time to live = 0 for message: message from client[1] to stanza(client[0], 1)
client[3] - No rooms available
client[0] - Sending message to room stanza(client[0], 1) - msg(10,client[0])
client[4] - Room: stanza(client[0], 1) - Message received: msg(10,client[0])
client[4] - time to live = 0 for message: message from client[0] to stanza(client[0], 1)
client[1] - Room: stanza(client[0], 1) - Message received: msg(10,client[0])
client[1] - time to live = 0 for message: message from client[0] to stanza(client[0], 1)
client[1] - Sending message to room stanza(client[0], 1) - msg(7,client[1])
client[0] - stanza(client[0], 1) - Displayed message: msg(7,client[1]) from user client[1]
client[0] - Room: stanza(client[0], 1) - Message received: msg(7,client[1])
client[0] - time to live = 0 for message: message from client[1] to stanza(client[0], 1)
client[2] - Room: stanza(client[0], 1) - Message discarded for I'm not a recipient: 
client[2] - time to live = 0 for message: message from client[1] to stanza(client[0], 1)
client[2] - No rooms available
client[4] - Sending message to room stanza(client[0], 1) - msg(7,client[4])
client[3] - Room: stanza(client[0], 1) - Message discarded for I'm not a recipient: 
client[3] - time to live = 0 for message: message from client[4] to stanza(client[0], 1)
client[0] - stanza(client[0], 1) - Displayed message: msg(7,client[4]) from user client[4]
client[0] - Room: stanza(client[0], 1) - Message received: msg(7,client[4])
client[0] - time to live = 0 for message: message from client[4] to stanza(client[0], 1)
client[4] - Sending message to room stanza(client[0], 1) - msg(8,client[4])
client[3] - Room: stanza(client[0], 1) - Message discarded for I'm not a recipient: 
client[3] - time to live = 0 for message: message from client[4] to stanza(client[0], 1)
client[0] - stanza(client[0], 1) - Displayed message: msg(8,client[4]) from user client[4]
client[0] - Room: stanza(client[0], 1) - Message received: msg(8,client[4])
client[0] - time to live = 0 for message: message from client[4] to stanza(client[0], 1)
client[2] - No rooms available
client[2] - No rooms available
client[3] - No rooms available
client[3] - No rooms available
client[2] - No rooms available
client[0] - Sending message to room stanza(client[0], 1) - msg(11,client[0])
client[4] - Room: stanza(client[0], 1) - Message received: msg(11,client[0])
client[4] - time to live = 0 for message: message from client[0] to stanza(client[0], 1)
client[1] - Room: stanza(client[0], 1) - Message received: msg(11,client[0])
client[1] - time to live = 0 for message: message from client[0] to stanza(client[0], 1)
client[4] - Sending message to room stanza(client[0], 1) - msg(9,client[4])
client[3] - Room: stanza(client[0], 1) - Message discarded for I'm not a recipient: 
client[3] - time to live = 0 for message: message from client[4] to stanza(client[0], 1)
client[0] - stanza(client[0], 1) - Displayed message: msg(9,client[4]) from user client[4]
client[0] - Room: stanza(client[0], 1) - Message received: msg(9,client[4])
client[0] - time to live = 0 for message: message from client[4] to stanza(client[0], 1)
client[0] - Sending message to room stanza(client[0], 0) - msg(12,client[0])
client[4] - Room: stanza(client[0], 0) - Message discarded for I'm not a recipient: 
client[4] - time to live = 0 for message: message from client[0] to stanza(client[0], 0)
client[1] - Room: stanza(client[0], 0) - Message discarded for I'm not a recipient: 
client[1] - time to live = 0 for message: message from client[0] to stanza(client[0], 0)
client[2] - No rooms available
client[3] - No rooms available
client[0] - Sending message to room stanza(client[0], 0) - msg(13,client[0])
client[4] - Room: stanza(client[0], 0) - Message discarded for I'm not a recipient: 
client[4] - time to live = 0 for message: message from client[0] to stanza(client[0], 0)
client[1] - Room: stanza(client[0], 0) - Message discarded for I'm not a recipient: 
client[1] - time to live = 0 for message: message from client[0] to stanza(client[0], 0)
client[2] - No rooms available
client[0] - Sending message to room stanza(client[0], 1) - msg(14,client[0])
client[4] - Room: stanza(client[0], 1) - Message received: msg(14,client[0])
client[4] - time to live = 0 for message: message from client[0] to stanza(client[0], 1)
client[1] - Room: stanza(client[0], 1) - Message received: msg(14,client[0])
client[1] - time to live = 0 for message: message from client[0] to stanza(client[0], 1)
client[3] - No rooms available
client[1] - Sending message to room stanza(client[0], 1) - msg(8,client[1])
client[0] - stanza(client[0], 1) - Displayed message: msg(8,client[1]) from user client[1]
client[0] - Room: stanza(client[0], 1) - Message received: msg(8,client[1])
client[0] - time to live = 0 for message: message from client[1] to stanza(client[0], 1)
client[2] - Room: stanza(client[0], 1) - Message discarded for I'm not a recipient: 
client[2] - time to live = 0 for message: message from client[1] to stanza(client[0], 1)
client[0] - Sending message to room stanza(client[0], 1) - msg(15,client[0])
client[4] - Room: stanza(client[0], 1) - Message received: msg(15,client[0])
client[4] - time to live = 0 for message: message from client[0] to stanza(client[0], 1)
client[1] - Room: stanza(client[0], 1) - Message received: msg(15,client[0])
client[1] - time to live = 0 for message: message from client[0] to stanza(client[0], 1)
client[2] - No rooms available
client[3] - No rooms available
client[1] - Sending message to room stanza(client[0], 1) - msg(9,client[1])
client[0] - stanza(client[0], 1) - Displayed message: msg(9,client[1]) from user client[1]
client[0] - Room: stanza(client[0], 1) - Message received: msg(9,client[1])
client[0] - time to live = 0 for message: message from client[1] to stanza(client[0], 1)
client[2] - Room: stanza(client[0], 1) - Message discarded for I'm not a recipient: 
client[2] - time to live = 0 for message: message from client[1] to stanza(client[0], 1)
client[2] - No rooms available
client[0] - Sending message to room stanza(client[0], 0) - msg(16,client[0])
client[4] - Room: stanza(client[0], 0) - Message discarded for I'm not a recipient: 
client[4] - time to live = 0 for message: message from client[0] to stanza(client[0], 0)
client[1] - Room: stanza(client[0], 0) - Message discarded for I'm not a recipient: 
client[1] - time to live = 0 for message: message from client[0] to stanza(client[0], 0)
client[1] - Sending message to room stanza(client[0], 1) - msg(10,client[1])
client[0] - stanza(client[0], 1) - Displayed message: msg(10,client[1]) from user client[1]
client[0] - Room: stanza(client[0], 1) - Message received: msg(10,client[1])
client[0] - time to live = 0 for message: message from client[1] to stanza(client[0], 1)
client[2] - Room: stanza(client[0], 1) - Message discarded for I'm not a recipient: 
client[2] - time to live = 0 for message: message from client[1] to stanza(client[0], 1)
client[2] - No rooms available
client[4] - Sending message to room stanza(client[0], 1) - msg(10,client[4])
client[3] - Room: stanza(client[0], 1) - Message discarded for I'm not a recipient: 
client[3] - time to live = 0 for message: message from client[4] to stanza(client[0], 1)
client[0] - stanza(client[0], 1) - Displayed message: msg(10,client[4]) from user client[4]
client[0] - Room: stanza(client[0], 1) - Message received: msg(10,client[4])
client[0] - time to live = 0 for message: message from client[4] to stanza(client[0], 1)
client[3] - No rooms available
client[1] - Sending message to room stanza(client[0], 1) - msg(11,client[1])
client[0] - stanza(client[0], 1) - Displayed message: msg(11,client[1]) from user client[1]
client[0] - Room: stanza(client[0], 1) - Message received: msg(11,client[1])
client[0] - time to live = 0 for message: message from client[1] to stanza(client[0], 1)
client[2] - Room: stanza(client[0], 1) - Message discarded for I'm not a recipient: 
client[2] - time to live = 0 for message: message from client[1] to stanza(client[0], 1)
client[4] - Sending message to room stanza(client[0], 1) - msg(11,client[4])
client[3] - Room: stanza(client[0], 1) - Message discarded for I'm not a recipient: 
client[3] - time to live = 0 for message: message from client[4] to stanza(client[0], 1)
client[0] - stanza(client[0], 1) - Displayed message: msg(11,client[4]) from user client[4]
client[0] - Room: stanza(client[0], 1) - Message received: msg(11,client[4])
client[0] - time to live = 0 for message: message from client[4] to stanza(client[0], 1)
client[3] - No rooms available
client[2] - No rooms available
client[1] - Sending message to room stanza(client[0], 1) - msg(12,client[1])
client[0] - stanza(client[0], 1) - Displayed message: msg(12,client[1]) from user client[1]
client[0] - Room: stanza(client[0], 1) - Message received: msg(12,client[1])
client[0] - time to live = 0 for message: message from client[1] to stanza(client[0], 1)
client[2] - Room: stanza(client[0], 1) - Message discarded for I'm not a recipient: 
client[2] - time to live = 0 for message: message from client[1] to stanza(client[0], 1)
client[3] - No rooms available
client[0] - Sending message to room stanza(client[0], 0) - msg(17,client[0])
client[4] - Room: stanza(client[0], 0) - Message discarded for I'm not a recipient: 
client[4] - time to live = 0 for message: message from client[0] to stanza(client[0], 0)
client[1] - Room: stanza(client[0], 0) - Message discarded for I'm not a recipient: 
client[1] - time to live = 0 for message: message from client[0] to stanza(client[0], 0)
client[2] - No rooms available
client[1] - Sent room creation: stanza(client[1], 0) with: client[1],client[3],client[0]
client[0] - Room created: stanza(client[1], 0)
client[0] - time to live = 0 for message: creation of room stanza(client[1], 0)
client[2] - Room: stanza(client[1], 0) - Message discarded for I'm not a recipient: 
client[2] - time to live = 0 for message: creation of room stanza(client[1], 0)
client[4] - Sending message to room stanza(client[0], 1) - msg(12,client[4])
client[3] - Room: stanza(client[0], 1) - Message discarded for I'm not a recipient: 
client[3] - time to live = 0 for message: message from client[4] to stanza(client[0], 1)
client[0] - stanza(client[0], 1) - Displayed message: msg(12,client[4]) from user client[4]
client[0] - Room: stanza(client[0], 1) - Message received: msg(12,client[4])
client[0] - time to live = 0 for message: message from client[4] to stanza(client[0], 1)
client[1] - Sending message to room stanza(client[1], 0) - msg(13,client[1])
client[0] - stanza(client[1], 0) - Displayed message: msg(13,client[1]) from user client[1]
client[0] - Room: stanza(client[1], 0) - Message received: msg(13,client[1])
client[0] - time to live = 0 for message: message from client[1] to stanza(client[1], 0)
client[2] - Room: stanza(client[1], 0) - Message discarded for I'm not a recipient: 
client[2] - time to live = 0 for message: message from client[1] to stanza(client[1], 0)
client[2] - No rooms available
client[3] - No rooms available
client[0] - Sending message to room stanza(client[0], 0) - msg(18,client[0])
client[4] - Room: stanza(client[0], 0) - Message discarded for I'm not a recipient: 
client[4] - time to live = 0 for message: message from client[0] to stanza(client[0], 0)
client[1] - Room: stanza(client[0], 0) - Message discarded for I'm not a recipient: 
client[1] - time to live = 0 for message: message from client[0] to stanza(client[0], 0)
client[2] - No rooms available
client[4] - Sending message to room stanza(client[0], 1) - msg(13,client[4])
client[3] - Room: stanza(client[0], 1) - Message discarded for I'm not a recipient: 
client[3] - time to live = 0 for message: message from client[4] to stanza(client[0], 1)
client[0] - stanza(client[0], 1) - Displayed message: msg(13,client[4]) from user client[4]
client[0] - Room: stanza(client[0], 1) - Message received: msg(13,client[4])
client[0] - time to live = 0 for message: message from client[4] to stanza(client[0], 1)
client[3] - No rooms available
client[0] - Sending message to room stanza(client[1], 0) - msg(19,client[0])
client[4] - Room: stanza(client[1], 0) - Message discarded for I'm not a recipient: 
client[4] - time to live = 0 for message: message from client[0] to stanza(client[1], 0)
client[1] - stanza(client[1], 0) - Displayed message: msg(19,client[0]) from user client[0]
client[1] - Room: stanza(client[1], 0) - Message received: msg(19,client[0])
client[1] - time to live = 0 for message: message from client[0] to stanza(client[1], 0)
client[3] - No rooms available
client[2] - No rooms available
client[0] - Sending message to room stanza(client[0], 0) - msg(20,client[0])
client[4] - Room: stanza(client[0], 0) - Message discarded for I'm not a recipient: 
client[4] - time to live = 0 for message: message from client[0] to stanza(client[0], 0)
client[1] - Room: stanza(client[0], 0) - Message discarded for I'm not a recipient: 
client[1] - time to live = 0 for message: message from client[0] to stanza(client[0], 0)
client[4] - Sending message to room stanza(client[0], 1) - msg(14,client[4])
client[3] - Room: stanza(client[0], 1) - Message discarded for I'm not a recipient: 
client[3] - time to live = 0 for message: message from client[4] to stanza(client[0], 1)
client[0] - stanza(client[0], 1) - Displayed message: msg(14,client[4]) from user client[4]
client[0] - Room: stanza(client[0], 1) - Message received: msg(14,client[4])
client[0] - time to live = 0 for message: message from client[4] to stanza(client[0], 1)
client[1] - Sending message to room stanza(client[0], 1) - msg(14,client[1])
client[0] - stanza(client[0], 1) - Displayed message: msg(14,client[1]) from user client[1]
client[0] - Room: stanza(client[0], 1) - Message received: msg(14,client[1])
client[0] - time to live = 0 for message: message from client[1] to stanza(client[0], 1)
client[2] - Room: stanza(client[0], 1) - Message discarded for I'm not a recipient: 
client[2] - time to live = 0 for message: message from client[1] to stanza(client[0], 1)
client[3] - No rooms available
client[4] - Sending message to room stanza(client[0], 1) - msg(15,client[4])
client[3] - Room: stanza(client[0], 1) - Message discarded for I'm not a recipient: 
client[3] - time to live = 0 for message: message from client[4] to stanza(client[0], 1)
client[0] - stanza(client[0], 1) - Displayed message: msg(15,client[4]) from user client[4]
client[0] - Room: stanza(client[0], 1) - Message received: msg(15,client[4])
client[0] - time to live = 0 for message: message from client[4] to stanza(client[0], 1)
client[1] - Sending message to room stanza(client[1], 0) - msg(15,client[1])
client[0] - stanza(client[1], 0) - Displayed message: msg(15,client[1]) from user client[1]
client[0] - Room: stanza(client[1], 0) - Message received: msg(15,client[1])
client[0] - time to live = 0 for message: message from client[1] to stanza(client[1], 0)
client[2] - Room: stanza(client[1], 0) - Message discarded for I'm not a recipient: 
client[2] - time to live = 0 for message: message from client[1] to stanza(client[1], 0)
client[0] - Sending message to room stanza(client[1], 0) - msg(21,client[0])
client[4] - Room: stanza(client[1], 0) - Message discarded for I'm not a recipient: 
client[4] - time to live = 0 for message: message from client[0] to stanza(client[1], 0)
client[1] - stanza(client[1], 0) - Displayed message: msg(21,client[0]) from user client[0]
client[1] - Room: stanza(client[1], 0) - Message received: msg(21,client[0])
client[1] - time to live = 0 for message: message from client[0] to stanza(client[1], 0)
client[2] - No rooms available
client[3] - No rooms available
client[4] - Sending message to room stanza(client[0], 1) - msg(16,client[4])
client[3] - Room: stanza(client[0], 1) - Message discarded for I'm not a recipient: 
client[3] - time to live = 0 for message: message from client[4] to stanza(client[0], 1)
client[0] - stanza(client[0], 1) - Displayed message: msg(16,client[4]) from user client[4]
client[0] - Room: stanza(client[0], 1) - Message received: msg(16,client[4])
client[0] - time to live = 0 for message: message from client[4] to stanza(client[0], 1)
client[3] - Sent room creation: stanza(client[3], 0) with: client[3],client[4],client[0],client[1]
client[2] - Room: stanza(client[3], 0) - Message discarded for I'm not a recipient: 
client[2] - time to live = 0 for message: creation of room stanza(client[3], 0)
client[4] - Room created: stanza(client[3], 0)
client[4] - time to live = 0 for message: creation of room stanza(client[3], 0)
client[1] - Sending message to room stanza(client[0], 1) - msg(16,client[1])
client[0] - stanza(client[0], 1) - Displayed message: msg(16,client[1]) from user client[1]
client[0] - Room: stanza(client[0], 1) - Message received: msg(16,client[1])
client[0] - time to live = 0 for message: message from client[1] to stanza(client[0], 1)
client[2] - Room: stanza(client[0], 1) - Message discarded for I'm not a recipient: 
client[2] - time to live = 0 for message: message from client[1] to stanza(client[0], 1)
client[0] - Sending message to room stanza(client[1], 0) - msg(22,client[0])
client[4] - Room: stanza(client[1], 0) - Message discarded for I'm not a recipient: 
client[4] - time to live = 0 for message: message from client[0] to stanza(client[1], 0)
client[1] - stanza(client[1], 0) - Displayed message: msg(22,client[0]) from user client[0]
client[1] - Room: stanza(client[1], 0) - Message received: msg(22,client[0])
client[1] - time to live = 0 for message: message from client[0] to stanza(client[1], 0)
client[2] - No rooms available
client[3] - Sending message to room stanza(client[3], 0) - msg(0,client[3])
client[2] - Room: stanza(client[3], 0) - Message discarded for I'm not a recipient: 
client[2] - time to live = 0 for message: message from client[3] to stanza(client[3], 0)
client[4] - stanza(client[3], 0) - Displayed message: msg(0,client[3]) from user client[3]
client[4] - Room: stanza(client[3], 0) - Message received: msg(0,client[3])
client[4] - time to live = 0 for message: message from client[3] to stanza(client[3], 0)
client[1] - Sending message to room stanza(client[0], 1) - msg(17,client[1])
client[0] - stanza(client[0], 1) - Displayed message: msg(17,client[1]) from user client[1]
client[0] - Room: stanza(client[0], 1) - Message received: msg(17,client[1])
client[0] - time to live = 0 for message: message from client[1] to stanza(client[0], 1)
client[2] - Room: stanza(client[0], 1) - Message discarded for I'm not a recipient: 
client[2] - time to live = 0 for message: message from client[1] to stanza(client[0], 1)
client[0] - Sending message to room stanza(client[1], 0) - msg(23,client[0])
client[4] - Room: stanza(client[1], 0) - Message discarded for I'm not a recipient: 
client[4] - time to live = 0 for message: message from client[0] to stanza(client[1], 0)
client[1] - stanza(client[1], 0) - Displayed message: msg(23,client[0]) from user client[0]
client[1] - Room: stanza(client[1], 0) - Message received: msg(23,client[0])
client[1] - time to live = 0 for message: message from client[0] to stanza(client[1], 0)
client[1] - Sending message to room stanza(client[1], 0) - msg(18,client[1])
client[0] - stanza(client[1], 0) - Displayed message: msg(18,client[1]) from user client[1]
client[0] - Room: stanza(client[1], 0) - Message received: msg(18,client[1])
client[0] - time to live = 0 for message: message from client[1] to stanza(client[1], 0)
client[2] - Room: stanza(client[1], 0) - Message discarded for I'm not a recipient: 
client[2] - time to live = 0 for message: message from client[1] to stanza(client[1], 0)
client[3] - Sending message to room stanza(client[3], 0) - msg(1,client[3])
client[2] - Room: stanza(client[3], 0) - Message discarded for I'm not a recipient: 
client[2] - time to live = 0 for message: message from client[3] to stanza(client[3], 0)
client[4] - stanza(client[3], 0) - Displayed message: msg(1,client[3]) from user client[3]
client[4] - Room: stanza(client[3], 0) - Message received: msg(1,client[3])
client[4] - time to live = 0 for message: message from client[3] to stanza(client[3], 0)
client[1] - Sending message to room stanza(client[1], 0) - msg(19,client[1])
client[0] - stanza(client[1], 0) - Displayed message: msg(19,client[1]) from user client[1]
client[0] - Room: stanza(client[1], 0) - Message received: msg(19,client[1])
client[0] - time to live = 0 for message: message from client[1] to stanza(client[1], 0)
client[2] - Room: stanza(client[1], 0) - Message discarded for I'm not a recipient: 
client[2] - time to live = 0 for message: message from client[1] to stanza(client[1], 0)
client[2] - No rooms available
client[3] - Sending message to room stanza(client[3], 0) - msg(2,client[3])
client[2] - Room: stanza(client[3], 0) - Message discarded for I'm not a recipient: 
client[2] - time to live = 0 for message: message from client[3] to stanza(client[3], 0)
client[4] - stanza(client[3], 0) - Displayed message: msg(2,client[3]) from user client[3]
client[4] - Room: stanza(client[3], 0) - Message received: msg(2,client[3])
client[4] - time to live = 0 for message: message from client[3] to stanza(client[3], 0)
client[1] - Sending message to room stanza(client[1], 0) - msg(20,client[1])
client[0] - stanza(client[1], 0) - Displayed message: msg(20,client[1]) from user client[1]
client[0] - Room: stanza(client[1], 0) - Message received: msg(20,client[1])
client[0] - time to live = 0 for message: message from client[1] to stanza(client[1], 0)
client[2] - Room: stanza(client[1], 0) - Message discarded for I'm not a recipient: 
client[2] - time to live = 0 for message: message from client[1] to stanza(client[1], 0)
client[4] - Sending message to room stanza(client[0], 1) - msg(17,client[4])
client[3] - Room: stanza(client[0], 1) - Message discarded for I'm not a recipient: 
client[3] - time to live = 0 for message: message from client[4] to stanza(client[0], 1)
client[0] - stanza(client[0], 1) - Displayed message: msg(17,client[4]) from user client[4]
client[0] - Room: stanza(client[0], 1) - Message received: msg(17,client[4])
client[0] - time to live = 0 for message: message from client[4] to stanza(client[0], 1)
client[0] - Sending message to room stanza(client[1], 0) - msg(24,client[0])
client[4] - Room: stanza(client[1], 0) - Message discarded for I'm not a recipient: 
client[4] - time to live = 0 for message: message from client[0] to stanza(client[1], 0)
client[1] - stanza(client[1], 0) - Displayed message: msg(24,client[0]) from user client[0]
client[1] - Room: stanza(client[1], 0) - Message received: msg(24,client[0])
client[1] - time to live = 0 for message: message from client[0] to stanza(client[1], 0)
client[2] - No rooms available
client[4] - Sending message to room stanza(client[0], 1) - msg(18,client[4])
client[3] - Room: stanza(client[0], 1) - Message discarded for I'm not a recipient: 
client[3] - time to live = 0 for message: message from client[4] to stanza(client[0], 1)
client[0] - stanza(client[0], 1) - Displayed message: msg(18,client[4]) from user client[4]
client[0] - Room: stanza(client[0], 1) - Message received: msg(18,client[4])
client[0] - time to live = 0 for message: message from client[4] to stanza(client[0], 1)
client[1] - Sending message to room stanza(client[1], 0) - msg(21,client[1])
client[0] - stanza(client[1], 0) - Displayed message: msg(21,client[1]) from user client[1]
client[0] - Room: stanza(client[1], 0) - Message received: msg(21,client[1])
client[0] - time to live = 0 for message: message from client[1] to stanza(client[1], 0)
client[2] - Room: stanza(client[1], 0) - Message discarded for I'm not a recipient: 
client[2] - time to live = 0 for message: message from client[1] to stanza(client[1], 0)
client[0] - Sending message to room stanza(client[1], 0) - msg(25,client[0])
client[4] - Room: stanza(client[1], 0) - Message discarded for I'm not a recipient: 
client[4] - time to live = 0 for message: message from client[0] to stanza(client[1], 0)
client[1] - stanza(client[1], 0) - Displayed message: msg(25,client[0]) from user client[0]
client[1] - Room: stanza(client[1], 0) - Message received: msg(25,client[0])
client[1] - time to live = 0 for message: message from client[0] to stanza(client[1], 0)
client[1] - Sending message to room stanza(client[0], 1) - msg(22,client[1])
client[0] - stanza(client[0], 1) - Displayed message: msg(22,client[1]) from user client[1]
client[0] - Room: stanza(client[0], 1) - Message received: msg(22,client[1])
client[0] - time to live = 0 for message: message from client[1] to stanza(client[0], 1)
client[2] - Room: stanza(client[0], 1) - Message discarded for I'm not a recipient: 
client[2] - time to live = 0 for message: message from client[1] to stanza(client[0], 1)
client[3] - Sending message to room stanza(client[3], 0) - msg(3,client[3])
client[2] - Room: stanza(client[3], 0) - Message discarded for I'm not a recipient: 
client[2] - time to live = 0 for message: message from client[3] to stanza(client[3], 0)
client[4] - stanza(client[3], 0) - Displayed message: msg(3,client[3]) from user client[3]
client[4] - Room: stanza(client[3], 0) - Message received: msg(3,client[3])
client[4] - time to live = 0 for message: message from client[3] to stanza(client[3], 0)
client[4] - Sending message to room stanza(client[3], 0) - msg(19,client[4])
client[3] - stanza(client[3], 0) - Displayed message: msg(19,client[4]) from user client[4]
client[3] - Room: stanza(client[3], 0) - Message received: msg(19,client[4])
client[3] - time to live = 0 for message: message from client[4] to stanza(client[3], 0)
client[0] - Room: stanza(client[3], 0) - Message discarded for I'm not a recipient: 
client[0] - time to live = 0 for message: message from client[4] to stanza(client[3], 0)
client[2] - No rooms available
client[3] - Sending message to room stanza(client[3], 0) - msg(4,client[3])
client[2] - Room: stanza(client[3], 0) - Message discarded for I'm not a recipient: 
client[2] - time to live = 0 for message: message from client[3] to stanza(client[3], 0)
client[4] - stanza(client[3], 0) - Displayed message: msg(4,client[3]) from user client[3]
client[4] - Room: stanza(client[3], 0) - Message received: msg(4,client[3])
client[4] - time to live = 0 for message: message from client[3] to stanza(client[3], 0)
client[0] - Sending message to room stanza(client[1], 0) - msg(26,client[0])
client[4] - Room: stanza(client[1], 0) - Message discarded for I'm not a recipient: 
client[4] - time to live = 0 for message: message from client[0] to stanza(client[1], 0)
client[1] - stanza(client[1], 0) - Displayed message: msg(26,client[0]) from user client[0]
client[1] - Room: stanza(client[1], 0) - Message received: msg(26,client[0])
client[1] - time to live = 0 for message: message from client[0] to stanza(client[1], 0)
client[3] - Sending message to room stanza(client[3], 0) - msg(5,client[3])
client[2] - Room: stanza(client[3], 0) - Message discarded for I'm not a recipient: 
client[2] - time to live = 0 for message: message from client[3] to stanza(client[3], 0)
client[4] - stanza(client[3], 0) - Displayed message: msg(5,client[3]) from user client[3]
client[4] - Room: stanza(client[3], 0) - Message received: msg(5,client[3])
client[4] - time to live = 0 for message: message from client[3] to stanza(client[3], 0)
client[2] - No rooms available
client[4] - Sending message to room stanza(client[0], 1) - msg(20,client[4])
client[3] - Room: stanza(client[0], 1) - Message discarded for I'm not a recipient: 
client[3] - time to live = 0 for message: message from client[4] to stanza(client[0], 1)
client[0] - stanza(client[0], 1) - Displayed message: msg(20,client[4]) from user client[4]
client[0] - Room: stanza(client[0], 1) - Message received: msg(20,client[4])
client[0] - time to live = 0 for message: message from client[4] to stanza(client[0], 1)
client[2] - No rooms available
client[0] - Sending message to room stanza(client[1], 0) - msg(27,client[0])
client[4] - Room: stanza(client[1], 0) - Message discarded for I'm not a recipient: 
client[4] - time to live = 0 for message: message from client[0] to stanza(client[1], 0)
client[1] - stanza(client[1], 0) - Displayed message: msg(27,client[0]) from user client[0]
client[1] - Room: stanza(client[1], 0) - Message received: msg(27,client[0])
client[1] - time to live = 0 for message: message from client[0] to stanza(client[1], 0)
client[2] - No rooms available
client[3] - Sending message to room stanza(client[3], 0) - msg(6,client[3])
client[2] - Room: stanza(client[3], 0) - Message discarded for I'm not a recipient: 
client[2] - time to live = 0 for message: message from client[3] to stanza(client[3], 0)
client[4] - stanza(client[3], 0) - Displayed message: msg(6,client[3]) from user client[3]
client[4] - Room: stanza(client[3], 0) - Message received: msg(6,client[3])
client[4] - time to live = 0 for message: message from client[3] to stanza(client[3], 0)
client[2] - No rooms available
client[1] - Sending message to room stanza(client[0], 1) - msg(23,client[1])
client[0] - stanza(client[0], 1) - Displayed message: msg(23,client[1]) from user client[1]
client[0] - Room: stanza(client[0], 1) - Message received: msg(23,client[1])
client[0] - time to live = 0 for message: message from client[1] to stanza(client[0], 1)
client[2] - Room: stanza(client[0], 1) - Message discarded for I'm not a recipient: 
client[2] - time to live = 0 for message: message from client[1] to stanza(client[0], 1)
client[1] - Sending message to room stanza(client[0], 1) - msg(24,client[1])
client[0] - stanza(client[0], 1) - Displayed message: msg(24,client[1]) from user client[1]
client[0] - Room: stanza(client[0], 1) - Message received: msg(24,client[1])
client[0] - time to live = 0 for message: message from client[1] to stanza(client[0], 1)
client[2] - Room: stanza(client[0], 1) - Message discarded for I'm not a recipient: 
client[2] - time to live = 0 for message: message from client[1] to stanza(client[0], 1)
client[2] - No rooms available
client[3] - Sending message to room stanza(client[3], 0) - msg(7,client[3])
client[2] - Room: stanza(client[3], 0) - Message discarded for I'm not a recipient: 
client[2] - time to live = 0 for message: message from client[3] to stanza(client[3], 0)
client[4] - stanza(client[3], 0) - Displayed message: msg(7,client[3]) from user client[3]
client[4] - Room: stanza(client[3], 0) - Message received: msg(7,client[3])
client[4] - time to live = 0 for message: message from client[3] to stanza(client[3], 0)
client[4] - Sending message to room stanza(client[3], 0) - msg(21,client[4])
client[3] - stanza(client[3], 0) - Displayed message: msg(21,client[4]) from user client[4]
client[3] - Room: stanza(client[3], 0) - Message received: msg(21,client[4])
client[3] - time to live = 0 for message: message from client[4] to stanza(client[3], 0)
client[0] - Room: stanza(client[3], 0) - Message discarded for I'm not a recipient: 
client[0] - time to live = 0 for message: message from client[4] to stanza(client[3], 0)
client[0] - Sending message to room stanza(client[1], 0) - msg(28,client[0])
client[4] - Room: stanza(client[1], 0) - Message discarded for I'm not a recipient: 
client[4] - time to live = 0 for message: message from client[0] to stanza(client[1], 0)
client[1] - stanza(client[1], 0) - Displayed message: msg(28,client[0]) from user client[0]
client[1] - Room: stanza(client[1], 0) - Message received: msg(28,client[0])
client[1] - time to live = 0 for message: message from client[0] to stanza(client[1], 0)
client[1] - Sending message to room stanza(client[1], 0) - msg(25,client[1])
client[0] - stanza(client[1], 0) - Displayed message: msg(25,client[1]) from user client[1]
client[0] - Room: stanza(client[1], 0) - Message received: msg(25,client[1])
client[0] - time to live = 0 for message: message from client[1] to stanza(client[1], 0)
client[2] - Room: stanza(client[1], 0) - Message discarded for I'm not a recipient: 
client[2] - time to live = 0 for message: message from client[1] to stanza(client[1], 0)
client[4] - Sending message to room stanza(client[3], 0) - msg(22,client[4])
client[3] - stanza(client[3], 0) - Displayed message: msg(22,client[4]) from user client[4]
client[3] - Room: stanza(client[3], 0) - Message received: msg(22,client[4])
client[3] - time to live = 0 for message: message from client[4] to stanza(client[3], 0)
client[0] - Room: stanza(client[3], 0) - Message discarded for I'm not a recipient: 
client[0] - time to live = 0 for message: message from client[4] to stanza(client[3], 0)
client[0] - Sending message to room stanza(client[1], 0) - msg(29,client[0])
client[4] - Room: stanza(client[1], 0) - Message discarded for I'm not a recipient: 
client[4] - time to live = 0 for message: message from client[0] to stanza(client[1], 0)
client[1] - stanza(client[1], 0) - Displayed message: msg(29,client[0]) from user client[0]
client[1] - Room: stanza(client[1], 0) - Message received: msg(29,client[0])
client[1] - time to live = 0 for message: message from client[0] to stanza(client[1], 0)
client[4] - Sending message to room stanza(client[0], 1) - msg(23,client[4])
client[3] - Room: stanza(client[0], 1) - Message discarded for I'm not a recipient: 
client[3] - time to live = 0 for message: message from client[4] to stanza(client[0], 1)
client[0] - stanza(client[0], 1) - Displayed message: msg(23,client[4]) from user client[4]
client[0] - Room: stanza(client[0], 1) - Message received: msg(23,client[4])
client[0] - time to live = 0 for message: message from client[4] to stanza(client[0], 1)
client[2] - No rooms available
client[1] - Sending message to room stanza(client[0], 1) - msg(26,client[1])
client[0] - stanza(client[0], 1) - Displayed message: msg(26,client[1]) from user client[1]
client[0] - Room: stanza(client[0], 1) - Message received: msg(26,client[1])
client[0] - time to live = 0 for message: message from client[1] to stanza(client[0], 1)
client[2] - Room: stanza(client[0], 1) - Message discarded for I'm not a recipient: 
client[2] - time to live = 0 for message: message from client[1] to stanza(client[0], 1)
client[4] - Sending message to room stanza(client[3], 0) - msg(24,client[4])
client[3] - stanza(client[3], 0) - Displayed message: msg(24,client[4]) from user client[4]
client[3] - Room: stanza(client[3], 0) - Message received: msg(24,client[4])
client[3] - time to live = 0 for message: message from client[4] to stanza(client[3], 0)
client[0] - Room: stanza(client[3], 0) - Message discarded for I'm not a recipient: 
client[0] - time to live = 0 for message: message from client[4] to stanza(client[3], 0)
client[2] - No rooms available
client[0] - Sending message to room stanza(client[1], 0) - msg(30,client[0])
client[4] - Room: stanza(client[1], 0) - Message discarded for I'm not a recipient: 
client[4] - time to live = 0 for message: message from client[0] to stanza(client[1], 0)
client[1] - stanza(client[1], 0) - Displayed message: msg(30,client[0]) from user client[0]
client[1] - Room: stanza(client[1], 0) - Message received: msg(30,client[0])
client[1] - time to live = 0 for message: message from client[0] to stanza(client[1], 0)
client[3] - Sending message to room stanza(client[3], 0) - msg(8,client[3])
client[2] - Room: stanza(client[3], 0) - Message discarded for I'm not a recipient: 
client[2] - time to live = 0 for message: message from client[3] to stanza(client[3], 0)
client[4] - stanza(client[3], 0) - Displayed message: msg(8,client[3]) from user client[3]
client[4] - Room: stanza(client[3], 0) - Message received: msg(8,client[3])
client[4] - time to live = 0 for message: message from client[3] to stanza(client[3], 0)
client[2] - No rooms available
client[1] - Sending message to room stanza(client[0], 1) - msg(27,client[1])
client[0] - stanza(client[0], 1) - Displayed message: msg(27,client[1]) from user client[1]
client[0] - Room: stanza(client[0], 1) - Message received: msg(27,client[1])
client[0] - time to live = 0 for message: message from client[1] to stanza(client[0], 1)
client[2] - Room: stanza(client[0], 1) - Message discarded for I'm not a recipient: 
client[2] - time to live = 0 for message: message from client[1] to stanza(client[0], 1)
client[2] - No rooms available
client[2] - No rooms available
client[1] - Sending message to room stanza(client[0], 1) - msg(28,client[1])
client[0] - stanza(client[0], 1) - Displayed message: msg(28,client[1]) from user client[1]
client[0] - Room: stanza(client[0], 1) - Message received: msg(28,client[1])
client[0] - time to live = 0 for message: message from client[1] to stanza(client[0], 1)
client[2] - Room: stanza(client[0], 1) - Message discarded for I'm not a recipient: 
client[2] - time to live = 0 for message: message from client[1] to stanza(client[0], 1)
client[1] - Sending message to room stanza(client[0], 1) - msg(29,client[1])
client[0] - stanza(client[0], 1) - Displayed message: msg(29,client[1]) from user client[1]
client[0] - Room: stanza(client[0], 1) - Message received: msg(29,client[1])
client[0] - time to live = 0 for message: message from client[1] to stanza(client[0], 1)
client[2] - Room: stanza(client[0], 1) - Message discarded for I'm not a recipient: 
client[2] - time to live = 0 for message: message from client[1] to stanza(client[0], 1)
client[1] - Sending message to room stanza(client[1], 0) - msg(30,client[1])
client[0] - stanza(client[1], 0) - Displayed message: msg(30,client[1]) from user client[1]
client[0] - Room: stanza(client[1], 0) - Message received: msg(30,client[1])
client[0] - time to live = 0 for message: message from client[1] to stanza(client[1], 0)
client[2] - Room: stanza(client[1], 0) - Message discarded for I'm not a recipient: 
client[2] - time to live = 0 for message: message from client[1] to stanza(client[1], 0)
client[4] - Sending message to room stanza(client[0], 1) - msg(25,client[4])
client[3] - Room: stanza(client[0], 1) - Message discarded for I'm not a recipient: 
client[3] - time to live = 0 for message: message from client[4] to stanza(client[0], 1)
client[0] - stanza(client[0], 1) - Displayed message: msg(25,client[4]) from user client[4]
client[0] - Room: stanza(client[0], 1) - Message received: msg(25,client[4])
client[0] - time to live = 0 for message: message from client[4] to stanza(client[0], 1)
client[0] - Sending message to room stanza(client[0], 0) - msg(31,client[0])
client[4] - Room: stanza(client[0], 0) - Message discarded for I'm not a recipient: 
client[4] - time to live = 0 for message: message from client[0] to stanza(client[0], 0)
client[1] - Room: stanza(client[0], 0) - Message discarded for I'm not a recipient: 
client[1] - time to live = 0 for message: message from client[0] to stanza(client[0], 0)
client[3] - Sending message to room stanza(client[3], 0) - msg(9,client[3])
client[2] - Room: stanza(client[3], 0) - Message discarded for I'm not a recipient: 
client[2] - time to live = 0 for message: message from client[3] to stanza(client[3], 0)
client[4] - stanza(client[3], 0) - Displayed message: msg(9,client[3]) from user client[3]
client[4] - Room: stanza(client[3], 0) - Message received: msg(9,client[3])
client[4] - time to live = 0 for message: message from client[3] to stanza(client[3], 0)
client[1] - Sending message to room stanza(client[0], 1) - msg(31,client[1])
client[0] - stanza(client[0], 1) - Displayed message: msg(31,client[1]) from user client[1]
client[0] - Room: stanza(client[0], 1) - Message received: msg(31,client[1])
client[0] - time to live = 0 for message: message from client[1] to stanza(client[0], 1)
client[2] - Room: stanza(client[0], 1) - Message discarded for I'm not a recipient: 
client[2] - time to live = 0 for message: message from client[1] to stanza(client[0], 1)
client[4] - Sending message to room stanza(client[0], 1) - msg(26,client[4])
client[3] - Room: stanza(client[0], 1) - Message discarded for I'm not a recipient: 
client[3] - time to live = 0 for message: message from client[4] to stanza(client[0], 1)
client[0] - stanza(client[0], 1) - Displayed message: msg(26,client[4]) from user client[4]
client[0] - Room: stanza(client[0], 1) - Message received: msg(26,client[4])
client[0] - time to live = 0 for message: message from client[4] to stanza(client[0], 1)
client[0] - Sending message to room stanza(client[1], 0) - msg(32,client[0])
client[4] - Room: stanza(client[1], 0) - Message discarded for I'm not a recipient: 
client[4] - time to live = 0 for message: message from client[0] to stanza(client[1], 0)
client[1] - stanza(client[1], 0) - Displayed message: msg(32,client[0]) from user client[0]
client[1] - Room: stanza(client[1], 0) - Message received: msg(32,client[0])
client[1] - time to live = 0 for message: message from client[0] to stanza(client[1], 0)
client[3] - Sending message to room stanza(client[3], 0) - msg(10,client[3])
client[2] - Room: stanza(client[3], 0) - Message discarded for I'm not a recipient: 
client[2] - time to live = 0 for message: message from client[3] to stanza(client[3], 0)
client[4] - stanza(client[3], 0) - Displayed message: msg(10,client[3]) from user client[3]
client[4] - Room: stanza(client[3], 0) - Message received: msg(10,client[3])
client[4] - time to live = 0 for message: message from client[3] to stanza(client[3], 0)
client[1] - Sending message to room stanza(client[1], 0) - msg(32,client[1])
client[0] - stanza(client[1], 0) - Displayed message: msg(32,client[1]) from user client[1]
client[0] - Room: stanza(client[1], 0) - Message received: msg(32,client[1])
client[0] - time to live = 0 for message: message from client[1] to stanza(client[1], 0)
client[2] - Room: stanza(client[1], 0) - Message discarded for I'm not a recipient: 
client[2] - time to live = 0 for message: message from client[1] to stanza(client[1], 0)
client[2] - No rooms available
client[3] - Sending message to room stanza(client[3], 0) - msg(11,client[3])
client[2] - Room: stanza(client[3], 0) - Message discarded for I'm not a recipient: 
client[2] - time to live = 0 for message: message from client[3] to stanza(client[3], 0)
client[4] - stanza(client[3], 0) - Displayed message: msg(11,client[3]) from user client[3]
client[4] - Room: stanza(client[3], 0) - Message received: msg(11,client[3])
client[4] - time to live = 0 for message: message from client[3] to stanza(client[3], 0)
client[1] - Sending message to room stanza(client[0], 1) - msg(33,client[1])
client[0] - stanza(client[0], 1) - Displayed message: msg(33,client[1]) from user client[1]
client[0] - Room: stanza(client[0], 1) - Message received: msg(33,client[1])
client[0] - time to live = 0 for message: message from client[1] to stanza(client[0], 1)
client[2] - Room: stanza(client[0], 1) - Message discarded for I'm not a recipient: 
client[2] - time to live = 0 for message: message from client[1] to stanza(client[0], 1)
client[2] - No rooms available
client[3] - Sending message to room stanza(client[3], 0) - msg(12,client[3])
client[2] - Room: stanza(client[3], 0) - Message discarded for I'm not a recipient: 
client[2] - time to live = 0 for message: message from client[3] to stanza(client[3], 0)
client[4] - stanza(client[3], 0) - Displayed message: msg(12,client[3]) from user client[3]
client[4] - Room: stanza(client[3], 0) - Message received: msg(12,client[3])
client[4] - time to live = 0 for message: message from client[3] to stanza(client[3], 0)
client[4] - Sending message to room stanza(client[0], 1) - msg(27,client[4])
client[3] - Room: stanza(client[0], 1) - Message discarded for I'm not a recipient: 
client[3] - time to live = 0 for message: message from client[4] to stanza(client[0], 1)
client[0] - stanza(client[0], 1) - Displayed message: msg(27,client[4]) from user client[4]
client[0] - Room: stanza(client[0], 1) - Message received: msg(27,client[4])
client[0] - time to live = 0 for message: message from client[4] to stanza(client[0], 1)
client[1] - Sending message to room stanza(client[0], 1) - msg(34,client[1])
client[0] - stanza(client[0], 1) - Displayed message: msg(34,client[1]) from user client[1]
client[0] - Room: stanza(client[0], 1) - Message received: msg(34,client[1])
client[0] - time to live = 0 for message: message from client[1] to stanza(client[0], 1)
client[2] - Room: stanza(client[0], 1) - Message discarded for I'm not a recipient: 
client[2] - time to live = 0 for message: message from client[1] to stanza(client[0], 1)
client[1] - Sending message to room stanza(client[0], 1) - msg(35,client[1])
client[0] - stanza(client[0], 1) - Displayed message: msg(35,client[1]) from user client[1]
client[0] - Room: stanza(client[0], 1) - Message received: msg(35,client[1])
client[0] - time to live = 0 for message: message from client[1] to stanza(client[0], 1)
client[2] - Room: stanza(client[0], 1) - Message discarded for I'm not a recipient: 
client[2] - time to live = 0 for message: message from client[1] to stanza(client[0], 1)
client[0] - Sending message to room stanza(client[1], 0) - msg(33,client[0])
client[4] - Room: stanza(client[1], 0) - Message discarded for I'm not a recipient: 
client[4] - time to live = 0 for message: message from client[0] to stanza(client[1], 0)
client[1] - stanza(client[1], 0) - Displayed message: msg(33,client[0]) from user client[0]
client[1] - Room: stanza(client[1], 0) - Message received: msg(33,client[0])
client[1] - time to live = 0 for message: message from client[0] to stanza(client[1], 0)
client[2] - No rooms available
client[0] - Sending message to room stanza(client[0], 1) - msg(34,client[0])
client[4] - Room: stanza(client[0], 1) - Message received: msg(34,client[0])
client[4] - time to live = 0 for message: message from client[0] to stanza(client[0], 1)
client[1] - Room: stanza(client[0], 1) - Message received: msg(34,client[0])
client[1] - time to live = 0 for message: message from client[0] to stanza(client[0], 1)
client[2] - No rooms available
client[0] - Sending message to room stanza(client[0], 0) - msg(35,client[0])
client[4] - Room: stanza(client[0], 0) - Message discarded for I'm not a recipient: 
client[4] - time to live = 0 for message: message from client[0] to stanza(client[0], 0)
client[1] - Room: stanza(client[0], 0) - Message discarded for I'm not a recipient: 
client[1] - time to live = 0 for message: message from client[0] to stanza(client[0], 0)
client[4] - Sending message to room stanza(client[3], 0) - msg(28,client[4])
client[3] - stanza(client[3], 0) - Displayed message: msg(28,client[4]) from user client[4]
client[3] - Room: stanza(client[3], 0) - Message received: msg(28,client[4])
client[3] - time to live = 0 for message: message from client[4] to stanza(client[3], 0)
client[0] - Room: stanza(client[3], 0) - Message discarded for I'm not a recipient: 
client[0] - time to live = 0 for message: message from client[4] to stanza(client[3], 0)
client[2] - No rooms available
client[0] - Sending message to room stanza(client[1], 0) - msg(36,client[0])
client[4] - Room: stanza(client[1], 0) - Message discarded for I'm not a recipient: 
client[4] - time to live = 0 for message: message from client[0] to stanza(client[1], 0)
client[1] - stanza(client[1], 0) - Displayed message: msg(36,client[0]) from user client[0]
client[1] - Room: stanza(client[1], 0) - Message received: msg(36,client[0])
client[1] - time to live = 0 for message: message from client[0] to stanza(client[1], 0)
client[4] - Sending message to room stanza(client[3], 0) - msg(29,client[4])
client[3] - stanza(client[3], 0) - Displayed message: msg(29,client[4]) from user client[4]
client[3] - Room: stanza(client[3], 0) - Message received: msg(29,client[4])
client[3] - time to live = 0 for message: message from client[4] to stanza(client[3], 0)
client[0] - Room: stanza(client[3], 0) - Message discarded for I'm not a recipient: 
client[0] - time to live = 0 for message: message from client[4] to stanza(client[3], 0)
client[2] - No rooms available
client[1] - Sending message to room stanza(client[1], 0) - msg(36,client[1])
client[0] - stanza(client[1], 0) - Displayed message: msg(36,client[1]) from user client[1]
client[0] - Room: stanza(client[1], 0) - Message received: msg(36,client[1])
client[0] - time to live = 0 for message: message from client[1] to stanza(client[1], 0)
client[2] - Room: stanza(client[1], 0) - Message discarded for I'm not a recipient: 
client[2] - time to live = 0 for message: message from client[1] to stanza(client[1], 0)
client[0] - Sending message to room stanza(client[0], 0) - msg(37,client[0])
client[4] - Room: stanza(client[0], 0) - Message discarded for I'm not a recipient: 
client[4] - time to live = 0 for message: message from client[0] to stanza(client[0], 0)
client[1] - Room: stanza(client[0], 0) - Message discarded for I'm not a recipient: 
client[1] - time to live = 0 for message: message from client[0] to stanza(client[0], 0)
client[2] - No rooms available
client[0] - Sending message to room stanza(client[0], 0) - msg(38,client[0])
client[4] - Room: stanza(client[0], 0) - Message discarded for I'm not a recipient: 
client[4] - time to live = 0 for message: message from client[0] to stanza(client[0], 0)
client[1] - Room: stanza(client[0], 0) - Message discarded for I'm not a recipient: 
client[1] - time to live = 0 for message: message from client[0] to stanza(client[0], 0)
client[1] - Sending message to room stanza(client[1], 0) - msg(37,client[1])
client[0] - stanza(client[1], 0) - Displayed message: msg(37,client[1]) from user client[1]
client[0] - Room: stanza(client[1], 0) - Message received: msg(37,client[1])
client[0] - time to live = 0 for message: message from client[1] to stanza(client[1], 0)
client[2] - Room: stanza(client[1], 0) - Message discarded for I'm not a recipient: 
client[2] - time to live = 0 for message: message from client[1] to stanza(client[1], 0)
client[3] - Sending message to room stanza(client[3], 0) - msg(13,client[3])
client[2] - Room: stanza(client[3], 0) - Message discarded for I'm not a recipient: 
client[2] - time to live = 0 for message: message from client[3] to stanza(client[3], 0)
client[4] - stanza(client[3], 0) - Displayed message: msg(13,client[3]) from user client[3]
client[4] - Room: stanza(client[3], 0) - Message received: msg(13,client[3])
client[4] - time to live = 0 for message: message from client[3] to stanza(client[3], 0)
client[3] - Sending message to room stanza(client[3], 0) - msg(14,client[3])
client[2] - Room: stanza(client[3], 0) - Message discarded for I'm not a recipient: 
client[2] - time to live = 0 for message: message from client[3] to stanza(client[3], 0)
client[4] - stanza(client[3], 0) - Displayed message: msg(14,client[3]) from user client[3]
client[4] - Room: stanza(client[3], 0) - Message received: msg(14,client[3])
client[4] - time to live = 0 for message: message from client[3] to stanza(client[3], 0)
client[2] - No rooms available
client[0] - Sending message to room stanza(client[0], 1) - msg(39,client[0])
client[4] - Room: stanza(client[0], 1) - Message received: msg(39,client[0])
client[4] - time to live = 0 for message: message from client[0] to stanza(client[0], 1)
client[1] - Room: stanza(client[0], 1) - Message received: msg(39,client[0])
client[1] - time to live = 0 for message: message from client[0] to stanza(client[0], 1)
client[4] - Sending message to room stanza(client[0], 1) - msg(30,client[4])
client[3] - Room: stanza(client[0], 1) - Message discarded for I'm not a recipient: 
client[3] - time to live = 0 for message: message from client[4] to stanza(client[0], 1)
client[0] - stanza(client[0], 1) - Displayed message: msg(30,client[4]) from user client[4]
client[0] - Room: stanza(client[0], 1) - Message received: msg(30,client[4])
client[0] - time to live = 0 for message: message from client[4] to stanza(client[0], 1)
client[3] - Sending message to room stanza(client[3], 0) - msg(15,client[3])
client[2] - Room: stanza(client[3], 0) - Message discarded for I'm not a recipient: 
client[2] - time to live = 0 for message: message from client[3] to stanza(client[3], 0)
client[4] - stanza(client[3], 0) - Displayed message: msg(15,client[3]) from user client[3]
client[4] - Room: stanza(client[3], 0) - Message received: msg(15,client[3])
client[4] - time to live = 0 for message: message from client[3] to stanza(client[3], 0)
client[2] - No rooms available
client[1] - Sending message to room stanza(client[1], 0) - msg(38,client[1])
client[0] - stanza(client[1], 0) - Displayed message: msg(38,client[1]) from user client[1]
client[0] - Room: stanza(client[1], 0) - Message received: msg(38,client[1])
client[0] - time to live = 0 for message: message from client[1] to stanza(client[1], 0)
client[2] - Room: stanza(client[1], 0) - Message discarded for I'm not a recipient: 
client[2] - time to live = 0 for message: message from client[1] to stanza(client[1], 0)
client[2] - No rooms available
client[1] - Sending message to room stanza(client[0], 1) - msg(39,client[1])
client[0] - stanza(client[0], 1) - Displayed message: msg(39,client[1]) from user client[1]
client[0] - Room: stanza(client[0], 1) - Message received: msg(39,client[1])
client[0] - time to live = 0 for message: message from client[1] to stanza(client[0], 1)
client[2] - Room: stanza(client[0], 1) - Message discarded for I'm not a recipient: 
client[2] - time to live = 0 for message: message from client[1] to stanza(client[0], 1)
client[0] - Sending message to room stanza(client[1], 0) - msg(40,client[0])
client[4] - Room: stanza(client[1], 0) - Message discarded for I'm not a recipient: 
client[4] - time to live = 0 for message: message from client[0] to stanza(client[1], 0)
client[1] - stanza(client[1], 0) - Displayed message: msg(40,client[0]) from user client[0]
client[1] - Room: stanza(client[1], 0) - Message received: msg(40,client[0])
client[1] - time to live = 0 for message: message from client[0] to stanza(client[1], 0)
client[4] - Sending message to room stanza(client[0], 1) - msg(31,client[4])
client[3] - Room: stanza(client[0], 1) - Message discarded for I'm not a recipient: 
client[3] - time to live = 0 for message: message from client[4] to stanza(client[0], 1)
client[0] - stanza(client[0], 1) - Displayed message: msg(31,client[4]) from user client[4]
client[0] - Room: stanza(client[0], 1) - Message received: msg(31,client[4])
client[0] - time to live = 0 for message: message from client[4] to stanza(client[0], 1)
client[1] - Sending message to room stanza(client[1], 0) - msg(40,client[1])
client[0] - stanza(client[1], 0) - Displayed message: msg(40,client[1]) from user client[1]
client[0] - Room: stanza(client[1], 0) - Message received: msg(40,client[1])
client[0] - time to live = 0 for message: message from client[1] to stanza(client[1], 0)
client[2] - Room: stanza(client[1], 0) - Message discarded for I'm not a recipient: 
client[2] - time to live = 0 for message: message from client[1] to stanza(client[1], 0)
client[3] - Sending message to room stanza(client[3], 0) - msg(16,client[3])
client[2] - Room: stanza(client[3], 0) - Message discarded for I'm not a recipient: 
client[2] - time to live = 0 for message: message from client[3] to stanza(client[3], 0)
client[4] - stanza(client[3], 0) - Displayed message: msg(16,client[3]) from user client[3]
client[4] - Room: stanza(client[3], 0) - Message received: msg(16,client[3])
client[4] - time to live = 0 for message: message from client[3] to stanza(client[3], 0)
client[4] - Sending message to room stanza(client[3], 0) - msg(32,client[4])
client[3] - stanza(client[3], 0) - Displayed message: msg(32,client[4]) from user client[4]
client[3] - Room: stanza(client[3], 0) - Message received: msg(32,client[4])
client[3] - time to live = 0 for message: message from client[4] to stanza(client[3], 0)
client[0] - Room: stanza(client[3], 0) - Message discarded for I'm not a recipient: 
client[0] - time to live = 0 for message: message from client[4] to stanza(client[3], 0)
client[0] - Sending message to room stanza(client[0], 1) - msg(41,client[0])
client[4] - Room: stanza(client[0], 1) - Message received: msg(41,client[0])
client[4] - time to live = 0 for message: message from client[0] to stanza(client[0], 1)
client[1] - Room: stanza(client[0], 1) - Message received: msg(41,client[0])
client[1] - time to live = 0 for message: message from client[0] to stanza(client[0], 1)
client[2] - No rooms available
client[4] - Sending message to room stanza(client[3], 0) - msg(33,client[4])
client[3] - stanza(client[3], 0) - Displayed message: msg(33,client[4]) from user client[4]
client[3] - Room: stanza(client[3], 0) - Message received: msg(33,client[4])
client[3] - time to live = 0 for message: message from client[4] to stanza(client[3], 0)
client[0] - Room: stanza(client[3], 0) - Message discarded for I'm not a recipient: 
client[0] - time to live = 0 for message: message from client[4] to stanza(client[3], 0)
client[3] - Sending message to room stanza(client[3], 0) - msg(17,client[3])
client[2] - Room: stanza(client[3], 0) - Message discarded for I'm not a recipient: 
client[2] - time to live = 0 for message: message from client[3] to stanza(client[3], 0)
client[4] - stanza(client[3], 0) - Displayed message: msg(17,client[3]) from user client[3]
client[4] - Room: stanza(client[3], 0) - Message received: msg(17,client[3])
client[4] - time to live = 0 for message: message from client[3] to stanza(client[3], 0)
client[0] - Sending message to room stanza(client[1], 0) - msg(42,client[0])
client[4] - Room: stanza(client[1], 0) - Message discarded for I'm not a recipient: 
client[4] - time to live = 0 for message: message from client[0] to stanza(client[1], 0)
client[1] - stanza(client[1], 0) - Displayed message: msg(42,client[0]) from user client[0]
client[1] - Room: stanza(client[1], 0) - Message received: msg(42,client[0])
client[1] - time to live = 0 for message: message from client[0] to stanza(client[1], 0)
client[4] - Sending message to room stanza(client[3], 0) - msg(34,client[4])
client[3] - stanza(client[3], 0) - Displayed message: msg(34,client[4]) from user client[4]
client[3] - Room: stanza(client[3], 0) - Message received: msg(34,client[4])
client[3] - time to live = 0 for message: message from client[4] to stanza(client[3], 0)
client[0] - Room: stanza(client[3], 0) - Message discarded for I'm not a recipient: 
client[0] - time to live = 0 for message: message from client[4] to stanza(client[3], 0)
client[3] - Sending message to room stanza(client[3], 0) - msg(18,client[3])
client[2] - Room: stanza(client[3], 0) - Message discarded for I'm not a recipient: 
client[2] - time to live = 0 for message: message from client[3] to stanza(client[3], 0)
client[4] - stanza(client[3], 0) - Displayed message: msg(18,client[3]) from user client[3]
client[4] - Room: stanza(client[3], 0) - Message received: msg(18,client[3])
client[4] - time to live = 0 for message: message from client[3] to stanza(client[3], 0)
client[0] - Sending message to room stanza(client[0], 1) - msg(43,client[0])
client[4] - Room: stanza(client[0], 1) - Message received: msg(43,client[0])
client[4] - time to live = 0 for message: message from client[0] to stanza(client[0], 1)
client[1] - Room: stanza(client[0], 1) - Message received: msg(43,client[0])
client[1] - time to live = 0 for message: message from client[0] to stanza(client[0], 1)
client[2] - No rooms available
client[1] - Sending message to room stanza(client[1], 0) - msg(41,client[1])
client[0] - stanza(client[1], 0) - Displayed message: msg(41,client[1]) from user client[1]
client[0] - Room: stanza(client[1], 0) - Message received: msg(41,client[1])
client[0] - time to live = 0 for message: message from client[1] to stanza(client[1], 0)
client[2] - Room: stanza(client[1], 0) - Message discarded for I'm not a recipient: 
client[2] - time to live = 0 for message: message from client[1] to stanza(client[1], 0)
client[4] - Sending message to room stanza(client[0], 1) - msg(35,client[4])
client[3] - Room: stanza(client[0], 1) - Message discarded for I'm not a recipient: 
client[3] - time to live = 0 for message: message from client[4] to stanza(client[0], 1)
client[0] - stanza(client[0], 1) - Displayed message: msg(35,client[4]) from user client[4]
client[0] - Room: stanza(client[0], 1) - Message received: msg(35,client[4])
client[0] - time to live = 0 for message: message from client[4] to stanza(client[0], 1)
client[1] - Sending message to room stanza(client[0], 1) - msg(42,client[1])
client[0] - stanza(client[0], 1) - Displayed message: msg(42,client[1]) from user client[1]
client[0] - Room: stanza(client[0], 1) - Message received: msg(42,client[1])
client[0] - time to live = 0 for message: message from client[1] to stanza(client[0], 1)
client[2] - Room: stanza(client[0], 1) - Message discarded for I'm not a recipient: 
client[2] - time to live = 0 for message: message from client[1] to stanza(client[0], 1)
client[2] - No rooms available
client[4] - Sending message to room stanza(client[0], 1) - msg(36,client[4])
client[3] - Room: stanza(client[0], 1) - Message discarded for I'm not a recipient: 
client[3] - time to live = 0 for message: message from client[4] to stanza(client[0], 1)
client[0] - stanza(client[0], 1) - Displayed message: msg(36,client[4]) from user client[4]
client[0] - Room: stanza(client[0], 1) - Message received: msg(36,client[4])
client[0] - time to live = 0 for message: message from client[4] to stanza(client[0], 1)
client[3] - Sending message to room stanza(client[3], 0) - msg(19,client[3])
client[2] - Room: stanza(client[3], 0) - Message discarded for I'm not a recipient: 
client[2] - time to live = 0 for message: message from client[3] to stanza(client[3], 0)
client[4] - stanza(client[3], 0) - Displayed message: msg(19,client[3]) from user client[3]
client[4] - Room: stanza(client[3], 0) - Message received: msg(19,client[3])
client[4] - time to live = 0 for message: message from client[3] to stanza(client[3], 0)
client[2] - No rooms available
client[3] - Sending message to room stanza(client[3], 0) - msg(20,client[3])
client[2] - Room: stanza(client[3], 0) - Message discarded for I'm not a recipient: 
client[2] - time to live = 0 for message: message from client[3] to stanza(client[3], 0)
client[4] - stanza(client[3], 0) - Displayed message: msg(20,client[3]) from user client[3]
client[4] - Room: stanza(client[3], 0) - Message received: msg(20,client[3])
client[4] - time to live = 0 for message: message from client[3] to stanza(client[3], 0)
client[2] - No rooms available
client[3] - Sending message to room stanza(client[3], 0) - msg(21,client[3])
client[2] - Room: stanza(client[3], 0) - Message discarded for I'm not a recipient: 
client[2] - time to live = 0 for message: message from client[3] to stanza(client[3], 0)
client[4] - stanza(client[3], 0) - Displayed message: msg(21,client[3]) from user client[3]
client[4] - Room: stanza(client[3], 0) - Message received: msg(21,client[3])
client[4] - time to live = 0 for message: message from client[3] to stanza(client[3], 0)
client[2] - No rooms available
client[0] - Sending message to room stanza(client[1], 0) - msg(44,client[0])
client[4] - Room: stanza(client[1], 0) - Message discarded for I'm not a recipient: 
client[4] - time to live = 0 for message: message from client[0] to stanza(client[1], 0)
client[1] - stanza(client[1], 0) - Displayed message: msg(44,client[0]) from user client[0]
client[1] - Room: stanza(client[1], 0) - Message received: msg(44,client[0])
client[1] - time to live = 0 for message: message from client[0] to stanza(client[1], 0)
client[4] - Sending message to room stanza(client[3], 0) - msg(37,client[4])
client[3] - stanza(client[3], 0) - Displayed message: msg(37,client[4]) from user client[4]
client[3] - Room: stanza(client[3], 0) - Message received: msg(37,client[4])
client[3] - time to live = 0 for message: message from client[4] to stanza(client[3], 0)
client[0] - Room: stanza(client[3], 0) - Message discarded for I'm not a recipient: 
client[0] - time to live = 0 for message: message from client[4] to stanza(client[3], 0)
client[1] - Sending message to room stanza(client[1], 0) - msg(43,client[1])
client[0] - stanza(client[1], 0) - Displayed message: msg(43,client[1]) from user client[1]
client[0] - Room: stanza(client[1], 0) - Message received: msg(43,client[1])
client[0] - time to live = 0 for message: message from client[1] to stanza(client[1], 0)
client[2] - Room: stanza(client[1], 0) - Message discarded for I'm not a recipient: 
client[2] - time to live = 0 for message: message from client[1] to stanza(client[1], 0)
client[0] - Sending message to room stanza(client[0], 0) - msg(45,client[0])
client[4] - Room: stanza(client[0], 0) - Message discarded for I'm not a recipient: 
client[4] - time to live = 0 for message: message from client[0] to stanza(client[0], 0)
client[1] - Room: stanza(client[0], 0) - Message discarded for I'm not a recipient: 
client[1] - time to live = 0 for message: message from client[0] to stanza(client[0], 0)
client[4] - Sending message to room stanza(client[3], 0) - msg(38,client[4])
client[3] - stanza(client[3], 0) - Displayed message: msg(38,client[4]) from user client[4]
client[3] - Room: stanza(client[3], 0) - Message received: msg(38,client[4])
client[3] - time to live = 0 for message: message from client[4] to stanza(client[3], 0)
client[0] - Room: stanza(client[3], 0) - Message discarded for I'm not a recipient: 
client[0] - time to live = 0 for message: message from client[4] to stanza(client[3], 0)
client[1] - Sending message to room stanza(client[0], 1) - msg(44,client[1])
client[0] - stanza(client[0], 1) - Displayed message: msg(44,client[1]) from user client[1]
client[0] - Room: stanza(client[0], 1) - Message received: msg(44,client[1])
client[0] - time to live = 0 for message: message from client[1] to stanza(client[0], 1)
client[2] - Room: stanza(client[0], 1) - Message discarded for I'm not a recipient: 
client[2] - time to live = 0 for message: message from client[1] to stanza(client[0], 1)
client[2] - No rooms available
client[4] - Sending message to room stanza(client[3], 0) - msg(39,client[4])
client[3] - stanza(client[3], 0) - Displayed message: msg(39,client[4]) from user client[4]
client[3] - Room: stanza(client[3], 0) - Message received: msg(39,client[4])
client[3] - time to live = 0 for message: message from client[4] to stanza(client[3], 0)
client[0] - Room: stanza(client[3], 0) - Message discarded for I'm not a recipient: 
client[0] - time to live = 0 for message: message from client[4] to stanza(client[3], 0)
client[1] - Sending message to room stanza(client[0], 1) - msg(45,client[1])
client[0] - stanza(client[0], 1) - Displayed message: msg(45,client[1]) from user client[1]
client[0] - Room: stanza(client[0], 1) - Message received: msg(45,client[1])
client[0] - time to live = 0 for message: message from client[1] to stanza(client[0], 1)
client[2] - Room: stanza(client[0], 1) - Message discarded for I'm not a recipient: 
client[2] - time to live = 0 for message: message from client[1] to stanza(client[0], 1)
client[0] - Sending message to room stanza(client[1], 0) - msg(46,client[0])
client[4] - Room: stanza(client[1], 0) - Message discarded for I'm not a recipient: 
client[4] - time to live = 0 for message: message from client[0] to stanza(client[1], 0)
client[1] - stanza(client[1], 0) - Displayed message: msg(46,client[0]) from user client[0]
client[1] - Room: stanza(client[1], 0) - Message received: msg(46,client[0])
client[1] - time to live = 0 for message: message from client[0] to stanza(client[1], 0)
client[2] - No rooms available
client[3] - Sending message to room stanza(client[3], 0) - msg(22,client[3])
client[2] - Room: stanza(client[3], 0) - Message discarded for I'm not a recipient: 
client[2] - time to live = 0 for message: message from client[3] to stanza(client[3], 0)
client[4] - stanza(client[3], 0) - Displayed message: msg(22,client[3]) from user client[3]
client[4] - Room: stanza(client[3], 0) - Message received: msg(22,client[3])
client[4] - time to live = 0 for message: message from client[3] to stanza(client[3], 0)
client[1] - Sending message to room stanza(client[1], 0) - msg(46,client[1])
client[0] - stanza(client[1], 0) - Displayed message: msg(46,client[1]) from user client[1]
client[0] - Room: stanza(client[1], 0) - Message received: msg(46,client[1])
client[0] - time to live = 0 for message: message from client[1] to stanza(client[1], 0)
client[2] - Room: stanza(client[1], 0) - Message discarded for I'm not a recipient: 
client[2] - time to live = 0 for message: message from client[1] to stanza(client[1], 0)
client[0] - Sending message to room stanza(client[0], 0) - msg(47,client[0])
client[4] - Room: stanza(client[0], 0) - Message discarded for I'm not a recipient: 
client[4] - time to live = 0 for message: message from client[0] to stanza(client[0], 0)
client[1] - Room: stanza(client[0], 0) - Message discarded for I'm not a recipient: 
client[1] - time to live = 0 for message: message from client[0] to stanza(client[0], 0)
client[2] - No rooms available
client[4] - Sending message to room stanza(client[0], 1) - msg(40,client[4])
client[3] - Room: stanza(client[0], 1) - Message discarded for I'm not a recipient: 
client[3] - time to live = 0 for message: message from client[4] to stanza(client[0], 1)
client[0] - stanza(client[0], 1) - Displayed message: msg(40,client[4]) from user client[4]
client[0] - Room: stanza(client[0], 1) - Message received: msg(40,client[4])
client[0] - time to live = 0 for message: message from client[4] to stanza(client[0], 1)
client[3] - Sending message to room stanza(client[3], 0) - msg(23,client[3])
client[2] - Room: stanza(client[3], 0) - Message discarded for I'm not a recipient: 
client[2] - time to live = 0 for message: message from client[3] to stanza(client[3], 0)
client[4] - stanza(client[3], 0) - Displayed message: msg(23,client[3]) from user client[3]
client[4] - Room: stanza(client[3], 0) - Message received: msg(23,client[3])
client[4] - time to live = 0 for message: message from client[3] to stanza(client[3], 0)
client[2] - No rooms available
client[1] - Sending message to room stanza(client[1], 0) - msg(47,client[1])
client[0] - stanza(client[1], 0) - Displayed message: msg(47,client[1]) from user client[1]
client[0] - Room: stanza(client[1], 0) - Message received: msg(47,client[1])
client[0] - time to live = 0 for message: message from client[1] to stanza(client[1], 0)
client[2] - Room: stanza(client[1], 0) - Message discarded for I'm not a recipient: 
client[2] - time to live = 0 for message: message from client[1] to stanza(client[1], 0)
client[4] - Sending message to room stanza(client[0], 1) - msg(41,client[4])
client[3] - Room: stanza(client[0], 1) - Message discarded for I'm not a recipient: 
client[3] - time to live = 0 for message: message from client[4] to stanza(client[0], 1)
client[0] - stanza(client[0], 1) - Displayed message: msg(41,client[4]) from user client[4]
client[0] - Room: stanza(client[0], 1) - Message received: msg(41,client[4])
client[0] - time to live = 0 for message: message from client[4] to stanza(client[0], 1)
client[3] - Sending message to room stanza(client[3], 0) - msg(24,client[3])
client[2] - Room: stanza(client[3], 0) - Message discarded for I'm not a recipient: 
client[2] - time to live = 0 for message: message from client[3] to stanza(client[3], 0)
client[4] - stanza(client[3], 0) - Displayed message: msg(24,client[3]) from user client[3]
client[4] - Room: stanza(client[3], 0) - Message received: msg(24,client[3])
client[4] - time to live = 0 for message: message from client[3] to stanza(client[3], 0)
client[2] - No rooms available
client[4] - Sending message to room stanza(client[0], 1) - msg(42,client[4])
client[3] - Room: stanza(client[0], 1) - Message discarded for I'm not a recipient: 
client[3] - time to live = 0 for message: message from client[4] to stanza(client[0], 1)
client[0] - stanza(client[0], 1) - Displayed message: msg(42,client[4]) from user client[4]
client[0] - Room: stanza(client[0], 1) - Message received: msg(42,client[4])
client[0] - time to live = 0 for message: message from client[4] to stanza(client[0], 1)
client[0] - Sent room creation: stanza(client[0], 2) with: client[0],client[3],client[4],client[1],client[2]
client[4] - Room created: stanza(client[0], 2)
client[4] - time to live = 0 for message: creation of room stanza(client[0], 2)
client[1] - Room created: stanza(client[0], 2)
client[1] - time to live = 0 for message: creation of room stanza(client[0], 2)
client[1] - Sending message to room stanza(client[0], 1) - msg(48,client[1])
client[0] - stanza(client[0], 1) - Displayed message: msg(48,client[1]) from user client[1]
client[0] - Room: stanza(client[0], 1) - Message received: msg(48,client[1])
client[0] - time to live = 0 for message: message from client[1] to stanza(client[0], 1)
client[2] - Room: stanza(client[0], 1) - Message discarded for I'm not a recipient: 
client[2] - time to live = 0 for message: message from client[1] to stanza(client[0], 1)
client[0] - Sending message to room stanza(client[0], 1) - msg(48,client[0])
client[4] - Asked for message: 1 - Room: stanza(client[0], 1)
client[4] - Asked for message: 1 - Room: stanza(client[0], 1)
client[4] - Asked for message: 1 - Room: stanza(client[0], 1)
client[4] - Asked for message: 32 - Room: stanza(client[0], 1)
client[4] - Asked for message: 1 - Room: stanza(client[0], 1)
client[4] - time to live = 0 for message: message from client[0] to stanza(client[0], 1)
client[1] - Asked for message: 1 - Room: stanza(client[0], 1)
client[1] - Asked for message: 1 - Room: stanza(client[0], 1)
client[1] - Asked for message: 1 - Room: stanza(client[0], 1)
client[1] - Asked for message: 1 - Room: stanza(client[0], 1)
client[1] - Asked for message: 33 - Room: stanza(client[0], 1)
client[1] - time to live = 0 for message: message from client[0] to stanza(client[0], 1)
client[3] - Room: stanza(client[0], 1) - Message discarded for I'm not a recipient: 
client[3] - time to live = 0 for message: ask message for missing message 1
NOT IMPLEMENTED YET
client[0] - Room: stanza(client[0], 1) - Asked for message: 1
client[0] - time to live = 0 for message: ask message for missing message 1
client[3] - Room: stanza(client[0], 1) - Message discarded for I'm not a recipient: 
client[3] - time to live = 0 for message: ask message for missing message 1
NOT IMPLEMENTED YET
client[0] - Room: stanza(client[0], 1) - Asked for message: 1
client[0] - time to live = 0 for message: ask message for missing message 1
client[3] - Room: stanza(client[0], 1) - Message discarded for I'm not a recipient: 
client[3] - time to live = 0 for message: ask message for missing message 1
NOT IMPLEMENTED YET
client[0] - Room: stanza(client[0], 1) - Asked for message: 1
client[0] - time to live = 0 for message: ask message for missing message 1
client[3] - Room: stanza(client[0], 1) - Message discarded for I'm not a recipient: 
client[3] - time to live = 0 for message: ask message for missing message 32
NOT IMPLEMENTED YET
client[0] - Room: stanza(client[0], 1) - Asked for message: 32
client[0] - time to live = 0 for message: ask message for missing message 32
client[3] - Room: stanza(client[0], 1) - Message discarded for I'm not a recipient: 
client[3] - time to live = 0 for message: ask message for missing message 1
NOT IMPLEMENTED YET
client[0] - Room: stanza(client[0], 1) - Asked for message: 1
client[0] - time to live = 0 for message: ask message for missing message 1
NOT IMPLEMENTED YET
client[0] - Room: stanza(client[0], 1) - Asked for message: 1
client[0] - time to live = 0 for message: ask message for missing message 1
client[2] - Room: stanza(client[0], 1) - Message discarded for I'm not a recipient: 
client[2] - time to live = 0 for message: ask message for missing message 1
NOT IMPLEMENTED YET
client[0] - Room: stanza(client[0], 1) - Asked for message: 1
client[0] - time to live = 0 for message: ask message for missing message 1
client[2] - Room: stanza(client[0], 1) - Message discarded for I'm not a recipient: 
client[2] - time to live = 0 for message: ask message for missing message 1
NOT IMPLEMENTED YET
client[0] - Room: stanza(client[0], 1) - Asked for message: 1
client[0] - time to live = 0 for message: ask message for missing message 1
client[2] - Room: stanza(client[0], 1) - Message discarded for I'm not a recipient: 
client[2] - time to live = 0 for message: ask message for missing message 1
NOT IMPLEMENTED YET
client[0] - Room: stanza(client[0], 1) - Asked for message: 1
client[0] - time to live = 0 for message: ask message for missing message 1
client[2] - Room: stanza(client[0], 1) - Message discarded for I'm not a recipient: 
client[2] - time to live = 0 for message: ask message for missing message 1
NOT IMPLEMENTED YET
client[0] - Room: stanza(client[0], 1) - Asked for message: 33
client[0] - time to live = 0 for message: ask message for missing message 33
client[2] - Room: stanza(client[0], 1) - Message discarded for I'm not a recipient: 
client[2] - time to live = 0 for message: ask message for missing message 33
client[2] - No rooms available
client[2] - No rooms available
client[0] - Sending message to room stanza(client[1], 0) - msg(49,client[0])
client[4] - Room: stanza(client[1], 0) - Message discarded for I'm not a recipient: 
client[4] - time to live = 0 for message: message from client[0] to stanza(client[1], 0)
client[1] - stanza(client[1], 0) - Displayed message: msg(49,client[0]) from user client[0]
client[1] - Room: stanza(client[1], 0) - Message received: msg(49,client[0])
client[1] - time to live = 0 for message: message from client[0] to stanza(client[1], 0)
client[1] - Sending message to room stanza(client[0], 2) - msg(49,client[1])
client[0] - stanza(client[0], 2) - Displayed message: msg(49,client[1]) from user client[1]
client[0] - Room: stanza(client[0], 2) - Message received: msg(49,client[1])
client[0] - time to live = 0 for message: message from client[1] to stanza(client[0], 2)
client[2] - Room: stanza(client[0], 2) - Message discarded for I'm not a recipient: 
client[2] - time to live = 0 for message: message from client[1] to stanza(client[0], 2)
client[4] - Sending message to room stanza(client[0], 1) - msg(43,client[4])
client[3] - Room: stanza(client[0], 1) - Message discarded for I'm not a recipient: 
client[3] - time to live = 0 for message: message from client[4] to stanza(client[0], 1)
client[0] - stanza(client[0], 1) - Displayed message: msg(43,client[4]) from user client[4]
client[0] - Room: stanza(client[0], 1) - Message received: msg(43,client[4])
client[0] - time to live = 0 for message: message from client[4] to stanza(client[0], 1)
client[3] - Sending message to room stanza(client[3], 0) - msg(25,client[3])
client[2] - Room: stanza(client[3], 0) - Message discarded for I'm not a recipient: 
client[2] - time to live = 0 for message: message from client[3] to stanza(client[3], 0)
client[4] - stanza(client[3], 0) - Displayed message: msg(25,client[3]) from user client[3]
client[4] - Room: stanza(client[3], 0) - Message received: msg(25,client[3])
client[4] - time to live = 0 for message: message from client[3] to stanza(client[3], 0)
client[3] - Sending message to room stanza(client[3], 0) - msg(26,client[3])
client[2] - Room: stanza(client[3], 0) - Message discarded for I'm not a recipient: 
client[2] - time to live = 0 for message: message from client[3] to stanza(client[3], 0)
client[4] - stanza(client[3], 0) - Displayed message: msg(26,client[3]) from user client[3]
client[4] - Room: stanza(client[3], 0) - Message received: msg(26,client[3])
client[4] - time to live = 0 for message: message from client[3] to stanza(client[3], 0)
client[4] - Sending message to room stanza(client[0], 2) - msg(44,client[4])
client[3] - Room: stanza(client[0], 2) - Message discarded for I'm not a recipient: 
client[3] - time to live = 0 for message: message from client[4] to stanza(client[0], 2)
client[0] - stanza(client[0], 2) - Displayed message: msg(44,client[4]) from user client[4]
client[0] - Room: stanza(client[0], 2) - Message received: msg(44,client[4])
client[0] - time to live = 0 for message: message from client[4] to stanza(client[0], 2)
client[3] - Sending message to room stanza(client[3], 0) - msg(27,client[3])
client[2] - Room: stanza(client[3], 0) - Message discarded for I'm not a recipient: 
client[2] - time to live = 0 for message: message from client[3] to stanza(client[3], 0)
client[4] - stanza(client[3], 0) - Displayed message: msg(27,client[3]) from user client[3]
client[4] - Room: stanza(client[3], 0) - Message received: msg(27,client[3])
client[4] - time to live = 0 for message: message from client[3] to stanza(client[3], 0)
client[0] - Sending message to room stanza(client[0], 2) - msg(50,client[0])
client[4] - Room: stanza(client[0], 2) - Message received: msg(50,client[0])
client[4] - time to live = 0 for message: message from client[0] to stanza(client[0], 2)
client[1] - Room: stanza(client[0], 2) - Message received: msg(50,client[0])
client[1] - time to live = 0 for message: message from client[0] to stanza(client[0], 2)
client[1] - Sending message to room stanza(client[0], 2) - msg(50,client[1])
client[0] - stanza(client[0], 2) - Displayed message: msg(50,client[1]) from user client[1]
client[0] - Room: stanza(client[0], 2) - Message received: msg(50,client[1])
client[0] - time to live = 0 for message: message from client[1] to stanza(client[0], 2)
client[2] - Room: stanza(client[0], 2) - Message discarded for I'm not a recipient: 
client[2] - time to live = 0 for message: message from client[1] to stanza(client[0], 2)
client[4] - Sending message to room stanza(client[0], 2) - msg(45,client[4])
client[3] - Room: stanza(client[0], 2) - Message discarded for I'm not a recipient: 
client[3] - time to live = 0 for message: message from client[4] to stanza(client[0], 2)
client[0] - stanza(client[0], 2) - Displayed message: msg(45,client[4]) from user client[4]
client[0] - Room: stanza(client[0], 2) - Message received: msg(45,client[4])
client[0] - time to live = 0 for message: message from client[4] to stanza(client[0], 2)
client[0] - Sending message to room stanza(client[0], 0) - msg(51,client[0])
client[4] - Room: stanza(client[0], 0) - Message discarded for I'm not a recipient: 
client[4] - time to live = 0 for message: message from client[0] to stanza(client[0], 0)
client[1] - Room: stanza(client[0], 0) - Message discarded for I'm not a recipient: 
client[1] - time to live = 0 for message: message from client[0] to stanza(client[0], 0)
client[2] - No rooms available
client[3] - Sending message to room stanza(client[3], 0) - msg(28,client[3])
client[2] - Room: stanza(client[3], 0) - Message discarded for I'm not a recipient: 
client[2] - time to live = 0 for message: message from client[3] to stanza(client[3], 0)
client[4] - stanza(client[3], 0) - Displayed message: msg(28,client[3]) from user client[3]
client[4] - Room: stanza(client[3], 0) - Message received: msg(28,client[3])
client[4] - time to live = 0 for message: message from client[3] to stanza(client[3], 0)
client[1] - Sending message to room stanza(client[0], 1) - msg(51,client[1])
client[0] - stanza(client[0], 1) - Displayed message: msg(51,client[1]) from user client[1]
client[0] - Room: stanza(client[0], 1) - Message received: msg(51,client[1])
client[0] - time to live = 0 for message: message from client[1] to stanza(client[0], 1)
client[2] - Room: stanza(client[0], 1) - Message discarded for I'm not a recipient: 
client[2] - time to live = 0 for message: message from client[1] to stanza(client[0], 1)
client[2] - No rooms available
client[4] - Sending message to room stanza(client[0], 2) - msg(46,client[4])
client[3] - Room: stanza(client[0], 2) - Message discarded for I'm not a recipient: 
client[3] - time to live = 0 for message: message from client[4] to stanza(client[0], 2)
client[0] - stanza(client[0], 2) - Displayed message: msg(46,client[4]) from user client[4]
client[0] - Room: stanza(client[0], 2) - Message received: msg(46,client[4])
client[0] - time to live = 0 for message: message from client[4] to stanza(client[0], 2)
client[3] - Sending message to room stanza(client[3], 0) - msg(29,client[3])
client[2] - Room: stanza(client[3], 0) - Message discarded for I'm not a recipient: 
client[2] - time to live = 0 for message: message from client[3] to stanza(client[3], 0)
client[4] - stanza(client[3], 0) - Displayed message: msg(29,client[3]) from user client[3]
client[4] - Room: stanza(client[3], 0) - Message received: msg(29,client[3])
client[4] - time to live = 0 for message: message from client[3] to stanza(client[3], 0)
client[0] - Sending message to room stanza(client[0], 0) - msg(52,client[0])
client[4] - Room: stanza(client[0], 0) - Message discarded for I'm not a recipient: 
client[4] - time to live = 0 for message: message from client[0] to stanza(client[0], 0)
client[1] - Room: stanza(client[0], 0) - Message discarded for I'm not a recipient: 
client[1] - time to live = 0 for message: message from client[0] to stanza(client[0], 0)
client[1] - Sending message to room stanza(client[1], 0) - msg(52,client[1])
client[0] - stanza(client[1], 0) - Displayed message: msg(52,client[1]) from user client[1]
client[0] - Room: stanza(client[1], 0) - Message received: msg(52,client[1])
client[0] - time to live = 0 for message: message from client[1] to stanza(client[1], 0)
client[2] - Room: stanza(client[1], 0) - Message discarded for I'm not a recipient: 
client[2] - time to live = 0 for message: message from client[1] to stanza(client[1], 0)
client[2] - No rooms available
client[1] - Sending message to room stanza(client[1], 0) - msg(53,client[1])
client[0] - stanza(client[1], 0) - Displayed message: msg(53,client[1]) from user client[1]
client[0] - Room: stanza(client[1], 0) - Message received: msg(53,client[1])
client[0] - time to live = 0 for message: message from client[1] to stanza(client[1], 0)
client[2] - Room: stanza(client[1], 0) - Message discarded for I'm not a recipient: 
client[2] - time to live = 0 for message: message from client[1] to stanza(client[1], 0)
client[0] - Sending message to room stanza(client[0], 1) - msg(53,client[0])
client[4] - Asked for message: 1 - Room: stanza(client[0], 1)
client[4] - Asked for message: 1 - Room: stanza(client[0], 1)
client[4] - Asked for message: 1 - Room: stanza(client[0], 1)
client[4] - Asked for message: 33 - Room: stanza(client[0], 1)
client[4] - Asked for message: 1 - Room: stanza(client[0], 1)
client[4] - time to live = 0 for message: message from client[0] to stanza(client[0], 1)
client[1] - Asked for message: 1 - Room: stanza(client[0], 1)
client[1] - Asked for message: 1 - Room: stanza(client[0], 1)
client[1] - Asked for message: 1 - Room: stanza(client[0], 1)
client[1] - Asked for message: 1 - Room: stanza(client[0], 1)
client[1] - Asked for message: 34 - Room: stanza(client[0], 1)
client[1] - time to live = 0 for message: message from client[0] to stanza(client[0], 1)
client[3] - Room: stanza(client[0], 1) - Message discarded for I'm not a recipient: 
client[3] - time to live = 0 for message: ask message for missing message 1
NOT IMPLEMENTED YET
client[0] - Room: stanza(client[0], 1) - Asked for message: 1
client[0] - time to live = 0 for message: ask message for missing message 1
client[3] - Room: stanza(client[0], 1) - Message discarded for I'm not a recipient: 
client[3] - time to live = 0 for message: ask message for missing message 1
NOT IMPLEMENTED YET
client[0] - Room: stanza(client[0], 1) - Asked for message: 1
client[0] - time to live = 0 for message: ask message for missing message 1
client[3] - Room: stanza(client[0], 1) - Message discarded for I'm not a recipient: 
client[3] - time to live = 0 for message: ask message for missing message 1
NOT IMPLEMENTED YET
client[0] - Room: stanza(client[0], 1) - Asked for message: 1
client[0] - time to live = 0 for message: ask message for missing message 1
client[3] - Room: stanza(client[0], 1) - Message discarded for I'm not a recipient: 
client[3] - time to live = 0 for message: ask message for missing message 33
NOT IMPLEMENTED YET
client[0] - Room: stanza(client[0], 1) - Asked for message: 33
client[0] - time to live = 0 for message: ask message for missing message 33
client[3] - Room: stanza(client[0], 1) - Message discarded for I'm not a recipient: 
client[3] - time to live = 0 for message: ask message for missing message 1
NOT IMPLEMENTED YET
client[0] - Room: stanza(client[0], 1) - Asked for message: 1
client[0] - time to live = 0 for message: ask message for missing message 1
NOT IMPLEMENTED YET
client[0] - Room: stanza(client[0], 1) - Asked for message: 1
client[0] - time to live = 0 for message: ask message for missing message 1
client[2] - Room: stanza(client[0], 1) - Message discarded for I'm not a recipient: 
client[2] - time to live = 0 for message: ask message for missing message 1
NOT IMPLEMENTED YET
client[0] - Room: stanza(client[0], 1) - Asked for message: 1
client[0] - time to live = 0 for message: ask message for missing message 1
client[2] - Room: stanza(client[0], 1) - Message discarded for I'm not a recipient: 
client[2] - time to live = 0 for message: ask message for missing message 1
NOT IMPLEMENTED YET
client[0] - Room: stanza(client[0], 1) - Asked for message: 1
client[0] - time to live = 0 for message: ask message for missing message 1
client[2] - Room: stanza(client[0], 1) - Message discarded for I'm not a recipient: 
client[2] - time to live = 0 for message: ask message for missing message 1
NOT IMPLEMENTED YET
client[0] - Room: stanza(client[0], 1) - Asked for message: 1
client[0] - time to live = 0 for message: ask message for missing message 1
client[2] - Room: stanza(client[0], 1) - Message discarded for I'm not a recipient: 
client[2] - time to live = 0 for message: ask message for missing message 1
NOT IMPLEMENTED YET
client[0] - Room: stanza(client[0], 1) - Asked for message: 34
client[0] - time to live = 0 for message: ask message for missing message 34
client[2] - Room: stanza(client[0], 1) - Message discarded for I'm not a recipient: 
client[2] - time to live = 0 for message: ask message for missing message 34
client[3] - Sending message to room stanza(client[3], 0) - msg(30,client[3])
client[2] - Room: stanza(client[3], 0) - Message discarded for I'm not a recipient: 
client[2] - time to live = 0 for message: message from client[3] to stanza(client[3], 0)
client[4] - stanza(client[3], 0) - Displayed message: msg(30,client[3]) from user client[3]
client[4] - Room: stanza(client[3], 0) - Message received: msg(30,client[3])
client[4] - time to live = 0 for message: message from client[3] to stanza(client[3], 0)
client[2] - No rooms available
client[2] - No rooms available
client[2] - No rooms available
client[1] - Sending message to room stanza(client[0], 2) - msg(54,client[1])
client[0] - stanza(client[0], 2) - Displayed message: msg(54,client[1]) from user client[1]
client[0] - Room: stanza(client[0], 2) - Message received: msg(54,client[1])
client[0] - time to live = 0 for message: message from client[1] to stanza(client[0], 2)
client[2] - Room: stanza(client[0], 2) - Message discarded for I'm not a recipient: 
client[2] - time to live = 0 for message: message from client[1] to stanza(client[0], 2)
client[0] - Sending message to room stanza(client[0], 0) - msg(54,client[0])
client[4] - Room: stanza(client[0], 0) - Message discarded for I'm not a recipient: 
client[4] - time to live = 0 for message: message from client[0] to stanza(client[0], 0)
client[1] - Room: stanza(client[0], 0) - Message discarded for I'm not a recipient: 
client[1] - time to live = 0 for message: message from client[0] to stanza(client[0], 0)
client[0] - Sending message to room stanza(client[0], 0) - msg(55,client[0])
client[4] - Room: stanza(client[0], 0) - Message discarded for I'm not a recipient: 
client[4] - time to live = 0 for message: message from client[0] to stanza(client[0], 0)
client[1] - Room: stanza(client[0], 0) - Message discarded for I'm not a recipient: 
client[1] - time to live = 0 for message: message from client[0] to stanza(client[0], 0)
client[2] - No rooms available
client[0] - Sending message to room stanza(client[0], 0) - msg(56,client[0])
client[4] - Room: stanza(client[0], 0) - Message discarded for I'm not a recipient: 
client[4] - time to live = 0 for message: message from client[0] to stanza(client[0], 0)
client[1] - Room: stanza(client[0], 0) - Message discarded for I'm not a recipient: 
client[1] - time to live = 0 for message: message from client[0] to stanza(client[0], 0)
client[2] - No rooms available
client[4] - Sending message to room stanza(client[0], 2) - msg(47,client[4])
client[3] - Room: stanza(client[0], 2) - Message discarded for I'm not a recipient: 
client[3] - time to live = 0 for message: message from client[4] to stanza(client[0], 2)
client[0] - stanza(client[0], 2) - Displayed message: msg(47,client[4]) from user client[4]
client[0] - Room: stanza(client[0], 2) - Message received: msg(47,client[4])
client[0] - time to live = 0 for message: message from client[4] to stanza(client[0], 2)
client[1] - Sending message to room stanza(client[0], 1) - msg(55,client[1])
client[0] - stanza(client[0], 1) - Displayed message: msg(55,client[1]) from user client[1]
client[0] - Room: stanza(client[0], 1) - Message received: msg(55,client[1])
client[0] - time to live = 0 for message: message from client[1] to stanza(client[0], 1)
client[2] - Room: stanza(client[0], 1) - Message discarded for I'm not a recipient: 
client[2] - time to live = 0 for message: message from client[1] to stanza(client[0], 1)
client[3] - Sending message to room stanza(client[3], 0) - msg(31,client[3])
client[2] - Room: stanza(client[3], 0) - Message discarded for I'm not a recipient: 
client[2] - time to live = 0 for message: message from client[3] to stanza(client[3], 0)
client[4] - stanza(client[3], 0) - Displayed message: msg(31,client[3]) from user client[3]
client[4] - Room: stanza(client[3], 0) - Message received: msg(31,client[3])
client[4] - time to live = 0 for message: message from client[3] to stanza(client[3], 0)
client[0] - Sending message to room stanza(client[1], 0) - msg(57,client[0])
client[4] - Room: stanza(client[1], 0) - Message discarded for I'm not a recipient: 
client[4] - time to live = 0 for message: message from client[0] to stanza(client[1], 0)
client[1] - stanza(client[1], 0) - Displayed message: msg(57,client[0]) from user client[0]
client[1] - Room: stanza(client[1], 0) - Message received: msg(57,client[0])
client[1] - time to live = 0 for message: message from client[0] to stanza(client[1], 0)
client[3] - Sending message to room stanza(client[3], 0) - msg(32,client[3])
client[2] - Room: stanza(client[3], 0) - Message discarded for I'm not a recipient: 
client[2] - time to live = 0 for message: message from client[3] to stanza(client[3], 0)
client[4] - stanza(client[3], 0) - Displayed message: msg(32,client[3]) from user client[3]
client[4] - Room: stanza(client[3], 0) - Message received: msg(32,client[3])
client[4] - time to live = 0 for message: message from client[3] to stanza(client[3], 0)
client[4] - Sending message to room stanza(client[0], 2) - msg(48,client[4])
client[3] - Room: stanza(client[0], 2) - Message discarded for I'm not a recipient: 
client[3] - time to live = 0 for message: message from client[4] to stanza(client[0], 2)
client[0] - stanza(client[0], 2) - Displayed message: msg(48,client[4]) from user client[4]
client[0] - Room: stanza(client[0], 2) - Message received: msg(48,client[4])
client[0] - time to live = 0 for message: message from client[4] to stanza(client[0], 2)
client[2] - No rooms available
client[4] - Sending message to room stanza(client[0], 1) - msg(49,client[4])
client[3] - Room: stanza(client[0], 1) - Message discarded for I'm not a recipient: 
client[3] - time to live = 0 for message: message from client[4] to stanza(client[0], 1)
client[0] - stanza(client[0], 1) - Displayed message: msg(49,client[4]) from user client[4]
client[0] - Room: stanza(client[0], 1) - Message received: msg(49,client[4])
client[0] - time to live = 0 for message: message from client[4] to stanza(client[0], 1)
client[2] - No rooms available
client[4] - Sending message to room stanza(client[0], 2) - msg(50,client[4])
client[3] - Room: stanza(client[0], 2) - Message discarded for I'm not a recipient: 
client[3] - time to live = 0 for message: message from client[4] to stanza(client[0], 2)
client[0] - stanza(client[0], 2) - Displayed message: msg(50,client[4]) from user client[4]
client[0] - Room: stanza(client[0], 2) - Message received: msg(50,client[4])
client[0] - time to live = 0 for message: message from client[4] to stanza(client[0], 2)
client[0] - Sending message to room stanza(client[0], 1) - msg(58,client[0])
client[4] - Asked for message: 1 - Room: stanza(client[0], 1)
client[4] - Asked for message: 1 - Room: stanza(client[0], 1)
client[4] - Asked for message: 1 - Room: stanza(client[0], 1)
client[4] - Asked for message: 34 - Room: stanza(client[0], 1)
client[4] - Asked for message: 1 - Room: stanza(client[0], 1)
client[4] - time to live = 0 for message: message from client[0] to stanza(client[0], 1)
client[1] - Asked for message: 1 - Room: stanza(client[0], 1)
client[1] - Asked for message: 1 - Room: stanza(client[0], 1)
client[1] - Asked for message: 1 - Room: stanza(client[0], 1)
client[1] - Asked for message: 1 - Room: stanza(client[0], 1)
client[1] - Asked for message: 35 - Room: stanza(client[0], 1)
client[1] - time to live = 0 for message: message from client[0] to stanza(client[0], 1)
client[3] - Room: stanza(client[0], 1) - Message discarded for I'm not a recipient: 
client[3] - time to live = 0 for message: ask message for missing message 1
NOT IMPLEMENTED YET
client[0] - Room: stanza(client[0], 1) - Asked for message: 1
client[0] - time to live = 0 for message: ask message for missing message 1
client[3] - Room: stanza(client[0], 1) - Message discarded for I'm not a recipient: 
client[3] - time to live = 0 for message: ask message for missing message 1
NOT IMPLEMENTED YET
client[0] - Room: stanza(client[0], 1) - Asked for message: 1
client[0] - time to live = 0 for message: ask message for missing message 1
client[3] - Room: stanza(client[0], 1) - Message discarded for I'm not a recipient: 
client[3] - time to live = 0 for message: ask message for missing message 1
NOT IMPLEMENTED YET
client[0] - Room: stanza(client[0], 1) - Asked for message: 1
client[0] - time to live = 0 for message: ask message for missing message 1
client[3] - Room: stanza(client[0], 1) - Message discarded for I'm not a recipient: 
client[3] - time to live = 0 for message: ask message for missing message 34
NOT IMPLEMENTED YET
client[0] - Room: stanza(client[0], 1) - Asked for message: 34
client[0] - time to live = 0 for message: ask message for missing message 34
client[3] - Room: stanza(client[0], 1) - Message discarded for I'm not a recipient: 
client[3] - time to live = 0 for message: ask message for missing message 1
NOT IMPLEMENTED YET
client[0] - Room: stanza(client[0], 1) - Asked for message: 1
client[0] - time to live = 0 for message: ask message for missing message 1
NOT IMPLEMENTED YET
client[0] - Room: stanza(client[0], 1) - Asked for message: 1
client[0] - time to live = 0 for message: ask message for missing message 1
client[2] - Room: stanza(client[0], 1) - Message discarded for I'm not a recipient: 
client[2] - time to live = 0 for message: ask message for missing message 1
NOT IMPLEMENTED YET
client[0] - Room: stanza(client[0], 1) - Asked for message: 1
client[0] - time to live = 0 for message: ask message for missing message 1
client[2] - Room: stanza(client[0], 1) - Message discarded for I'm not a recipient: 
client[2] - time to live = 0 for message: ask message for missing message 1
NOT IMPLEMENTED YET
client[0] - Room: stanza(client[0], 1) - Asked for message: 1
client[0] - time to live = 0 for message: ask message for missing message 1
client[2] - Room: stanza(client[0], 1) - Message discarded for I'm not a recipient: 
client[2] - time to live = 0 for message: ask message for missing message 1
NOT IMPLEMENTED YET
client[0] - Room: stanza(client[0], 1) - Asked for message: 1
client[0] - time to live = 0 for message: ask message for missing message 1
client[2] - Room: stanza(client[0], 1) - Message discarded for I'm not a recipient: 
client[2] - time to live = 0 for message: ask message for missing message 1
NOT IMPLEMENTED YET
client[0] - Room: stanza(client[0], 1) - Asked for message: 35
client[0] - time to live = 0 for message: ask message for missing message 35
client[2] - Room: stanza(client[0], 1) - Message discarded for I'm not a recipient: 
client[2] - time to live = 0 for message: ask message for missing message 35
client[1] - Sending message to room stanza(client[1], 0) - msg(56,client[1])
client[0] - stanza(client[1], 0) - Displayed message: msg(56,client[1]) from user client[1]
client[0] - Room: stanza(client[1], 0) - Message received: msg(56,client[1])
client[0] - time to live = 0 for message: message from client[1] to stanza(client[1], 0)
client[2] - Room: stanza(client[1], 0) - Message discarded for I'm not a recipient: 
client[2] - time to live = 0 for message: message from client[1] to stanza(client[1], 0)
client[4] - Sending message to room stanza(client[0], 2) - msg(51,client[4])
client[3] - Room: stanza(client[0], 2) - Message discarded for I'm not a recipient: 
client[3] - time to live = 0 for message: message from client[4] to stanza(client[0], 2)
client[0] - stanza(client[0], 2) - Displayed message: msg(51,client[4]) from user client[4]
client[0] - Room: stanza(client[0], 2) - Message received: msg(51,client[4])
client[0] - time to live = 0 for message: message from client[4] to stanza(client[0], 2)
client[3] - Sending message to room stanza(client[3], 0) - msg(33,client[3])
client[2] - Room: stanza(client[3], 0) - Message discarded for I'm not a recipient: 
client[2] - time to live = 0 for message: message from client[3] to stanza(client[3], 0)
client[4] - stanza(client[3], 0) - Displayed message: msg(33,client[3]) from user client[3]
client[4] - Room: stanza(client[3], 0) - Message received: msg(33,client[3])
client[4] - time to live = 0 for message: message from client[3] to stanza(client[3], 0)
client[1] - Sending message to room stanza(client[1], 0) - msg(57,client[1])
client[0] - stanza(client[1], 0) - Displayed message: msg(57,client[1]) from user client[1]
client[0] - Room: stanza(client[1], 0) - Message received: msg(57,client[1])
client[0] - time to live = 0 for message: message from client[1] to stanza(client[1], 0)
client[2] - Room: stanza(client[1], 0) - Message discarded for I'm not a recipient: 
client[2] - time to live = 0 for message: message from client[1] to stanza(client[1], 0)
client[4] - Sending message to room stanza(client[0], 1) - msg(52,client[4])
client[3] - Room: stanza(client[0], 1) - Message discarded for I'm not a recipient: 
client[3] - time to live = 0 for message: message from client[4] to stanza(client[0], 1)
client[0] - stanza(client[0], 1) - Displayed message: msg(52,client[4]) from user client[4]
client[0] - Room: stanza(client[0], 1) - Message received: msg(52,client[4])
client[0] - time to live = 0 for message: message from client[4] to stanza(client[0], 1)
client[2] - No rooms available
client[3] - Sending message to room stanza(client[3], 0) - msg(34,client[3])
client[2] - Room: stanza(client[3], 0) - Message discarded for I'm not a recipient: 
client[2] - time to live = 0 for message: message from client[3] to stanza(client[3], 0)
client[4] - stanza(client[3], 0) - Displayed message: msg(34,client[3]) from user client[3]
client[4] - Room: stanza(client[3], 0) - Message received: msg(34,client[3])
client[4] - time to live = 0 for message: message from client[3] to stanza(client[3], 0)
client[4] - Sending message to room stanza(client[0], 1) - msg(53,client[4])
client[3] - Room: stanza(client[0], 1) - Message discarded for I'm not a recipient: 
client[3] - time to live = 0 for message: message from client[4] to stanza(client[0], 1)
client[0] - stanza(client[0], 1) - Displayed message: msg(53,client[4]) from user client[4]
client[0] - Room: stanza(client[0], 1) - Message received: msg(53,client[4])
client[0] - time to live = 0 for message: message from client[4] to stanza(client[0], 1)
client[1] - Sending message to room stanza(client[0], 1) - msg(58,client[1])
client[0] - stanza(client[0], 1) - Displayed message: msg(58,client[1]) from user client[1]
client[0] - Room: stanza(client[0], 1) - Message received: msg(58,client[1])
client[0] - time to live = 0 for message: message from client[1] to stanza(client[0], 1)
client[2] - Room: stanza(client[0], 1) - Message discarded for I'm not a recipient: 
client[2] - time to live = 0 for message: message from client[1] to stanza(client[0], 1)
client[0] - Sending message to room stanza(client[1], 0) - msg(59,client[0])
client[4] - Room: stanza(client[1], 0) - Message discarded for I'm not a recipient: 
client[4] - time to live = 0 for message: message from client[0] to stanza(client[1], 0)
client[1] - stanza(client[1], 0) - Displayed message: msg(59,client[0]) from user client[0]
client[1] - Room: stanza(client[1], 0) - Message received: msg(59,client[0])
client[1] - time to live = 0 for message: message from client[0] to stanza(client[1], 0)
client[2] - Sent room creation: stanza(client[2], 0) with: client[2],client[4],client[1]
client[1] - Room created: stanza(client[2], 0)
client[1] - time to live = 0 for message: creation of room stanza(client[2], 0)
client[3] - Room: stanza(client[2], 0) - Message discarded for I'm not a recipient: 
client[3] - time to live = 0 for message: creation of room stanza(client[2], 0)
client[0] - Sending message to room stanza(client[0], 1) - msg(60,client[0])
client[4] - Asked for message: 1 - Room: stanza(client[0], 1)
client[4] - Asked for message: 1 - Room: stanza(client[0], 1)
client[4] - Asked for message: 1 - Room: stanza(client[0], 1)
client[4] - Asked for message: 36 - Room: stanza(client[0], 1)
client[4] - Asked for message: 1 - Room: stanza(client[0], 1)
client[4] - time to live = 0 for message: message from client[0] to stanza(client[0], 1)
client[1] - Asked for message: 1 - Room: stanza(client[0], 1)
client[1] - Asked for message: 1 - Room: stanza(client[0], 1)
client[1] - Asked for message: 1 - Room: stanza(client[0], 1)
client[1] - Asked for message: 1 - Room: stanza(client[0], 1)
client[1] - Asked for message: 36 - Room: stanza(client[0], 1)
client[1] - time to live = 0 for message: message from client[0] to stanza(client[0], 1)
client[3] - Room: stanza(client[0], 1) - Message discarded for I'm not a recipient: 
client[3] - time to live = 0 for message: ask message for missing message 1
NOT IMPLEMENTED YET
client[0] - Room: stanza(client[0], 1) - Asked for message: 1
client[0] - time to live = 0 for message: ask message for missing message 1
client[3] - Room: stanza(client[0], 1) - Message discarded for I'm not a recipient: 
client[3] - time to live = 0 for message: ask message for missing message 1
NOT IMPLEMENTED YET
client[0] - Room: stanza(client[0], 1) - Asked for message: 1
client[0] - time to live = 0 for message: ask message for missing message 1
client[3] - Room: stanza(client[0], 1) - Message discarded for I'm not a recipient: 
client[3] - time to live = 0 for message: ask message for missing message 1
NOT IMPLEMENTED YET
client[0] - Room: stanza(client[0], 1) - Asked for message: 1
client[0] - time to live = 0 for message: ask message for missing message 1
client[3] - Room: stanza(client[0], 1) - Message discarded for I'm not a recipient: 
client[3] - time to live = 0 for message: ask message for missing message 36
NOT IMPLEMENTED YET
client[0] - Room: stanza(client[0], 1) - Asked for message: 36
client[0] - time to live = 0 for message: ask message for missing message 36
client[3] - Room: stanza(client[0], 1) - Message discarded for I'm not a recipient: 
client[3] - time to live = 0 for message: ask message for missing message 1
NOT IMPLEMENTED YET
client[0] - Room: stanza(client[0], 1) - Asked for message: 1
client[0] - time to live = 0 for message: ask message for missing message 1
NOT IMPLEMENTED YET
client[0] - Room: stanza(client[0], 1) - Asked for message: 1
client[0] - time to live = 0 for message: ask message for missing message 1
client[2] - Room: stanza(client[0], 1) - Message discarded for I'm not a recipient: 
client[2] - time to live = 0 for message: ask message for missing message 1
NOT IMPLEMENTED YET
client[0] - Room: stanza(client[0], 1) - Asked for message: 1
client[0] - time to live = 0 for message: ask message for missing message 1
client[2] - Room: stanza(client[0], 1) - Message discarded for I'm not a recipient: 
client[2] - time to live = 0 for message: ask message for missing message 1
NOT IMPLEMENTED YET
client[0] - Room: stanza(client[0], 1) - Asked for message: 1
client[0] - time to live = 0 for message: ask message for missing message 1
client[2] - Room: stanza(client[0], 1) - Message discarded for I'm not a recipient: 
client[2] - time to live = 0 for message: ask message for missing message 1
NOT IMPLEMENTED YET
client[0] - Room: stanza(client[0], 1) - Asked for message: 1
client[0] - time to live = 0 for message: ask message for missing message 1
client[2] - Room: stanza(client[0], 1) - Message discarded for I'm not a recipient: 
client[2] - time to live = 0 for message: ask message for missing message 1
NOT IMPLEMENTED YET
client[0] - Room: stanza(client[0], 1) - Asked for message: 36
client[0] - time to live = 0 for message: ask message for missing message 36
client[2] - Room: stanza(client[0], 1) - Message discarded for I'm not a recipient: 
client[2] - time to live = 0 for message: ask message for missing message 36
client[2] - Sending message to room stanza(client[2], 0) - msg(0,client[2])
client[1] - stanza(client[2], 0) - Displayed message: msg(0,client[2]) from user client[2]
client[1] - Room: stanza(client[2], 0) - Message received: msg(0,client[2])
client[1] - time to live = 0 for message: message from client[2] to stanza(client[2], 0)
client[3] - Room: stanza(client[2], 0) - Message discarded for I'm not a recipient: 
client[3] - time to live = 0 for message: message from client[2] to stanza(client[2], 0)
client[4] - Sending message to room stanza(client[3], 0) - msg(54,client[4])
client[3] - stanza(client[3], 0) - Displayed message: msg(54,client[4]) from user client[4]
client[3] - Room: stanza(client[3], 0) - Message received: msg(54,client[4])
client[3] - time to live = 0 for message: message from client[4] to stanza(client[3], 0)
client[0] - Room: stanza(client[3], 0) - Message discarded for I'm not a recipient: 
client[0] - time to live = 0 for message: message from client[4] to stanza(client[3], 0)
client[2] - Sending message to room stanza(client[2], 0) - msg(1,client[2])
client[1] - stanza(client[2], 0) - Displayed message: msg(1,client[2]) from user client[2]
client[1] - Room: stanza(client[2], 0) - Message received: msg(1,client[2])
client[1] - time to live = 0 for message: message from client[2] to stanza(client[2], 0)
client[3] - Room: stanza(client[2], 0) - Message discarded for I'm not a recipient: 
client[3] - time to live = 0 for message: message from client[2] to stanza(client[2], 0)
client[3] - Sending message to room stanza(client[3], 0) - msg(35,client[3])
client[2] - Room: stanza(client[3], 0) - Message discarded for I'm not a recipient: 
client[2] - time to live = 0 for message: message from client[3] to stanza(client[3], 0)
client[4] - stanza(client[3], 0) - Displayed message: msg(35,client[3]) from user client[3]
client[4] - Room: stanza(client[3], 0) - Message received: msg(35,client[3])
client[4] - time to live = 0 for message: message from client[3] to stanza(client[3], 0)
client[0] - Sending message to room stanza(client[0], 1) - msg(61,client[0])
client[4] - Asked for message: 1 - Room: stanza(client[0], 1)
client[4] - Asked for message: 1 - Room: stanza(client[0], 1)
client[4] - Asked for message: 1 - Room: stanza(client[0], 1)
client[4] - Asked for message: 36 - Room: stanza(client[0], 1)
client[4] - Asked for message: 1 - Room: stanza(client[0], 1)
client[4] - time to live = 0 for message: message from client[0] to stanza(client[0], 1)
client[1] - Asked for message: 1 - Room: stanza(client[0], 1)
client[1] - Asked for message: 1 - Room: stanza(client[0], 1)
client[1] - Asked for message: 1 - Room: stanza(client[0], 1)
client[1] - Asked for message: 1 - Room: stanza(client[0], 1)
client[1] - Asked for message: 36 - Room: stanza(client[0], 1)
client[1] - time to live = 0 for message: message from client[0] to stanza(client[0], 1)
client[3] - Room: stanza(client[0], 1) - Message discarded for I'm not a recipient: 
client[3] - time to live = 0 for message: ask message for missing message 1
NOT IMPLEMENTED YET
client[0] - Room: stanza(client[0], 1) - Asked for message: 1
client[0] - time to live = 0 for message: ask message for missing message 1
client[3] - Room: stanza(client[0], 1) - Message discarded for I'm not a recipient: 
client[3] - time to live = 0 for message: ask message for missing message 1
NOT IMPLEMENTED YET
client[0] - Room: stanza(client[0], 1) - Asked for message: 1
client[0] - time to live = 0 for message: ask message for missing message 1
client[3] - Room: stanza(client[0], 1) - Message discarded for I'm not a recipient: 
client[3] - time to live = 0 for message: ask message for missing message 1
NOT IMPLEMENTED YET
client[0] - Room: stanza(client[0], 1) - Asked for message: 1
client[0] - time to live = 0 for message: ask message for missing message 1
client[3] - Room: stanza(client[0], 1) - Message discarded for I'm not a recipient: 
client[3] - time to live = 0 for message: ask message for missing message 36
NOT IMPLEMENTED YET
client[0] - Room: stanza(client[0], 1) - Asked for message: 36
client[0] - time to live = 0 for message: ask message for missing message 36
client[3] - Room: stanza(client[0], 1) - Message discarded for I'm not a recipient: 
client[3] - time to live = 0 for message: ask message for missing message 1
NOT IMPLEMENTED YET
client[0] - Room: stanza(client[0], 1) - Asked for message: 1
client[0] - time to live = 0 for message: ask message for missing message 1
NOT IMPLEMENTED YET
client[0] - Room: stanza(client[0], 1) - Asked for message: 1
client[0] - time to live = 0 for message: ask message for missing message 1
client[2] - Room: stanza(client[0], 1) - Message discarded for I'm not a recipient: 
client[2] - time to live = 0 for message: ask message for missing message 1
NOT IMPLEMENTED YET
client[0] - Room: stanza(client[0], 1) - Asked for message: 1
client[0] - time to live = 0 for message: ask message for missing message 1
client[2] - Room: stanza(client[0], 1) - Message discarded for I'm not a recipient: 
client[2] - time to live = 0 for message: ask message for missing message 1
NOT IMPLEMENTED YET
client[0] - Room: stanza(client[0], 1) - Asked for message: 1
client[0] - time to live = 0 for message: ask message for missing message 1
client[2] - Room: stanza(client[0], 1) - Message discarded for I'm not a recipient: 
client[2] - time to live = 0 for message: ask message for missing message 1
NOT IMPLEMENTED YET
client[0] - Room: stanza(client[0], 1) - Asked for message: 1
client[0] - time to live = 0 for message: ask message for missing message 1
client[2] - Room: stanza(client[0], 1) - Message discarded for I'm not a recipient: 
client[2] - time to live = 0 for message: ask message for missing message 1
NOT IMPLEMENTED YET
client[0] - Room: stanza(client[0], 1) - Asked for message: 36
client[0] - time to live = 0 for message: ask message for missing message 36
client[2] - Room: stanza(client[0], 1) - Message discarded for I'm not a recipient: 
client[2] - time to live = 0 for message: ask message for missing message 36
client[1] - Sending message to room stanza(client[2], 0) - msg(59,client[1])
client[0] - Room: stanza(client[2], 0) - Message discarded for I'm not a recipient: 
client[0] - time to live = 0 for message: message from client[1] to stanza(client[2], 0)
client[2] - stanza(client[2], 0) - Displayed message: msg(59,client[1]) from user client[1]
client[2] - Room: stanza(client[2], 0) - Message received: msg(59,client[1])
client[2] - time to live = 0 for message: message from client[1] to stanza(client[2], 0)
client[2] - Sending message to room stanza(client[2], 0) - msg(2,client[2])
client[1] - stanza(client[2], 0) - Displayed message: msg(2,client[2]) from user client[2]
client[1] - Room: stanza(client[2], 0) - Message received: msg(2,client[2])
client[1] - time to live = 0 for message: message from client[2] to stanza(client[2], 0)
client[3] - Room: stanza(client[2], 0) - Message discarded for I'm not a recipient: 
client[3] - time to live = 0 for message: message from client[2] to stanza(client[2], 0)
client[4] - Sent room creation: stanza(client[4], 0) with: client[4],client[1],client[2],client[0]
client[3] - Room: stanza(client[4], 0) - Message discarded for I'm not a recipient: 
client[3] - time to live = 0 for message: creation of room stanza(client[4], 0)
client[0] - Room created: stanza(client[4], 0)
client[0] - time to live = 0 for message: creation of room stanza(client[4], 0)
client[0] - Sending message to room stanza(client[0], 0) - msg(62,client[0])
client[4] - Room: stanza(client[0], 0) - Message discarded for I'm not a recipient: 
client[4] - time to live = 0 for message: message from client[0] to stanza(client[0], 0)
client[1] - Room: stanza(client[0], 0) - Message discarded for I'm not a recipient: 
client[1] - time to live = 0 for message: message from client[0] to stanza(client[0], 0)
client[4] - Sending message to room stanza(client[0], 2) - msg(55,client[4])
client[3] - Room: stanza(client[0], 2) - Message discarded for I'm not a recipient: 
client[3] - time to live = 0 for message: message from client[4] to stanza(client[0], 2)
client[0] - stanza(client[0], 2) - Displayed message: msg(55,client[4]) from user client[4]
client[0] - Room: stanza(client[0], 2) - Message received: msg(55,client[4])
client[0] - time to live = 0 for message: message from client[4] to stanza(client[0], 2)
client[2] - Sending message to room stanza(client[2], 0) - msg(3,client[2])
client[1] - stanza(client[2], 0) - Displayed message: msg(3,client[2]) from user client[2]
client[1] - Room: stanza(client[2], 0) - Message received: msg(3,client[2])
client[1] - time to live = 0 for message: message from client[2] to stanza(client[2], 0)
client[3] - Room: stanza(client[2], 0) - Message discarded for I'm not a recipient: 
client[3] - time to live = 0 for message: message from client[2] to stanza(client[2], 0)
client[3] - Sending message to room stanza(client[3], 0) - msg(36,client[3])
client[2] - Room: stanza(client[3], 0) - Message discarded for I'm not a recipient: 
client[2] - time to live = 0 for message: message from client[3] to stanza(client[3], 0)
client[4] - stanza(client[3], 0) - Displayed message: msg(36,client[3]) from user client[3]
client[4] - Room: stanza(client[3], 0) - Message received: msg(36,client[3])
client[4] - time to live = 0 for message: message from client[3] to stanza(client[3], 0)
client[0] - Sending message to room stanza(client[0], 1) - msg(63,client[0])
client[4] - Asked for message: 1 - Room: stanza(client[0], 1)
client[4] - Asked for message: 1 - Room: stanza(client[0], 1)
client[4] - Asked for message: 1 - Room: stanza(client[0], 1)
client[4] - Asked for message: 36 - Room: stanza(client[0], 1)
client[4] - Asked for message: 1 - Room: stanza(client[0], 1)
client[4] - time to live = 0 for message: message from client[0] to stanza(client[0], 1)
client[1] - Asked for message: 1 - Room: stanza(client[0], 1)
client[1] - Asked for message: 1 - Room: stanza(client[0], 1)
client[1] - Asked for message: 1 - Room: stanza(client[0], 1)
client[1] - Asked for message: 1 - Room: stanza(client[0], 1)
client[1] - Asked for message: 36 - Room: stanza(client[0], 1)
client[1] - time to live = 0 for message: message from client[0] to stanza(client[0], 1)
client[3] - Room: stanza(client[0], 1) - Message discarded for I'm not a recipient: 
client[3] - time to live = 0 for message: ask message for missing message 1
NOT IMPLEMENTED YET
client[0] - Room: stanza(client[0], 1) - Asked for message: 1
client[0] - time to live = 0 for message: ask message for missing message 1
client[3] - Room: stanza(client[0], 1) - Message discarded for I'm not a recipient: 
client[3] - time to live = 0 for message: ask message for missing message 1
NOT IMPLEMENTED YET
client[0] - Room: stanza(client[0], 1) - Asked for message: 1
client[0] - time to live = 0 for message: ask message for missing message 1
client[3] - Room: stanza(client[0], 1) - Message discarded for I'm not a recipient: 
client[3] - time to live = 0 for message: ask message for missing message 1
NOT IMPLEMENTED YET
client[0] - Room: stanza(client[0], 1) - Asked for message: 1
client[0] - time to live = 0 for message: ask message for missing message 1
client[3] - Room: stanza(client[0], 1) - Message discarded for I'm not a recipient: 
client[3] - time to live = 0 for message: ask message for missing message 36
NOT IMPLEMENTED YET
client[0] - Room: stanza(client[0], 1) - Asked for message: 36
client[0] - time to live = 0 for message: ask message for missing message 36
client[3] - Room: stanza(client[0], 1) - Message discarded for I'm not a recipient: 
client[3] - time to live = 0 for message: ask message for missing message 1
NOT IMPLEMENTED YET
client[0] - Room: stanza(client[0], 1) - Asked for message: 1
client[0] - time to live = 0 for message: ask message for missing message 1
NOT IMPLEMENTED YET
client[0] - Room: stanza(client[0], 1) - Asked for message: 1
client[0] - time to live = 0 for message: ask message for missing message 1
client[2] - Room: stanza(client[0], 1) - Message discarded for I'm not a recipient: 
client[2] - time to live = 0 for message: ask message for missing message 1
NOT IMPLEMENTED YET
client[0] - Room: stanza(client[0], 1) - Asked for message: 1
client[0] - time to live = 0 for message: ask message for missing message 1
client[2] - Room: stanza(client[0], 1) - Message discarded for I'm not a recipient: 
client[2] - time to live = 0 for message: ask message for missing message 1
NOT IMPLEMENTED YET
client[0] - Room: stanza(client[0], 1) - Asked for message: 1
client[0] - time to live = 0 for message: ask message for missing message 1
client[2] - Room: stanza(client[0], 1) - Message discarded for I'm not a recipient: 
client[2] - time to live = 0 for message: ask message for missing message 1
NOT IMPLEMENTED YET
client[0] - Room: stanza(client[0], 1) - Asked for message: 1
client[0] - time to live = 0 for message: ask message for missing message 1
client[2] - Room: stanza(client[0], 1) - Message discarded for I'm not a recipient: 
client[2] - time to live = 0 for message: ask message for missing message 1
NOT IMPLEMENTED YET
client[0] - Room: stanza(client[0], 1) - Asked for message: 36
client[0] - time to live = 0 for message: ask message for missing message 36
client[2] - Room: stanza(client[0], 1) - Message discarded for I'm not a recipient: 
client[2] - time to live = 0 for message: ask message for missing message 36
client[4] - Sending message to room stanza(client[0], 1) - msg(56,client[4])
client[3] - Room: stanza(client[0], 1) - Message discarded for I'm not a recipient: 
client[3] - time to live = 0 for message: message from client[4] to stanza(client[0], 1)
client[0] - stanza(client[0], 1) - Displayed message: msg(56,client[4]) from user client[4]
client[0] - Room: stanza(client[0], 1) - Message received: msg(56,client[4])
client[0] - time to live = 0 for message: message from client[4] to stanza(client[0], 1)
client[1] - Sending message to room stanza(client[0], 1) - msg(60,client[1])
client[0] - stanza(client[0], 1) - Displayed message: msg(60,client[1]) from user client[1]
client[0] - Room: stanza(client[0], 1) - Message received: msg(60,client[1])
client[0] - time to live = 0 for message: message from client[1] to stanza(client[0], 1)
client[2] - Room: stanza(client[0], 1) - Message discarded for I'm not a recipient: 
client[2] - time to live = 0 for message: message from client[1] to stanza(client[0], 1)
client[2] - Sending message to room stanza(client[2], 0) - msg(4,client[2])
client[1] - stanza(client[2], 0) - Displayed message: msg(4,client[2]) from user client[2]
client[1] - Room: stanza(client[2], 0) - Message received: msg(4,client[2])
client[1] - time to live = 0 for message: message from client[2] to stanza(client[2], 0)
client[3] - Room: stanza(client[2], 0) - Message discarded for I'm not a recipient: 
client[3] - time to live = 0 for message: message from client[2] to stanza(client[2], 0)
client[3] - Sending message to room stanza(client[3], 0) - msg(37,client[3])
client[2] - Room: stanza(client[3], 0) - Message discarded for I'm not a recipient: 
client[2] - time to live = 0 for message: message from client[3] to stanza(client[3], 0)
client[4] - stanza(client[3], 0) - Displayed message: msg(37,client[3]) from user client[3]
client[4] - Room: stanza(client[3], 0) - Message received: msg(37,client[3])
client[4] - time to live = 0 for message: message from client[3] to stanza(client[3], 0)
client[1] - Sending message to room stanza(client[1], 0) - msg(61,client[1])
client[0] - stanza(client[1], 0) - Displayed message: msg(61,client[1]) from user client[1]
client[0] - Room: stanza(client[1], 0) - Message received: msg(61,client[1])
client[0] - time to live = 0 for message: message from client[1] to stanza(client[1], 0)
client[2] - Room: stanza(client[1], 0) - Message discarded for I'm not a recipient: 
client[2] - time to live = 0 for message: message from client[1] to stanza(client[1], 0)
client[2] - Sending message to room stanza(client[2], 0) - msg(5,client[2])
client[1] - stanza(client[2], 0) - Displayed message: msg(5,client[2]) from user client[2]
client[1] - Room: stanza(client[2], 0) - Message received: msg(5,client[2])
client[1] - time to live = 0 for message: message from client[2] to stanza(client[2], 0)
client[3] - Room: stanza(client[2], 0) - Message discarded for I'm not a recipient: 
client[3] - time to live = 0 for message: message from client[2] to stanza(client[2], 0)
client[4] - Sending message to room stanza(client[0], 1) - msg(57,client[4])
client[3] - Room: stanza(client[0], 1) - Message discarded for I'm not a recipient: 
client[3] - time to live = 0 for message: message from client[4] to stanza(client[0], 1)
client[0] - stanza(client[0], 1) - Displayed message: msg(57,client[4]) from user client[4]
client[0] - Room: stanza(client[0], 1) - Message received: msg(57,client[4])
client[0] - time to live = 0 for message: message from client[4] to stanza(client[0], 1)
client[3] - Sending message to room stanza(client[3], 0) - msg(38,client[3])
client[2] - Room: stanza(client[3], 0) - Message discarded for I'm not a recipient: 
client[2] - time to live = 0 for message: message from client[3] to stanza(client[3], 0)
client[4] - stanza(client[3], 0) - Displayed message: msg(38,client[3]) from user client[3]
client[4] - Room: stanza(client[3], 0) - Message received: msg(38,client[3])
client[4] - time to live = 0 for message: message from client[3] to stanza(client[3], 0)
client[2] - Sending message to room stanza(client[2], 0) - msg(6,client[2])
client[1] - stanza(client[2], 0) - Displayed message: msg(6,client[2]) from user client[2]
client[1] - Room: stanza(client[2], 0) - Message received: msg(6,client[2])
client[1] - time to live = 0 for message: message from client[2] to stanza(client[2], 0)
client[3] - Room: stanza(client[2], 0) - Message discarded for I'm not a recipient: 
client[3] - time to live = 0 for message: message from client[2] to stanza(client[2], 0)
client[1] - Sending message to room stanza(client[1], 0) - msg(62,client[1])
client[0] - stanza(client[1], 0) - Displayed message: msg(62,client[1]) from user client[1]
client[0] - Room: stanza(client[1], 0) - Message received: msg(62,client[1])
client[0] - time to live = 0 for message: message from client[1] to stanza(client[1], 0)
client[2] - Room: stanza(client[1], 0) - Message discarded for I'm not a recipient: 
client[2] - time to live = 0 for message: message from client[1] to stanza(client[1], 0)
client[3] - Sending message to room stanza(client[3], 0) - msg(39,client[3])
client[2] - Room: stanza(client[3], 0) - Message discarded for I'm not a recipient: 
client[2] - time to live = 0 for message: message from client[3] to stanza(client[3], 0)
client[4] - stanza(client[3], 0) - Displayed message: msg(39,client[3]) from user client[3]
client[4] - Room: stanza(client[3], 0) - Message received: msg(39,client[3])
client[4] - time to live = 0 for message: message from client[3] to stanza(client[3], 0)
client[4] - Sending message to room stanza(client[4], 0) - msg(58,client[4])
client[3] - Room: stanza(client[4], 0) - Message discarded for I'm not a recipient: 
client[3] - time to live = 0 for message: message from client[4] to stanza(client[4], 0)
client[0] - stanza(client[4], 0) - Displayed message: msg(58,client[4]) from user client[4]
client[0] - Room: stanza(client[4], 0) - Message received: msg(58,client[4])
client[0] - time to live = 0 for message: message from client[4] to stanza(client[4], 0)
client[2] - Sending message to room stanza(client[2], 0) - msg(7,client[2])
client[1] - stanza(client[2], 0) - Displayed message: msg(7,client[2]) from user client[2]
client[1] - Room: stanza(client[2], 0) - Message received: msg(7,client[2])
client[1] - time to live = 0 for message: message from client[2] to stanza(client[2], 0)
client[3] - Room: stanza(client[2], 0) - Message discarded for I'm not a recipient: 
client[3] - time to live = 0 for message: message from client[2] to stanza(client[2], 0)
client[2] - Sending message to room stanza(client[2], 0) - msg(8,client[2])
client[1] - stanza(client[2], 0) - Displayed message: msg(8,client[2]) from user client[2]
client[1] - Room: stanza(client[2], 0) - Message received: msg(8,client[2])
client[1] - time to live = 0 for message: message from client[2] to stanza(client[2], 0)
client[3] - Room: stanza(client[2], 0) - Message discarded for I'm not a recipient: 
client[3] - time to live = 0 for message: message from client[2] to stanza(client[2], 0)
client[0] - Sending message to room stanza(client[4], 0) - msg(64,client[0])
client[4] - stanza(client[4], 0) - Displayed message: msg(64,client[0]) from user client[0]
client[4] - Room: stanza(client[4], 0) - Message received: msg(64,client[0])
client[4] - time to live = 0 for message: message from client[0] to stanza(client[4], 0)
client[1] - Room: stanza(client[4], 0) - Message discarded for I'm not a recipient: 
client[1] - time to live = 0 for message: message from client[0] to stanza(client[4], 0)
client[0] - Sending message to room stanza(client[0], 0) - msg(65,client[0])
client[4] - Room: stanza(client[0], 0) - Message discarded for I'm not a recipient: 
client[4] - time to live = 0 for message: message from client[0] to stanza(client[0], 0)
client[1] - Room: stanza(client[0], 0) - Message discarded for I'm not a recipient: 
client[1] - time to live = 0 for message: message from client[0] to stanza(client[0], 0)
client[2] - Sending message to room stanza(client[2], 0) - msg(9,client[2])
client[1] - stanza(client[2], 0) - Displayed message: msg(9,client[2]) from user client[2]
client[1] - Room: stanza(client[2], 0) - Message received: msg(9,client[2])
client[1] - time to live = 0 for message: message from client[2] to stanza(client[2], 0)
client[3] - Room: stanza(client[2], 0) - Message discarded for I'm not a recipient: 
client[3] - time to live = 0 for message: message from client[2] to stanza(client[2], 0)
client[3] - Sending message to room stanza(client[3], 0) - msg(40,client[3])
client[2] - Room: stanza(client[3], 0) - Message discarded for I'm not a recipient: 
client[2] - time to live = 0 for message: message from client[3] to stanza(client[3], 0)
client[4] - stanza(client[3], 0) - Displayed message: msg(40,client[3]) from user client[3]
client[4] - Room: stanza(client[3], 0) - Message received: msg(40,client[3])
client[4] - time to live = 0 for message: message from client[3] to stanza(client[3], 0)
client[4] - Sending message to room stanza(client[0], 1) - msg(59,client[4])
client[3] - Room: stanza(client[0], 1) - Message discarded for I'm not a recipient: 
client[3] - time to live = 0 for message: message from client[4] to stanza(client[0], 1)
client[0] - stanza(client[0], 1) - Displayed message: msg(59,client[4]) from user client[4]
client[0] - Room: stanza(client[0], 1) - Message received: msg(59,client[4])
client[0] - time to live = 0 for message: message from client[4] to stanza(client[0], 1)
client[0] - Sending message to room stanza(client[0], 1) - msg(66,client[0])
client[4] - Asked for message: 1 - Room: stanza(client[0], 1)
client[4] - Asked for message: 1 - Room: stanza(client[0], 1)
client[4] - Asked for message: 1 - Room: stanza(client[0], 1)
client[4] - Asked for message: 39 - Room: stanza(client[0], 1)
client[4] - Asked for message: 1 - Room: stanza(client[0], 1)
client[4] - time to live = 0 for message: message from client[0] to stanza(client[0], 1)
client[1] - Asked for message: 1 - Room: stanza(client[0], 1)
client[1] - Asked for message: 1 - Room: stanza(client[0], 1)
client[1] - Asked for message: 1 - Room: stanza(client[0], 1)
client[1] - Asked for message: 1 - Room: stanza(client[0], 1)
client[1] - Asked for message: 37 - Room: stanza(client[0], 1)
client[1] - time to live = 0 for message: message from client[0] to stanza(client[0], 1)
client[3] - Room: stanza(client[0], 1) - Message discarded for I'm not a recipient: 
client[3] - time to live = 0 for message: ask message for missing message 1
NOT IMPLEMENTED YET
client[0] - Room: stanza(client[0], 1) - Asked for message: 1
client[0] - time to live = 0 for message: ask message for missing message 1
client[3] - Room: stanza(client[0], 1) - Message discarded for I'm not a recipient: 
client[3] - time to live = 0 for message: ask message for missing message 1
NOT IMPLEMENTED YET
client[0] - Room: stanza(client[0], 1) - Asked for message: 1
client[0] - time to live = 0 for message: ask message for missing message 1
client[3] - Room: stanza(client[0], 1) - Message discarded for I'm not a recipient: 
client[3] - time to live = 0 for message: ask message for missing message 1
NOT IMPLEMENTED YET
client[0] - Room: stanza(client[0], 1) - Asked for message: 1
client[0] - time to live = 0 for message: ask message for missing message 1
client[3] - Room: stanza(client[0], 1) - Message discarded for I'm not a recipient: 
client[3] - time to live = 0 for message: ask message for missing message 39
NOT IMPLEMENTED YET
client[0] - Room: stanza(client[0], 1) - Asked for message: 39
client[0] - time to live = 0 for message: ask message for missing message 39
client[3] - Room: stanza(client[0], 1) - Message discarded for I'm not a recipient: 
client[3] - time to live = 0 for message: ask message for missing message 1
NOT IMPLEMENTED YET
client[0] - Room: stanza(client[0], 1) - Asked for message: 1
client[0] - time to live = 0 for message: ask message for missing message 1
NOT IMPLEMENTED YET
client[0] - Room: stanza(client[0], 1) - Asked for message: 1
client[0] - time to live = 0 for message: ask message for missing message 1
client[2] - Room: stanza(client[0], 1) - Message discarded for I'm not a recipient: 
client[2] - time to live = 0 for message: ask message for missing message 1
NOT IMPLEMENTED YET
client[0] - Room: stanza(client[0], 1) - Asked for message: 1
client[0] - time to live = 0 for message: ask message for missing message 1
client[2] - Room: stanza(client[0], 1) - Message discarded for I'm not a recipient: 
client[2] - time to live = 0 for message: ask message for missing message 1
NOT IMPLEMENTED YET
client[0] - Room: stanza(client[0], 1) - Asked for message: 1
client[0] - time to live = 0 for message: ask message for missing message 1
client[2] - Room: stanza(client[0], 1) - Message discarded for I'm not a recipient: 
client[2] - time to live = 0 for message: ask message for missing message 1
NOT IMPLEMENTED YET
client[0] - Room: stanza(client[0], 1) - Asked for message: 1
client[0] - time to live = 0 for message: ask message for missing message 1
client[2] - Room: stanza(client[0], 1) - Message discarded for I'm not a recipient: 
client[2] - time to live = 0 for message: ask message for missing message 1
NOT IMPLEMENTED YET
client[0] - Room: stanza(client[0], 1) - Asked for message: 37
client[0] - time to live = 0 for message: ask message for missing message 37
client[2] - Room: stanza(client[0], 1) - Message discarded for I'm not a recipient: 
client[2] - time to live = 0 for message: ask message for missing message 37
client[0] - Sending message to room stanza(client[4], 0) - msg(67,client[0])
client[4] - stanza(client[4], 0) - Displayed message: msg(67,client[0]) from user client[0]
client[4] - Room: stanza(client[4], 0) - Message received: msg(67,client[0])
client[4] - time to live = 0 for message: message from client[0] to stanza(client[4], 0)
client[1] - Room: stanza(client[4], 0) - Message discarded for I'm not a recipient: 
client[1] - time to live = 0 for message: message from client[0] to stanza(client[4], 0)
client[2] - Sending message to room stanza(client[2], 0) - msg(10,client[2])
client[1] - stanza(client[2], 0) - Displayed message: msg(10,client[2]) from user client[2]
client[1] - Room: stanza(client[2], 0) - Message received: msg(10,client[2])
client[1] - time to live = 0 for message: message from client[2] to stanza(client[2], 0)
client[3] - Room: stanza(client[2], 0) - Message discarded for I'm not a recipient: 
client[3] - time to live = 0 for message: message from client[2] to stanza(client[2], 0)
client[4] - Sending message to room stanza(client[0], 2) - msg(60,client[4])
client[3] - Room: stanza(client[0], 2) - Message discarded for I'm not a recipient: 
client[3] - time to live = 0 for message: message from client[4] to stanza(client[0], 2)
client[0] - stanza(client[0], 2) - Displayed message: msg(60,client[4]) from user client[4]
client[0] - Room: stanza(client[0], 2) - Message received: msg(60,client[4])
client[0] - time to live = 0 for message: message from client[4] to stanza(client[0], 2)
client[2] - Sending message to room stanza(client[2], 0) - msg(11,client[2])
client[1] - stanza(client[2], 0) - Displayed message: msg(11,client[2]) from user client[2]
client[1] - Room: stanza(client[2], 0) - Message received: msg(11,client[2])
client[1] - time to live = 0 for message: message from client[2] to stanza(client[2], 0)
client[3] - Room: stanza(client[2], 0) - Message discarded for I'm not a recipient: 
client[3] - time to live = 0 for message: message from client[2] to stanza(client[2], 0)
client[4] - Sending message to room stanza(client[4], 0) - msg(61,client[4])
client[3] - Room: stanza(client[4], 0) - Message discarded for I'm not a recipient: 
client[3] - time to live = 0 for message: message from client[4] to stanza(client[4], 0)
client[0] - stanza(client[4], 0) - Displayed message: msg(61,client[4]) from user client[4]
client[0] - Room: stanza(client[4], 0) - Message received: msg(61,client[4])
client[0] - time to live = 0 for message: message from client[4] to stanza(client[4], 0)
client[3] - Sending message to room stanza(client[3], 0) - msg(41,client[3])
client[2] - Room: stanza(client[3], 0) - Message discarded for I'm not a recipient: 
client[2] - time to live = 0 for message: message from client[3] to stanza(client[3], 0)
client[4] - stanza(client[3], 0) - Displayed message: msg(41,client[3]) from user client[3]
client[4] - Room: stanza(client[3], 0) - Message received: msg(41,client[3])
client[4] - time to live = 0 for message: message from client[3] to stanza(client[3], 0)
client[1] - Sending message to room stanza(client[0], 1) - msg(63,client[1])
client[0] - stanza(client[0], 1) - Displayed message: msg(63,client[1]) from user client[1]
client[0] - Room: stanza(client[0], 1) - Message received: msg(63,client[1])
client[0] - time to live = 0 for message: message from client[1] to stanza(client[0], 1)
client[2] - Room: stanza(client[0], 1) - Message discarded for I'm not a recipient: 
client[2] - time to live = 0 for message: message from client[1] to stanza(client[0], 1)
client[4] - Sending message to room stanza(client[0], 1) - msg(62,client[4])
client[3] - Room: stanza(client[0], 1) - Message discarded for I'm not a recipient: 
client[3] - time to live = 0 for message: message from client[4] to stanza(client[0], 1)
client[0] - stanza(client[0], 1) - Displayed message: msg(62,client[4]) from user client[4]
client[0] - Room: stanza(client[0], 1) - Message received: msg(62,client[4])
client[0] - time to live = 0 for message: message from client[4] to stanza(client[0], 1)
client[1] - Sending message to room stanza(client[0], 1) - msg(64,client[1])
client[0] - stanza(client[0], 1) - Displayed message: msg(64,client[1]) from user client[1]
client[0] - Room: stanza(client[0], 1) - Message received: msg(64,client[1])
client[0] - time to live = 0 for message: message from client[1] to stanza(client[0], 1)
client[2] - Room: stanza(client[0], 1) - Message discarded for I'm not a recipient: 
client[2] - time to live = 0 for message: message from client[1] to stanza(client[0], 1)
client[2] - Sending message to room stanza(client[2], 0) - msg(12,client[2])
client[1] - stanza(client[2], 0) - Displayed message: msg(12,client[2]) from user client[2]
client[1] - Room: stanza(client[2], 0) - Message received: msg(12,client[2])
client[1] - time to live = 0 for message: message from client[2] to stanza(client[2], 0)
client[3] - Room: stanza(client[2], 0) - Message discarded for I'm not a recipient: 
client[3] - time to live = 0 for message: message from client[2] to stanza(client[2], 0)
client[0] - Sending message to room stanza(client[4], 0) - msg(68,client[0])
client[4] - stanza(client[4], 0) - Displayed message: msg(68,client[0]) from user client[0]
client[4] - Room: stanza(client[4], 0) - Message received: msg(68,client[0])
client[4] - time to live = 0 for message: message from client[0] to stanza(client[4], 0)
client[1] - Room: stanza(client[4], 0) - Message discarded for I'm not a recipient: 
client[1] - time to live = 0 for message: message from client[0] to stanza(client[4], 0)
client[2] - Sent room creation: stanza(client[2], 1) with: client[2],client[1]
client[1] - Room created: stanza(client[2], 1)
client[1] - time to live = 0 for message: creation of room stanza(client[2], 1)
client[3] - Room: stanza(client[2], 1) - Message discarded for I'm not a recipient: 
client[3] - time to live = 0 for message: creation of room stanza(client[2], 1)
client[4] - Sending message to room stanza(client[4], 0) - msg(63,client[4])
client[3] - Room: stanza(client[4], 0) - Message discarded for I'm not a recipient: 
client[3] - time to live = 0 for message: message from client[4] to stanza(client[4], 0)
client[0] - stanza(client[4], 0) - Displayed message: msg(63,client[4]) from user client[4]
client[0] - Room: stanza(client[4], 0) - Message received: msg(63,client[4])
client[0] - time to live = 0 for message: message from client[4] to stanza(client[4], 0)
client[0] - Sending message to room stanza(client[1], 0) - msg(69,client[0])
client[4] - Room: stanza(client[1], 0) - Message discarded for I'm not a recipient: 
client[4] - time to live = 0 for message: message from client[0] to stanza(client[1], 0)
client[1] - stanza(client[1], 0) - Displayed message: msg(69,client[0]) from user client[0]
client[1] - Room: stanza(client[1], 0) - Message received: msg(69,client[0])
client[1] - time to live = 0 for message: message from client[0] to stanza(client[1], 0)
client[2] - Sending message to room stanza(client[2], 1) - msg(13,client[2])
client[1] - stanza(client[2], 1) - Displayed message: msg(13,client[2]) from user client[2]
client[1] - Room: stanza(client[2], 1) - Message received: msg(13,client[2])
client[1] - time to live = 0 for message: message from client[2] to stanza(client[2], 1)
client[3] - Room: stanza(client[2], 1) - Message discarded for I'm not a recipient: 
client[3] - time to live = 0 for message: message from client[2] to stanza(client[2], 1)
client[2] - Sending message to room stanza(client[2], 1) - msg(14,client[2])
client[1] - stanza(client[2], 1) - Displayed message: msg(14,client[2]) from user client[2]
client[1] - Room: stanza(client[2], 1) - Message received: msg(14,client[2])
client[1] - time to live = 0 for message: message from client[2] to stanza(client[2], 1)
client[3] - Room: stanza(client[2], 1) - Message discarded for I'm not a recipient: 
client[3] - time to live = 0 for message: message from client[2] to stanza(client[2], 1)
client[4] - Sending message to room stanza(client[4], 0) - msg(64,client[4])
client[3] - Room: stanza(client[4], 0) - Message discarded for I'm not a recipient: 
client[3] - time to live = 0 for message: message from client[4] to stanza(client[4], 0)
client[0] - stanza(client[4], 0) - Displayed message: msg(64,client[4]) from user client[4]
client[0] - Room: stanza(client[4], 0) - Message received: msg(64,client[4])
client[0] - time to live = 0 for message: message from client[4] to stanza(client[4], 0)
client[0] - Sending message to room stanza(client[0], 1) - msg(70,client[0])
client[4] - Asked for message: 1 - Room: stanza(client[0], 1)
client[4] - Asked for message: 1 - Room: stanza(client[0], 1)
client[4] - Asked for message: 1 - Room: stanza(client[0], 1)
client[4] - Asked for message: 40 - Room: stanza(client[0], 1)
client[4] - Asked for message: 1 - Room: stanza(client[0], 1)
client[4] - time to live = 0 for message: message from client[0] to stanza(client[0], 1)
client[1] - Asked for message: 1 - Room: stanza(client[0], 1)
client[1] - Asked for message: 1 - Room: stanza(client[0], 1)
client[1] - Asked for message: 1 - Room: stanza(client[0], 1)
client[1] - Asked for message: 1 - Room: stanza(client[0], 1)
client[1] - Asked for message: 39 - Room: stanza(client[0], 1)
client[1] - time to live = 0 for message: message from client[0] to stanza(client[0], 1)
client[3] - Room: stanza(client[0], 1) - Message discarded for I'm not a recipient: 
client[3] - time to live = 0 for message: ask message for missing message 1
NOT IMPLEMENTED YET
client[0] - Room: stanza(client[0], 1) - Asked for message: 1
client[0] - time to live = 0 for message: ask message for missing message 1
client[3] - Room: stanza(client[0], 1) - Message discarded for I'm not a recipient: 
client[3] - time to live = 0 for message: ask message for missing message 1
NOT IMPLEMENTED YET
client[0] - Room: stanza(client[0], 1) - Asked for message: 1
client[0] - time to live = 0 for message: ask message for missing message 1
client[3] - Room: stanza(client[0], 1) - Message discarded for I'm not a recipient: 
client[3] - time to live = 0 for message: ask message for missing message 1
NOT IMPLEMENTED YET
client[0] - Room: stanza(client[0], 1) - Asked for message: 1
client[0] - time to live = 0 for message: ask message for missing message 1
client[3] - Room: stanza(client[0], 1) - Message discarded for I'm not a recipient: 
client[3] - time to live = 0 for message: ask message for missing message 40
NOT IMPLEMENTED YET
client[0] - Room: stanza(client[0], 1) - Asked for message: 40
client[0] - time to live = 0 for message: ask message for missing message 40
client[3] - Room: stanza(client[0], 1) - Message discarded for I'm not a recipient: 
client[3] - time to live = 0 for message: ask message for missing message 1
NOT IMPLEMENTED YET
client[0] - Room: stanza(client[0], 1) - Asked for message: 1
client[0] - time to live = 0 for message: ask message for missing message 1
NOT IMPLEMENTED YET
client[0] - Room: stanza(client[0], 1) - Asked for message: 1
client[0] - time to live = 0 for message: ask message for missing message 1
client[2] - Room: stanza(client[0], 1) - Message discarded for I'm not a recipient: 
client[2] - time to live = 0 for message: ask message for missing message 1
NOT IMPLEMENTED YET
client[0] - Room: stanza(client[0], 1) - Asked for message: 1
client[0] - time to live = 0 for message: ask message for missing message 1
client[2] - Room: stanza(client[0], 1) - Message discarded for I'm not a recipient: 
client[2] - time to live = 0 for message: ask message for missing message 1
NOT IMPLEMENTED YET
client[0] - Room: stanza(client[0], 1) - Asked for message: 1
client[0] - time to live = 0 for message: ask message for missing message 1
client[2] - Room: stanza(client[0], 1) - Message discarded for I'm not a recipient: 
client[2] - time to live = 0 for message: ask message for missing message 1
NOT IMPLEMENTED YET
client[0] - Room: stanza(client[0], 1) - Asked for message: 1
client[0] - time to live = 0 for message: ask message for missing message 1
client[2] - Room: stanza(client[0], 1) - Message discarded for I'm not a recipient: 
client[2] - time to live = 0 for message: ask message for missing message 1
NOT IMPLEMENTED YET
client[0] - Room: stanza(client[0], 1) - Asked for message: 39
client[0] - time to live = 0 for message: ask message for missing message 39
client[2] - Room: stanza(client[0], 1) - Message discarded for I'm not a recipient: 
client[2] - time to live = 0 for message: ask message for missing message 39
client[2] - Sending message to room stanza(client[2], 1) - msg(15,client[2])
client[1] - stanza(client[2], 1) - Displayed message: msg(15,client[2]) from user client[2]
client[1] - Room: stanza(client[2], 1) - Message received: msg(15,client[2])
client[1] - time to live = 0 for message: message from client[2] to stanza(client[2], 1)
client[3] - Room: stanza(client[2], 1) - Message discarded for I'm not a recipient: 
client[3] - time to live = 0 for message: message from client[2] to stanza(client[2], 1)
client[4] - Sending message to room stanza(client[0], 1) - msg(65,client[4])
client[3] - Room: stanza(client[0], 1) - Message discarded for I'm not a recipient: 
client[3] - time to live = 0 for message: message from client[4] to stanza(client[0], 1)
client[0] - stanza(client[0], 1) - Displayed message: msg(65,client[4]) from user client[4]
client[0] - Room: stanza(client[0], 1) - Message received: msg(65,client[4])
client[0] - time to live = 0 for message: message from client[4] to stanza(client[0], 1)
client[1] - Sending message to room stanza(client[0], 2) - msg(65,client[1])
client[0] - stanza(client[0], 2) - Displayed message: msg(65,client[1]) from user client[1]
client[0] - Room: stanza(client[0], 2) - Message received: msg(65,client[1])
client[0] - time to live = 0 for message: message from client[1] to stanza(client[0], 2)
client[2] - Room: stanza(client[0], 2) - Message discarded for I'm not a recipient: 
client[2] - time to live = 0 for message: message from client[1] to stanza(client[0], 2)
client[4] - Sending message to room stanza(client[0], 1) - msg(66,client[4])
client[3] - Room: stanza(client[0], 1) - Message discarded for I'm not a recipient: 
client[3] - time to live = 0 for message: message from client[4] to stanza(client[0], 1)
client[0] - stanza(client[0], 1) - Displayed message: msg(66,client[4]) from user client[4]
client[0] - Room: stanza(client[0], 1) - Message received: msg(66,client[4])
client[0] - time to live = 0 for message: message from client[4] to stanza(client[0], 1)
client[4] - Sending message to room stanza(client[3], 0) - msg(67,client[4])
client[3] - stanza(client[3], 0) - Displayed message: msg(67,client[4]) from user client[4]
client[3] - Room: stanza(client[3], 0) - Message received: msg(67,client[4])
client[3] - time to live = 0 for message: message from client[4] to stanza(client[3], 0)
client[0] - Room: stanza(client[3], 0) - Message discarded for I'm not a recipient: 
client[0] - time to live = 0 for message: message from client[4] to stanza(client[3], 0)
client[3] - Sending message to room stanza(client[3], 0) - msg(42,client[3])
client[2] - Room: stanza(client[3], 0) - Message discarded for I'm not a recipient: 
client[2] - time to live = 0 for message: message from client[3] to stanza(client[3], 0)
client[4] - stanza(client[3], 0) - Displayed message: msg(42,client[3]) from user client[3]
client[4] - Room: stanza(client[3], 0) - Message received: msg(42,client[3])
client[4] - time to live = 0 for message: message from client[3] to stanza(client[3], 0)
client[1] - Sending message to room stanza(client[2], 0) - msg(66,client[1])
client[0] - Room: stanza(client[2], 0) - Message discarded for I'm not a recipient: 
client[0] - time to live = 0 for message: message from client[1] to stanza(client[2], 0)
client[2] - stanza(client[2], 0) - Displayed message: msg(66,client[1]) from user client[1]
client[2] - Room: stanza(client[2], 0) - Message received: msg(66,client[1])
client[2] - time to live = 0 for message: message from client[1] to stanza(client[2], 0)
client[4] - Sending message to room stanza(client[0], 2) - msg(68,client[4])
client[3] - Room: stanza(client[0], 2) - Message discarded for I'm not a recipient: 
client[3] - time to live = 0 for message: message from client[4] to stanza(client[0], 2)
client[0] - stanza(client[0], 2) - Displayed message: msg(68,client[4]) from user client[4]
client[0] - Room: stanza(client[0], 2) - Message received: msg(68,client[4])
client[0] - time to live = 0 for message: message from client[4] to stanza(client[0], 2)
client[1] - Sending message to room stanza(client[0], 2) - msg(67,client[1])
client[0] - stanza(client[0], 2) - Displayed message: msg(67,client[1]) from user client[1]
client[0] - Room: stanza(client[0], 2) - Message received: msg(67,client[1])
client[0] - time to live = 0 for message: message from client[1] to stanza(client[0], 2)
client[2] - Room: stanza(client[0], 2) - Message discarded for I'm not a recipient: 
client[2] - time to live = 0 for message: message from client[1] to stanza(client[0], 2)
client[4] - Sending message to room stanza(client[4], 0) - msg(69,client[4])
client[3] - Room: stanza(client[4], 0) - Message discarded for I'm not a recipient: 
client[3] - time to live = 0 for message: message from client[4] to stanza(client[4], 0)
client[0] - stanza(client[4], 0) - Displayed message: msg(69,client[4]) from user client[4]
client[0] - Room: stanza(client[4], 0) - Message received: msg(69,client[4])
client[0] - time to live = 0 for message: message from client[4] to stanza(client[4], 0)
client[3] - Sending message to room stanza(client[3], 0) - msg(43,client[3])
client[2] - Room: stanza(client[3], 0) - Message discarded for I'm not a recipient: 
client[2] - time to live = 0 for message: message from client[3] to stanza(client[3], 0)
client[4] - stanza(client[3], 0) - Displayed message: msg(43,client[3]) from user client[3]
client[4] - Room: stanza(client[3], 0) - Message received: msg(43,client[3])
client[4] - time to live = 0 for message: message from client[3] to stanza(client[3], 0)
client[1] - Sending message to room stanza(client[1], 0) - msg(68,client[1])
client[0] - stanza(client[1], 0) - Displayed message: msg(68,client[1]) from user client[1]
client[0] - Room: stanza(client[1], 0) - Message received: msg(68,client[1])
client[0] - time to live = 0 for message: message from client[1] to stanza(client[1], 0)
client[2] - Room: stanza(client[1], 0) - Message discarded for I'm not a recipient: 
client[2] - time to live = 0 for message: message from client[1] to stanza(client[1], 0)
client[0] - Sending message to room stanza(client[0], 1) - msg(71,client[0])
client[4] - Asked for message: 1 - Room: stanza(client[0], 1)
client[4] - Asked for message: 1 - Room: stanza(client[0], 1)
client[4] - Asked for message: 1 - Room: stanza(client[0], 1)
client[4] - Asked for message: 42 - Room: stanza(client[0], 1)
client[4] - Asked for message: 1 - Room: stanza(client[0], 1)
client[4] - time to live = 0 for message: message from client[0] to stanza(client[0], 1)
client[1] - Asked for message: 1 - Room: stanza(client[0], 1)
client[1] - Asked for message: 1 - Room: stanza(client[0], 1)
client[1] - Asked for message: 1 - Room: stanza(client[0], 1)
client[1] - Asked for message: 1 - Room: stanza(client[0], 1)
client[1] - Asked for message: 39 - Room: stanza(client[0], 1)
client[1] - time to live = 0 for message: message from client[0] to stanza(client[0], 1)
client[3] - Room: stanza(client[0], 1) - Message discarded for I'm not a recipient: 
client[3] - time to live = 0 for message: ask message for missing message 1
NOT IMPLEMENTED YET
client[0] - Room: stanza(client[0], 1) - Asked for message: 1
client[0] - time to live = 0 for message: ask message for missing message 1
client[3] - Room: stanza(client[0], 1) - Message discarded for I'm not a recipient: 
client[3] - time to live = 0 for message: ask message for missing message 1
NOT IMPLEMENTED YET
client[0] - Room: stanza(client[0], 1) - Asked for message: 1
client[0] - time to live = 0 for message: ask message for missing message 1
client[3] - Room: stanza(client[0], 1) - Message discarded for I'm not a recipient: 
client[3] - time to live = 0 for message: ask message for missing message 1
NOT IMPLEMENTED YET
client[0] - Room: stanza(client[0], 1) - Asked for message: 1
client[0] - time to live = 0 for message: ask message for missing message 1
client[3] - Room: stanza(client[0], 1) - Message discarded for I'm not a recipient: 
client[3] - time to live = 0 for message: ask message for missing message 42
NOT IMPLEMENTED YET
client[0] - Room: stanza(client[0], 1) - Asked for message: 42
client[0] - time to live = 0 for message: ask message for missing message 42
client[3] - Room: stanza(client[0], 1) - Message discarded for I'm not a recipient: 
client[3] - time to live = 0 for message: ask message for missing message 1
NOT IMPLEMENTED YET
client[0] - Room: stanza(client[0], 1) - Asked for message: 1
client[0] - time to live = 0 for message: ask message for missing message 1
NOT IMPLEMENTED YET
client[0] - Room: stanza(client[0], 1) - Asked for message: 1
client[0] - time to live = 0 for message: ask message for missing message 1
client[2] - Room: stanza(client[0], 1) - Message discarded for I'm not a recipient: 
client[2] - time to live = 0 for message: ask message for missing message 1
NOT IMPLEMENTED YET
client[0] - Room: stanza(client[0], 1) - Asked for message: 1
client[0] - time to live = 0 for message: ask message for missing message 1
client[2] - Room: stanza(client[0], 1) - Message discarded for I'm not a recipient: 
client[2] - time to live = 0 for message: ask message for missing message 1
NOT IMPLEMENTED YET
client[0] - Room: stanza(client[0], 1) - Asked for message: 1
client[0] - time to live = 0 for message: ask message for missing message 1
client[2] - Room: stanza(client[0], 1) - Message discarded for I'm not a recipient: 
client[2] - time to live = 0 for message: ask message for missing message 1
NOT IMPLEMENTED YET
client[0] - Room: stanza(client[0], 1) - Asked for message: 1
client[0] - time to live = 0 for message: ask message for missing message 1
client[2] - Room: stanza(client[0], 1) - Message discarded for I'm not a recipient: 
client[2] - time to live = 0 for message: ask message for missing message 1
NOT IMPLEMENTED YET
client[0] - Room: stanza(client[0], 1) - Asked for message: 39
client[0] - time to live = 0 for message: ask message for missing message 39
client[2] - Room: stanza(client[0], 1) - Message discarded for I'm not a recipient: 
client[2] - time to live = 0 for message: ask message for missing message 39
client[4] - Sent room creation: stanza(client[4], 1) with: client[4],client[1],client[0],client[3]
client[3] - Room created: stanza(client[4], 1)
client[3] - time to live = 0 for message: creation of room stanza(client[4], 1)
client[0] - Room created: stanza(client[4], 1)
client[0] - time to live = 0 for message: creation of room stanza(client[4], 1)
client[2] - Sending message to room stanza(client[2], 0) - msg(16,client[2])
client[1] - stanza(client[2], 0) - Displayed message: msg(16,client[2]) from user client[2]
client[1] - Room: stanza(client[2], 0) - Message received: msg(16,client[2])
client[1] - time to live = 0 for message: message from client[2] to stanza(client[2], 0)
client[3] - Room: stanza(client[2], 0) - Message discarded for I'm not a recipient: 
client[3] - time to live = 0 for message: message from client[2] to stanza(client[2], 0)
client[0] - Sending message to room stanza(client[1], 0) - msg(72,client[0])
client[4] - Room: stanza(client[1], 0) - Message discarded for I'm not a recipient: 
client[4] - time to live = 0 for message: message from client[0] to stanza(client[1], 0)
client[1] - stanza(client[1], 0) - Displayed message: msg(72,client[0]) from user client[0]
client[1] - Room: stanza(client[1], 0) - Message received: msg(72,client[0])
client[1] - time to live = 0 for message: message from client[0] to stanza(client[1], 0)
client[4] - Sending message to room stanza(client[0], 1) - msg(70,client[4])
client[3] - Room: stanza(client[0], 1) - Message discarded for I'm not a recipient: 
client[3] - time to live = 0 for message: message from client[4] to stanza(client[0], 1)
client[0] - stanza(client[0], 1) - Displayed message: msg(70,client[4]) from user client[4]
client[0] - Room: stanza(client[0], 1) - Message received: msg(70,client[4])
client[0] - time to live = 0 for message: message from client[4] to stanza(client[0], 1)
client[3] - Sent room creation: stanza(client[3], 1) with: client[3],client[0],client[2],client[1],client[4]
client[2] - Room created: stanza(client[3], 1)
client[2] - time to live = 0 for message: creation of room stanza(client[3], 1)
client[4] - Room created: stanza(client[3], 1)
client[4] - time to live = 0 for message: creation of room stanza(client[3], 1)
client[2] - Sending message to room stanza(client[3], 1) - msg(17,client[2])
client[1] - Room: stanza(client[3], 1) - Message discarded for I'm not a recipient: 
client[1] - time to live = 0 for message: message from client[2] to stanza(client[3], 1)
client[3] - stanza(client[3], 1) - Displayed message: msg(17,client[2]) from user client[2]
client[3] - Room: stanza(client[3], 1) - Message received: msg(17,client[2])
client[3] - time to live = 0 for message: message from client[2] to stanza(client[3], 1)
client[1] - Sending message to room stanza(client[0], 1) - msg(69,client[1])
client[0] - stanza(client[0], 1) - Displayed message: msg(69,client[1]) from user client[1]
client[0] - Room: stanza(client[0], 1) - Message received: msg(69,client[1])
client[0] - time to live = 0 for message: message from client[1] to stanza(client[0], 1)
client[2] - Room: stanza(client[0], 1) - Message discarded for I'm not a recipient: 
client[2] - time to live = 0 for message: message from client[1] to stanza(client[0], 1)
client[0] - Sending message to room stanza(client[4], 0) - msg(73,client[0])
client[4] - stanza(client[4], 0) - Displayed message: msg(73,client[0]) from user client[0]
client[4] - Room: stanza(client[4], 0) - Message received: msg(73,client[0])
client[4] - time to live = 0 for message: message from client[0] to stanza(client[4], 0)
client[1] - Room: stanza(client[4], 0) - Message discarded for I'm not a recipient: 
client[1] - time to live = 0 for message: message from client[0] to stanza(client[4], 0)
client[4] - Sending message to room stanza(client[4], 1) - msg(71,client[4])
client[3] - stanza(client[4], 1) - Displayed message: msg(71,client[4]) from user client[4]
client[3] - Room: stanza(client[4], 1) - Message received: msg(71,client[4])
client[3] - time to live = 0 for message: message from client[4] to stanza(client[4], 1)
client[0] - stanza(client[4], 1) - Displayed message: msg(71,client[4]) from user client[4]
client[0] - Room: stanza(client[4], 1) - Message received: msg(71,client[4])
client[0] - time to live = 0 for message: message from client[4] to stanza(client[4], 1)
client[1] - Sending message to room stanza(client[2], 0) - msg(70,client[1])
client[0] - Room: stanza(client[2], 0) - Message discarded for I'm not a recipient: 
client[0] - time to live = 0 for message: message from client[1] to stanza(client[2], 0)
client[2] - stanza(client[2], 0) - Displayed message: msg(70,client[1]) from user client[1]
client[2] - Room: stanza(client[2], 0) - Message received: msg(70,client[1])
client[2] - time to live = 0 for message: message from client[1] to stanza(client[2], 0)
client[2] - Sending message to room stanza(client[3], 1) - msg(18,client[2])
client[1] - Room: stanza(client[3], 1) - Message discarded for I'm not a recipient: 
client[1] - time to live = 0 for message: message from client[2] to stanza(client[3], 1)
client[3] - stanza(client[3], 1) - Displayed message: msg(18,client[2]) from user client[2]
client[3] - Room: stanza(client[3], 1) - Message received: msg(18,client[2])
client[3] - time to live = 0 for message: message from client[2] to stanza(client[3], 1)
client[4] - Sending message to room stanza(client[0], 2) - msg(72,client[4])
client[3] - Room: stanza(client[0], 2) - Message discarded for I'm not a recipient: 
client[3] - time to live = 0 for message: message from client[4] to stanza(client[0], 2)
client[0] - stanza(client[0], 2) - Displayed message: msg(72,client[4]) from user client[4]
client[0] - Room: stanza(client[0], 2) - Message received: msg(72,client[4])
client[0] - time to live = 0 for message: message from client[4] to stanza(client[0], 2)
client[1] - Sending message to room stanza(client[0], 1) - msg(71,client[1])
client[0] - stanza(client[0], 1) - Displayed message: msg(71,client[1]) from user client[1]
client[0] - Room: stanza(client[0], 1) - Message received: msg(71,client[1])
client[0] - time to live = 0 for message: message from client[1] to stanza(client[0], 1)
client[2] - Room: stanza(client[0], 1) - Message discarded for I'm not a recipient: 
client[2] - time to live = 0 for message: message from client[1] to stanza(client[0], 1)
client[4] - Sending message to room stanza(client[0], 1) - msg(73,client[4])
client[3] - Room: stanza(client[0], 1) - Message discarded for I'm not a recipient: 
client[3] - time to live = 0 for message: message from client[4] to stanza(client[0], 1)
client[0] - stanza(client[0], 1) - Displayed message: msg(73,client[4]) from user client[4]
client[0] - Room: stanza(client[0], 1) - Message received: msg(73,client[4])
client[0] - time to live = 0 for message: message from client[4] to stanza(client[0], 1)
client[0] - Sending message to room stanza(client[4], 1) - msg(74,client[0])
client[4] - stanza(client[4], 1) - Displayed message: msg(74,client[0]) from user client[0]
client[4] - Room: stanza(client[4], 1) - Message received: msg(74,client[0])
client[4] - time to live = 0 for message: message from client[0] to stanza(client[4], 1)
client[1] - Room: stanza(client[4], 1) - Message discarded for I'm not a recipient: 
client[1] - time to live = 0 for message: message from client[0] to stanza(client[4], 1)
client[1] - Sending message to room stanza(client[0], 2) - msg(72,client[1])
client[0] - stanza(client[0], 2) - Displayed message: msg(72,client[1]) from user client[1]
client[0] - Room: stanza(client[0], 2) - Message received: msg(72,client[1])
client[0] - time to live = 0 for message: message from client[1] to stanza(client[0], 2)
client[2] - Room: stanza(client[0], 2) - Message discarded for I'm not a recipient: 
client[2] - time to live = 0 for message: message from client[1] to stanza(client[0], 2)
client[2] - Sending message to room stanza(client[3], 1) - msg(19,client[2])
client[1] - Room: stanza(client[3], 1) - Message discarded for I'm not a recipient: 
client[1] - time to live = 0 for message: message from client[2] to stanza(client[3], 1)
client[3] - stanza(client[3], 1) - Displayed message: msg(19,client[2]) from user client[2]
client[3] - Room: stanza(client[3], 1) - Message received: msg(19,client[2])
client[3] - time to live = 0 for message: message from client[2] to stanza(client[3], 1)
client[4] - Sending message to room stanza(client[0], 1) - msg(74,client[4])
client[3] - Room: stanza(client[0], 1) - Message discarded for I'm not a recipient: 
client[3] - time to live = 0 for message: message from client[4] to stanza(client[0], 1)
client[0] - stanza(client[0], 1) - Displayed message: msg(74,client[4]) from user client[4]
client[0] - Room: stanza(client[0], 1) - Message received: msg(74,client[4])
client[0] - time to live = 0 for message: message from client[4] to stanza(client[0], 1)
client[2] - Sending message to room stanza(client[3], 1) - msg(20,client[2])
client[1] - Room: stanza(client[3], 1) - Message discarded for I'm not a recipient: 
client[1] - time to live = 0 for message: message from client[2] to stanza(client[3], 1)
client[3] - stanza(client[3], 1) - Displayed message: msg(20,client[2]) from user client[2]
client[3] - Room: stanza(client[3], 1) - Message received: msg(20,client[2])
client[3] - time to live = 0 for message: message from client[2] to stanza(client[3], 1)
client[3] - Sending message to room stanza(client[3], 1) - msg(44,client[3])
client[2] - stanza(client[3], 1) - Displayed message: msg(44,client[3]) from user client[3]
client[2] - Room: stanza(client[3], 1) - Message received: msg(44,client[3])
client[2] - time to live = 0 for message: message from client[3] to stanza(client[3], 1)
client[4] - Room: stanza(client[3], 1) - Message received: msg(44,client[3])
client[4] - time to live = 0 for message: message from client[3] to stanza(client[3], 1)
client[2] - Sent room creation: stanza(client[2], 2) with: client[2],client[3],client[4]
client[1] - Room: stanza(client[2], 2) - Message discarded for I'm not a recipient: 
client[1] - time to live = 0 for message: creation of room stanza(client[2], 2)
client[3] - Room created: stanza(client[2], 2)
client[3] - time to live = 0 for message: creation of room stanza(client[2], 2)
client[1] - Sending message to room stanza(client[0], 1) - msg(73,client[1])
client[0] - stanza(client[0], 1) - Displayed message: msg(73,client[1]) from user client[1]
client[0] - Room: stanza(client[0], 1) - Message received: msg(73,client[1])
client[0] - time to live = 0 for message: message from client[1] to stanza(client[0], 1)
client[2] - Room: stanza(client[0], 1) - Message discarded for I'm not a recipient: 
client[2] - time to live = 0 for message: message from client[1] to stanza(client[0], 1)
client[3] - Sending message to room stanza(client[3], 1) - msg(45,client[3])
client[2] - stanza(client[3], 1) - Displayed message: msg(45,client[3]) from user client[3]
client[2] - Room: stanza(client[3], 1) - Message received: msg(45,client[3])
client[2] - time to live = 0 for message: message from client[3] to stanza(client[3], 1)
client[4] - Room: stanza(client[3], 1) - Message received: msg(45,client[3])
client[4] - time to live = 0 for message: message from client[3] to stanza(client[3], 1)
client[3] - Sending message to room stanza(client[3], 0) - msg(46,client[3])
client[2] - Room: stanza(client[3], 0) - Message discarded for I'm not a recipient: 
client[2] - time to live = 0 for message: message from client[3] to stanza(client[3], 0)
client[4] - stanza(client[3], 0) - Displayed message: msg(46,client[3]) from user client[3]
client[4] - Room: stanza(client[3], 0) - Message received: msg(46,client[3])
client[4] - time to live = 0 for message: message from client[3] to stanza(client[3], 0)
client[2] - Sending message to room stanza(client[2], 2) - msg(21,client[2])
client[1] - Room: stanza(client[2], 2) - Message discarded for I'm not a recipient: 
client[1] - time to live = 0 for message: message from client[2] to stanza(client[2], 2)
client[3] - stanza(client[2], 2) - Displayed message: msg(21,client[2]) from user client[2]
client[3] - Room: stanza(client[2], 2) - Message received: msg(21,client[2])
client[3] - time to live = 0 for message: message from client[2] to stanza(client[2], 2)
client[1] - Sending message to room stanza(client[1], 0) - msg(74,client[1])
client[0] - stanza(client[1], 0) - Displayed message: msg(74,client[1]) from user client[1]
client[0] - Room: stanza(client[1], 0) - Message received: msg(74,client[1])
client[0] - time to live = 0 for message: message from client[1] to stanza(client[1], 0)
client[2] - Room: stanza(client[1], 0) - Message discarded for I'm not a recipient: 
client[2] - time to live = 0 for message: message from client[1] to stanza(client[1], 0)
client[3] - Sending message to room stanza(client[2], 2) - msg(47,client[3])
client[2] - stanza(client[2], 2) - Displayed message: msg(47,client[3]) from user client[3]
client[2] - Room: stanza(client[2], 2) - Message received: msg(47,client[3])
client[2] - time to live = 0 for message: message from client[3] to stanza(client[2], 2)
client[4] - Room: stanza(client[2], 2) - Message discarded for I'm not a recipient: 
client[4] - time to live = 0 for message: message from client[3] to stanza(client[2], 2)
client[2] - Sending message to room stanza(client[2], 2) - msg(22,client[2])
client[1] - Room: stanza(client[2], 2) - Message discarded for I'm not a recipient: 
client[1] - time to live = 0 for message: message from client[2] to stanza(client[2], 2)
client[3] - stanza(client[2], 2) - Displayed message: msg(22,client[2]) from user client[2]
client[3] - Room: stanza(client[2], 2) - Message received: msg(22,client[2])
client[3] - time to live = 0 for message: message from client[2] to stanza(client[2], 2)
client[1] - Sending message to room stanza(client[0], 2) - msg(75,client[1])
client[0] - stanza(client[0], 2) - Displayed message: msg(75,client[1]) from user client[1]
client[0] - Room: stanza(client[0], 2) - Message received: msg(75,client[1])
client[0] - time to live = 0 for message: message from client[1] to stanza(client[0], 2)
client[2] - Room: stanza(client[0], 2) - Message discarded for I'm not a recipient: 
client[2] - time to live = 0 for message: message from client[1] to stanza(client[0], 2)
client[3] - Sending message to room stanza(client[3], 0) - msg(48,client[3])
client[2] - Room: stanza(client[3], 0) - Message discarded for I'm not a recipient: 
client[2] - time to live = 0 for message: message from client[3] to stanza(client[3], 0)
client[4] - stanza(client[3], 0) - Displayed message: msg(48,client[3]) from user client[3]
client[4] - Room: stanza(client[3], 0) - Message received: msg(48,client[3])
client[4] - time to live = 0 for message: message from client[3] to stanza(client[3], 0)
client[2] - Sending message to room stanza(client[3], 1) - msg(23,client[2])
client[1] - Room: stanza(client[3], 1) - Message discarded for I'm not a recipient: 
client[1] - time to live = 0 for message: message from client[2] to stanza(client[3], 1)
client[3] - stanza(client[3], 1) - Displayed message: msg(23,client[2]) from user client[2]
client[3] - Room: stanza(client[3], 1) - Message received: msg(23,client[2])
client[3] - time to live = 0 for message: message from client[2] to stanza(client[3], 1)
client[4] - Sending message to room stanza(client[3], 1) - msg(75,client[4])
client[3] - stanza(client[3], 1) - Displayed message: msg(75,client[4]) from user client[4]
client[3] - Room: stanza(client[3], 1) - Message received: msg(75,client[4])
client[3] - time to live = 0 for message: message from client[4] to stanza(client[3], 1)
client[0] - Room: stanza(client[3], 1) - Message discarded for I'm not a recipient: 
client[0] - time to live = 0 for message: message from client[4] to stanza(client[3], 1)
client[2] - Sending message to room stanza(client[2], 0) - msg(24,client[2])
client[1] - stanza(client[2], 0) - Displayed message: msg(24,client[2]) from user client[2]
client[1] - Room: stanza(client[2], 0) - Message received: msg(24,client[2])
client[1] - time to live = 0 for message: message from client[2] to stanza(client[2], 0)
client[3] - Room: stanza(client[2], 0) - Message discarded for I'm not a recipient: 
client[3] - time to live = 0 for message: message from client[2] to stanza(client[2], 0)
client[3] - Sending message to room stanza(client[2], 2) - msg(49,client[3])
client[2] - stanza(client[2], 2) - Displayed message: msg(49,client[3]) from user client[3]
client[2] - Room: stanza(client[2], 2) - Message received: msg(49,client[3])
client[2] - time to live = 0 for message: message from client[3] to stanza(client[2], 2)
client[4] - Room: stanza(client[2], 2) - Message discarded for I'm not a recipient: 
client[4] - time to live = 0 for message: message from client[3] to stanza(client[2], 2)
client[2] - Sending message to room stanza(client[2], 2) - msg(25,client[2])
client[1] - Room: stanza(client[2], 2) - Message discarded for I'm not a recipient: 
client[1] - time to live = 0 for message: message from client[2] to stanza(client[2], 2)
client[3] - stanza(client[2], 2) - Displayed message: msg(25,client[2]) from user client[2]
client[3] - Room: stanza(client[2], 2) - Message received: msg(25,client[2])
client[3] - time to live = 0 for message: message from client[2] to stanza(client[2], 2)
client[1] - Sending message to room stanza(client[2], 1) - msg(76,client[1])
client[0] - Room: stanza(client[2], 1) - Message discarded for I'm not a recipient: 
client[0] - time to live = 0 for message: message from client[1] to stanza(client[2], 1)
client[2] - stanza(client[2], 1) - Displayed message: msg(76,client[1]) from user client[1]
client[2] - Room: stanza(client[2], 1) - Message received: msg(76,client[1])
client[2] - time to live = 0 for message: message from client[1] to stanza(client[2], 1)
client[4] - Sending message to room stanza(client[4], 0) - msg(76,client[4])
client[3] - Room: stanza(client[4], 0) - Message discarded for I'm not a recipient: 
client[3] - time to live = 0 for message: message from client[4] to stanza(client[4], 0)
client[0] - stanza(client[4], 0) - Displayed message: msg(76,client[4]) from user client[4]
client[0] - Room: stanza(client[4], 0) - Message received: msg(76,client[4])
client[0] - time to live = 0 for message: message from client[4] to stanza(client[4], 0)
client[3] - Sending message to room stanza(client[4], 1) - msg(50,client[3])
client[2] - Room: stanza(client[4], 1) - Message discarded for I'm not a recipient: 
client[2] - time to live = 0 for message: message from client[3] to stanza(client[4], 1)
client[4] - stanza(client[4], 1) - Displayed message: msg(50,client[3]) from user client[3]
client[4] - Room: stanza(client[4], 1) - Message received: msg(50,client[3])
client[4] - time to live = 0 for message: message from client[3] to stanza(client[4], 1)
client[4] - Sending message to room stanza(client[3], 0) - msg(77,client[4])
client[3] - stanza(client[3], 0) - Displayed message: msg(77,client[4]) from user client[4]
client[3] - Room: stanza(client[3], 0) - Message received: msg(77,client[4])
client[3] - time to live = 0 for message: message from client[4] to stanza(client[3], 0)
client[0] - Room: stanza(client[3], 0) - Message discarded for I'm not a recipient: 
client[0] - time to live = 0 for message: message from client[4] to stanza(client[3], 0)
client[2] - Sending message to room stanza(client[2], 0) - msg(26,client[2])
client[1] - stanza(client[2], 0) - Displayed message: msg(26,client[2]) from user client[2]
client[1] - Room: stanza(client[2], 0) - Message received: msg(26,client[2])
client[1] - time to live = 0 for message: message from client[2] to stanza(client[2], 0)
client[3] - Room: stanza(client[2], 0) - Message discarded for I'm not a recipient: 
client[3] - time to live = 0 for message: message from client[2] to stanza(client[2], 0)
client[0] - Sending message to room stanza(client[0], 1) - msg(75,client[0])
client[4] - Asked for message: 1 - Room: stanza(client[0], 1)
client[4] - Asked for message: 1 - Room: stanza(client[0], 1)
client[4] - Asked for message: 1 - Room: stanza(client[0], 1)
client[4] - Asked for message: 45 - Room: stanza(client[0], 1)
client[4] - Asked for message: 1 - Room: stanza(client[0], 1)
client[4] - time to live = 0 for message: message from client[0] to stanza(client[0], 1)
client[1] - Asked for message: 1 - Room: stanza(client[0], 1)
client[1] - Asked for message: 1 - Room: stanza(client[0], 1)
client[1] - Asked for message: 1 - Room: stanza(client[0], 1)
client[1] - Asked for message: 1 - Room: stanza(client[0], 1)
client[1] - Asked for message: 42 - Room: stanza(client[0], 1)
client[1] - time to live = 0 for message: message from client[0] to stanza(client[0], 1)
client[3] - Room: stanza(client[0], 1) - Message discarded for I'm not a recipient: 
client[3] - time to live = 0 for message: ask message for missing message 1
NOT IMPLEMENTED YET
client[0] - Room: stanza(client[0], 1) - Asked for message: 1
client[0] - time to live = 0 for message: ask message for missing message 1
client[3] - Room: stanza(client[0], 1) - Message discarded for I'm not a recipient: 
client[3] - time to live = 0 for message: ask message for missing message 1
NOT IMPLEMENTED YET
client[0] - Room: stanza(client[0], 1) - Asked for message: 1
client[0] - time to live = 0 for message: ask message for missing message 1
client[3] - Room: stanza(client[0], 1) - Message discarded for I'm not a recipient: 
client[3] - time to live = 0 for message: ask message for missing message 1
NOT IMPLEMENTED YET
client[0] - Room: stanza(client[0], 1) - Asked for message: 1
client[0] - time to live = 0 for message: ask message for missing message 1
client[3] - Room: stanza(client[0], 1) - Message discarded for I'm not a recipient: 
client[3] - time to live = 0 for message: ask message for missing message 45
NOT IMPLEMENTED YET
client[0] - Room: stanza(client[0], 1) - Asked for message: 45
client[0] - time to live = 0 for message: ask message for missing message 45
client[3] - Room: stanza(client[0], 1) - Message discarded for I'm not a recipient: 
client[3] - time to live = 0 for message: ask message for missing message 1
NOT IMPLEMENTED YET
client[0] - Room: stanza(client[0], 1) - Asked for message: 1
client[0] - time to live = 0 for message: ask message for missing message 1
NOT IMPLEMENTED YET
client[0] - Room: stanza(client[0], 1) - Asked for message: 1
client[0] - time to live = 0 for message: ask message for missing message 1
client[2] - Room: stanza(client[0], 1) - Message discarded for I'm not a recipient: 
client[2] - time to live = 0 for message: ask message for missing message 1
NOT IMPLEMENTED YET
client[0] - Room: stanza(client[0], 1) - Asked for message: 1
client[0] - time to live = 0 for message: ask message for missing message 1
client[2] - Room: stanza(client[0], 1) - Message discarded for I'm not a recipient: 
client[2] - time to live = 0 for message: ask message for missing message 1
NOT IMPLEMENTED YET
client[0] - Room: stanza(client[0], 1) - Asked for message: 1
client[0] - time to live = 0 for message: ask message for missing message 1
client[2] - Room: stanza(client[0], 1) - Message discarded for I'm not a recipient: 
client[2] - time to live = 0 for message: ask message for missing message 1
NOT IMPLEMENTED YET
client[0] - Room: stanza(client[0], 1) - Asked for message: 1
client[0] - time to live = 0 for message: ask message for missing message 1
client[2] - Room: stanza(client[0], 1) - Message discarded for I'm not a recipient: 
client[2] - time to live = 0 for message: ask message for missing message 1
NOT IMPLEMENTED YET
client[0] - Room: stanza(client[0], 1) - Asked for message: 42
client[0] - time to live = 0 for message: ask message for missing message 42
client[2] - Room: stanza(client[0], 1) - Message discarded for I'm not a recipient: 
client[2] - time to live = 0 for message: ask message for missing message 42
client[4] - Sending message to room stanza(client[4], 0) - msg(78,client[4])
client[3] - Room: stanza(client[4], 0) - Message discarded for I'm not a recipient: 
client[3] - time to live = 0 for message: message from client[4] to stanza(client[4], 0)
client[0] - stanza(client[4], 0) - Displayed message: msg(78,client[4]) from user client[4]
client[0] - Room: stanza(client[4], 0) - Message received: msg(78,client[4])
client[0] - time to live = 0 for message: message from client[4] to stanza(client[4], 0)
client[3] - Sending message to room stanza(client[3], 1) - msg(51,client[3])
client[2] - Room: stanza(client[3], 1) - Message received: msg(51,client[3])
client[2] - time to live = 0 for message: message from client[3] to stanza(client[3], 1)
client[4] - Room: stanza(client[3], 1) - Message received: msg(51,client[3])
client[4] - time to live = 0 for message: message from client[3] to stanza(client[3], 1)
client[2] - Sending message to room stanza(client[2], 0) - msg(27,client[2])
client[1] - stanza(client[2], 0) - Displayed message: msg(27,client[2]) from user client[2]
client[1] - Room: stanza(client[2], 0) - Message received: msg(27,client[2])
client[1] - time to live = 0 for message: message from client[2] to stanza(client[2], 0)
client[3] - Room: stanza(client[2], 0) - Message discarded for I'm not a recipient: 
client[3] - time to live = 0 for message: message from client[2] to stanza(client[2], 0)
client[1] - Sending message to room stanza(client[0], 2) - msg(77,client[1])
client[0] - stanza(client[0], 2) - Displayed message: msg(77,client[1]) from user client[1]
client[0] - Room: stanza(client[0], 2) - Message received: msg(77,client[1])
client[0] - time to live = 0 for message: message from client[1] to stanza(client[0], 2)
client[2] - Room: stanza(client[0], 2) - Message discarded for I'm not a recipient: 
client[2] - time to live = 0 for message: message from client[1] to stanza(client[0], 2)
client[0] - Sending message to room stanza(client[1], 0) - msg(76,client[0])
client[4] - Room: stanza(client[1], 0) - Message discarded for I'm not a recipient: 
client[4] - time to live = 0 for message: message from client[0] to stanza(client[1], 0)
client[1] - stanza(client[1], 0) - Displayed message: msg(76,client[0]) from user client[0]
client[1] - Room: stanza(client[1], 0) - Message received: msg(76,client[0])
client[1] - time to live = 0 for message: message from client[0] to stanza(client[1], 0)
client[3] - Sending message to room stanza(client[2], 2) - msg(52,client[3])
client[2] - stanza(client[2], 2) - Displayed message: msg(52,client[3]) from user client[3]
client[2] - Room: stanza(client[2], 2) - Message received: msg(52,client[3])
client[2] - time to live = 0 for message: message from client[3] to stanza(client[2], 2)
client[4] - Room: stanza(client[2], 2) - Message discarded for I'm not a recipient: 
client[4] - time to live = 0 for message: message from client[3] to stanza(client[2], 2)
client[4] - Sending message to room stanza(client[3], 1) - msg(79,client[4])
client[3] - stanza(client[3], 1) - Displayed message: msg(79,client[4]) from user client[4]
client[3] - Room: stanza(client[3], 1) - Message received: msg(79,client[4])
client[3] - time to live = 0 for message: message from client[4] to stanza(client[3], 1)
client[0] - Room: stanza(client[3], 1) - Message discarded for I'm not a recipient: 
client[0] - time to live = 0 for message: message from client[4] to stanza(client[3], 1)
client[1] - Sending message to room stanza(client[2], 0) - msg(78,client[1])
client[0] - Room: stanza(client[2], 0) - Message discarded for I'm not a recipient: 
client[0] - time to live = 0 for message: message from client[1] to stanza(client[2], 0)
client[2] - stanza(client[2], 0) - Displayed message: msg(78,client[1]) from user client[1]
client[2] - Room: stanza(client[2], 0) - Message received: msg(78,client[1])
client[2] - time to live = 0 for message: message from client[1] to stanza(client[2], 0)
client[2] - Sending message to room stanza(client[2], 2) - msg(28,client[2])
client[1] - Room: stanza(client[2], 2) - Message discarded for I'm not a recipient: 
client[1] - time to live = 0 for message: message from client[2] to stanza(client[2], 2)
client[3] - stanza(client[2], 2) - Displayed message: msg(28,client[2]) from user client[2]
client[3] - Room: stanza(client[2], 2) - Message received: msg(28,client[2])
client[3] - time to live = 0 for message: message from client[2] to stanza(client[2], 2)
client[3] - Sending message to room stanza(client[4], 1) - msg(53,client[3])
client[2] - Room: stanza(client[4], 1) - Message discarded for I'm not a recipient: 
client[2] - time to live = 0 for message: message from client[3] to stanza(client[4], 1)
client[4] - stanza(client[4], 1) - Displayed message: msg(53,client[3]) from user client[3]
client[4] - Room: stanza(client[4], 1) - Message received: msg(53,client[3])
client[4] - time to live = 0 for message: message from client[3] to stanza(client[4], 1)
client[3] - Sending message to room stanza(client[4], 1) - msg(54,client[3])
client[2] - Room: stanza(client[4], 1) - Message discarded for I'm not a recipient: 
client[2] - time to live = 0 for message: message from client[3] to stanza(client[4], 1)
client[4] - stanza(client[4], 1) - Displayed message: msg(54,client[3]) from user client[3]
client[4] - Room: stanza(client[4], 1) - Message received: msg(54,client[3])
client[4] - time to live = 0 for message: message from client[3] to stanza(client[4], 1)
client[1] - Sending message to room stanza(client[0], 1) - msg(79,client[1])
client[0] - stanza(client[0], 1) - Displayed message: msg(79,client[1]) from user client[1]
client[0] - Room: stanza(client[0], 1) - Message received: msg(79,client[1])
client[0] - time to live = 0 for message: message from client[1] to stanza(client[0], 1)
client[2] - Room: stanza(client[0], 1) - Message discarded for I'm not a recipient: 
client[2] - time to live = 0 for message: message from client[1] to stanza(client[0], 1)
client[1] - Sending message to room stanza(client[0], 1) - msg(80,client[1])
client[0] - stanza(client[0], 1) - Displayed message: msg(80,client[1]) from user client[1]
client[0] - Room: stanza(client[0], 1) - Message received: msg(80,client[1])
client[0] - time to live = 0 for message: message from client[1] to stanza(client[0], 1)
client[2] - Room: stanza(client[0], 1) - Message discarded for I'm not a recipient: 
client[2] - time to live = 0 for message: message from client[1] to stanza(client[0], 1)
client[3] - Sending message to room stanza(client[3], 0) - msg(55,client[3])
client[2] - Room: stanza(client[3], 0) - Message discarded for I'm not a recipient: 
client[2] - time to live = 0 for message: message from client[3] to stanza(client[3], 0)
client[4] - stanza(client[3], 0) - Displayed message: msg(55,client[3]) from user client[3]
client[4] - Room: stanza(client[3], 0) - Message received: msg(55,client[3])
client[4] - time to live = 0 for message: message from client[3] to stanza(client[3], 0)
client[4] - Sending message to room stanza(client[4], 0) - msg(80,client[4])
client[3] - Room: stanza(client[4], 0) - Message discarded for I'm not a recipient: 
client[3] - time to live = 0 for message: message from client[4] to stanza(client[4], 0)
client[0] - stanza(client[4], 0) - Displayed message: msg(80,client[4]) from user client[4]
client[0] - Room: stanza(client[4], 0) - Message received: msg(80,client[4])
client[0] - time to live = 0 for message: message from client[4] to stanza(client[4], 0)
client[0] - Sending message to room stanza(client[4], 0) - msg(77,client[0])
client[4] - stanza(client[4], 0) - Displayed message: msg(77,client[0]) from user client[0]
client[4] - Room: stanza(client[4], 0) - Message received: msg(77,client[0])
client[4] - time to live = 0 for message: message from client[0] to stanza(client[4], 0)
client[1] - Room: stanza(client[4], 0) - Message discarded for I'm not a recipient: 
client[1] - time to live = 0 for message: message from client[0] to stanza(client[4], 0)
client[4] - Sending message to room stanza(client[4], 0) - msg(81,client[4])
client[3] - Room: stanza(client[4], 0) - Message discarded for I'm not a recipient: 
client[3] - time to live = 0 for message: message from client[4] to stanza(client[4], 0)
client[0] - stanza(client[4], 0) - Displayed message: msg(81,client[4]) from user client[4]
client[0] - Room: stanza(client[4], 0) - Message received: msg(81,client[4])
client[0] - time to live = 0 for message: message from client[4] to stanza(client[4], 0)
client[2] - Sending message to room stanza(client[2], 2) - msg(29,client[2])
client[1] - Room: stanza(client[2], 2) - Message discarded for I'm not a recipient: 
client[1] - time to live = 0 for message: message from client[2] to stanza(client[2], 2)
client[3] - stanza(client[2], 2) - Displayed message: msg(29,client[2]) from user client[2]
client[3] - Room: stanza(client[2], 2) - Message received: msg(29,client[2])
client[3] - time to live = 0 for message: message from client[2] to stanza(client[2], 2)
client[4] - Sending message to room stanza(client[0], 2) - msg(82,client[4])
client[3] - Room: stanza(client[0], 2) - Message discarded for I'm not a recipient: 
client[3] - time to live = 0 for message: message from client[4] to stanza(client[0], 2)
client[0] - stanza(client[0], 2) - Displayed message: msg(82,client[4]) from user client[4]
client[0] - Room: stanza(client[0], 2) - Message received: msg(82,client[4])
client[0] - time to live = 0 for message: message from client[4] to stanza(client[0], 2)
client[1] - Sending message to room stanza(client[2], 0) - msg(81,client[1])
client[0] - Room: stanza(client[2], 0) - Message discarded for I'm not a recipient: 
client[0] - time to live = 0 for message: message from client[1] to stanza(client[2], 0)
client[2] - stanza(client[2], 0) - Displayed message: msg(81,client[1]) from user client[1]
client[2] - Room: stanza(client[2], 0) - Message received: msg(81,client[1])
client[2] - time to live = 0 for message: message from client[1] to stanza(client[2], 0)
client[2] - Sending message to room stanza(client[2], 2) - msg(30,client[2])
client[1] - Room: stanza(client[2], 2) - Message discarded for I'm not a recipient: 
client[1] - time to live = 0 for message: message from client[2] to stanza(client[2], 2)
client[3] - stanza(client[2], 2) - Displayed message: msg(30,client[2]) from user client[2]
client[3] - Room: stanza(client[2], 2) - Message received: msg(30,client[2])
client[3] - time to live = 0 for message: message from client[2] to stanza(client[2], 2)
client[4] - Sending message to room stanza(client[3], 1) - msg(83,client[4])
client[3] - stanza(client[3], 1) - Displayed message: msg(83,client[4]) from user client[4]
client[3] - Room: stanza(client[3], 1) - Message received: msg(83,client[4])
client[3] - time to live = 0 for message: message from client[4] to stanza(client[3], 1)
client[0] - Room: stanza(client[3], 1) - Message discarded for I'm not a recipient: 
client[0] - time to live = 0 for message: message from client[4] to stanza(client[3], 1)
client[0] - Sending message to room stanza(client[0], 0) - msg(78,client[0])
client[4] - Room: stanza(client[0], 0) - Message discarded for I'm not a recipient: 
client[4] - time to live = 0 for message: message from client[0] to stanza(client[0], 0)
client[1] - Room: stanza(client[0], 0) - Message discarded for I'm not a recipient: 
client[1] - time to live = 0 for message: message from client[0] to stanza(client[0], 0)
client[2] - Sending message to room stanza(client[2], 0) - msg(31,client[2])
client[1] - stanza(client[2], 0) - Displayed message: msg(31,client[2]) from user client[2]
client[1] - Room: stanza(client[2], 0) - Message received: msg(31,client[2])
client[1] - time to live = 0 for message: message from client[2] to stanza(client[2], 0)
client[3] - Room: stanza(client[2], 0) - Message discarded for I'm not a recipient: 
client[3] - time to live = 0 for message: message from client[2] to stanza(client[2], 0)
client[3] - Sending message to room stanza(client[2], 2) - msg(56,client[3])
client[2] - stanza(client[2], 2) - Displayed message: msg(56,client[3]) from user client[3]
client[2] - Room: stanza(client[2], 2) - Message received: msg(56,client[3])
client[2] - time to live = 0 for message: message from client[3] to stanza(client[2], 2)
client[4] - Room: stanza(client[2], 2) - Message discarded for I'm not a recipient: 
client[4] - time to live = 0 for message: message from client[3] to stanza(client[2], 2)
client[0] - Sending message to room stanza(client[4], 0) - msg(79,client[0])
client[4] - stanza(client[4], 0) - Displayed message: msg(79,client[0]) from user client[0]
client[4] - Room: stanza(client[4], 0) - Message received: msg(79,client[0])
client[4] - time to live = 0 for message: message from client[0] to stanza(client[4], 0)
client[1] - Room: stanza(client[4], 0) - Message discarded for I'm not a recipient: 
client[1] - time to live = 0 for message: message from client[0] to stanza(client[4], 0)
client[3] - Sending message to room stanza(client[3], 1) - msg(57,client[3])
client[2] - Room: stanza(client[3], 1) - Message received: msg(57,client[3])
client[2] - time to live = 0 for message: message from client[3] to stanza(client[3], 1)
client[4] - Room: stanza(client[3], 1) - Message received: msg(57,client[3])
client[4] - time to live = 0 for message: message from client[3] to stanza(client[3], 1)
client[1] - Sending message to room stanza(client[1], 0) - msg(82,client[1])
client[0] - stanza(client[1], 0) - Displayed message: msg(82,client[1]) from user client[1]
client[0] - Room: stanza(client[1], 0) - Message received: msg(82,client[1])
client[0] - time to live = 0 for message: message from client[1] to stanza(client[1], 0)
client[2] - Room: stanza(client[1], 0) - Message discarded for I'm not a recipient: 
client[2] - time to live = 0 for message: message from client[1] to stanza(client[1], 0)
client[0] - Sending message to room stanza(client[1], 0) - msg(80,client[0])
client[4] - Room: stanza(client[1], 0) - Message discarded for I'm not a recipient: 
client[4] - time to live = 0 for message: message from client[0] to stanza(client[1], 0)
client[1] - stanza(client[1], 0) - Displayed message: msg(80,client[0]) from user client[0]
client[1] - Room: stanza(client[1], 0) - Message received: msg(80,client[0])
client[1] - time to live = 0 for message: message from client[0] to stanza(client[1], 0)
client[2] - Sending message to room stanza(client[2], 2) - msg(32,client[2])
client[1] - Room: stanza(client[2], 2) - Message discarded for I'm not a recipient: 
client[1] - time to live = 0 for message: message from client[2] to stanza(client[2], 2)
client[3] - stanza(client[2], 2) - Displayed message: msg(32,client[2]) from user client[2]
client[3] - Room: stanza(client[2], 2) - Message received: msg(32,client[2])
client[3] - time to live = 0 for message: message from client[2] to stanza(client[2], 2)
client[4] - Sending message to room stanza(client[0], 1) - msg(84,client[4])
client[3] - Room: stanza(client[0], 1) - Message discarded for I'm not a recipient: 
client[3] - time to live = 0 for message: message from client[4] to stanza(client[0], 1)
client[0] - stanza(client[0], 1) - Displayed message: msg(84,client[4]) from user client[4]
client[0] - Room: stanza(client[0], 1) - Message received: msg(84,client[4])
client[0] - time to live = 0 for message: message from client[4] to stanza(client[0], 1)
client[1] - Sending message to room stanza(client[2], 1) - msg(83,client[1])
client[0] - Room: stanza(client[2], 1) - Message discarded for I'm not a recipient: 
client[0] - time to live = 0 for message: message from client[1] to stanza(client[2], 1)
client[2] - stanza(client[2], 1) - Displayed message: msg(83,client[1]) from user client[1]
client[2] - Room: stanza(client[2], 1) - Message received: msg(83,client[1])
client[2] - time to live = 0 for message: message from client[1] to stanza(client[2], 1)
client[0] - Sending message to room stanza(client[0], 1) - msg(81,client[0])
client[4] - Asked for message: 1 - Room: stanza(client[0], 1)
client[4] - Asked for message: 1 - Room: stanza(client[0], 1)
client[4] - Asked for message: 1 - Room: stanza(client[0], 1)
client[4] - Asked for message: 46 - Room: stanza(client[0], 1)
client[4] - Asked for message: 1 - Room: stanza(client[0], 1)
client[4] - time to live = 0 for message: message from client[0] to stanza(client[0], 1)
client[1] - Asked for message: 1 - Room: stanza(client[0], 1)
client[1] - Asked for message: 1 - Room: stanza(client[0], 1)
client[1] - Asked for message: 1 - Room: stanza(client[0], 1)
client[1] - Asked for message: 1 - Room: stanza(client[0], 1)
client[1] - Asked for message: 44 - Room: stanza(client[0], 1)
client[1] - time to live = 0 for message: message from client[0] to stanza(client[0], 1)
client[3] - Room: stanza(client[0], 1) - Message discarded for I'm not a recipient: 
client[3] - time to live = 0 for message: ask message for missing message 1
NOT IMPLEMENTED YET
client[0] - Room: stanza(client[0], 1) - Asked for message: 1
client[0] - time to live = 0 for message: ask message for missing message 1
client[3] - Room: stanza(client[0], 1) - Message discarded for I'm not a recipient: 
client[3] - time to live = 0 for message: ask message for missing message 1
NOT IMPLEMENTED YET
client[0] - Room: stanza(client[0], 1) - Asked for message: 1
client[0] - time to live = 0 for message: ask message for missing message 1
client[3] - Room: stanza(client[0], 1) - Message discarded for I'm not a recipient: 
client[3] - time to live = 0 for message: ask message for missing message 1
NOT IMPLEMENTED YET
client[0] - Room: stanza(client[0], 1) - Asked for message: 1
client[0] - time to live = 0 for message: ask message for missing message 1
client[3] - Room: stanza(client[0], 1) - Message discarded for I'm not a recipient: 
client[3] - time to live = 0 for message: ask message for missing message 46
NOT IMPLEMENTED YET
client[0] - Room: stanza(client[0], 1) - Asked for message: 46
client[0] - time to live = 0 for message: ask message for missing message 46
client[3] - Room: stanza(client[0], 1) - Message discarded for I'm not a recipient: 
client[3] - time to live = 0 for message: ask message for missing message 1
NOT IMPLEMENTED YET
client[0] - Room: stanza(client[0], 1) - Asked for message: 1
client[0] - time to live = 0 for message: ask message for missing message 1
NOT IMPLEMENTED YET
client[0] - Room: stanza(client[0], 1) - Asked for message: 1
client[0] - time to live = 0 for message: ask message for missing message 1
client[2] - Room: stanza(client[0], 1) - Message discarded for I'm not a recipient: 
client[2] - time to live = 0 for message: ask message for missing message 1
NOT IMPLEMENTED YET
client[0] - Room: stanza(client[0], 1) - Asked for message: 1
client[0] - time to live = 0 for message: ask message for missing message 1
client[2] - Room: stanza(client[0], 1) - Message discarded for I'm not a recipient: 
client[2] - time to live = 0 for message: ask message for missing message 1
NOT IMPLEMENTED YET
client[0] - Room: stanza(client[0], 1) - Asked for message: 1
client[0] - time to live = 0 for message: ask message for missing message 1
client[2] - Room: stanza(client[0], 1) - Message discarded for I'm not a recipient: 
client[2] - time to live = 0 for message: ask message for missing message 1
NOT IMPLEMENTED YET
client[0] - Room: stanza(client[0], 1) - Asked for message: 1
client[0] - time to live = 0 for message: ask message for missing message 1
client[2] - Room: stanza(client[0], 1) - Message discarded for I'm not a recipient: 
client[2] - time to live = 0 for message: ask message for missing message 1
NOT IMPLEMENTED YET
client[0] - Room: stanza(client[0], 1) - Asked for message: 44
client[0] - time to live = 0 for message: ask message for missing message 44
client[2] - Room: stanza(client[0], 1) - Message discarded for I'm not a recipient: 
client[2] - time to live = 0 for message: ask message for missing message 44
client[3] - Sending message to room stanza(client[4], 1) - msg(58,client[3])
client[2] - Room: stanza(client[4], 1) - Message discarded for I'm not a recipient: 
client[2] - time to live = 0 for message: message from client[3] to stanza(client[4], 1)
client[4] - stanza(client[4], 1) - Displayed message: msg(58,client[3]) from user client[3]
client[4] - Room: stanza(client[4], 1) - Message received: msg(58,client[3])
client[4] - time to live = 0 for message: message from client[3] to stanza(client[4], 1)
client[2] - Sending message to room stanza(client[2], 2) - msg(33,client[2])
client[1] - Room: stanza(client[2], 2) - Message discarded for I'm not a recipient: 
client[1] - time to live = 0 for message: message from client[2] to stanza(client[2], 2)
client[3] - stanza(client[2], 2) - Displayed message: msg(33,client[2]) from user client[2]
client[3] - Room: stanza(client[2], 2) - Message received: msg(33,client[2])
client[3] - time to live = 0 for message: message from client[2] to stanza(client[2], 2)
client[4] - Sending message to room stanza(client[3], 0) - msg(85,client[4])
client[3] - stanza(client[3], 0) - Displayed message: msg(85,client[4]) from user client[4]
client[3] - Room: stanza(client[3], 0) - Message received: msg(85,client[4])
client[3] - time to live = 0 for message: message from client[4] to stanza(client[3], 0)
client[0] - Room: stanza(client[3], 0) - Message discarded for I'm not a recipient: 
client[0] - time to live = 0 for message: message from client[4] to stanza(client[3], 0)
client[1] - Sending message to room stanza(client[0], 1) - msg(84,client[1])
client[0] - stanza(client[0], 1) - Displayed message: msg(84,client[1]) from user client[1]
client[0] - Room: stanza(client[0], 1) - Message received: msg(84,client[1])
client[0] - time to live = 0 for message: message from client[1] to stanza(client[0], 1)
client[2] - Room: stanza(client[0], 1) - Message discarded for I'm not a recipient: 
client[2] - time to live = 0 for message: message from client[1] to stanza(client[0], 1)
client[0] - Sending message to room stanza(client[1], 0) - msg(82,client[0])
client[4] - Room: stanza(client[1], 0) - Message discarded for I'm not a recipient: 
client[4] - time to live = 0 for message: message from client[0] to stanza(client[1], 0)
client[1] - stanza(client[1], 0) - Displayed message: msg(82,client[0]) from user client[0]
client[1] - Room: stanza(client[1], 0) - Message received: msg(82,client[0])
client[1] - time to live = 0 for message: message from client[0] to stanza(client[1], 0)
client[4] - Sending message to room stanza(client[0], 2) - msg(86,client[4])
client[3] - Room: stanza(client[0], 2) - Message discarded for I'm not a recipient: 
client[3] - time to live = 0 for message: message from client[4] to stanza(client[0], 2)
client[0] - stanza(client[0], 2) - Displayed message: msg(86,client[4]) from user client[4]
client[0] - Room: stanza(client[0], 2) - Message received: msg(86,client[4])
client[0] - time to live = 0 for message: message from client[4] to stanza(client[0], 2)
client[3] - Sending message to room stanza(client[3], 0) - msg(59,client[3])
client[2] - Room: stanza(client[3], 0) - Message discarded for I'm not a recipient: 
client[2] - time to live = 0 for message: message from client[3] to stanza(client[3], 0)
client[4] - stanza(client[3], 0) - Displayed message: msg(59,client[3]) from user client[3]
client[4] - Room: stanza(client[3], 0) - Message received: msg(59,client[3])
client[4] - time to live = 0 for message: message from client[3] to stanza(client[3], 0)
client[1] - Sending message to room stanza(client[2], 1) - msg(85,client[1])
client[0] - Room: stanza(client[2], 1) - Message discarded for I'm not a recipient: 
client[0] - time to live = 0 for message: message from client[1] to stanza(client[2], 1)
client[2] - stanza(client[2], 1) - Displayed message: msg(85,client[1]) from user client[1]
client[2] - Room: stanza(client[2], 1) - Message received: msg(85,client[1])
client[2] - time to live = 0 for message: message from client[1] to stanza(client[2], 1)
client[0] - Sending message to room stanza(client[4], 1) - msg(83,client[0])
client[4] - stanza(client[4], 1) - Displayed message: msg(83,client[0]) from user client[0]
client[4] - Room: stanza(client[4], 1) - Message received: msg(83,client[0])
client[4] - time to live = 0 for message: message from client[0] to stanza(client[4], 1)
client[1] - Room: stanza(client[4], 1) - Message discarded for I'm not a recipient: 
client[1] - time to live = 0 for message: message from client[0] to stanza(client[4], 1)
client[4] - Sending message to room stanza(client[3], 1) - msg(87,client[4])
client[3] - stanza(client[3], 1) - Displayed message: msg(87,client[4]) from user client[4]
client[3] - Room: stanza(client[3], 1) - Message received: msg(87,client[4])
client[3] - time to live = 0 for message: message from client[4] to stanza(client[3], 1)
client[0] - Room: stanza(client[3], 1) - Message discarded for I'm not a recipient: 
client[0] - time to live = 0 for message: message from client[4] to stanza(client[3], 1)
client[3] - Sending message to room stanza(client[3], 0) - msg(60,client[3])
client[2] - Room: stanza(client[3], 0) - Message discarded for I'm not a recipient: 
client[2] - time to live = 0 for message: message from client[3] to stanza(client[3], 0)
client[4] - stanza(client[3], 0) - Displayed message: msg(60,client[3]) from user client[3]
client[4] - Room: stanza(client[3], 0) - Message received: msg(60,client[3])
client[4] - time to live = 0 for message: message from client[3] to stanza(client[3], 0)
client[4] - Sending message to room stanza(client[0], 1) - msg(88,client[4])
client[3] - Room: stanza(client[0], 1) - Message discarded for I'm not a recipient: 
client[3] - time to live = 0 for message: message from client[4] to stanza(client[0], 1)
client[0] - stanza(client[0], 1) - Displayed message: msg(88,client[4]) from user client[4]
client[0] - Room: stanza(client[0], 1) - Message received: msg(88,client[4])
client[0] - time to live = 0 for message: message from client[4] to stanza(client[0], 1)
client[2] - Sending message to room stanza(client[2], 0) - msg(34,client[2])
client[1] - stanza(client[2], 0) - Displayed message: msg(34,client[2]) from user client[2]
client[1] - Room: stanza(client[2], 0) - Message received: msg(34,client[2])
client[1] - time to live = 0 for message: message from client[2] to stanza(client[2], 0)
client[3] - Room: stanza(client[2], 0) - Message discarded for I'm not a recipient: 
client[3] - time to live = 0 for message: message from client[2] to stanza(client[2], 0)
client[3] - Sending message to room stanza(client[4], 1) - msg(61,client[3])
client[2] - Room: stanza(client[4], 1) - Message discarded for I'm not a recipient: 
client[2] - time to live = 0 for message: message from client[3] to stanza(client[4], 1)
client[4] - stanza(client[4], 1) - Displayed message: msg(61,client[3]) from user client[3]
client[4] - Room: stanza(client[4], 1) - Message received: msg(61,client[3])
client[4] - time to live = 0 for message: message from client[3] to stanza(client[4], 1)
client[0] - Sending message to room stanza(client[0], 2) - msg(84,client[0])
client[4] - Room: stanza(client[0], 2) - Message received: msg(84,client[0])
client[4] - time to live = 0 for message: message from client[0] to stanza(client[0], 2)
client[1] - Room: stanza(client[0], 2) - Message received: msg(84,client[0])
client[1] - time to live = 0 for message: message from client[0] to stanza(client[0], 2)
client[4] - Sending message to room stanza(client[4], 0) - msg(89,client[4])
client[3] - Room: stanza(client[4], 0) - Message discarded for I'm not a recipient: 
client[3] - time to live = 0 for message: message from client[4] to stanza(client[4], 0)
client[0] - stanza(client[4], 0) - Displayed message: msg(89,client[4]) from user client[4]
client[0] - Room: stanza(client[4], 0) - Message received: msg(89,client[4])
client[0] - time to live = 0 for message: message from client[4] to stanza(client[4], 0)
client[0] - Sending message to room stanza(client[0], 0) - msg(85,client[0])
client[4] - Room: stanza(client[0], 0) - Message discarded for I'm not a recipient: 
client[4] - time to live = 0 for message: message from client[0] to stanza(client[0], 0)
client[1] - Room: stanza(client[0], 0) - Message discarded for I'm not a recipient: 
client[1] - time to live = 0 for message: message from client[0] to stanza(client[0], 0)
client[2] - Sending message to room stanza(client[2], 1) - msg(35,client[2])
client[1] - stanza(client[2], 1) - Displayed message: msg(35,client[2]) from user client[2]
client[1] - Room: stanza(client[2], 1) - Message received: msg(35,client[2])
client[1] - time to live = 0 for message: message from client[2] to stanza(client[2], 1)
client[3] - Room: stanza(client[2], 1) - Message discarded for I'm not a recipient: 
client[3] - time to live = 0 for message: message from client[2] to stanza(client[2], 1)
client[1] - Sending message to room stanza(client[0], 2) - msg(86,client[1])
client[0] - stanza(client[0], 2) - Displayed message: msg(86,client[1]) from user client[1]
client[0] - Room: stanza(client[0], 2) - Message received: msg(86,client[1])
client[0] - time to live = 0 for message: message from client[1] to stanza(client[0], 2)
client[2] - Room: stanza(client[0], 2) - Message discarded for I'm not a recipient: 
client[2] - time to live = 0 for message: message from client[1] to stanza(client[0], 2)
client[3] - Sending message to room stanza(client[2], 2) - msg(62,client[3])
client[2] - stanza(client[2], 2) - Displayed message: msg(62,client[3]) from user client[3]
client[2] - Room: stanza(client[2], 2) - Message received: msg(62,client[3])
client[2] - time to live = 0 for message: message from client[3] to stanza(client[2], 2)
client[4] - Room: stanza(client[2], 2) - Message discarded for I'm not a recipient: 
client[4] - time to live = 0 for message: message from client[3] to stanza(client[2], 2)
client[4] - Sending message to room stanza(client[0], 1) - msg(90,client[4])
client[3] - Room: stanza(client[0], 1) - Message discarded for I'm not a recipient: 
client[3] - time to live = 0 for message: message from client[4] to stanza(client[0], 1)
client[0] - stanza(client[0], 1) - Displayed message: msg(90,client[4]) from user client[4]
client[0] - Room: stanza(client[0], 1) - Message received: msg(90,client[4])
client[0] - time to live = 0 for message: message from client[4] to stanza(client[0], 1)
client[3] - Sent room creation: stanza(client[3], 2) with: client[3],client[1],client[2],client[0]
client[2] - Room created: stanza(client[3], 2)
client[2] - time to live = 0 for message: creation of room stanza(client[3], 2)
client[4] - Room: stanza(client[3], 2) - Message discarded for I'm not a recipient: 
client[4] - time to live = 0 for message: creation of room stanza(client[3], 2)
client[4] - Sending message to room stanza(client[3], 0) - msg(91,client[4])
client[3] - stanza(client[3], 0) - Displayed message: msg(91,client[4]) from user client[4]
client[3] - Room: stanza(client[3], 0) - Message received: msg(91,client[4])
client[3] - time to live = 0 for message: message from client[4] to stanza(client[3], 0)
client[0] - Room: stanza(client[3], 0) - Message discarded for I'm not a recipient: 
client[0] - time to live = 0 for message: message from client[4] to stanza(client[3], 0)
client[3] - Sending message to room stanza(client[4], 1) - msg(63,client[3])
client[2] - Room: stanza(client[4], 1) - Message discarded for I'm not a recipient: 
client[2] - time to live = 0 for message: message from client[3] to stanza(client[4], 1)
client[4] - stanza(client[4], 1) - Displayed message: msg(63,client[3]) from user client[3]
client[4] - Room: stanza(client[4], 1) - Message received: msg(63,client[3])
client[4] - time to live = 0 for message: message from client[3] to stanza(client[4], 1)
client[0] - Sending message to room stanza(client[1], 0) - msg(86,client[0])
client[4] - Room: stanza(client[1], 0) - Message discarded for I'm not a recipient: 
client[4] - time to live = 0 for message: message from client[0] to stanza(client[1], 0)
client[1] - stanza(client[1], 0) - Displayed message: msg(86,client[0]) from user client[0]
client[1] - Room: stanza(client[1], 0) - Message received: msg(86,client[0])
client[1] - time to live = 0 for message: message from client[0] to stanza(client[1], 0)
client[4] - Sending message to room stanza(client[3], 0) - msg(92,client[4])
client[3] - stanza(client[3], 0) - Displayed message: msg(92,client[4]) from user client[4]
client[3] - Room: stanza(client[3], 0) - Message received: msg(92,client[4])
client[3] - time to live = 0 for message: message from client[4] to stanza(client[3], 0)
client[0] - Room: stanza(client[3], 0) - Message discarded for I'm not a recipient: 
client[0] - time to live = 0 for message: message from client[4] to stanza(client[3], 0)
client[1] - Sending message to room stanza(client[0], 1) - msg(87,client[1])
client[0] - stanza(client[0], 1) - Displayed message: msg(87,client[1]) from user client[1]
client[0] - Room: stanza(client[0], 1) - Message received: msg(87,client[1])
client[0] - time to live = 0 for message: message from client[1] to stanza(client[0], 1)
client[2] - Room: stanza(client[0], 1) - Message discarded for I'm not a recipient: 
client[2] - time to live = 0 for message: message from client[1] to stanza(client[0], 1)
client[4] - Sending message to room stanza(client[3], 1) - msg(93,client[4])
client[3] - stanza(client[3], 1) - Displayed message: msg(93,client[4]) from user client[4]
client[3] - Room: stanza(client[3], 1) - Message received: msg(93,client[4])
client[3] - time to live = 0 for message: message from client[4] to stanza(client[3], 1)
client[0] - Room: stanza(client[3], 1) - Message discarded for I'm not a recipient: 
client[0] - time to live = 0 for message: message from client[4] to stanza(client[3], 1)
client[3] - Sending message to room stanza(client[3], 1) - msg(64,client[3])
client[2] - Room: stanza(client[3], 1) - Message received: msg(64,client[3])
client[2] - time to live = 0 for message: message from client[3] to stanza(client[3], 1)
client[4] - Room: stanza(client[3], 1) - Message received: msg(64,client[3])
client[4] - time to live = 0 for message: message from client[3] to stanza(client[3], 1)
client[0] - Sending message to room stanza(client[4], 0) - msg(87,client[0])
client[4] - stanza(client[4], 0) - Displayed message: msg(87,client[0]) from user client[0]
client[4] - Room: stanza(client[4], 0) - Message received: msg(87,client[0])
client[4] - time to live = 0 for message: message from client[0] to stanza(client[4], 0)
client[1] - Room: stanza(client[4], 0) - Message discarded for I'm not a recipient: 
client[1] - time to live = 0 for message: message from client[0] to stanza(client[4], 0)
client[1] - Sending message to room stanza(client[1], 0) - msg(88,client[1])
client[0] - stanza(client[1], 0) - Displayed message: msg(88,client[1]) from user client[1]
client[0] - Room: stanza(client[1], 0) - Message received: msg(88,client[1])
client[0] - time to live = 0 for message: message from client[1] to stanza(client[1], 0)
client[2] - Room: stanza(client[1], 0) - Message discarded for I'm not a recipient: 
client[2] - time to live = 0 for message: message from client[1] to stanza(client[1], 0)
client[1] - Sending message to room stanza(client[0], 1) - msg(89,client[1])
client[0] - stanza(client[0], 1) - Displayed message: msg(89,client[1]) from user client[1]
client[0] - Room: stanza(client[0], 1) - Message received: msg(89,client[1])
client[0] - time to live = 0 for message: message from client[1] to stanza(client[0], 1)
client[2] - Room: stanza(client[0], 1) - Message discarded for I'm not a recipient: 
client[2] - time to live = 0 for message: message from client[1] to stanza(client[0], 1)
client[4] - Sending message to room stanza(client[0], 2) - msg(94,client[4])
client[3] - Room: stanza(client[0], 2) - Message discarded for I'm not a recipient: 
client[3] - time to live = 0 for message: message from client[4] to stanza(client[0], 2)
client[0] - stanza(client[0], 2) - Displayed message: msg(94,client[4]) from user client[4]
client[0] - Room: stanza(client[0], 2) - Message received: msg(94,client[4])
client[0] - time to live = 0 for message: message from client[4] to stanza(client[0], 2)
client[0] - Sending message to room stanza(client[0], 1) - msg(88,client[0])
client[4] - Asked for message: 1 - Room: stanza(client[0], 1)
client[4] - Asked for message: 1 - Room: stanza(client[0], 1)
client[4] - Asked for message: 1 - Room: stanza(client[0], 1)
client[4] - Asked for message: 48 - Room: stanza(client[0], 1)
client[4] - Asked for message: 1 - Room: stanza(client[0], 1)
client[4] - time to live = 0 for message: message from client[0] to stanza(client[0], 1)
client[1] - Asked for message: 1 - Room: stanza(client[0], 1)
client[1] - Asked for message: 1 - Room: stanza(client[0], 1)
client[1] - Asked for message: 1 - Room: stanza(client[0], 1)
client[1] - Asked for message: 1 - Room: stanza(client[0], 1)
client[1] - Asked for message: 47 - Room: stanza(client[0], 1)
client[1] - time to live = 0 for message: message from client[0] to stanza(client[0], 1)
client[3] - Room: stanza(client[0], 1) - Message discarded for I'm not a recipient: 
client[3] - time to live = 0 for message: ask message for missing message 1
NOT IMPLEMENTED YET
client[0] - Room: stanza(client[0], 1) - Asked for message: 1
client[0] - time to live = 0 for message: ask message for missing message 1
client[3] - Room: stanza(client[0], 1) - Message discarded for I'm not a recipient: 
client[3] - time to live = 0 for message: ask message for missing message 1
NOT IMPLEMENTED YET
client[0] - Room: stanza(client[0], 1) - Asked for message: 1
client[0] - time to live = 0 for message: ask message for missing message 1
client[3] - Room: stanza(client[0], 1) - Message discarded for I'm not a recipient: 
client[3] - time to live = 0 for message: ask message for missing message 1
NOT IMPLEMENTED YET
client[0] - Room: stanza(client[0], 1) - Asked for message: 1
client[0] - time to live = 0 for message: ask message for missing message 1
client[3] - Room: stanza(client[0], 1) - Message discarded for I'm not a recipient: 
client[3] - time to live = 0 for message: ask message for missing message 48
NOT IMPLEMENTED YET
client[0] - Room: stanza(client[0], 1) - Asked for message: 48
client[0] - time to live = 0 for message: ask message for missing message 48
client[3] - Room: stanza(client[0], 1) - Message discarded for I'm not a recipient: 
client[3] - time to live = 0 for message: ask message for missing message 1
NOT IMPLEMENTED YET
client[0] - Room: stanza(client[0], 1) - Asked for message: 1
client[0] - time to live = 0 for message: ask message for missing message 1
NOT IMPLEMENTED YET
client[0] - Room: stanza(client[0], 1) - Asked for message: 1
client[0] - time to live = 0 for message: ask message for missing message 1
client[2] - Room: stanza(client[0], 1) - Message discarded for I'm not a recipient: 
client[2] - time to live = 0 for message: ask message for missing message 1
NOT IMPLEMENTED YET
client[0] - Room: stanza(client[0], 1) - Asked for message: 1
client[0] - time to live = 0 for message: ask message for missing message 1
client[2] - Room: stanza(client[0], 1) - Message discarded for I'm not a recipient: 
client[2] - time to live = 0 for message: ask message for missing message 1
NOT IMPLEMENTED YET
client[0] - Room: stanza(client[0], 1) - Asked for message: 1
client[0] - time to live = 0 for message: ask message for missing message 1
client[2] - Room: stanza(client[0], 1) - Message discarded for I'm not a recipient: 
client[2] - time to live = 0 for message: ask message for missing message 1
NOT IMPLEMENTED YET
client[0] - Room: stanza(client[0], 1) - Asked for message: 1
client[0] - time to live = 0 for message: ask message for missing message 1
client[2] - Room: stanza(client[0], 1) - Message discarded for I'm not a recipient: 
client[2] - time to live = 0 for message: ask message for missing message 1
NOT IMPLEMENTED YET
client[0] - Room: stanza(client[0], 1) - Asked for message: 47
client[0] - time to live = 0 for message: ask message for missing message 47
client[2] - Room: stanza(client[0], 1) - Message discarded for I'm not a recipient: 
client[2] - time to live = 0 for message: ask message for missing message 47
client[2] - Sending message to room stanza(client[3], 1) - msg(36,client[2])
client[1] - Room: stanza(client[3], 1) - Message discarded for I'm not a recipient: 
client[1] - time to live = 0 for message: message from client[2] to stanza(client[3], 1)
client[3] - stanza(client[3], 1) - Displayed message: msg(36,client[2]) from user client[2]
client[3] - Room: stanza(client[3], 1) - Message received: msg(36,client[2])
client[3] - time to live = 0 for message: message from client[2] to stanza(client[3], 1)
client[0] - Sending message to room stanza(client[4], 1) - msg(89,client[0])
client[4] - stanza(client[4], 1) - Displayed message: msg(89,client[0]) from user client[0]
client[4] - Room: stanza(client[4], 1) - Message received: msg(89,client[0])
client[4] - time to live = 0 for message: message from client[0] to stanza(client[4], 1)
client[1] - Room: stanza(client[4], 1) - Message discarded for I'm not a recipient: 
client[1] - time to live = 0 for message: message from client[0] to stanza(client[4], 1)
client[4] - Sending message to room stanza(client[3], 1) - msg(95,client[4])
client[3] - stanza(client[3], 1) - Displayed message: msg(95,client[4]) from user client[4]
client[3] - Room: stanza(client[3], 1) - Message received: msg(95,client[4])
client[3] - time to live = 0 for message: message from client[4] to stanza(client[3], 1)
client[0] - Room: stanza(client[3], 1) - Message discarded for I'm not a recipient: 
client[0] - time to live = 0 for message: message from client[4] to stanza(client[3], 1)
client[3] - Sending message to room stanza(client[4], 1) - msg(65,client[3])
client[2] - Room: stanza(client[4], 1) - Message discarded for I'm not a recipient: 
client[2] - time to live = 0 for message: message from client[3] to stanza(client[4], 1)
client[4] - stanza(client[4], 1) - Displayed message: msg(65,client[3]) from user client[3]
client[4] - Room: stanza(client[4], 1) - Message received: msg(65,client[3])
client[4] - time to live = 0 for message: message from client[3] to stanza(client[4], 1)
client[2] - Sending message to room stanza(client[2], 2) - msg(37,client[2])
client[1] - Room: stanza(client[2], 2) - Message discarded for I'm not a recipient: 
client[1] - time to live = 0 for message: message from client[2] to stanza(client[2], 2)
client[3] - stanza(client[2], 2) - Displayed message: msg(37,client[2]) from user client[2]
client[3] - Room: stanza(client[2], 2) - Message received: msg(37,client[2])
client[3] - time to live = 0 for message: message from client[2] to stanza(client[2], 2)
client[0] - Sending message to room stanza(client[0], 1) - msg(90,client[0])
client[4] - Asked for message: 1 - Room: stanza(client[0], 1)
client[4] - Asked for message: 1 - Room: stanza(client[0], 1)
client[4] - Asked for message: 1 - Room: stanza(client[0], 1)
client[4] - Asked for message: 48 - Room: stanza(client[0], 1)
client[4] - Asked for message: 1 - Room: stanza(client[0], 1)
client[4] - time to live = 0 for message: message from client[0] to stanza(client[0], 1)
client[1] - Asked for message: 1 - Room: stanza(client[0], 1)
client[1] - Asked for message: 1 - Room: stanza(client[0], 1)
client[1] - Asked for message: 1 - Room: stanza(client[0], 1)
client[1] - Asked for message: 1 - Room: stanza(client[0], 1)
client[1] - Asked for message: 47 - Room: stanza(client[0], 1)
client[1] - time to live = 0 for message: message from client[0] to stanza(client[0], 1)
client[3] - Room: stanza(client[0], 1) - Message discarded for I'm not a recipient: 
client[3] - time to live = 0 for message: ask message for missing message 1
NOT IMPLEMENTED YET
client[0] - Room: stanza(client[0], 1) - Asked for message: 1
client[0] - time to live = 0 for message: ask message for missing message 1
client[3] - Room: stanza(client[0], 1) - Message discarded for I'm not a recipient: 
client[3] - time to live = 0 for message: ask message for missing message 1
NOT IMPLEMENTED YET
client[0] - Room: stanza(client[0], 1) - Asked for message: 1
client[0] - time to live = 0 for message: ask message for missing message 1
client[3] - Room: stanza(client[0], 1) - Message discarded for I'm not a recipient: 
client[3] - time to live = 0 for message: ask message for missing message 1
NOT IMPLEMENTED YET
client[0] - Room: stanza(client[0], 1) - Asked for message: 1
client[0] - time to live = 0 for message: ask message for missing message 1
client[3] - Room: stanza(client[0], 1) - Message discarded for I'm not a recipient: 
client[3] - time to live = 0 for message: ask message for missing message 48
NOT IMPLEMENTED YET
client[0] - Room: stanza(client[0], 1) - Asked for message: 48
client[0] - time to live = 0 for message: ask message for missing message 48
client[3] - Room: stanza(client[0], 1) - Message discarded for I'm not a recipient: 
client[3] - time to live = 0 for message: ask message for missing message 1
NOT IMPLEMENTED YET
client[0] - Room: stanza(client[0], 1) - Asked for message: 1
client[0] - time to live = 0 for message: ask message for missing message 1
NOT IMPLEMENTED YET
client[0] - Room: stanza(client[0], 1) - Asked for message: 1
client[0] - time to live = 0 for message: ask message for missing message 1
client[2] - Room: stanza(client[0], 1) - Message discarded for I'm not a recipient: 
client[2] - time to live = 0 for message: ask message for missing message 1
NOT IMPLEMENTED YET
client[0] - Room: stanza(client[0], 1) - Asked for message: 1
client[0] - time to live = 0 for message: ask message for missing message 1
client[2] - Room: stanza(client[0], 1) - Message discarded for I'm not a recipient: 
client[2] - time to live = 0 for message: ask message for missing message 1
NOT IMPLEMENTED YET
client[0] - Room: stanza(client[0], 1) - Asked for message: 1
client[0] - time to live = 0 for message: ask message for missing message 1
client[2] - Room: stanza(client[0], 1) - Message discarded for I'm not a recipient: 
client[2] - time to live = 0 for message: ask message for missing message 1
NOT IMPLEMENTED YET
client[0] - Room: stanza(client[0], 1) - Asked for message: 1
client[0] - time to live = 0 for message: ask message for missing message 1
client[2] - Room: stanza(client[0], 1) - Message discarded for I'm not a recipient: 
client[2] - time to live = 0 for message: ask message for missing message 1
NOT IMPLEMENTED YET
client[0] - Room: stanza(client[0], 1) - Asked for message: 47
client[0] - time to live = 0 for message: ask message for missing message 47
client[2] - Room: stanza(client[0], 1) - Message discarded for I'm not a recipient: 
client[2] - time to live = 0 for message: ask message for missing message 47
client[4] - Sending message to room stanza(client[0], 1) - msg(96,client[4])
client[3] - Room: stanza(client[0], 1) - Message discarded for I'm not a recipient: 
client[3] - time to live = 0 for message: message from client[4] to stanza(client[0], 1)
client[0] - stanza(client[0], 1) - Displayed message: msg(96,client[4]) from user client[4]
client[0] - Room: stanza(client[0], 1) - Message received: msg(96,client[4])
client[0] - time to live = 0 for message: message from client[4] to stanza(client[0], 1)
client[4] - Sending message to room stanza(client[4], 0) - msg(97,client[4])
client[3] - Room: stanza(client[4], 0) - Message discarded for I'm not a recipient: 
client[3] - time to live = 0 for message: message from client[4] to stanza(client[4], 0)
client[0] - stanza(client[4], 0) - Displayed message: msg(97,client[4]) from user client[4]
client[0] - Room: stanza(client[4], 0) - Message received: msg(97,client[4])
client[0] - time to live = 0 for message: message from client[4] to stanza(client[4], 0)
client[2] - Sending message to room stanza(client[3], 1) - msg(38,client[2])
client[1] - Room: stanza(client[3], 1) - Message discarded for I'm not a recipient: 
client[1] - time to live = 0 for message: message from client[2] to stanza(client[3], 1)
client[3] - stanza(client[3], 1) - Displayed message: msg(38,client[2]) from user client[2]
client[3] - Room: stanza(client[3], 1) - Message received: msg(38,client[2])
client[3] - time to live = 0 for message: message from client[2] to stanza(client[3], 1)
client[4] - Sending message to room stanza(client[3], 1) - msg(98,client[4])
client[3] - stanza(client[3], 1) - Displayed message: msg(98,client[4]) from user client[4]
client[3] - Room: stanza(client[3], 1) - Message received: msg(98,client[4])
client[3] - time to live = 0 for message: message from client[4] to stanza(client[3], 1)
client[0] - Room: stanza(client[3], 1) - Message discarded for I'm not a recipient: 
client[0] - time to live = 0 for message: message from client[4] to stanza(client[3], 1)
client[0] - Sending message to room stanza(client[0], 1) - msg(91,client[0])
client[4] - Asked for message: 1 - Room: stanza(client[0], 1)
client[4] - Asked for message: 1 - Room: stanza(client[0], 1)
client[4] - Asked for message: 1 - Room: stanza(client[0], 1)
client[4] - Asked for message: 49 - Room: stanza(client[0], 1)
client[4] - Asked for message: 1 - Room: stanza(client[0], 1)
client[4] - time to live = 0 for message: message from client[0] to stanza(client[0], 1)
client[1] - Asked for message: 1 - Room: stanza(client[0], 1)
client[1] - Asked for message: 1 - Room: stanza(client[0], 1)
client[1] - Asked for message: 1 - Room: stanza(client[0], 1)
client[1] - Asked for message: 1 - Room: stanza(client[0], 1)
client[1] - Asked for message: 47 - Room: stanza(client[0], 1)
client[1] - time to live = 0 for message: message from client[0] to stanza(client[0], 1)
client[3] - Room: stanza(client[0], 1) - Message discarded for I'm not a recipient: 
client[3] - time to live = 0 for message: ask message for missing message 1
NOT IMPLEMENTED YET
client[0] - Room: stanza(client[0], 1) - Asked for message: 1
client[0] - time to live = 0 for message: ask message for missing message 1
client[3] - Room: stanza(client[0], 1) - Message discarded for I'm not a recipient: 
client[3] - time to live = 0 for message: ask message for missing message 1
NOT IMPLEMENTED YET
client[0] - Room: stanza(client[0], 1) - Asked for message: 1
client[0] - time to live = 0 for message: ask message for missing message 1
client[3] - Room: stanza(client[0], 1) - Message discarded for I'm not a recipient: 
client[3] - time to live = 0 for message: ask message for missing message 1
NOT IMPLEMENTED YET
client[0] - Room: stanza(client[0], 1) - Asked for message: 1
client[0] - time to live = 0 for message: ask message for missing message 1
client[3] - Room: stanza(client[0], 1) - Message discarded for I'm not a recipient: 
client[3] - time to live = 0 for message: ask message for missing message 49
NOT IMPLEMENTED YET
client[0] - Room: stanza(client[0], 1) - Asked for message: 49
client[0] - time to live = 0 for message: ask message for missing message 49
client[3] - Room: stanza(client[0], 1) - Message discarded for I'm not a recipient: 
client[3] - time to live = 0 for message: ask message for missing message 1
NOT IMPLEMENTED YET
client[0] - Room: stanza(client[0], 1) - Asked for message: 1
client[0] - time to live = 0 for message: ask message for missing message 1
NOT IMPLEMENTED YET
client[0] - Room: stanza(client[0], 1) - Asked for message: 1
client[0] - time to live = 0 for message: ask message for missing message 1
client[2] - Room: stanza(client[0], 1) - Message discarded for I'm not a recipient: 
client[2] - time to live = 0 for message: ask message for missing message 1
NOT IMPLEMENTED YET
client[0] - Room: stanza(client[0], 1) - Asked for message: 1
client[0] - time to live = 0 for message: ask message for missing message 1
client[2] - Room: stanza(client[0], 1) - Message discarded for I'm not a recipient: 
client[2] - time to live = 0 for message: ask message for missing message 1
NOT IMPLEMENTED YET
client[0] - Room: stanza(client[0], 1) - Asked for message: 1
client[0] - time to live = 0 for message: ask message for missing message 1
client[2] - Room: stanza(client[0], 1) - Message discarded for I'm not a recipient: 
client[2] - time to live = 0 for message: ask message for missing message 1
NOT IMPLEMENTED YET
client[0] - Room: stanza(client[0], 1) - Asked for message: 1
client[0] - time to live = 0 for message: ask message for missing message 1
client[2] - Room: stanza(client[0], 1) - Message discarded for I'm not a recipient: 
client[2] - time to live = 0 for message: ask message for missing message 1
NOT IMPLEMENTED YET
client[0] - Room: stanza(client[0], 1) - Asked for message: 47
client[0] - time to live = 0 for message: ask message for missing message 47
client[2] - Room: stanza(client[0], 1) - Message discarded for I'm not a recipient: 
client[2] - time to live = 0 for message: ask message for missing message 47
client[0] - Sending message to room stanza(client[0], 1) - msg(92,client[0])
client[4] - Asked for message: 1 - Room: stanza(client[0], 1)
client[4] - Asked for message: 1 - Room: stanza(client[0], 1)
client[4] - Asked for message: 1 - Room: stanza(client[0], 1)
client[4] - Asked for message: 49 - Room: stanza(client[0], 1)
client[4] - Asked for message: 1 - Room: stanza(client[0], 1)
client[4] - time to live = 0 for message: message from client[0] to stanza(client[0], 1)
client[1] - Asked for message: 1 - Room: stanza(client[0], 1)
client[1] - Asked for message: 1 - Room: stanza(client[0], 1)
client[1] - Asked for message: 1 - Room: stanza(client[0], 1)
client[1] - Asked for message: 1 - Room: stanza(client[0], 1)
client[1] - Asked for message: 47 - Room: stanza(client[0], 1)
client[1] - time to live = 0 for message: message from client[0] to stanza(client[0], 1)
client[3] - Room: stanza(client[0], 1) - Message discarded for I'm not a recipient: 
client[3] - time to live = 0 for message: ask message for missing message 1
NOT IMPLEMENTED YET
client[0] - Room: stanza(client[0], 1) - Asked for message: 1
client[0] - time to live = 0 for message: ask message for missing message 1
client[3] - Room: stanza(client[0], 1) - Message discarded for I'm not a recipient: 
client[3] - time to live = 0 for message: ask message for missing message 1
NOT IMPLEMENTED YET
client[0] - Room: stanza(client[0], 1) - Asked for message: 1
client[0] - time to live = 0 for message: ask message for missing message 1
client[3] - Room: stanza(client[0], 1) - Message discarded for I'm not a recipient: 
client[3] - time to live = 0 for message: ask message for missing message 1
NOT IMPLEMENTED YET
client[0] - Room: stanza(client[0], 1) - Asked for message: 1
client[0] - time to live = 0 for message: ask message for missing message 1
client[3] - Room: stanza(client[0], 1) - Message discarded for I'm not a recipient: 
client[3] - time to live = 0 for message: ask message for missing message 49
NOT IMPLEMENTED YET
client[0] - Room: stanza(client[0], 1) - Asked for message: 49
client[0] - time to live = 0 for message: ask message for missing message 49
client[3] - Room: stanza(client[0], 1) - Message discarded for I'm not a recipient: 
client[3] - time to live = 0 for message: ask message for missing message 1
NOT IMPLEMENTED YET
client[0] - Room: stanza(client[0], 1) - Asked for message: 1
client[0] - time to live = 0 for message: ask message for missing message 1
NOT IMPLEMENTED YET
client[0] - Room: stanza(client[0], 1) - Asked for message: 1
client[0] - time to live = 0 for message: ask message for missing message 1
client[2] - Room: stanza(client[0], 1) - Message discarded for I'm not a recipient: 
client[2] - time to live = 0 for message: ask message for missing message 1
NOT IMPLEMENTED YET
client[0] - Room: stanza(client[0], 1) - Asked for message: 1
client[0] - time to live = 0 for message: ask message for missing message 1
client[2] - Room: stanza(client[0], 1) - Message discarded for I'm not a recipient: 
client[2] - time to live = 0 for message: ask message for missing message 1
NOT IMPLEMENTED YET
client[0] - Room: stanza(client[0], 1) - Asked for message: 1
client[0] - time to live = 0 for message: ask message for missing message 1
client[2] - Room: stanza(client[0], 1) - Message discarded for I'm not a recipient: 
client[2] - time to live = 0 for message: ask message for missing message 1
NOT IMPLEMENTED YET
client[0] - Room: stanza(client[0], 1) - Asked for message: 1
client[0] - time to live = 0 for message: ask message for missing message 1
client[2] - Room: stanza(client[0], 1) - Message discarded for I'm not a recipient: 
client[2] - time to live = 0 for message: ask message for missing message 1
NOT IMPLEMENTED YET
client[0] - Room: stanza(client[0], 1) - Asked for message: 47
client[0] - time to live = 0 for message: ask message for missing message 47
client[2] - Room: stanza(client[0], 1) - Message discarded for I'm not a recipient: 
client[2] - time to live = 0 for message: ask message for missing message 47
client[2] - Sending message to room stanza(client[3], 2) - msg(39,client[2])
client[1] - Room: stanza(client[3], 2) - Message discarded for I'm not a recipient: 
client[1] - time to live = 0 for message: message from client[2] to stanza(client[3], 2)
client[3] - stanza(client[3], 2) - Displayed message: msg(39,client[2]) from user client[2]
client[3] - Room: stanza(client[3], 2) - Message received: msg(39,client[2])
client[3] - time to live = 0 for message: message from client[2] to stanza(client[3], 2)
client[3] - Sending message to room stanza(client[2], 2) - msg(66,client[3])
client[2] - stanza(client[2], 2) - Displayed message: msg(66,client[3]) from user client[3]
client[2] - Room: stanza(client[2], 2) - Message received: msg(66,client[3])
client[2] - time to live = 0 for message: message from client[3] to stanza(client[2], 2)
client[4] - Room: stanza(client[2], 2) - Message discarded for I'm not a recipient: 
client[4] - time to live = 0 for message: message from client[3] to stanza(client[2], 2)
client[4] - Sending message to room stanza(client[0], 2) - msg(99,client[4])
client[3] - Room: stanza(client[0], 2) - Message discarded for I'm not a recipient: 
client[3] - time to live = 0 for message: message from client[4] to stanza(client[0], 2)
client[0] - stanza(client[0], 2) - Displayed message: msg(99,client[4]) from user client[4]
client[0] - Room: stanza(client[0], 2) - Message received: msg(99,client[4])
client[0] - time to live = 0 for message: message from client[4] to stanza(client[0], 2)
client[4] - Sending message to room stanza(client[4], 0) - msg(100,client[4])
client[3] - Room: stanza(client[4], 0) - Message discarded for I'm not a recipient: 
client[3] - time to live = 0 for message: message from client[4] to stanza(client[4], 0)
client[0] - stanza(client[4], 0) - Displayed message: msg(100,client[4]) from user client[4]
client[0] - Room: stanza(client[4], 0) - Message received: msg(100,client[4])
client[0] - time to live = 0 for message: message from client[4] to stanza(client[4], 0)
client[2] - Sending message to room stanza(client[3], 2) - msg(40,client[2])
client[1] - Room: stanza(client[3], 2) - Message discarded for I'm not a recipient: 
client[1] - time to live = 0 for message: message from client[2] to stanza(client[3], 2)
client[3] - stanza(client[3], 2) - Displayed message: msg(40,client[2]) from user client[2]
client[3] - Room: stanza(client[3], 2) - Message received: msg(40,client[2])
client[3] - time to live = 0 for message: message from client[2] to stanza(client[3], 2)
client[3] - Sending message to room stanza(client[3], 0) - msg(67,client[3])
client[2] - Room: stanza(client[3], 0) - Message discarded for I'm not a recipient: 
client[2] - time to live = 0 for message: message from client[3] to stanza(client[3], 0)
client[4] - stanza(client[3], 0) - Displayed message: msg(67,client[3]) from user client[3]
client[4] - Room: stanza(client[3], 0) - Message received: msg(67,client[3])
client[4] - time to live = 0 for message: message from client[3] to stanza(client[3], 0)
client[1] - Sending message to room stanza(client[0], 1) - msg(90,client[1])
client[0] - stanza(client[0], 1) - Displayed message: msg(90,client[1]) from user client[1]
client[0] - Room: stanza(client[0], 1) - Message received: msg(90,client[1])
client[0] - time to live = 0 for message: message from client[1] to stanza(client[0], 1)
client[2] - Room: stanza(client[0], 1) - Message discarded for I'm not a recipient: 
client[2] - time to live = 0 for message: message from client[1] to stanza(client[0], 1)
client[4] - Sending message to room stanza(client[3], 1) - msg(101,client[4])
client[3] - stanza(client[3], 1) - Displayed message: msg(101,client[4]) from user client[4]
client[3] - Room: stanza(client[3], 1) - Message received: msg(101,client[4])
client[3] - time to live = 0 for message: message from client[4] to stanza(client[3], 1)
client[0] - Room: stanza(client[3], 1) - Message discarded for I'm not a recipient: 
client[0] - time to live = 0 for message: message from client[4] to stanza(client[3], 1)
client[2] - Sending message to room stanza(client[2], 0) - msg(41,client[2])
client[1] - stanza(client[2], 0) - Displayed message: msg(41,client[2]) from user client[2]
client[1] - Room: stanza(client[2], 0) - Message received: msg(41,client[2])
client[1] - time to live = 0 for message: message from client[2] to stanza(client[2], 0)
client[3] - Room: stanza(client[2], 0) - Message discarded for I'm not a recipient: 
client[3] - time to live = 0 for message: message from client[2] to stanza(client[2], 0)
client[4] - Sending message to room stanza(client[0], 2) - msg(102,client[4])
client[3] - Room: stanza(client[0], 2) - Message discarded for I'm not a recipient: 
client[3] - time to live = 0 for message: message from client[4] to stanza(client[0], 2)
client[0] - stanza(client[0], 2) - Displayed message: msg(102,client[4]) from user client[4]
client[0] - Room: stanza(client[0], 2) - Message received: msg(102,client[4])
client[0] - time to live = 0 for message: message from client[4] to stanza(client[0], 2)
client[3] - Sending message to room stanza(client[3], 0) - msg(68,client[3])
client[2] - Room: stanza(client[3], 0) - Message discarded for I'm not a recipient: 
client[2] - time to live = 0 for message: message from client[3] to stanza(client[3], 0)
client[4] - stanza(client[3], 0) - Displayed message: msg(68,client[3]) from user client[3]
client[4] - Room: stanza(client[3], 0) - Message received: msg(68,client[3])
client[4] - time to live = 0 for message: message from client[3] to stanza(client[3], 0)
client[2] - Sending message to room stanza(client[2], 2) - msg(42,client[2])
client[1] - Room: stanza(client[2], 2) - Message discarded for I'm not a recipient: 
client[1] - time to live = 0 for message: message from client[2] to stanza(client[2], 2)
client[3] - stanza(client[2], 2) - Displayed message: msg(42,client[2]) from user client[2]
client[3] - Room: stanza(client[2], 2) - Message received: msg(42,client[2])
client[3] - time to live = 0 for message: message from client[2] to stanza(client[2], 2)
client[3] - Sending message to room stanza(client[4], 1) - msg(69,client[3])
client[2] - Room: stanza(client[4], 1) - Message discarded for I'm not a recipient: 
client[2] - time to live = 0 for message: message from client[3] to stanza(client[4], 1)
client[4] - stanza(client[4], 1) - Displayed message: msg(69,client[3]) from user client[3]
client[4] - Room: stanza(client[4], 1) - Message received: msg(69,client[3])
client[4] - time to live = 0 for message: message from client[3] to stanza(client[4], 1)
client[1] - Sending message to room stanza(client[2], 0) - msg(91,client[1])
client[0] - Room: stanza(client[2], 0) - Message discarded for I'm not a recipient: 
client[0] - time to live = 0 for message: message from client[1] to stanza(client[2], 0)
client[2] - stanza(client[2], 0) - Displayed message: msg(91,client[1]) from user client[1]
client[2] - Room: stanza(client[2], 0) - Message received: msg(91,client[1])
client[2] - time to live = 0 for message: message from client[1] to stanza(client[2], 0)
client[0] - Sending message to room stanza(client[0], 0) - msg(93,client[0])
client[4] - Room: stanza(client[0], 0) - Message discarded for I'm not a recipient: 
client[4] - time to live = 0 for message: message from client[0] to stanza(client[0], 0)
client[1] - Room: stanza(client[0], 0) - Message discarded for I'm not a recipient: 
client[1] - time to live = 0 for message: message from client[0] to stanza(client[0], 0)
client[2] - Sending message to room stanza(client[3], 1) - msg(43,client[2])
client[1] - Room: stanza(client[3], 1) - Message discarded for I'm not a recipient: 
client[1] - time to live = 0 for message: message from client[2] to stanza(client[3], 1)
client[3] - stanza(client[3], 1) - Displayed message: msg(43,client[2]) from user client[2]
client[3] - Room: stanza(client[3], 1) - Message received: msg(43,client[2])
client[3] - time to live = 0 for message: message from client[2] to stanza(client[3], 1)
client[4] - Sending message to room stanza(client[3], 1) - msg(103,client[4])
client[3] - stanza(client[3], 1) - Displayed message: msg(103,client[4]) from user client[4]
client[3] - Room: stanza(client[3], 1) - Message received: msg(103,client[4])
client[3] - time to live = 0 for message: message from client[4] to stanza(client[3], 1)
client[0] - Room: stanza(client[3], 1) - Message discarded for I'm not a recipient: 
client[0] - time to live = 0 for message: message from client[4] to stanza(client[3], 1)
client[3] - Sending message to room stanza(client[2], 2) - msg(70,client[3])
client[2] - stanza(client[2], 2) - Displayed message: msg(70,client[3]) from user client[3]
client[2] - Room: stanza(client[2], 2) - Message received: msg(70,client[3])
client[2] - time to live = 0 for message: message from client[3] to stanza(client[2], 2)
client[4] - Room: stanza(client[2], 2) - Message discarded for I'm not a recipient: 
client[4] - time to live = 0 for message: message from client[3] to stanza(client[2], 2)
client[1] - Sending message to room stanza(client[0], 2) - msg(92,client[1])
client[0] - stanza(client[0], 2) - Displayed message: msg(92,client[1]) from user client[1]
client[0] - Room: stanza(client[0], 2) - Message received: msg(92,client[1])
client[0] - time to live = 0 for message: message from client[1] to stanza(client[0], 2)
client[2] - Room: stanza(client[0], 2) - Message discarded for I'm not a recipient: 
client[2] - time to live = 0 for message: message from client[1] to stanza(client[0], 2)
client[2] - Sending message to room stanza(client[2], 2) - msg(44,client[2])
client[1] - Room: stanza(client[2], 2) - Message discarded for I'm not a recipient: 
client[1] - time to live = 0 for message: message from client[2] to stanza(client[2], 2)
client[3] - stanza(client[2], 2) - Displayed message: msg(44,client[2]) from user client[2]
client[3] - Room: stanza(client[2], 2) - Message received: msg(44,client[2])
client[3] - time to live = 0 for message: message from client[2] to stanza(client[2], 2)
client[1] - Sending message to room stanza(client[2], 0) - msg(93,client[1])
client[0] - Room: stanza(client[2], 0) - Message discarded for I'm not a recipient: 
client[0] - time to live = 0 for message: message from client[1] to stanza(client[2], 0)
client[2] - stanza(client[2], 0) - Displayed message: msg(93,client[1]) from user client[1]
client[2] - Room: stanza(client[2], 0) - Message received: msg(93,client[1])
client[2] - time to live = 0 for message: message from client[1] to stanza(client[2], 0)
client[1] - Sending message to room stanza(client[2], 0) - msg(94,client[1])
client[0] - Room: stanza(client[2], 0) - Message discarded for I'm not a recipient: 
client[0] - time to live = 0 for message: message from client[1] to stanza(client[2], 0)
client[2] - stanza(client[2], 0) - Displayed message: msg(94,client[1]) from user client[1]
client[2] - Room: stanza(client[2], 0) - Message received: msg(94,client[1])
client[2] - time to live = 0 for message: message from client[1] to stanza(client[2], 0)
client[0] - Sending message to room stanza(client[0], 2) - msg(94,client[0])
client[4] - Room: stanza(client[0], 2) - Message received: msg(94,client[0])
client[4] - time to live = 0 for message: message from client[0] to stanza(client[0], 2)
client[1] - Room: stanza(client[0], 2) - Message received: msg(94,client[0])
client[1] - time to live = 0 for message: message from client[0] to stanza(client[0], 2)
client[3] - Sending message to room stanza(client[4], 1) - msg(71,client[3])
client[2] - Room: stanza(client[4], 1) - Message discarded for I'm not a recipient: 
client[2] - time to live = 0 for message: message from client[3] to stanza(client[4], 1)
client[4] - stanza(client[4], 1) - Displayed message: msg(71,client[3]) from user client[3]
client[4] - Room: stanza(client[4], 1) - Message received: msg(71,client[3])
client[4] - time to live = 0 for message: message from client[3] to stanza(client[4], 1)
client[2] - Sending message to room stanza(client[2], 0) - msg(45,client[2])
client[1] - stanza(client[2], 0) - Displayed message: msg(45,client[2]) from user client[2]
client[1] - Room: stanza(client[2], 0) - Message received: msg(45,client[2])
client[1] - time to live = 0 for message: message from client[2] to stanza(client[2], 0)
client[3] - Room: stanza(client[2], 0) - Message discarded for I'm not a recipient: 
client[3] - time to live = 0 for message: message from client[2] to stanza(client[2], 0)
client[2] - Sending message to room stanza(client[2], 1) - msg(46,client[2])
client[1] - stanza(client[2], 1) - Displayed message: msg(46,client[2]) from user client[2]
client[1] - Room: stanza(client[2], 1) - Message received: msg(46,client[2])
client[1] - time to live = 0 for message: message from client[2] to stanza(client[2], 1)
client[3] - Room: stanza(client[2], 1) - Message discarded for I'm not a recipient: 
client[3] - time to live = 0 for message: message from client[2] to stanza(client[2], 1)
client[1] - Sending message to room stanza(client[1], 0) - msg(95,client[1])
client[0] - stanza(client[1], 0) - Displayed message: msg(95,client[1]) from user client[1]
client[0] - Room: stanza(client[1], 0) - Message received: msg(95,client[1])
client[0] - time to live = 0 for message: message from client[1] to stanza(client[1], 0)
client[2] - Room: stanza(client[1], 0) - Message discarded for I'm not a recipient: 
client[2] - time to live = 0 for message: message from client[1] to stanza(client[1], 0)
client[3] - Sending message to room stanza(client[2], 2) - msg(72,client[3])
client[2] - stanza(client[2], 2) - Displayed message: msg(72,client[3]) from user client[3]
client[2] - Room: stanza(client[2], 2) - Message received: msg(72,client[3])
client[2] - time to live = 0 for message: message from client[3] to stanza(client[2], 2)
client[4] - Room: stanza(client[2], 2) - Message discarded for I'm not a recipient: 
client[4] - time to live = 0 for message: message from client[3] to stanza(client[2], 2)
client[2] - Sending message to room stanza(client[2], 1) - msg(47,client[2])
client[1] - stanza(client[2], 1) - Displayed message: msg(47,client[2]) from user client[2]
client[1] - Room: stanza(client[2], 1) - Message received: msg(47,client[2])
client[1] - time to live = 0 for message: message from client[2] to stanza(client[2], 1)
client[3] - Room: stanza(client[2], 1) - Message discarded for I'm not a recipient: 
client[3] - time to live = 0 for message: message from client[2] to stanza(client[2], 1)
client[1] - Sending message to room stanza(client[0], 2) - msg(96,client[1])
client[0] - stanza(client[0], 2) - Displayed message: msg(96,client[1]) from user client[1]
client[0] - Room: stanza(client[0], 2) - Message received: msg(96,client[1])
client[0] - time to live = 0 for message: message from client[1] to stanza(client[0], 2)
client[2] - Room: stanza(client[0], 2) - Message discarded for I'm not a recipient: 
client[2] - time to live = 0 for message: message from client[1] to stanza(client[0], 2)
client[3] - Sending message to room stanza(client[4], 1) - msg(73,client[3])
client[2] - Room: stanza(client[4], 1) - Message discarded for I'm not a recipient: 
client[2] - time to live = 0 for message: message from client[3] to stanza(client[4], 1)
client[4] - stanza(client[4], 1) - Displayed message: msg(73,client[3]) from user client[3]
client[4] - Room: stanza(client[4], 1) - Message received: msg(73,client[3])
client[4] - time to live = 0 for message: message from client[3] to stanza(client[4], 1)
client[2] - Sending message to room stanza(client[3], 1) - msg(48,client[2])
client[1] - Room: stanza(client[3], 1) - Message discarded for I'm not a recipient: 
client[1] - time to live = 0 for message: message from client[2] to stanza(client[3], 1)
client[3] - stanza(client[3], 1) - Displayed message: msg(48,client[2]) from user client[2]
client[3] - Room: stanza(client[3], 1) - Message received: msg(48,client[2])
client[3] - time to live = 0 for message: message from client[2] to stanza(client[3], 1)
client[1] - Sending message to room stanza(client[1], 0) - msg(97,client[1])
client[0] - stanza(client[1], 0) - Displayed message: msg(97,client[1]) from user client[1]
client[0] - Room: stanza(client[1], 0) - Message received: msg(97,client[1])
client[0] - time to live = 0 for message: message from client[1] to stanza(client[1], 0)
client[2] - Room: stanza(client[1], 0) - Message discarded for I'm not a recipient: 
client[2] - time to live = 0 for message: message from client[1] to stanza(client[1], 0)
client[0] - Sending message to room stanza(client[1], 0) - msg(95,client[0])
client[4] - Room: stanza(client[1], 0) - Message discarded for I'm not a recipient: 
client[4] - time to live = 0 for message: message from client[0] to stanza(client[1], 0)
client[1] - stanza(client[1], 0) - Displayed message: msg(95,client[0]) from user client[0]
client[1] - Room: stanza(client[1], 0) - Message received: msg(95,client[0])
client[1] - time to live = 0 for message: message from client[0] to stanza(client[1], 0)
client[2] - Sending message to room stanza(client[3], 2) - msg(49,client[2])
client[1] - Room: stanza(client[3], 2) - Message discarded for I'm not a recipient: 
client[1] - time to live = 0 for message: message from client[2] to stanza(client[3], 2)
client[3] - stanza(client[3], 2) - Displayed message: msg(49,client[2]) from user client[2]
client[3] - Room: stanza(client[3], 2) - Message received: msg(49,client[2])
client[3] - time to live = 0 for message: message from client[2] to stanza(client[3], 2)
client[4] - Sending message to room stanza(client[4], 1) - msg(104,client[4])
client[3] - Room: stanza(client[4], 1) - Message received: msg(104,client[4])
client[3] - time to live = 0 for message: message from client[4] to stanza(client[4], 1)
client[0] - Room: stanza(client[4], 1) - Message received: msg(104,client[4])
client[0] - time to live = 0 for message: message from client[4] to stanza(client[4], 1)
client[0] - Sending message to room stanza(client[1], 0) - msg(96,client[0])
client[4] - Room: stanza(client[1], 0) - Message discarded for I'm not a recipient: 
client[4] - time to live = 0 for message: message from client[0] to stanza(client[1], 0)
client[1] - stanza(client[1], 0) - Displayed message: msg(96,client[0]) from user client[0]
client[1] - Room: stanza(client[1], 0) - Message received: msg(96,client[0])
client[1] - time to live = 0 for message: message from client[0] to stanza(client[1], 0)
client[3] - Sending message to room stanza(client[2], 2) - msg(74,client[3])
client[2] - stanza(client[2], 2) - Displayed message: msg(74,client[3]) from user client[3]
client[2] - Room: stanza(client[2], 2) - Message received: msg(74,client[3])
client[2] - time to live = 0 for message: message from client[3] to stanza(client[2], 2)
client[4] - Room: stanza(client[2], 2) - Message discarded for I'm not a recipient: 
client[4] - time to live = 0 for message: message from client[3] to stanza(client[2], 2)
client[1] - Sending message to room stanza(client[2], 0) - msg(98,client[1])
client[0] - Room: stanza(client[2], 0) - Message discarded for I'm not a recipient: 
client[0] - time to live = 0 for message: message from client[1] to stanza(client[2], 0)
client[2] - stanza(client[2], 0) - Displayed message: msg(98,client[1]) from user client[1]
client[2] - Room: stanza(client[2], 0) - Message received: msg(98,client[1])
client[2] - time to live = 0 for message: message from client[1] to stanza(client[2], 0)
client[1] - Sending message to room stanza(client[1], 0) - msg(99,client[1])
client[0] - stanza(client[1], 0) - Displayed message: msg(99,client[1]) from user client[1]
client[0] - Room: stanza(client[1], 0) - Message received: msg(99,client[1])
client[0] - time to live = 0 for message: message from client[1] to stanza(client[1], 0)
client[2] - Room: stanza(client[1], 0) - Message discarded for I'm not a recipient: 
client[2] - time to live = 0 for message: message from client[1] to stanza(client[1], 0)
client[4] - Sending message to room stanza(client[3], 1) - msg(105,client[4])
client[3] - stanza(client[3], 1) - Displayed message: msg(105,client[4]) from user client[4]
client[3] - Room: stanza(client[3], 1) - Message received: msg(105,client[4])
client[3] - time to live = 0 for message: message from client[4] to stanza(client[3], 1)
client[0] - Room: stanza(client[3], 1) - Message discarded for I'm not a recipient: 
client[0] - time to live = 0 for message: message from client[4] to stanza(client[3], 1)
client[0] - Sending message to room stanza(client[4], 0) - msg(97,client[0])
client[4] - stanza(client[4], 0) - Displayed message: msg(97,client[0]) from user client[0]
client[4] - Room: stanza(client[4], 0) - Message received: msg(97,client[0])
client[4] - time to live = 0 for message: message from client[0] to stanza(client[4], 0)
client[1] - Room: stanza(client[4], 0) - Message discarded for I'm not a recipient: 
client[1] - time to live = 0 for message: message from client[0] to stanza(client[4], 0)
client[0] - Sending message to room stanza(client[0], 2) - msg(98,client[0])
client[4] - Room: stanza(client[0], 2) - Message received: msg(98,client[0])
client[4] - time to live = 0 for message: message from client[0] to stanza(client[0], 2)
client[1] - Room: stanza(client[0], 2) - Message received: msg(98,client[0])
client[1] - time to live = 0 for message: message from client[0] to stanza(client[0], 2)
client[2] - Sending message to room stanza(client[3], 1) - msg(50,client[2])
client[1] - Room: stanza(client[3], 1) - Message discarded for I'm not a recipient: 
client[1] - time to live = 0 for message: message from client[2] to stanza(client[3], 1)
client[3] - stanza(client[3], 1) - Displayed message: msg(50,client[2]) from user client[2]
client[3] - Room: stanza(client[3], 1) - Message received: msg(50,client[2])
client[3] - time to live = 0 for message: message from client[2] to stanza(client[3], 1)
client[4] - Sending message to room stanza(client[4], 1) - msg(106,client[4])
client[3] - Room: stanza(client[4], 1) - Message received: msg(106,client[4])
client[3] - time to live = 0 for message: message from client[4] to stanza(client[4], 1)
client[0] - Room: stanza(client[4], 1) - Message received: msg(106,client[4])
client[0] - time to live = 0 for message: message from client[4] to stanza(client[4], 1)
client[0] - Sending message to room stanza(client[0], 0) - msg(99,client[0])
client[4] - Room: stanza(client[0], 0) - Message discarded for I'm not a recipient: 
client[4] - time to live = 0 for message: message from client[0] to stanza(client[0], 0)
client[1] - Room: stanza(client[0], 0) - Message discarded for I'm not a recipient: 
client[1] - time to live = 0 for message: message from client[0] to stanza(client[0], 0)
client[1] - Sending message to room stanza(client[0], 2) - msg(100,client[1])
client[0] - stanza(client[0], 2) - Displayed message: msg(100,client[1]) from user client[1]
client[0] - Room: stanza(client[0], 2) - Message received: msg(100,client[1])
client[0] - time to live = 0 for message: message from client[1] to stanza(client[0], 2)
client[2] - Room: stanza(client[0], 2) - Message discarded for I'm not a recipient: 
client[2] - time to live = 0 for message: message from client[1] to stanza(client[0], 2)
client[4] - Sending message to room stanza(client[0], 2) - msg(107,client[4])
client[3] - Room: stanza(client[0], 2) - Message discarded for I'm not a recipient: 
client[3] - time to live = 0 for message: message from client[4] to stanza(client[0], 2)
client[0] - stanza(client[0], 2) - Displayed message: msg(107,client[4]) from user client[4]
client[0] - Room: stanza(client[0], 2) - Message received: msg(107,client[4])
client[0] - time to live = 0 for message: message from client[4] to stanza(client[0], 2)
client[4] - Sending message to room stanza(client[0], 1) - msg(108,client[4])
client[3] - Room: stanza(client[0], 1) - Message discarded for I'm not a recipient: 
client[3] - time to live = 0 for message: message from client[4] to stanza(client[0], 1)
client[0] - stanza(client[0], 1) - Displayed message: msg(108,client[4]) from user client[4]
client[0] - Room: stanza(client[0], 1) - Message received: msg(108,client[4])
client[0] - time to live = 0 for message: message from client[4] to stanza(client[0], 1)
client[3] - Sending message to room stanza(client[3], 2) - msg(75,client[3])
client[2] - stanza(client[3], 2) - Displayed message: msg(75,client[3]) from user client[3]
client[2] - Room: stanza(client[3], 2) - Message received: msg(75,client[3])
client[2] - time to live = 0 for message: message from client[3] to stanza(client[3], 2)
client[4] - Room: stanza(client[3], 2) - Message discarded for I'm not a recipient: 
client[4] - time to live = 0 for message: message from client[3] to stanza(client[3], 2)
client[1] - Sending message to room stanza(client[0], 1) - msg(101,client[1])
client[0] - stanza(client[0], 1) - Displayed message: msg(101,client[1]) from user client[1]
client[0] - Room: stanza(client[0], 1) - Message received: msg(101,client[1])
client[0] - time to live = 0 for message: message from client[1] to stanza(client[0], 1)
client[2] - Room: stanza(client[0], 1) - Message discarded for I'm not a recipient: 
client[2] - time to live = 0 for message: message from client[1] to stanza(client[0], 1)
client[3] - Sent room creation: stanza(client[3], 3) with: client[3],client[4]
client[2] - Room: stanza(client[3], 3) - Message discarded for I'm not a recipient: 
client[2] - time to live = 0 for message: creation of room stanza(client[3], 3)
client[4] - Room created: stanza(client[3], 3)
client[4] - time to live = 0 for message: creation of room stanza(client[3], 3)
client[2] - Sending message to room stanza(client[2], 2) - msg(51,client[2])
client[1] - Room: stanza(client[2], 2) - Message discarded for I'm not a recipient: 
client[1] - time to live = 0 for message: message from client[2] to stanza(client[2], 2)
client[3] - stanza(client[2], 2) - Displayed message: msg(51,client[2]) from user client[2]
client[3] - Room: stanza(client[2], 2) - Message received: msg(51,client[2])
client[3] - time to live = 0 for message: message from client[2] to stanza(client[2], 2)
client[1] - Sending message to room stanza(client[2], 0) - msg(102,client[1])
client[0] - Room: stanza(client[2], 0) - Message discarded for I'm not a recipient: 
client[0] - time to live = 0 for message: message from client[1] to stanza(client[2], 0)
client[2] - stanza(client[2], 0) - Displayed message: msg(102,client[1]) from user client[1]
client[2] - Room: stanza(client[2], 0) - Message received: msg(102,client[1])
client[2] - time to live = 0 for message: message from client[1] to stanza(client[2], 0)
client[1] - Sending message to room stanza(client[0], 2) - msg(103,client[1])
client[0] - stanza(client[0], 2) - Displayed message: msg(103,client[1]) from user client[1]
client[0] - Room: stanza(client[0], 2) - Message received: msg(103,client[1])
client[0] - time to live = 0 for message: message from client[1] to stanza(client[0], 2)
client[2] - Room: stanza(client[0], 2) - Message discarded for I'm not a recipient: 
client[2] - time to live = 0 for message: message from client[1] to stanza(client[0], 2)
client[4] - Sending message to room stanza(client[0], 2) - msg(109,client[4])
client[3] - Room: stanza(client[0], 2) - Message discarded for I'm not a recipient: 
client[3] - time to live = 0 for message: message from client[4] to stanza(client[0], 2)
client[0] - stanza(client[0], 2) - Displayed message: msg(109,client[4]) from user client[4]
client[0] - Room: stanza(client[0], 2) - Message received: msg(109,client[4])
client[0] - time to live = 0 for message: message from client[4] to stanza(client[0], 2)
client[3] - Sending message to room stanza(client[3], 1) - msg(76,client[3])
client[2] - Room: stanza(client[3], 1) - Message received: msg(76,client[3])
client[2] - time to live = 0 for message: message from client[3] to stanza(client[3], 1)
client[4] - Room: stanza(client[3], 1) - Message received: msg(76,client[3])
client[4] - time to live = 0 for message: message from client[3] to stanza(client[3], 1)
client[2] - Sending message to room stanza(client[2], 2) - msg(52,client[2])
client[1] - Room: stanza(client[2], 2) - Message discarded for I'm not a recipient: 
client[1] - time to live = 0 for message: message from client[2] to stanza(client[2], 2)
client[3] - stanza(client[2], 2) - Displayed message: msg(52,client[2]) from user client[2]
client[3] - Room: stanza(client[2], 2) - Message received: msg(52,client[2])
client[3] - time to live = 0 for message: message from client[2] to stanza(client[2], 2)
client[0] - Sending message to room stanza(client[1], 0) - msg(100,client[0])
client[4] - Room: stanza(client[1], 0) - Message discarded for I'm not a recipient: 
client[4] - time to live = 0 for message: message from client[0] to stanza(client[1], 0)
client[1] - stanza(client[1], 0) - Displayed message: msg(100,client[0]) from user client[0]
client[1] - Room: stanza(client[1], 0) - Message received: msg(100,client[0])
client[1] - time to live = 0 for message: message from client[0] to stanza(client[1], 0)
client[4] - Sending message to room stanza(client[3], 0) - msg(110,client[4])
client[3] - stanza(client[3], 0) - Displayed message: msg(110,client[4]) from user client[4]
client[3] - Room: stanza(client[3], 0) - Message received: msg(110,client[4])
client[3] - time to live = 0 for message: message from client[4] to stanza(client[3], 0)
client[0] - Room: stanza(client[3], 0) - Message discarded for I'm not a recipient: 
client[0] - time to live = 0 for message: message from client[4] to stanza(client[3], 0)
client[1] - Sending message to room stanza(client[0], 1) - msg(104,client[1])
client[0] - stanza(client[0], 1) - Displayed message: msg(104,client[1]) from user client[1]
client[0] - Room: stanza(client[0], 1) - Message received: msg(104,client[1])
client[0] - time to live = 0 for message: message from client[1] to stanza(client[0], 1)
client[2] - Room: stanza(client[0], 1) - Message discarded for I'm not a recipient: 
client[2] - time to live = 0 for message: message from client[1] to stanza(client[0], 1)
client[0] - Sending message to room stanza(client[4], 1) - msg(101,client[0])
client[4] - stanza(client[4], 1) - Displayed message: msg(101,client[0]) from user client[0]
client[4] - Room: stanza(client[4], 1) - Message received: msg(101,client[0])
client[4] - time to live = 0 for message: message from client[0] to stanza(client[4], 1)
client[1] - Room: stanza(client[4], 1) - Message discarded for I'm not a recipient: 
client[1] - time to live = 0 for message: message from client[0] to stanza(client[4], 1)
client[4] - Sending message to room stanza(client[0], 1) - msg(111,client[4])
client[3] - Room: stanza(client[0], 1) - Message discarded for I'm not a recipient: 
client[3] - time to live = 0 for message: message from client[4] to stanza(client[0], 1)
client[0] - stanza(client[0], 1) - Displayed message: msg(111,client[4]) from user client[4]
client[0] - Room: stanza(client[0], 1) - Message received: msg(111,client[4])
client[0] - time to live = 0 for message: message from client[4] to stanza(client[0], 1)
client[2] - Sending message to room stanza(client[2], 1) - msg(53,client[2])
client[1] - stanza(client[2], 1) - Displayed message: msg(53,client[2]) from user client[2]
client[1] - Room: stanza(client[2], 1) - Message received: msg(53,client[2])
client[1] - time to live = 0 for message: message from client[2] to stanza(client[2], 1)
client[3] - Room: stanza(client[2], 1) - Message discarded for I'm not a recipient: 
client[3] - time to live = 0 for message: message from client[2] to stanza(client[2], 1)
client[2] - Sending message to room stanza(client[3], 1) - msg(54,client[2])
client[1] - Room: stanza(client[3], 1) - Message discarded for I'm not a recipient: 
client[1] - time to live = 0 for message: message from client[2] to stanza(client[3], 1)
client[3] - stanza(client[3], 1) - Displayed message: msg(54,client[2]) from user client[2]
client[3] - Room: stanza(client[3], 1) - Message received: msg(54,client[2])
client[3] - time to live = 0 for message: message from client[2] to stanza(client[3], 1)
client[1] - Sending message to room stanza(client[0], 2) - msg(105,client[1])
client[0] - stanza(client[0], 2) - Displayed message: msg(105,client[1]) from user client[1]
client[0] - Room: stanza(client[0], 2) - Message received: msg(105,client[1])
client[0] - time to live = 0 for message: message from client[1] to stanza(client[0], 2)
client[2] - Room: stanza(client[0], 2) - Message discarded for I'm not a recipient: 
client[2] - time to live = 0 for message: message from client[1] to stanza(client[0], 2)
client[0] - Sending message to room stanza(client[0], 0) - msg(102,client[0])
client[4] - Room: stanza(client[0], 0) - Message discarded for I'm not a recipient: 
client[4] - time to live = 0 for message: message from client[0] to stanza(client[0], 0)
client[1] - Room: stanza(client[0], 0) - Message discarded for I'm not a recipient: 
client[1] - time to live = 0 for message: message from client[0] to stanza(client[0], 0)
client[3] - Sending message to room stanza(client[3], 3) - msg(77,client[3])
client[2] - Room: stanza(client[3], 3) - Message discarded for I'm not a recipient: 
client[2] - time to live = 0 for message: message from client[3] to stanza(client[3], 3)
client[4] - stanza(client[3], 3) - Displayed message: msg(77,client[3]) from user client[3]
client[4] - Room: stanza(client[3], 3) - Message received: msg(77,client[3])
client[4] - time to live = 0 for message: message from client[3] to stanza(client[3], 3)
client[1] - Sending message to room stanza(client[1], 0) - msg(106,client[1])
client[0] - stanza(client[1], 0) - Displayed message: msg(106,client[1]) from user client[1]
client[0] - Room: stanza(client[1], 0) - Message received: msg(106,client[1])
client[0] - time to live = 0 for message: message from client[1] to stanza(client[1], 0)
client[2] - Room: stanza(client[1], 0) - Message discarded for I'm not a recipient: 
client[2] - time to live = 0 for message: message from client[1] to stanza(client[1], 0)
client[3] - Sending message to room stanza(client[4], 1) - msg(78,client[3])
client[2] - Room: stanza(client[4], 1) - Message discarded for I'm not a recipient: 
client[2] - time to live = 0 for message: message from client[3] to stanza(client[4], 1)
client[4] - stanza(client[4], 1) - Displayed message: msg(78,client[3]) from user client[3]
client[4] - Room: stanza(client[4], 1) - Message received: msg(78,client[3])
client[4] - time to live = 0 for message: message from client[3] to stanza(client[4], 1)
client[1] - Sending message to room stanza(client[2], 0) - msg(107,client[1])
client[0] - Room: stanza(client[2], 0) - Message discarded for I'm not a recipient: 
client[0] - time to live = 0 for message: message from client[1] to stanza(client[2], 0)
client[2] - stanza(client[2], 0) - Displayed message: msg(107,client[1]) from user client[1]
client[2] - Room: stanza(client[2], 0) - Message received: msg(107,client[1])
client[2] - time to live = 0 for message: message from client[1] to stanza(client[2], 0)
client[4] - Sending message to room stanza(client[4], 0) - msg(112,client[4])
client[3] - Room: stanza(client[4], 0) - Message discarded for I'm not a recipient: 
client[3] - time to live = 0 for message: message from client[4] to stanza(client[4], 0)
client[0] - stanza(client[4], 0) - Displayed message: msg(112,client[4]) from user client[4]
client[0] - Room: stanza(client[4], 0) - Message received: msg(112,client[4])
client[0] - time to live = 0 for message: message from client[4] to stanza(client[4], 0)
client[1] - Sending message to room stanza(client[2], 1) - msg(108,client[1])
client[0] - Room: stanza(client[2], 1) - Message discarded for I'm not a recipient: 
client[0] - time to live = 0 for message: message from client[1] to stanza(client[2], 1)
client[2] - stanza(client[2], 1) - Displayed message: msg(108,client[1]) from user client[1]
client[2] - Room: stanza(client[2], 1) - Message received: msg(108,client[1])
client[2] - time to live = 0 for message: message from client[1] to stanza(client[2], 1)
client[0] - Sending message to room stanza(client[1], 0) - msg(103,client[0])
client[4] - Room: stanza(client[1], 0) - Message discarded for I'm not a recipient: 
client[4] - time to live = 0 for message: message from client[0] to stanza(client[1], 0)
client[1] - stanza(client[1], 0) - Displayed message: msg(103,client[0]) from user client[0]
client[1] - Room: stanza(client[1], 0) - Message received: msg(103,client[0])
client[1] - time to live = 0 for message: message from client[0] to stanza(client[1], 0)
client[2] - Sending message to room stanza(client[3], 2) - msg(55,client[2])
client[1] - Room: stanza(client[3], 2) - Message discarded for I'm not a recipient: 
client[1] - time to live = 0 for message: message from client[2] to stanza(client[3], 2)
client[3] - stanza(client[3], 2) - Displayed message: msg(55,client[2]) from user client[2]
client[3] - Room: stanza(client[3], 2) - Message received: msg(55,client[2])
client[3] - time to live = 0 for message: message from client[2] to stanza(client[3], 2)
client[4] - Sending message to room stanza(client[3], 1) - msg(113,client[4])
client[3] - stanza(client[3], 1) - Displayed message: msg(113,client[4]) from user client[4]
client[3] - Room: stanza(client[3], 1) - Message received: msg(113,client[4])
client[3] - time to live = 0 for message: message from client[4] to stanza(client[3], 1)
client[0] - Room: stanza(client[3], 1) - Message discarded for I'm not a recipient: 
client[0] - time to live = 0 for message: message from client[4] to stanza(client[3], 1)
client[0] - Sending message to room stanza(client[0], 0) - msg(104,client[0])
client[4] - Room: stanza(client[0], 0) - Message discarded for I'm not a recipient: 
client[4] - time to live = 0 for message: message from client[0] to stanza(client[0], 0)
client[1] - Room: stanza(client[0], 0) - Message discarded for I'm not a recipient: 
client[1] - time to live = 0 for message: message from client[0] to stanza(client[0], 0)
client[2] - Sending message to room stanza(client[3], 1) - msg(56,client[2])
client[1] - Room: stanza(client[3], 1) - Message discarded for I'm not a recipient: 
client[1] - time to live = 0 for message: message from client[2] to stanza(client[3], 1)
client[3] - stanza(client[3], 1) - Displayed message: msg(56,client[2]) from user client[2]
client[3] - Room: stanza(client[3], 1) - Message received: msg(56,client[2])
client[3] - time to live = 0 for message: message from client[2] to stanza(client[3], 1)
client[0] - Sending message to room stanza(client[4], 0) - msg(105,client[0])
client[4] - stanza(client[4], 0) - Displayed message: msg(105,client[0]) from user client[0]
client[4] - Room: stanza(client[4], 0) - Message received: msg(105,client[0])
client[4] - time to live = 0 for message: message from client[0] to stanza(client[4], 0)
client[1] - Room: stanza(client[4], 0) - Message discarded for I'm not a recipient: 
client[1] - time to live = 0 for message: message from client[0] to stanza(client[4], 0)
client[4] - Sending message to room stanza(client[0], 1) - msg(114,client[4])
client[3] - Room: stanza(client[0], 1) - Message discarded for I'm not a recipient: 
client[3] - time to live = 0 for message: message from client[4] to stanza(client[0], 1)
client[0] - stanza(client[0], 1) - Displayed message: msg(114,client[4]) from user client[4]
client[0] - Room: stanza(client[0], 1) - Message received: msg(114,client[4])
client[0] - time to live = 0 for message: message from client[4] to stanza(client[0], 1)
client[0] - Sending message to room stanza(client[1], 0) - msg(106,client[0])
client[4] - Room: stanza(client[1], 0) - Message discarded for I'm not a recipient: 
client[4] - time to live = 0 for message: message from client[0] to stanza(client[1], 0)
client[1] - stanza(client[1], 0) - Displayed message: msg(106,client[0]) from user client[0]
client[1] - Room: stanza(client[1], 0) - Message received: msg(106,client[0])
client[1] - time to live = 0 for message: message from client[0] to stanza(client[1], 0)
client[1] - Sending message to room stanza(client[0], 2) - msg(109,client[1])
client[0] - stanza(client[0], 2) - Displayed message: msg(109,client[1]) from user client[1]
client[0] - Room: stanza(client[0], 2) - Message received: msg(109,client[1])
client[0] - time to live = 0 for message: message from client[1] to stanza(client[0], 2)
client[2] - Room: stanza(client[0], 2) - Message discarded for I'm not a recipient: 
client[2] - time to live = 0 for message: message from client[1] to stanza(client[0], 2)
client[2] - Sending message to room stanza(client[2], 0) - msg(57,client[2])
client[1] - stanza(client[2], 0) - Displayed message: msg(57,client[2]) from user client[2]
client[1] - Room: stanza(client[2], 0) - Message received: msg(57,client[2])
client[1] - time to live = 0 for message: message from client[2] to stanza(client[2], 0)
client[3] - Room: stanza(client[2], 0) - Message discarded for I'm not a recipient: 
client[3] - time to live = 0 for message: message from client[2] to stanza(client[2], 0)
client[3] - Sending message to room stanza(client[4], 1) - msg(79,client[3])
client[2] - Room: stanza(client[4], 1) - Message discarded for I'm not a recipient: 
client[2] - time to live = 0 for message: message from client[3] to stanza(client[4], 1)
client[4] - stanza(client[4], 1) - Displayed message: msg(79,client[3]) from user client[3]
client[4] - Room: stanza(client[4], 1) - Message received: msg(79,client[3])
client[4] - time to live = 0 for message: message from client[3] to stanza(client[4], 1)
client[4] - Sending message to room stanza(client[3], 1) - msg(115,client[4])
client[3] - stanza(client[3], 1) - Displayed message: msg(115,client[4]) from user client[4]
client[3] - Room: stanza(client[3], 1) - Message received: msg(115,client[4])
client[3] - time to live = 0 for message: message from client[4] to stanza(client[3], 1)
client[0] - Room: stanza(client[3], 1) - Message discarded for I'm not a recipient: 
client[0] - time to live = 0 for message: message from client[4] to stanza(client[3], 1)
client[3] - Sending message to room stanza(client[2], 2) - msg(80,client[3])
client[2] - stanza(client[2], 2) - Displayed message: msg(80,client[3]) from user client[3]
client[2] - Room: stanza(client[2], 2) - Message received: msg(80,client[3])
client[2] - time to live = 0 for message: message from client[3] to stanza(client[2], 2)
client[4] - Room: stanza(client[2], 2) - Message discarded for I'm not a recipient: 
client[4] - time to live = 0 for message: message from client[3] to stanza(client[2], 2)
client[0] - Sending message to room stanza(client[0], 2) - msg(107,client[0])
client[4] - Room: stanza(client[0], 2) - Message received: msg(107,client[0])
client[4] - time to live = 0 for message: message from client[0] to stanza(client[0], 2)
client[1] - Room: stanza(client[0], 2) - Message received: msg(107,client[0])
client[1] - time to live = 0 for message: message from client[0] to stanza(client[0], 2)
client[2] - Sending message to room stanza(client[3], 2) - msg(58,client[2])
client[1] - Room: stanza(client[3], 2) - Message discarded for I'm not a recipient: 
client[1] - time to live = 0 for message: message from client[2] to stanza(client[3], 2)
client[3] - stanza(client[3], 2) - Displayed message: msg(58,client[2]) from user client[2]
client[3] - Room: stanza(client[3], 2) - Message received: msg(58,client[2])
client[3] - time to live = 0 for message: message from client[2] to stanza(client[3], 2)
client[0] - Sending message to room stanza(client[4], 1) - msg(108,client[0])
client[4] - stanza(client[4], 1) - Displayed message: msg(108,client[0]) from user client[0]
client[4] - Room: stanza(client[4], 1) - Message received: msg(108,client[0])
client[4] - time to live = 0 for message: message from client[0] to stanza(client[4], 1)
client[1] - Room: stanza(client[4], 1) - Message discarded for I'm not a recipient: 
client[1] - time to live = 0 for message: message from client[0] to stanza(client[4], 1)
client[1] - Sending message to room stanza(client[0], 1) - msg(110,client[1])
client[0] - stanza(client[0], 1) - Displayed message: msg(110,client[1]) from user client[1]
client[0] - Room: stanza(client[0], 1) - Message received: msg(110,client[1])
client[0] - time to live = 0 for message: message from client[1] to stanza(client[0], 1)
client[2] - Room: stanza(client[0], 1) - Message discarded for I'm not a recipient: 
client[2] - time to live = 0 for message: message from client[1] to stanza(client[0], 1)
client[3] - Sending message to room stanza(client[3], 3) - msg(81,client[3])
client[2] - Room: stanza(client[3], 3) - Message discarded for I'm not a recipient: 
client[2] - time to live = 0 for message: message from client[3] to stanza(client[3], 3)
client[4] - stanza(client[3], 3) - Displayed message: msg(81,client[3]) from user client[3]
client[4] - Room: stanza(client[3], 3) - Message received: msg(81,client[3])
client[4] - time to live = 0 for message: message from client[3] to stanza(client[3], 3)
client[2] - Sending message to room stanza(client[3], 2) - msg(59,client[2])
client[1] - Room: stanza(client[3], 2) - Message discarded for I'm not a recipient: 
client[1] - time to live = 0 for message: message from client[2] to stanza(client[3], 2)
client[3] - stanza(client[3], 2) - Displayed message: msg(59,client[2]) from user client[2]
client[3] - Room: stanza(client[3], 2) - Message received: msg(59,client[2])
client[3] - time to live = 0 for message: message from client[2] to stanza(client[3], 2)
client[0] - Sending message to room stanza(client[0], 0) - msg(109,client[0])
client[4] - Room: stanza(client[0], 0) - Message discarded for I'm not a recipient: 
client[4] - time to live = 0 for message: message from client[0] to stanza(client[0], 0)
client[1] - Room: stanza(client[0], 0) - Message discarded for I'm not a recipient: 
client[1] - time to live = 0 for message: message from client[0] to stanza(client[0], 0)
client[3] - Sending message to room stanza(client[2], 2) - msg(82,client[3])
client[2] - stanza(client[2], 2) - Displayed message: msg(82,client[3]) from user client[3]
client[2] - Room: stanza(client[2], 2) - Message received: msg(82,client[3])
client[2] - time to live = 0 for message: message from client[3] to stanza(client[2], 2)
client[4] - Room: stanza(client[2], 2) - Message discarded for I'm not a recipient: 
client[4] - time to live = 0 for message: message from client[3] to stanza(client[2], 2)
client[1] - Sending message to room stanza(client[2], 0) - msg(111,client[1])
client[0] - Room: stanza(client[2], 0) - Message discarded for I'm not a recipient: 
client[0] - time to live = 0 for message: message from client[1] to stanza(client[2], 0)
client[2] - stanza(client[2], 0) - Displayed message: msg(111,client[1]) from user client[1]
client[2] - Room: stanza(client[2], 0) - Message received: msg(111,client[1])
client[2] - time to live = 0 for message: message from client[1] to stanza(client[2], 0)
client[0] - Sending message to room stanza(client[0], 0) - msg(110,client[0])
client[4] - Room: stanza(client[0], 0) - Message discarded for I'm not a recipient: 
client[4] - time to live = 0 for message: message from client[0] to stanza(client[0], 0)
client[1] - Room: stanza(client[0], 0) - Message discarded for I'm not a recipient: 
client[1] - time to live = 0 for message: message from client[0] to stanza(client[0], 0)
client[1] - Sending message to room stanza(client[0], 2) - msg(112,client[1])
client[0] - stanza(client[0], 2) - Displayed message: msg(112,client[1]) from user client[1]
client[0] - Room: stanza(client[0], 2) - Message received: msg(112,client[1])
client[0] - time to live = 0 for message: message from client[1] to stanza(client[0], 2)
client[2] - Room: stanza(client[0], 2) - Message discarded for I'm not a recipient: 
client[2] - time to live = 0 for message: message from client[1] to stanza(client[0], 2)
client[4] - Sending message to room stanza(client[3], 3) - msg(116,client[4])
client[3] - stanza(client[3], 3) - Displayed message: msg(116,client[4]) from user client[4]
client[3] - Room: stanza(client[3], 3) - Message received: msg(116,client[4])
client[3] - time to live = 0 for message: message from client[4] to stanza(client[3], 3)
client[0] - Room: stanza(client[3], 3) - Message discarded for I'm not a recipient: 
client[0] - time to live = 0 for message: message from client[4] to stanza(client[3], 3)
client[2] - Sending message to room stanza(client[3], 1) - msg(60,client[2])
client[1] - Room: stanza(client[3], 1) - Message discarded for I'm not a recipient: 
client[1] - time to live = 0 for message: message from client[2] to stanza(client[3], 1)
client[3] - stanza(client[3], 1) - Displayed message: msg(60,client[2]) from user client[2]
client[3] - Room: stanza(client[3], 1) - Message received: msg(60,client[2])
client[3] - time to live = 0 for message: message from client[2] to stanza(client[3], 1)
client[3] - Sent room creation: stanza(client[3], 4) with: client[3],client[4]
client[2] - Room: stanza(client[3], 4) - Message discarded for I'm not a recipient: 
client[2] - time to live = 0 for message: creation of room stanza(client[3], 4)
client[4] - Room created: stanza(client[3], 4)
client[4] - time to live = 0 for message: creation of room stanza(client[3], 4)
client[4] - Sent room creation: stanza(client[4], 2) with: client[4],client[0]
client[3] - Room: stanza(client[4], 2) - Message discarded for I'm not a recipient: 
client[3] - time to live = 0 for message: creation of room stanza(client[4], 2)
client[0] - Room created: stanza(client[4], 2)
client[0] - time to live = 0 for message: creation of room stanza(client[4], 2)
client[1] - Sending message to room stanza(client[0], 1) - msg(113,client[1])
client[0] - stanza(client[0], 1) - Displayed message: msg(113,client[1]) from user client[1]
client[0] - Room: stanza(client[0], 1) - Message received: msg(113,client[1])
client[0] - time to live = 0 for message: message from client[1] to stanza(client[0], 1)
client[2] - Room: stanza(client[0], 1) - Message discarded for I'm not a recipient: 
client[2] - time to live = 0 for message: message from client[1] to stanza(client[0], 1)
client[2] - Sending message to room stanza(client[3], 1) - msg(61,client[2])
client[1] - Room: stanza(client[3], 1) - Message discarded for I'm not a recipient: 
client[1] - time to live = 0 for message: message from client[2] to stanza(client[3], 1)
client[3] - stanza(client[3], 1) - Displayed message: msg(61,client[2]) from user client[2]
client[3] - Room: stanza(client[3], 1) - Message received: msg(61,client[2])
client[3] - time to live = 0 for message: message from client[2] to stanza(client[3], 1)
client[4] - Sending message to room stanza(client[4], 2) - msg(117,client[4])
client[3] - Room: stanza(client[4], 2) - Message discarded for I'm not a recipient: 
client[3] - time to live = 0 for message: message from client[4] to stanza(client[4], 2)
client[0] - stanza(client[4], 2) - Displayed message: msg(117,client[4]) from user client[4]
client[0] - Room: stanza(client[4], 2) - Message received: msg(117,client[4])
client[0] - time to live = 0 for message: message from client[4] to stanza(client[4], 2)
client[3] - Sending message to room stanza(client[3], 0) - msg(83,client[3])
client[2] - Room: stanza(client[3], 0) - Message discarded for I'm not a recipient: 
client[2] - time to live = 0 for message: message from client[3] to stanza(client[3], 0)
client[4] - stanza(client[3], 0) - Displayed message: msg(83,client[3]) from user client[3]
client[4] - Room: stanza(client[3], 0) - Message received: msg(83,client[3])
client[4] - time to live = 0 for message: message from client[3] to stanza(client[3], 0)
client[1] - Sending message to room stanza(client[2], 1) - msg(114,client[1])
client[0] - Room: stanza(client[2], 1) - Message discarded for I'm not a recipient: 
client[0] - time to live = 0 for message: message from client[1] to stanza(client[2], 1)
client[2] - stanza(client[2], 1) - Displayed message: msg(114,client[1]) from user client[1]
client[2] - Room: stanza(client[2], 1) - Message received: msg(114,client[1])
client[2] - time to live = 0 for message: message from client[1] to stanza(client[2], 1)
client[0] - Sending message to room stanza(client[0], 2) - msg(111,client[0])
client[4] - Room: stanza(client[0], 2) - Message received: msg(111,client[0])
client[4] - time to live = 0 for message: message from client[0] to stanza(client[0], 2)
client[1] - Room: stanza(client[0], 2) - Message received: msg(111,client[0])
client[1] - time to live = 0 for message: message from client[0] to stanza(client[0], 2)
client[3] - Sending message to room stanza(client[4], 1) - msg(84,client[3])
client[2] - Room: stanza(client[4], 1) - Message discarded for I'm not a recipient: 
client[2] - time to live = 0 for message: message from client[3] to stanza(client[4], 1)
client[4] - stanza(client[4], 1) - Displayed message: msg(84,client[3]) from user client[3]
client[4] - Room: stanza(client[4], 1) - Message received: msg(84,client[3])
client[4] - time to live = 0 for message: message from client[3] to stanza(client[4], 1)
client[1] - Sending message to room stanza(client[2], 1) - msg(115,client[1])
client[0] - Room: stanza(client[2], 1) - Message discarded for I'm not a recipient: 
client[0] - time to live = 0 for message: message from client[1] to stanza(client[2], 1)
client[2] - stanza(client[2], 1) - Displayed message: msg(115,client[1]) from user client[1]
client[2] - Room: stanza(client[2], 1) - Message received: msg(115,client[1])
client[2] - time to live = 0 for message: message from client[1] to stanza(client[2], 1)
client[4] - Sending message to room stanza(client[0], 2) - msg(118,client[4])
client[3] - Room: stanza(client[0], 2) - Message discarded for I'm not a recipient: 
client[3] - time to live = 0 for message: message from client[4] to stanza(client[0], 2)
client[0] - stanza(client[0], 2) - Displayed message: msg(118,client[4]) from user client[4]
client[0] - Room: stanza(client[0], 2) - Message received: msg(118,client[4])
client[0] - time to live = 0 for message: message from client[4] to stanza(client[0], 2)
client[0] - Sending message to room stanza(client[0], 1) - msg(112,client[0])
client[4] - Asked for message: 1 - Room: stanza(client[0], 1)
client[4] - Asked for message: 1 - Room: stanza(client[0], 1)
client[4] - Asked for message: 1 - Room: stanza(client[0], 1)
client[4] - Asked for message: 52 - Room: stanza(client[0], 1)
client[4] - Asked for message: 1 - Room: stanza(client[0], 1)
client[4] - time to live = 0 for message: message from client[0] to stanza(client[0], 1)
client[1] - Asked for message: 1 - Room: stanza(client[0], 1)
client[1] - Asked for message: 1 - Room: stanza(client[0], 1)
client[1] - Asked for message: 1 - Room: stanza(client[0], 1)
client[1] - Asked for message: 1 - Room: stanza(client[0], 1)
client[1] - Asked for message: 52 - Room: stanza(client[0], 1)
client[1] - time to live = 0 for message: message from client[0] to stanza(client[0], 1)
client[3] - Room: stanza(client[0], 1) - Message discarded for I'm not a recipient: 
client[3] - time to live = 0 for message: ask message for missing message 1
NOT IMPLEMENTED YET
client[0] - Room: stanza(client[0], 1) - Asked for message: 1
client[0] - time to live = 0 for message: ask message for missing message 1
client[3] - Room: stanza(client[0], 1) - Message discarded for I'm not a recipient: 
client[3] - time to live = 0 for message: ask message for missing message 1
NOT IMPLEMENTED YET
client[0] - Room: stanza(client[0], 1) - Asked for message: 1
client[0] - time to live = 0 for message: ask message for missing message 1
client[3] - Room: stanza(client[0], 1) - Message discarded for I'm not a recipient: 
client[3] - time to live = 0 for message: ask message for missing message 1
NOT IMPLEMENTED YET
client[0] - Room: stanza(client[0], 1) - Asked for message: 1
client[0] - time to live = 0 for message: ask message for missing message 1
client[3] - Room: stanza(client[0], 1) - Message discarded for I'm not a recipient: 
client[3] - time to live = 0 for message: ask message for missing message 52
NOT IMPLEMENTED YET
client[0] - Room: stanza(client[0], 1) - Asked for message: 52
client[0] - time to live = 0 for message: ask message for missing message 52
client[3] - Room: stanza(client[0], 1) - Message discarded for I'm not a recipient: 
client[3] - time to live = 0 for message: ask message for missing message 1
NOT IMPLEMENTED YET
client[0] - Room: stanza(client[0], 1) - Asked for message: 1
client[0] - time to live = 0 for message: ask message for missing message 1
NOT IMPLEMENTED YET
client[0] - Room: stanza(client[0], 1) - Asked for message: 1
client[0] - time to live = 0 for message: ask message for missing message 1
client[2] - Room: stanza(client[0], 1) - Message discarded for I'm not a recipient: 
client[2] - time to live = 0 for message: ask message for missing message 1
NOT IMPLEMENTED YET
client[0] - Room: stanza(client[0], 1) - Asked for message: 1
client[0] - time to live = 0 for message: ask message for missing message 1
client[2] - Room: stanza(client[0], 1) - Message discarded for I'm not a recipient: 
client[2] - time to live = 0 for message: ask message for missing message 1
NOT IMPLEMENTED YET
client[0] - Room: stanza(client[0], 1) - Asked for message: 1
client[0] - time to live = 0 for message: ask message for missing message 1
client[2] - Room: stanza(client[0], 1) - Message discarded for I'm not a recipient: 
client[2] - time to live = 0 for message: ask message for missing message 1
NOT IMPLEMENTED YET
client[0] - Room: stanza(client[0], 1) - Asked for message: 1
client[0] - time to live = 0 for message: ask message for missing message 1
client[2] - Room: stanza(client[0], 1) - Message discarded for I'm not a recipient: 
client[2] - time to live = 0 for message: ask message for missing message 1
NOT IMPLEMENTED YET
client[0] - Room: stanza(client[0], 1) - Asked for message: 52
client[0] - time to live = 0 for message: ask message for missing message 52
client[2] - Room: stanza(client[0], 1) - Message discarded for I'm not a recipient: 
client[2] - time to live = 0 for message: ask message for missing message 52
client[0] - Sending message to room stanza(client[0], 2) - msg(113,client[0])
client[4] - Room: stanza(client[0], 2) - Message received: msg(113,client[0])
client[4] - time to live = 0 for message: message from client[0] to stanza(client[0], 2)
client[1] - Room: stanza(client[0], 2) - Message received: msg(113,client[0])
client[1] - time to live = 0 for message: message from client[0] to stanza(client[0], 2)
client[2] - Sending message to room stanza(client[3], 1) - msg(62,client[2])
client[1] - Room: stanza(client[3], 1) - Message discarded for I'm not a recipient: 
client[1] - time to live = 0 for message: message from client[2] to stanza(client[3], 1)
client[3] - stanza(client[3], 1) - Displayed message: msg(62,client[2]) from user client[2]
client[3] - Room: stanza(client[3], 1) - Message received: msg(62,client[2])
client[3] - time to live = 0 for message: message from client[2] to stanza(client[3], 1)
client[3] - Sending message to room stanza(client[2], 2) - msg(85,client[3])
client[2] - stanza(client[2], 2) - Displayed message: msg(85,client[3]) from user client[3]
client[2] - Room: stanza(client[2], 2) - Message received: msg(85,client[3])
client[2] - time to live = 0 for message: message from client[3] to stanza(client[2], 2)
client[4] - Room: stanza(client[2], 2) - Message discarded for I'm not a recipient: 
client[4] - time to live = 0 for message: message from client[3] to stanza(client[2], 2)
client[4] - Sending message to room stanza(client[4], 2) - msg(119,client[4])
client[3] - Room: stanza(client[4], 2) - Message discarded for I'm not a recipient: 
client[3] - time to live = 0 for message: message from client[4] to stanza(client[4], 2)
client[0] - stanza(client[4], 2) - Displayed message: msg(119,client[4]) from user client[4]
client[0] - Room: stanza(client[4], 2) - Message received: msg(119,client[4])
client[0] - time to live = 0 for message: message from client[4] to stanza(client[4], 2)
client[3] - Sending message to room stanza(client[3], 0) - msg(86,client[3])
client[2] - Room: stanza(client[3], 0) - Message discarded for I'm not a recipient: 
client[2] - time to live = 0 for message: message from client[3] to stanza(client[3], 0)
client[4] - stanza(client[3], 0) - Displayed message: msg(86,client[3]) from user client[3]
client[4] - Room: stanza(client[3], 0) - Message received: msg(86,client[3])
client[4] - time to live = 0 for message: message from client[3] to stanza(client[3], 0)
client[3] - Sending message to room stanza(client[4], 1) - msg(87,client[3])
client[2] - Room: stanza(client[4], 1) - Message discarded for I'm not a recipient: 
client[2] - time to live = 0 for message: message from client[3] to stanza(client[4], 1)
client[4] - stanza(client[4], 1) - Displayed message: msg(87,client[3]) from user client[3]
client[4] - Room: stanza(client[4], 1) - Message received: msg(87,client[3])
client[4] - time to live = 0 for message: message from client[3] to stanza(client[4], 1)
client[4] - Sending message to room stanza(client[3], 1) - msg(120,client[4])
client[3] - stanza(client[3], 1) - Displayed message: msg(120,client[4]) from user client[4]
client[3] - Room: stanza(client[3], 1) - Message received: msg(120,client[4])
client[3] - time to live = 0 for message: message from client[4] to stanza(client[3], 1)
client[0] - Room: stanza(client[3], 1) - Message discarded for I'm not a recipient: 
client[0] - time to live = 0 for message: message from client[4] to stanza(client[3], 1)
client[2] - Sending message to room stanza(client[2], 2) - msg(63,client[2])
client[1] - Room: stanza(client[2], 2) - Message discarded for I'm not a recipient: 
client[1] - time to live = 0 for message: message from client[2] to stanza(client[2], 2)
client[3] - stanza(client[2], 2) - Displayed message: msg(63,client[2]) from user client[2]
client[3] - Room: stanza(client[2], 2) - Message received: msg(63,client[2])
client[3] - time to live = 0 for message: message from client[2] to stanza(client[2], 2)
client[3] - Sending message to room stanza(client[3], 0) - msg(88,client[3])
client[2] - Room: stanza(client[3], 0) - Message discarded for I'm not a recipient: 
client[2] - time to live = 0 for message: message from client[3] to stanza(client[3], 0)
client[4] - stanza(client[3], 0) - Displayed message: msg(88,client[3]) from user client[3]
client[4] - Room: stanza(client[3], 0) - Message received: msg(88,client[3])
client[4] - time to live = 0 for message: message from client[3] to stanza(client[3], 0)
client[0] - Sending message to room stanza(client[0], 2) - msg(114,client[0])
client[4] - Room: stanza(client[0], 2) - Message received: msg(114,client[0])
client[4] - time to live = 0 for message: message from client[0] to stanza(client[0], 2)
client[1] - Room: stanza(client[0], 2) - Message received: msg(114,client[0])
client[1] - time to live = 0 for message: message from client[0] to stanza(client[0], 2)
client[4] - Sending message to room stanza(client[3], 3) - msg(121,client[4])
client[3] - stanza(client[3], 3) - Displayed message: msg(121,client[4]) from user client[4]
client[3] - Room: stanza(client[3], 3) - Message received: msg(121,client[4])
client[3] - time to live = 0 for message: message from client[4] to stanza(client[3], 3)
client[0] - Room: stanza(client[3], 3) - Message discarded for I'm not a recipient: 
client[0] - time to live = 0 for message: message from client[4] to stanza(client[3], 3)
client[3] - Sending message to room stanza(client[3], 3) - msg(89,client[3])
client[2] - Room: stanza(client[3], 3) - Message discarded for I'm not a recipient: 
client[2] - time to live = 0 for message: message from client[3] to stanza(client[3], 3)
client[4] - stanza(client[3], 3) - Displayed message: msg(89,client[3]) from user client[3]
client[4] - Room: stanza(client[3], 3) - Message received: msg(89,client[3])
client[4] - time to live = 0 for message: message from client[3] to stanza(client[3], 3)
client[2] - Sending message to room stanza(client[3], 2) - msg(64,client[2])
client[1] - Room: stanza(client[3], 2) - Message discarded for I'm not a recipient: 
client[1] - time to live = 0 for message: message from client[2] to stanza(client[3], 2)
client[3] - stanza(client[3], 2) - Displayed message: msg(64,client[2]) from user client[2]
client[3] - Room: stanza(client[3], 2) - Message received: msg(64,client[2])
client[3] - time to live = 0 for message: message from client[2] to stanza(client[3], 2)
client[1] - Sending message to room stanza(client[0], 2) - msg(116,client[1])
client[0] - stanza(client[0], 2) - Displayed message: msg(116,client[1]) from user client[1]
client[0] - Room: stanza(client[0], 2) - Message received: msg(116,client[1])
client[0] - time to live = 0 for message: message from client[1] to stanza(client[0], 2)
client[2] - Room: stanza(client[0], 2) - Message discarded for I'm not a recipient: 
client[2] - time to live = 0 for message: message from client[1] to stanza(client[0], 2)
client[0] - Sending message to room stanza(client[4], 2) - msg(115,client[0])
client[4] - stanza(client[4], 2) - Displayed message: msg(115,client[0]) from user client[0]
client[4] - Room: stanza(client[4], 2) - Message received: msg(115,client[0])
client[4] - time to live = 0 for message: message from client[0] to stanza(client[4], 2)
client[1] - Room: stanza(client[4], 2) - Message discarded for I'm not a recipient: 
client[1] - time to live = 0 for message: message from client[0] to stanza(client[4], 2)
client[3] - Sending message to room stanza(client[3], 2) - msg(90,client[3])
client[2] - stanza(client[3], 2) - Displayed message: msg(90,client[3]) from user client[3]
client[2] - Room: stanza(client[3], 2) - Message received: msg(90,client[3])
client[2] - time to live = 0 for message: message from client[3] to stanza(client[3], 2)
client[4] - Room: stanza(client[3], 2) - Message discarded for I'm not a recipient: 
client[4] - time to live = 0 for message: message from client[3] to stanza(client[3], 2)
client[4] - Sending message to room stanza(client[4], 1) - msg(122,client[4])
client[3] - Room: stanza(client[4], 1) - Message received: msg(122,client[4])
client[3] - time to live = 0 for message: message from client[4] to stanza(client[4], 1)
client[0] - Room: stanza(client[4], 1) - Message received: msg(122,client[4])
client[0] - time to live = 0 for message: message from client[4] to stanza(client[4], 1)
client[3] - Sending message to room stanza(client[3], 3) - msg(91,client[3])
client[2] - Room: stanza(client[3], 3) - Message discarded for I'm not a recipient: 
client[2] - time to live = 0 for message: message from client[3] to stanza(client[3], 3)
client[4] - stanza(client[3], 3) - Displayed message: msg(91,client[3]) from user client[3]
client[4] - Room: stanza(client[3], 3) - Message received: msg(91,client[3])
client[4] - time to live = 0 for message: message from client[3] to stanza(client[3], 3)
client[2] - Sending message to room stanza(client[2], 1) - msg(65,client[2])
client[1] - stanza(client[2], 1) - Displayed message: msg(65,client[2]) from user client[2]
client[1] - Room: stanza(client[2], 1) - Message received: msg(65,client[2])
client[1] - time to live = 0 for message: message from client[2] to stanza(client[2], 1)
client[3] - Room: stanza(client[2], 1) - Message discarded for I'm not a recipient: 
client[3] - time to live = 0 for message: message from client[2] to stanza(client[2], 1)
client[4] - Sending message to room stanza(client[3], 3) - msg(123,client[4])
client[3] - stanza(client[3], 3) - Displayed message: msg(123,client[4]) from user client[4]
client[3] - Room: stanza(client[3], 3) - Message received: msg(123,client[4])
client[3] - time to live = 0 for message: message from client[4] to stanza(client[3], 3)
client[0] - Room: stanza(client[3], 3) - Message discarded for I'm not a recipient: 
client[0] - time to live = 0 for message: message from client[4] to stanza(client[3], 3)
client[1] - Sending message to room stanza(client[2], 1) - msg(117,client[1])
client[0] - Room: stanza(client[2], 1) - Message discarded for I'm not a recipient: 
client[0] - time to live = 0 for message: message from client[1] to stanza(client[2], 1)
client[2] - stanza(client[2], 1) - Displayed message: msg(117,client[1]) from user client[1]
client[2] - Room: stanza(client[2], 1) - Message received: msg(117,client[1])
client[2] - time to live = 0 for message: message from client[1] to stanza(client[2], 1)
client[2] - Sending message to room stanza(client[3], 2) - msg(66,client[2])
client[1] - Room: stanza(client[3], 2) - Message discarded for I'm not a recipient: 
client[1] - time to live = 0 for message: message from client[2] to stanza(client[3], 2)
client[3] - stanza(client[3], 2) - Displayed message: msg(66,client[2]) from user client[2]
client[3] - Room: stanza(client[3], 2) - Message received: msg(66,client[2])
client[3] - time to live = 0 for message: message from client[2] to stanza(client[3], 2)
client[3] - Sending message to room stanza(client[2], 2) - msg(92,client[3])
client[2] - stanza(client[2], 2) - Displayed message: msg(92,client[3]) from user client[3]
client[2] - Room: stanza(client[2], 2) - Message received: msg(92,client[3])
client[2] - time to live = 0 for message: message from client[3] to stanza(client[2], 2)
client[4] - Room: stanza(client[2], 2) - Message discarded for I'm not a recipient: 
client[4] - time to live = 0 for message: message from client[3] to stanza(client[2], 2)
client[3] - Sent room creation: stanza(client[3], 5) with: client[3],client[4],client[1],client[0]
client[2] - Room: stanza(client[3], 5) - Message discarded for I'm not a recipient: 
client[2] - time to live = 0 for message: creation of room stanza(client[3], 5)
client[4] - Room created: stanza(client[3], 5)
client[4] - time to live = 0 for message: creation of room stanza(client[3], 5)
client[1] - Sending message to room stanza(client[0], 1) - msg(118,client[1])
client[0] - stanza(client[0], 1) - Displayed message: msg(118,client[1]) from user client[1]
client[0] - Room: stanza(client[0], 1) - Message received: msg(118,client[1])
client[0] - time to live = 0 for message: message from client[1] to stanza(client[0], 1)
client[2] - Room: stanza(client[0], 1) - Message discarded for I'm not a recipient: 
client[2] - time to live = 0 for message: message from client[1] to stanza(client[0], 1)
client[0] - Sending message to room stanza(client[1], 0) - msg(116,client[0])
client[4] - Room: stanza(client[1], 0) - Message discarded for I'm not a recipient: 
client[4] - time to live = 0 for message: message from client[0] to stanza(client[1], 0)
client[1] - stanza(client[1], 0) - Displayed message: msg(116,client[0]) from user client[0]
client[1] - Room: stanza(client[1], 0) - Message received: msg(116,client[0])
client[1] - time to live = 0 for message: message from client[0] to stanza(client[1], 0)
client[3] - Sending message to room stanza(client[3], 0) - msg(93,client[3])
client[2] - Room: stanza(client[3], 0) - Message discarded for I'm not a recipient: 
client[2] - time to live = 0 for message: message from client[3] to stanza(client[3], 0)
client[4] - stanza(client[3], 0) - Displayed message: msg(93,client[3]) from user client[3]
client[4] - Room: stanza(client[3], 0) - Message received: msg(93,client[3])
client[4] - time to live = 0 for message: message from client[3] to stanza(client[3], 0)
client[4] - Sending message to room stanza(client[4], 2) - msg(124,client[4])
client[3] - Room: stanza(client[4], 2) - Message discarded for I'm not a recipient: 
client[3] - time to live = 0 for message: message from client[4] to stanza(client[4], 2)
client[0] - stanza(client[4], 2) - Displayed message: msg(124,client[4]) from user client[4]
client[0] - Room: stanza(client[4], 2) - Message received: msg(124,client[4])
client[0] - time to live = 0 for message: message from client[4] to stanza(client[4], 2)
client[2] - Sending message to room stanza(client[2], 1) - msg(67,client[2])
client[1] - stanza(client[2], 1) - Displayed message: msg(67,client[2]) from user client[2]
client[1] - Room: stanza(client[2], 1) - Message received: msg(67,client[2])
client[1] - time to live = 0 for message: message from client[2] to stanza(client[2], 1)
client[3] - Room: stanza(client[2], 1) - Message discarded for I'm not a recipient: 
client[3] - time to live = 0 for message: message from client[2] to stanza(client[2], 1)
client[1] - Sending message to room stanza(client[2], 0) - msg(119,client[1])
client[0] - Room: stanza(client[2], 0) - Message discarded for I'm not a recipient: 
client[0] - time to live = 0 for message: message from client[1] to stanza(client[2], 0)
client[2] - stanza(client[2], 0) - Displayed message: msg(119,client[1]) from user client[1]
client[2] - Room: stanza(client[2], 0) - Message received: msg(119,client[1])
client[2] - time to live = 0 for message: message from client[1] to stanza(client[2], 0)
client[1] - Sending message to room stanza(client[0], 2) - msg(120,client[1])
client[0] - stanza(client[0], 2) - Displayed message: msg(120,client[1]) from user client[1]
client[0] - Room: stanza(client[0], 2) - Message received: msg(120,client[1])
client[0] - time to live = 0 for message: message from client[1] to stanza(client[0], 2)
client[2] - Room: stanza(client[0], 2) - Message discarded for I'm not a recipient: 
client[2] - time to live = 0 for message: message from client[1] to stanza(client[0], 2)
client[3] - Sending message to room stanza(client[3], 1) - msg(94,client[3])
client[2] - Room: stanza(client[3], 1) - Message received: msg(94,client[3])
client[2] - time to live = 0 for message: message from client[3] to stanza(client[3], 1)
client[4] - Room: stanza(client[3], 1) - Message received: msg(94,client[3])
client[4] - time to live = 0 for message: message from client[3] to stanza(client[3], 1)
client[2] - Sending message to room stanza(client[2], 1) - msg(68,client[2])
client[1] - stanza(client[2], 1) - Displayed message: msg(68,client[2]) from user client[2]
client[1] - Room: stanza(client[2], 1) - Message received: msg(68,client[2])
client[1] - time to live = 0 for message: message from client[2] to stanza(client[2], 1)
client[3] - Room: stanza(client[2], 1) - Message discarded for I'm not a recipient: 
client[3] - time to live = 0 for message: message from client[2] to stanza(client[2], 1)
client[3] - Sending message to room stanza(client[3], 2) - msg(95,client[3])
client[2] - stanza(client[3], 2) - Displayed message: msg(95,client[3]) from user client[3]
client[2] - Room: stanza(client[3], 2) - Message received: msg(95,client[3])
client[2] - time to live = 0 for message: message from client[3] to stanza(client[3], 2)
client[4] - Room: stanza(client[3], 2) - Message discarded for I'm not a recipient: 
client[4] - time to live = 0 for message: message from client[3] to stanza(client[3], 2)
client[2] - Sending message to room stanza(client[2], 2) - msg(69,client[2])
client[1] - Room: stanza(client[2], 2) - Message discarded for I'm not a recipient: 
client[1] - time to live = 0 for message: message from client[2] to stanza(client[2], 2)
client[3] - stanza(client[2], 2) - Displayed message: msg(69,client[2]) from user client[2]
client[3] - Room: stanza(client[2], 2) - Message received: msg(69,client[2])
client[3] - time to live = 0 for message: message from client[2] to stanza(client[2], 2)
client[0] - Sending message to room stanza(client[4], 0) - msg(117,client[0])
client[4] - stanza(client[4], 0) - Displayed message: msg(117,client[0]) from user client[0]
client[4] - Room: stanza(client[4], 0) - Message received: msg(117,client[0])
client[4] - time to live = 0 for message: message from client[0] to stanza(client[4], 0)
client[1] - Room: stanza(client[4], 0) - Message discarded for I'm not a recipient: 
client[1] - time to live = 0 for message: message from client[0] to stanza(client[4], 0)
client[3] - Sending message to room stanza(client[3], 4) - msg(96,client[3])
client[2] - Room: stanza(client[3], 4) - Message discarded for I'm not a recipient: 
client[2] - time to live = 0 for message: message from client[3] to stanza(client[3], 4)
client[4] - stanza(client[3], 4) - Displayed message: msg(96,client[3]) from user client[3]
client[4] - Room: stanza(client[3], 4) - Message received: msg(96,client[3])
client[4] - time to live = 0 for message: message from client[3] to stanza(client[3], 4)
client[1] - Sending message to room stanza(client[1], 0) - msg(121,client[1])
client[0] - stanza(client[1], 0) - Displayed message: msg(121,client[1]) from user client[1]
client[0] - Room: stanza(client[1], 0) - Message received: msg(121,client[1])
client[0] - time to live = 0 for message: message from client[1] to stanza(client[1], 0)
client[2] - Room: stanza(client[1], 0) - Message discarded for I'm not a recipient: 
client[2] - time to live = 0 for message: message from client[1] to stanza(client[1], 0)
client[4] - Sending message to room stanza(client[0], 2) - msg(125,client[4])
client[3] - Room: stanza(client[0], 2) - Message discarded for I'm not a recipient: 
client[3] - time to live = 0 for message: message from client[4] to stanza(client[0], 2)
client[0] - stanza(client[0], 2) - Displayed message: msg(125,client[4]) from user client[4]
client[0] - Room: stanza(client[0], 2) - Message received: msg(125,client[4])
client[0] - time to live = 0 for message: message from client[4] to stanza(client[0], 2)
client[0] - Sending message to room stanza(client[0], 0) - msg(118,client[0])
client[4] - Room: stanza(client[0], 0) - Message discarded for I'm not a recipient: 
client[4] - time to live = 0 for message: message from client[0] to stanza(client[0], 0)
client[1] - Room: stanza(client[0], 0) - Message discarded for I'm not a recipient: 
client[1] - time to live = 0 for message: message from client[0] to stanza(client[0], 0)
client[2] - Sending message to room stanza(client[2], 1) - msg(70,client[2])
client[1] - stanza(client[2], 1) - Displayed message: msg(70,client[2]) from user client[2]
client[1] - Room: stanza(client[2], 1) - Message received: msg(70,client[2])
client[1] - time to live = 0 for message: message from client[2] to stanza(client[2], 1)
client[3] - Room: stanza(client[2], 1) - Message discarded for I'm not a recipient: 
client[3] - time to live = 0 for message: message from client[2] to stanza(client[2], 1)
client[3] - Sending message to room stanza(client[2], 2) - msg(97,client[3])
client[2] - stanza(client[2], 2) - Displayed message: msg(97,client[3]) from user client[3]
client[2] - Room: stanza(client[2], 2) - Message received: msg(97,client[3])
client[2] - time to live = 0 for message: message from client[3] to stanza(client[2], 2)
client[4] - Room: stanza(client[2], 2) - Message discarded for I'm not a recipient: 
client[4] - time to live = 0 for message: message from client[3] to stanza(client[2], 2)
client[1] - Sending message to room stanza(client[2], 0) - msg(122,client[1])
client[0] - Room: stanza(client[2], 0) - Message discarded for I'm not a recipient: 
client[0] - time to live = 0 for message: message from client[1] to stanza(client[2], 0)
client[2] - stanza(client[2], 0) - Displayed message: msg(122,client[1]) from user client[1]
client[2] - Room: stanza(client[2], 0) - Message received: msg(122,client[1])
client[2] - time to live = 0 for message: message from client[1] to stanza(client[2], 0)
client[4] - Sending message to room stanza(client[3], 1) - msg(126,client[4])
client[3] - stanza(client[3], 1) - Displayed message: msg(126,client[4]) from user client[4]
client[3] - Room: stanza(client[3], 1) - Message received: msg(126,client[4])
client[3] - time to live = 0 for message: message from client[4] to stanza(client[3], 1)
client[0] - Room: stanza(client[3], 1) - Message discarded for I'm not a recipient: 
client[0] - time to live = 0 for message: message from client[4] to stanza(client[3], 1)
client[0] - Sending message to room stanza(client[4], 2) - msg(119,client[0])
client[4] - stanza(client[4], 2) - Displayed message: msg(119,client[0]) from user client[0]
client[4] - Room: stanza(client[4], 2) - Message received: msg(119,client[0])
client[4] - time to live = 0 for message: message from client[0] to stanza(client[4], 2)
client[1] - Room: stanza(client[4], 2) - Message discarded for I'm not a recipient: 
client[1] - time to live = 0 for message: message from client[0] to stanza(client[4], 2)
client[3] - Sending message to room stanza(client[3], 1) - msg(98,client[3])
client[2] - Room: stanza(client[3], 1) - Message received: msg(98,client[3])
client[2] - time to live = 0 for message: message from client[3] to stanza(client[3], 1)
client[4] - Room: stanza(client[3], 1) - Message received: msg(98,client[3])
client[4] - time to live = 0 for message: message from client[3] to stanza(client[3], 1)
client[3] - Sending message to room stanza(client[3], 0) - msg(99,client[3])
client[2] - Room: stanza(client[3], 0) - Message discarded for I'm not a recipient: 
client[2] - time to live = 0 for message: message from client[3] to stanza(client[3], 0)
client[4] - stanza(client[3], 0) - Displayed message: msg(99,client[3]) from user client[3]
client[4] - Room: stanza(client[3], 0) - Message received: msg(99,client[3])
client[4] - time to live = 0 for message: message from client[3] to stanza(client[3], 0)
client[0] - Sending message to room stanza(client[0], 0) - msg(120,client[0])
client[4] - Room: stanza(client[0], 0) - Message discarded for I'm not a recipient: 
client[4] - time to live = 0 for message: message from client[0] to stanza(client[0], 0)
client[1] - Room: stanza(client[0], 0) - Message discarded for I'm not a recipient: 
client[1] - time to live = 0 for message: message from client[0] to stanza(client[0], 0)
client[2] - Sending message to room stanza(client[2], 2) - msg(71,client[2])
client[1] - Room: stanza(client[2], 2) - Message discarded for I'm not a recipient: 
client[1] - time to live = 0 for message: message from client[2] to stanza(client[2], 2)
client[3] - stanza(client[2], 2) - Displayed message: msg(71,client[2]) from user client[2]
client[3] - Room: stanza(client[2], 2) - Message received: msg(71,client[2])
client[3] - time to live = 0 for message: message from client[2] to stanza(client[2], 2)
client[4] - Sending message to room stanza(client[3], 0) - msg(127,client[4])
client[3] - stanza(client[3], 0) - Displayed message: msg(127,client[4]) from user client[4]
client[3] - Room: stanza(client[3], 0) - Message received: msg(127,client[4])
client[3] - time to live = 0 for message: message from client[4] to stanza(client[3], 0)
client[0] - Room: stanza(client[3], 0) - Message discarded for I'm not a recipient: 
client[0] - time to live = 0 for message: message from client[4] to stanza(client[3], 0)
client[3] - Sending message to room stanza(client[3], 1) - msg(100,client[3])
client[2] - Room: stanza(client[3], 1) - Message received: msg(100,client[3])
client[2] - time to live = 0 for message: message from client[3] to stanza(client[3], 1)
client[4] - Room: stanza(client[3], 1) - Message received: msg(100,client[3])
client[4] - time to live = 0 for message: message from client[3] to stanza(client[3], 1)
client[2] - Sending message to room stanza(client[3], 2) - msg(72,client[2])
client[1] - Room: stanza(client[3], 2) - Message discarded for I'm not a recipient: 
client[1] - time to live = 0 for message: message from client[2] to stanza(client[3], 2)
client[3] - stanza(client[3], 2) - Displayed message: msg(72,client[2]) from user client[2]
client[3] - Room: stanza(client[3], 2) - Message received: msg(72,client[2])
client[3] - time to live = 0 for message: message from client[2] to stanza(client[3], 2)
client[0] - Sending message to room stanza(client[4], 0) - msg(121,client[0])
client[4] - stanza(client[4], 0) - Displayed message: msg(121,client[0]) from user client[0]
client[4] - Room: stanza(client[4], 0) - Message received: msg(121,client[0])
client[4] - time to live = 0 for message: message from client[0] to stanza(client[4], 0)
client[1] - Room: stanza(client[4], 0) - Message discarded for I'm not a recipient: 
client[1] - time to live = 0 for message: message from client[0] to stanza(client[4], 0)
client[4] - Sending message to room stanza(client[3], 4) - msg(128,client[4])
client[3] - stanza(client[3], 4) - Displayed message: msg(128,client[4]) from user client[4]
client[3] - Room: stanza(client[3], 4) - Message received: msg(128,client[4])
client[3] - time to live = 0 for message: message from client[4] to stanza(client[3], 4)
client[0] - Room: stanza(client[3], 4) - Message discarded for I'm not a recipient: 
client[0] - time to live = 0 for message: message from client[4] to stanza(client[3], 4)
client[1] - Sending message to room stanza(client[2], 1) - msg(123,client[1])
client[0] - Room: stanza(client[2], 1) - Message discarded for I'm not a recipient: 
client[0] - time to live = 0 for message: message from client[1] to stanza(client[2], 1)
client[2] - stanza(client[2], 1) - Displayed message: msg(123,client[1]) from user client[1]
client[2] - Room: stanza(client[2], 1) - Message received: msg(123,client[1])
client[2] - time to live = 0 for message: message from client[1] to stanza(client[2], 1)
client[2] - Sending message to room stanza(client[2], 2) - msg(73,client[2])
client[1] - Room: stanza(client[2], 2) - Message discarded for I'm not a recipient: 
client[1] - time to live = 0 for message: message from client[2] to stanza(client[2], 2)
client[3] - stanza(client[2], 2) - Displayed message: msg(73,client[2]) from user client[2]
client[3] - Room: stanza(client[2], 2) - Message received: msg(73,client[2])
client[3] - time to live = 0 for message: message from client[2] to stanza(client[2], 2)
client[0] - Sending message to room stanza(client[0], 0) - msg(122,client[0])
client[4] - Room: stanza(client[0], 0) - Message discarded for I'm not a recipient: 
client[4] - time to live = 0 for message: message from client[0] to stanza(client[0], 0)
client[1] - Room: stanza(client[0], 0) - Message discarded for I'm not a recipient: 
client[1] - time to live = 0 for message: message from client[0] to stanza(client[0], 0)
client[3] - Sending message to room stanza(client[3], 1) - msg(101,client[3])
client[2] - Room: stanza(client[3], 1) - Message received: msg(101,client[3])
client[2] - time to live = 0 for message: message from client[3] to stanza(client[3], 1)
client[4] - Room: stanza(client[3], 1) - Message received: msg(101,client[3])
client[4] - time to live = 0 for message: message from client[3] to stanza(client[3], 1)
client[4] - Sending message to room stanza(client[4], 0) - msg(129,client[4])
client[3] - Room: stanza(client[4], 0) - Message discarded for I'm not a recipient: 
client[3] - time to live = 0 for message: message from client[4] to stanza(client[4], 0)
client[0] - stanza(client[4], 0) - Displayed message: msg(129,client[4]) from user client[4]
client[0] - Room: stanza(client[4], 0) - Message received: msg(129,client[4])
client[0] - time to live = 0 for message: message from client[4] to stanza(client[4], 0)
client[3] - Sending message to room stanza(client[3], 2) - msg(102,client[3])
client[2] - stanza(client[3], 2) - Displayed message: msg(102,client[3]) from user client[3]
client[2] - Room: stanza(client[3], 2) - Message received: msg(102,client[3])
client[2] - time to live = 0 for message: message from client[3] to stanza(client[3], 2)
client[4] - Room: stanza(client[3], 2) - Message discarded for I'm not a recipient: 
client[4] - time to live = 0 for message: message from client[3] to stanza(client[3], 2)
client[0] - Sending message to room stanza(client[4], 2) - msg(123,client[0])
client[4] - stanza(client[4], 2) - Displayed message: msg(123,client[0]) from user client[0]
client[4] - Room: stanza(client[4], 2) - Message received: msg(123,client[0])
client[4] - time to live = 0 for message: message from client[0] to stanza(client[4], 2)
client[1] - Room: stanza(client[4], 2) - Message discarded for I'm not a recipient: 
client[1] - time to live = 0 for message: message from client[0] to stanza(client[4], 2)
client[3] - Sent room creation: stanza(client[3], 6) with: client[3],client[4],client[0]
client[2] - Room: stanza(client[3], 6) - Message discarded for I'm not a recipient: 
client[2] - time to live = 0 for message: creation of room stanza(client[3], 6)
client[4] - Room created: stanza(client[3], 6)
client[4] - time to live = 0 for message: creation of room stanza(client[3], 6)
client[2] - Sending message to room stanza(client[2], 1) - msg(74,client[2])
client[1] - stanza(client[2], 1) - Displayed message: msg(74,client[2]) from user client[2]
client[1] - Room: stanza(client[2], 1) - Message received: msg(74,client[2])
client[1] - time to live = 0 for message: message from client[2] to stanza(client[2], 1)
client[3] - Room: stanza(client[2], 1) - Message discarded for I'm not a recipient: 
client[3] - time to live = 0 for message: message from client[2] to stanza(client[2], 1)
client[0] - Sending message to room stanza(client[4], 0) - msg(124,client[0])
client[4] - stanza(client[4], 0) - Displayed message: msg(124,client[0]) from user client[0]
client[4] - Room: stanza(client[4], 0) - Message received: msg(124,client[0])
client[4] - time to live = 0 for message: message from client[0] to stanza(client[4], 0)
client[1] - Room: stanza(client[4], 0) - Message discarded for I'm not a recipient: 
client[1] - time to live = 0 for message: message from client[0] to stanza(client[4], 0)
client[4] - Sending message to room stanza(client[3], 1) - msg(130,client[4])
client[3] - stanza(client[3], 1) - Displayed message: msg(130,client[4]) from user client[4]
client[3] - Room: stanza(client[3], 1) - Message received: msg(130,client[4])
client[3] - time to live = 0 for message: message from client[4] to stanza(client[3], 1)
client[0] - Room: stanza(client[3], 1) - Message discarded for I'm not a recipient: 
client[0] - time to live = 0 for message: message from client[4] to stanza(client[3], 1)
client[1] - Sending message to room stanza(client[0], 2) - msg(124,client[1])
client[0] - stanza(client[0], 2) - Displayed message: msg(124,client[1]) from user client[1]
client[0] - Room: stanza(client[0], 2) - Message received: msg(124,client[1])
client[0] - time to live = 0 for message: message from client[1] to stanza(client[0], 2)
client[2] - Room: stanza(client[0], 2) - Message discarded for I'm not a recipient: 
client[2] - time to live = 0 for message: message from client[1] to stanza(client[0], 2)
client[3] - Sending message to room stanza(client[3], 3) - msg(103,client[3])
client[2] - Room: stanza(client[3], 3) - Message discarded for I'm not a recipient: 
client[2] - time to live = 0 for message: message from client[3] to stanza(client[3], 3)
client[4] - stanza(client[3], 3) - Displayed message: msg(103,client[3]) from user client[3]
client[4] - Room: stanza(client[3], 3) - Message received: msg(103,client[3])
client[4] - time to live = 0 for message: message from client[3] to stanza(client[3], 3)
client[1] - Sending message to room stanza(client[2], 1) - msg(125,client[1])
client[0] - Room: stanza(client[2], 1) - Message discarded for I'm not a recipient: 
client[0] - time to live = 0 for message: message from client[1] to stanza(client[2], 1)
client[2] - stanza(client[2], 1) - Displayed message: msg(125,client[1]) from user client[1]
client[2] - Room: stanza(client[2], 1) - Message received: msg(125,client[1])
client[2] - time to live = 0 for message: message from client[1] to stanza(client[2], 1)
client[2] - Sending message to room stanza(client[2], 1) - msg(75,client[2])
client[1] - stanza(client[2], 1) - Displayed message: msg(75,client[2]) from user client[2]
client[1] - Room: stanza(client[2], 1) - Message received: msg(75,client[2])
client[1] - time to live = 0 for message: message from client[2] to stanza(client[2], 1)
client[3] - Room: stanza(client[2], 1) - Message discarded for I'm not a recipient: 
client[3] - time to live = 0 for message: message from client[2] to stanza(client[2], 1)
client[4] - Sending message to room stanza(client[0], 2) - msg(131,client[4])
client[3] - Room: stanza(client[0], 2) - Message discarded for I'm not a recipient: 
client[3] - time to live = 0 for message: message from client[4] to stanza(client[0], 2)
client[0] - stanza(client[0], 2) - Displayed message: msg(131,client[4]) from user client[4]
client[0] - Room: stanza(client[0], 2) - Message received: msg(131,client[4])
client[0] - time to live = 0 for message: message from client[4] to stanza(client[0], 2)
client[0] - Sending message to room stanza(client[4], 1) - msg(125,client[0])
client[4] - stanza(client[4], 1) - Displayed message: msg(125,client[0]) from user client[0]
client[4] - Room: stanza(client[4], 1) - Message received: msg(125,client[0])
client[4] - time to live = 0 for message: message from client[0] to stanza(client[4], 1)
client[1] - Room: stanza(client[4], 1) - Message discarded for I'm not a recipient: 
client[1] - time to live = 0 for message: message from client[0] to stanza(client[4], 1)
client[4] - Sending message to room stanza(client[3], 6) - msg(132,client[4])
client[3] - stanza(client[3], 6) - Displayed message: msg(132,client[4]) from user client[4]
client[3] - Room: stanza(client[3], 6) - Message received: msg(132,client[4])
client[3] - time to live = 0 for message: message from client[4] to stanza(client[3], 6)
client[0] - Room: stanza(client[3], 6) - Message discarded for I'm not a recipient: 
client[0] - time to live = 0 for message: message from client[4] to stanza(client[3], 6)
client[1] - Sending message to room stanza(client[1], 0) - msg(126,client[1])
client[0] - stanza(client[1], 0) - Displayed message: msg(126,client[1]) from user client[1]
client[0] - Room: stanza(client[1], 0) - Message received: msg(126,client[1])
client[0] - time to live = 0 for message: message from client[1] to stanza(client[1], 0)
client[2] - Room: stanza(client[1], 0) - Message discarded for I'm not a recipient: 
client[2] - time to live = 0 for message: message from client[1] to stanza(client[1], 0)
client[4] - Sending message to room stanza(client[4], 0) - msg(133,client[4])
client[3] - Room: stanza(client[4], 0) - Message discarded for I'm not a recipient: 
client[3] - time to live = 0 for message: message from client[4] to stanza(client[4], 0)
client[0] - stanza(client[4], 0) - Displayed message: msg(133,client[4]) from user client[4]
client[0] - Room: stanza(client[4], 0) - Message received: msg(133,client[4])
client[0] - time to live = 0 for message: message from client[4] to stanza(client[4], 0)
client[3] - Sending message to room stanza(client[2], 2) - msg(104,client[3])
client[2] - stanza(client[2], 2) - Displayed message: msg(104,client[3]) from user client[3]
client[2] - Room: stanza(client[2], 2) - Message received: msg(104,client[3])
client[2] - time to live = 0 for message: message from client[3] to stanza(client[2], 2)
client[4] - Room: stanza(client[2], 2) - Message discarded for I'm not a recipient: 
client[4] - time to live = 0 for message: message from client[3] to stanza(client[2], 2)
client[1] - Sent room creation: stanza(client[1], 1) with: client[1],client[0],client[2],client[4]
client[0] - Room created: stanza(client[1], 1)
client[0] - time to live = 0 for message: creation of room stanza(client[1], 1)
client[2] - Room created: stanza(client[1], 1)
client[2] - time to live = 0 for message: creation of room stanza(client[1], 1)
client[1] - Sending message to room stanza(client[1], 1) - msg(127,client[1])
client[0] - stanza(client[1], 1) - Displayed message: msg(127,client[1]) from user client[1]
client[0] - Room: stanza(client[1], 1) - Message received: msg(127,client[1])
client[0] - time to live = 0 for message: message from client[1] to stanza(client[1], 1)
client[2] - stanza(client[1], 1) - Displayed message: msg(127,client[1]) from user client[1]
client[2] - Room: stanza(client[1], 1) - Message received: msg(127,client[1])
client[2] - time to live = 0 for message: message from client[1] to stanza(client[1], 1)
client[2] - Sending message to room stanza(client[2], 0) - msg(76,client[2])
client[1] - stanza(client[2], 0) - Displayed message: msg(76,client[2]) from user client[2]
client[1] - Room: stanza(client[2], 0) - Message received: msg(76,client[2])
client[1] - time to live = 0 for message: message from client[2] to stanza(client[2], 0)
client[3] - Room: stanza(client[2], 0) - Message discarded for I'm not a recipient: 
client[3] - time to live = 0 for message: message from client[2] to stanza(client[2], 0)
client[2] - Sending message to room stanza(client[3], 1) - msg(77,client[2])
client[1] - Room: stanza(client[3], 1) - Message discarded for I'm not a recipient: 
client[1] - time to live = 0 for message: message from client[2] to stanza(client[3], 1)
client[3] - stanza(client[3], 1) - Displayed message: msg(77,client[2]) from user client[2]
client[3] - Room: stanza(client[3], 1) - Message received: msg(77,client[2])
client[3] - time to live = 0 for message: message from client[2] to stanza(client[3], 1)
client[1] - Sending message to room stanza(client[1], 0) - msg(128,client[1])
client[0] - stanza(client[1], 0) - Displayed message: msg(128,client[1]) from user client[1]
client[0] - Room: stanza(client[1], 0) - Message received: msg(128,client[1])
client[0] - time to live = 0 for message: message from client[1] to stanza(client[1], 0)
client[2] - Room: stanza(client[1], 0) - Message discarded for I'm not a recipient: 
client[2] - time to live = 0 for message: message from client[1] to stanza(client[1], 0)
client[1] - Sending message to room stanza(client[1], 0) - msg(129,client[1])
client[0] - stanza(client[1], 0) - Displayed message: msg(129,client[1]) from user client[1]
client[0] - Room: stanza(client[1], 0) - Message received: msg(129,client[1])
client[0] - time to live = 0 for message: message from client[1] to stanza(client[1], 0)
client[2] - Room: stanza(client[1], 0) - Message discarded for I'm not a recipient: 
client[2] - time to live = 0 for message: message from client[1] to stanza(client[1], 0)
client[4] - Sending message to room stanza(client[3], 0) - msg(134,client[4])
client[3] - stanza(client[3], 0) - Displayed message: msg(134,client[4]) from user client[4]
client[3] - Room: stanza(client[3], 0) - Message received: msg(134,client[4])
client[3] - time to live = 0 for message: message from client[4] to stanza(client[3], 0)
client[0] - Room: stanza(client[3], 0) - Message discarded for I'm not a recipient: 
client[0] - time to live = 0 for message: message from client[4] to stanza(client[3], 0)
client[2] - Sending message to room stanza(client[2], 2) - msg(78,client[2])
client[1] - Room: stanza(client[2], 2) - Message discarded for I'm not a recipient: 
client[1] - time to live = 0 for message: message from client[2] to stanza(client[2], 2)
client[3] - stanza(client[2], 2) - Displayed message: msg(78,client[2]) from user client[2]
client[3] - Room: stanza(client[2], 2) - Message received: msg(78,client[2])
client[3] - time to live = 0 for message: message from client[2] to stanza(client[2], 2)
client[1] - Sending message to room stanza(client[2], 0) - msg(130,client[1])
client[0] - Room: stanza(client[2], 0) - Message discarded for I'm not a recipient: 
client[0] - time to live = 0 for message: message from client[1] to stanza(client[2], 0)
client[2] - stanza(client[2], 0) - Displayed message: msg(130,client[1]) from user client[1]
client[2] - Room: stanza(client[2], 0) - Message received: msg(130,client[1])
client[2] - time to live = 0 for message: message from client[1] to stanza(client[2], 0)
client[3] - Sending message to room stanza(client[3], 1) - msg(105,client[3])
client[2] - Room: stanza(client[3], 1) - Message received: msg(105,client[3])
client[2] - time to live = 0 for message: message from client[3] to stanza(client[3], 1)
client[4] - Asked for message: 1 - Room: stanza(client[3], 1)
client[4] - Asked for message: 1 - Room: stanza(client[3], 1)
client[4] - Asked for message: 1 - Room: stanza(client[3], 1)
client[4] - Asked for message: 1 - Room: stanza(client[3], 1)
client[4] - Asked for message: 16 - Room: stanza(client[3], 1)
client[4] - time to live = 0 for message: message from client[3] to stanza(client[3], 1)
NOT IMPLEMENTED YET
client[3] - Room: stanza(client[3], 1) - Asked for message: 1
client[3] - time to live = 0 for message: ask message for missing message 1
client[0] - Room: stanza(client[3], 1) - Message discarded for I'm not a recipient: 
client[0] - time to live = 0 for message: ask message for missing message 1
NOT IMPLEMENTED YET
client[3] - Room: stanza(client[3], 1) - Asked for message: 1
client[3] - time to live = 0 for message: ask message for missing message 1
client[0] - Room: stanza(client[3], 1) - Message discarded for I'm not a recipient: 
client[0] - time to live = 0 for message: ask message for missing message 1
NOT IMPLEMENTED YET
client[3] - Room: stanza(client[3], 1) - Asked for message: 1
client[3] - time to live = 0 for message: ask message for missing message 1
client[0] - Room: stanza(client[3], 1) - Message discarded for I'm not a recipient: 
client[0] - time to live = 0 for message: ask message for missing message 1
NOT IMPLEMENTED YET
client[3] - Room: stanza(client[3], 1) - Asked for message: 1
client[3] - time to live = 0 for message: ask message for missing message 1
client[0] - Room: stanza(client[3], 1) - Message discarded for I'm not a recipient: 
client[0] - time to live = 0 for message: ask message for missing message 1
NOT IMPLEMENTED YET
client[3] - Room: stanza(client[3], 1) - Asked for message: 16
client[3] - time to live = 0 for message: ask message for missing message 16
client[0] - Room: stanza(client[3], 1) - Message discarded for I'm not a recipient: 
client[0] - time to live = 0 for message: ask message for missing message 16
client[2] - Sending message to room stanza(client[2], 2) - msg(79,client[2])
client[1] - Room: stanza(client[2], 2) - Message discarded for I'm not a recipient: 
client[1] - time to live = 0 for message: message from client[2] to stanza(client[2], 2)
client[3] - stanza(client[2], 2) - Displayed message: msg(79,client[2]) from user client[2]
client[3] - Room: stanza(client[2], 2) - Message received: msg(79,client[2])
client[3] - time to live = 0 for message: message from client[2] to stanza(client[2], 2)
client[3] - Sending message to room stanza(client[3], 3) - msg(106,client[3])
client[2] - Room: stanza(client[3], 3) - Message discarded for I'm not a recipient: 
client[2] - time to live = 0 for message: message from client[3] to stanza(client[3], 3)
client[4] - stanza(client[3], 3) - Displayed message: msg(106,client[3]) from user client[3]
client[4] - Room: stanza(client[3], 3) - Message received: msg(106,client[3])
client[4] - time to live = 0 for message: message from client[3] to stanza(client[3], 3)
client[4] - Sending message to room stanza(client[4], 1) - msg(135,client[4])
client[3] - Room: stanza(client[4], 1) - Message received: msg(135,client[4])
client[3] - time to live = 0 for message: message from client[4] to stanza(client[4], 1)
client[0] - Room: stanza(client[4], 1) - Message received: msg(135,client[4])
client[0] - time to live = 0 for message: message from client[4] to stanza(client[4], 1)
client[0] - Sending message to room stanza(client[1], 1) - msg(126,client[0])
client[4] - Room: stanza(client[1], 1) - Message discarded for I'm not a recipient: 
client[4] - time to live = 0 for message: message from client[0] to stanza(client[1], 1)
client[1] - stanza(client[1], 1) - Displayed message: msg(126,client[0]) from user client[0]
client[1] - Room: stanza(client[1], 1) - Message received: msg(126,client[0])
client[1] - time to live = 0 for message: message from client[0] to stanza(client[1], 1)
client[2] - Sending message to room stanza(client[3], 2) - msg(80,client[2])
client[1] - Room: stanza(client[3], 2) - Message discarded for I'm not a recipient: 
client[1] - time to live = 0 for message: message from client[2] to stanza(client[3], 2)
client[3] - stanza(client[3], 2) - Displayed message: msg(80,client[2]) from user client[2]
client[3] - Room: stanza(client[3], 2) - Message received: msg(80,client[2])
client[3] - time to live = 0 for message: message from client[2] to stanza(client[3], 2)
client[3] - Sending message to room stanza(client[3], 3) - msg(107,client[3])
client[2] - Room: stanza(client[3], 3) - Message discarded for I'm not a recipient: 
client[2] - time to live = 0 for message: message from client[3] to stanza(client[3], 3)
client[4] - stanza(client[3], 3) - Displayed message: msg(107,client[3]) from user client[3]
client[4] - Room: stanza(client[3], 3) - Message received: msg(107,client[3])
client[4] - time to live = 0 for message: message from client[3] to stanza(client[3], 3)
client[1] - Sending message to room stanza(client[1], 0) - msg(131,client[1])
client[0] - stanza(client[1], 0) - Displayed message: msg(131,client[1]) from user client[1]
client[0] - Room: stanza(client[1], 0) - Message received: msg(131,client[1])
client[0] - time to live = 0 for message: message from client[1] to stanza(client[1], 0)
client[2] - Room: stanza(client[1], 0) - Message discarded for I'm not a recipient: 
client[2] - time to live = 0 for message: message from client[1] to stanza(client[1], 0)
client[1] - Sending message to room stanza(client[2], 0) - msg(132,client[1])
client[0] - Room: stanza(client[2], 0) - Message discarded for I'm not a recipient: 
client[0] - time to live = 0 for message: message from client[1] to stanza(client[2], 0)
client[2] - stanza(client[2], 0) - Displayed message: msg(132,client[1]) from user client[1]
client[2] - Room: stanza(client[2], 0) - Message received: msg(132,client[1])
client[2] - time to live = 0 for message: message from client[1] to stanza(client[2], 0)
client[4] - Sending message to room stanza(client[3], 6) - msg(136,client[4])
client[3] - stanza(client[3], 6) - Displayed message: msg(136,client[4]) from user client[4]
client[3] - Room: stanza(client[3], 6) - Message received: msg(136,client[4])
client[3] - time to live = 0 for message: message from client[4] to stanza(client[3], 6)
client[0] - Room: stanza(client[3], 6) - Message discarded for I'm not a recipient: 
client[0] - time to live = 0 for message: message from client[4] to stanza(client[3], 6)
client[2] - Sending message to room stanza(client[1], 1) - msg(81,client[2])
client[1] - stanza(client[1], 1) - Displayed message: msg(81,client[2]) from user client[2]
client[1] - Room: stanza(client[1], 1) - Message received: msg(81,client[2])
client[1] - time to live = 0 for message: message from client[2] to stanza(client[1], 1)
client[3] - Room: stanza(client[1], 1) - Message discarded for I'm not a recipient: 
client[3] - time to live = 0 for message: message from client[2] to stanza(client[1], 1)
client[4] - Sending message to room stanza(client[4], 1) - msg(137,client[4])
client[3] - Room: stanza(client[4], 1) - Message received: msg(137,client[4])
client[3] - time to live = 0 for message: message from client[4] to stanza(client[4], 1)
client[0] - Room: stanza(client[4], 1) - Message received: msg(137,client[4])
client[0] - time to live = 0 for message: message from client[4] to stanza(client[4], 1)
client[0] - Sending message to room stanza(client[1], 1) - msg(127,client[0])
client[4] - Room: stanza(client[1], 1) - Message discarded for I'm not a recipient: 
client[4] - time to live = 0 for message: message from client[0] to stanza(client[1], 1)
client[1] - stanza(client[1], 1) - Displayed message: msg(127,client[0]) from user client[0]
client[1] - Room: stanza(client[1], 1) - Message received: msg(127,client[0])
client[1] - time to live = 0 for message: message from client[0] to stanza(client[1], 1)
client[3] - Sending message to room stanza(client[3], 1) - msg(108,client[3])
client[2] - Room: stanza(client[3], 1) - Message received: msg(108,client[3])
client[2] - time to live = 0 for message: message from client[3] to stanza(client[3], 1)
client[4] - Asked for message: 1 - Room: stanza(client[3], 1)
client[4] - Asked for message: 1 - Room: stanza(client[3], 1)
client[4] - Asked for message: 1 - Room: stanza(client[3], 1)
client[4] - Asked for message: 1 - Room: stanza(client[3], 1)
client[4] - Asked for message: 16 - Room: stanza(client[3], 1)
client[4] - time to live = 0 for message: message from client[3] to stanza(client[3], 1)
NOT IMPLEMENTED YET
client[3] - Room: stanza(client[3], 1) - Asked for message: 1
client[3] - time to live = 0 for message: ask message for missing message 1
client[0] - Room: stanza(client[3], 1) - Message discarded for I'm not a recipient: 
client[0] - time to live = 0 for message: ask message for missing message 1
NOT IMPLEMENTED YET
client[3] - Room: stanza(client[3], 1) - Asked for message: 1
client[3] - time to live = 0 for message: ask message for missing message 1
client[0] - Room: stanza(client[3], 1) - Message discarded for I'm not a recipient: 
client[0] - time to live = 0 for message: ask message for missing message 1
NOT IMPLEMENTED YET
client[3] - Room: stanza(client[3], 1) - Asked for message: 1
client[3] - time to live = 0 for message: ask message for missing message 1
client[0] - Room: stanza(client[3], 1) - Message discarded for I'm not a recipient: 
client[0] - time to live = 0 for message: ask message for missing message 1
NOT IMPLEMENTED YET
client[3] - Room: stanza(client[3], 1) - Asked for message: 1
client[3] - time to live = 0 for message: ask message for missing message 1
client[0] - Room: stanza(client[3], 1) - Message discarded for I'm not a recipient: 
client[0] - time to live = 0 for message: ask message for missing message 1
NOT IMPLEMENTED YET
client[3] - Room: stanza(client[3], 1) - Asked for message: 16
client[3] - time to live = 0 for message: ask message for missing message 16
client[0] - Room: stanza(client[3], 1) - Message discarded for I'm not a recipient: 
client[0] - time to live = 0 for message: ask message for missing message 16
client[2] - Sending message to room stanza(client[3], 1) - msg(82,client[2])
client[1] - Room: stanza(client[3], 1) - Message discarded for I'm not a recipient: 
client[1] - time to live = 0 for message: message from client[2] to stanza(client[3], 1)
client[3] - stanza(client[3], 1) - Displayed message: msg(82,client[2]) from user client[2]
client[3] - Room: stanza(client[3], 1) - Message received: msg(82,client[2])
client[3] - time to live = 0 for message: message from client[2] to stanza(client[3], 1)
client[1] - Sending message to room stanza(client[1], 0) - msg(133,client[1])
client[0] - stanza(client[1], 0) - Displayed message: msg(133,client[1]) from user client[1]
client[0] - Room: stanza(client[1], 0) - Message received: msg(133,client[1])
client[0] - time to live = 0 for message: message from client[1] to stanza(client[1], 0)
client[2] - Room: stanza(client[1], 0) - Message discarded for I'm not a recipient: 
client[2] - time to live = 0 for message: message from client[1] to stanza(client[1], 0)
client[3] - Sending message to room stanza(client[3], 1) - msg(109,client[3])
client[2] - Asked for message: 3 - Room: stanza(client[3], 1)
client[2] - Asked for message: 1 - Room: stanza(client[3], 1)
client[2] - Asked for message: 18 - Room: stanza(client[3], 1)
client[2] - Asked for message: 1 - Room: stanza(client[3], 1)
client[2] - Asked for message: 1 - Room: stanza(client[3], 1)
client[2] - time to live = 0 for message: message from client[3] to stanza(client[3], 1)
client[4] - Asked for message: 1 - Room: stanza(client[3], 1)
client[4] - Asked for message: 1 - Room: stanza(client[3], 1)
client[4] - Asked for message: 1 - Room: stanza(client[3], 1)
client[4] - Asked for message: 1 - Room: stanza(client[3], 1)
client[4] - Asked for message: 16 - Room: stanza(client[3], 1)
client[4] - time to live = 0 for message: message from client[3] to stanza(client[3], 1)
client[1] - Room: stanza(client[3], 1) - Message discarded for I'm not a recipient: 
client[1] - time to live = 0 for message: ask message for missing message 3
NOT IMPLEMENTED YET
client[3] - Room: stanza(client[3], 1) - Asked for message: 3
client[3] - time to live = 0 for message: ask message for missing message 3
client[1] - Room: stanza(client[3], 1) - Message discarded for I'm not a recipient: 
client[1] - time to live = 0 for message: ask message for missing message 1
NOT IMPLEMENTED YET
client[3] - Room: stanza(client[3], 1) - Asked for message: 1
client[3] - time to live = 0 for message: ask message for missing message 1
client[1] - Room: stanza(client[3], 1) - Message discarded for I'm not a recipient: 
client[1] - time to live = 0 for message: ask message for missing message 18
NOT IMPLEMENTED YET
client[3] - Room: stanza(client[3], 1) - Asked for message: 18
client[3] - time to live = 0 for message: ask message for missing message 18
client[1] - Room: stanza(client[3], 1) - Message discarded for I'm not a recipient: 
client[1] - time to live = 0 for message: ask message for missing message 1
NOT IMPLEMENTED YET
client[3] - Room: stanza(client[3], 1) - Asked for message: 1
client[3] - time to live = 0 for message: ask message for missing message 1
client[1] - Room: stanza(client[3], 1) - Message discarded for I'm not a recipient: 
client[1] - time to live = 0 for message: ask message for missing message 1
NOT IMPLEMENTED YET
client[3] - Room: stanza(client[3], 1) - Asked for message: 1
client[3] - time to live = 0 for message: ask message for missing message 1
NOT IMPLEMENTED YET
client[3] - Room: stanza(client[3], 1) - Asked for message: 1
client[3] - time to live = 0 for message: ask message for missing message 1
client[0] - Room: stanza(client[3], 1) - Message discarded for I'm not a recipient: 
client[0] - time to live = 0 for message: ask message for missing message 1
NOT IMPLEMENTED YET
client[3] - Room: stanza(client[3], 1) - Asked for message: 1
client[3] - time to live = 0 for message: ask message for missing message 1
client[0] - Room: stanza(client[3], 1) - Message discarded for I'm not a recipient: 
client[0] - time to live = 0 for message: ask message for missing message 1
NOT IMPLEMENTED YET
client[3] - Room: stanza(client[3], 1) - Asked for message: 1
client[3] - time to live = 0 for message: ask message for missing message 1
client[0] - Room: stanza(client[3], 1) - Message discarded for I'm not a recipient: 
client[0] - time to live = 0 for message: ask message for missing message 1
NOT IMPLEMENTED YET
client[3] - Room: stanza(client[3], 1) - Asked for message: 1
client[3] - time to live = 0 for message: ask message for missing message 1
client[0] - Room: stanza(client[3], 1) - Message discarded for I'm not a recipient: 
client[0] - time to live = 0 for message: ask message for missing message 1
NOT IMPLEMENTED YET
client[3] - Room: stanza(client[3], 1) - Asked for message: 16
client[3] - time to live = 0 for message: ask message for missing message 16
client[0] - Room: stanza(client[3], 1) - Message discarded for I'm not a recipient: 
client[0] - time to live = 0 for message: ask message for missing message 16
client[4] - Sending message to room stanza(client[3], 4) - msg(138,client[4])
client[3] - stanza(client[3], 4) - Displayed message: msg(138,client[4]) from user client[4]
client[3] - Room: stanza(client[3], 4) - Message received: msg(138,client[4])
client[3] - time to live = 0 for message: message from client[4] to stanza(client[3], 4)
client[0] - Room: stanza(client[3], 4) - Message discarded for I'm not a recipient: 
client[0] - time to live = 0 for message: message from client[4] to stanza(client[3], 4)
client[0] - Sending message to room stanza(client[0], 1) - msg(128,client[0])
client[4] - Asked for message: 1 - Room: stanza(client[0], 1)
client[4] - Asked for message: 1 - Room: stanza(client[0], 1)
client[4] - Asked for message: 1 - Room: stanza(client[0], 1)
client[4] - Asked for message: 52 - Room: stanza(client[0], 1)
client[4] - Asked for message: 1 - Room: stanza(client[0], 1)
client[4] - time to live = 0 for message: message from client[0] to stanza(client[0], 1)
client[1] - Asked for message: 1 - Room: stanza(client[0], 1)
client[1] - Asked for message: 1 - Room: stanza(client[0], 1)
client[1] - Asked for message: 1 - Room: stanza(client[0], 1)
client[1] - Asked for message: 1 - Room: stanza(client[0], 1)
client[1] - Asked for message: 53 - Room: stanza(client[0], 1)
client[1] - time to live = 0 for message: message from client[0] to stanza(client[0], 1)
client[3] - Room: stanza(client[0], 1) - Message discarded for I'm not a recipient: 
client[3] - time to live = 0 for message: ask message for missing message 1
NOT IMPLEMENTED YET
client[0] - Room: stanza(client[0], 1) - Asked for message: 1
client[0] - time to live = 0 for message: ask message for missing message 1
client[3] - Room: stanza(client[0], 1) - Message discarded for I'm not a recipient: 
client[3] - time to live = 0 for message: ask message for missing message 1
NOT IMPLEMENTED YET
client[0] - Room: stanza(client[0], 1) - Asked for message: 1
client[0] - time to live = 0 for message: ask message for missing message 1
client[3] - Room: stanza(client[0], 1) - Message discarded for I'm not a recipient: 
client[3] - time to live = 0 for message: ask message for missing message 1
NOT IMPLEMENTED YET
client[0] - Room: stanza(client[0], 1) - Asked for message: 1
client[0] - time to live = 0 for message: ask message for missing message 1
client[3] - Room: stanza(client[0], 1) - Message discarded for I'm not a recipient: 
client[3] - time to live = 0 for message: ask message for missing message 52
NOT IMPLEMENTED YET
client[0] - Room: stanza(client[0], 1) - Asked for message: 52
client[0] - time to live = 0 for message: ask message for missing message 52
client[3] - Room: stanza(client[0], 1) - Message discarded for I'm not a recipient: 
client[3] - time to live = 0 for message: ask message for missing message 1
NOT IMPLEMENTED YET
client[0] - Room: stanza(client[0], 1) - Asked for message: 1
client[0] - time to live = 0 for message: ask message for missing message 1
NOT IMPLEMENTED YET
client[0] - Room: stanza(client[0], 1) - Asked for message: 1
client[0] - time to live = 0 for message: ask message for missing message 1
client[2] - Room: stanza(client[0], 1) - Message discarded for I'm not a recipient: 
client[2] - time to live = 0 for message: ask message for missing message 1
NOT IMPLEMENTED YET
client[0] - Room: stanza(client[0], 1) - Asked for message: 1
client[0] - time to live = 0 for message: ask message for missing message 1
client[2] - Room: stanza(client[0], 1) - Message discarded for I'm not a recipient: 
client[2] - time to live = 0 for message: ask message for missing message 1
NOT IMPLEMENTED YET
client[0] - Room: stanza(client[0], 1) - Asked for message: 1
client[0] - time to live = 0 for message: ask message for missing message 1
client[2] - Room: stanza(client[0], 1) - Message discarded for I'm not a recipient: 
client[2] - time to live = 0 for message: ask message for missing message 1
NOT IMPLEMENTED YET
client[0] - Room: stanza(client[0], 1) - Asked for message: 1
client[0] - time to live = 0 for message: ask message for missing message 1
client[2] - Room: stanza(client[0], 1) - Message discarded for I'm not a recipient: 
client[2] - time to live = 0 for message: ask message for missing message 1
NOT IMPLEMENTED YET
client[0] - Room: stanza(client[0], 1) - Asked for message: 53
client[0] - time to live = 0 for message: ask message for missing message 53
client[2] - Room: stanza(client[0], 1) - Message discarded for I'm not a recipient: 
client[2] - time to live = 0 for message: ask message for missing message 53
client[3] - Sending message to room stanza(client[2], 2) - msg(110,client[3])
client[2] - stanza(client[2], 2) - Displayed message: msg(110,client[3]) from user client[3]
client[2] - Room: stanza(client[2], 2) - Message received: msg(110,client[3])
client[2] - time to live = 0 for message: message from client[3] to stanza(client[2], 2)
client[4] - Room: stanza(client[2], 2) - Message discarded for I'm not a recipient: 
client[4] - time to live = 0 for message: message from client[3] to stanza(client[2], 2)
client[3] - Sending message to room stanza(client[3], 0) - msg(111,client[3])
client[2] - Room: stanza(client[3], 0) - Message discarded for I'm not a recipient: 
client[2] - time to live = 0 for message: message from client[3] to stanza(client[3], 0)
client[4] - stanza(client[3], 0) - Displayed message: msg(111,client[3]) from user client[3]
client[4] - Room: stanza(client[3], 0) - Message received: msg(111,client[3])
client[4] - time to live = 0 for message: message from client[3] to stanza(client[3], 0)
client[1] - Sending message to room stanza(client[1], 0) - msg(134,client[1])
client[0] - stanza(client[1], 0) - Displayed message: msg(134,client[1]) from user client[1]
client[0] - Room: stanza(client[1], 0) - Message received: msg(134,client[1])
client[0] - time to live = 0 for message: message from client[1] to stanza(client[1], 0)
client[2] - Room: stanza(client[1], 0) - Message discarded for I'm not a recipient: 
client[2] - time to live = 0 for message: message from client[1] to stanza(client[1], 0)
client[0] - Sending message to room stanza(client[1], 0) - msg(129,client[0])
client[4] - Room: stanza(client[1], 0) - Message discarded for I'm not a recipient: 
client[4] - time to live = 0 for message: message from client[0] to stanza(client[1], 0)
client[1] - stanza(client[1], 0) - Displayed message: msg(129,client[0]) from user client[0]
client[1] - Room: stanza(client[1], 0) - Message received: msg(129,client[0])
client[1] - time to live = 0 for message: message from client[0] to stanza(client[1], 0)
client[2] - Sending message to room stanza(client[1], 1) - msg(83,client[2])
client[1] - stanza(client[1], 1) - Displayed message: msg(83,client[2]) from user client[2]
client[1] - Room: stanza(client[1], 1) - Message received: msg(83,client[2])
client[1] - time to live = 0 for message: message from client[2] to stanza(client[1], 1)
client[3] - Room: stanza(client[1], 1) - Message discarded for I'm not a recipient: 
client[3] - time to live = 0 for message: message from client[2] to stanza(client[1], 1)
client[4] - Sending message to room stanza(client[3], 4) - msg(139,client[4])
client[3] - stanza(client[3], 4) - Displayed message: msg(139,client[4]) from user client[4]
client[3] - Room: stanza(client[3], 4) - Message received: msg(139,client[4])
client[3] - time to live = 0 for message: message from client[4] to stanza(client[3], 4)
client[0] - Room: stanza(client[3], 4) - Message discarded for I'm not a recipient: 
client[0] - time to live = 0 for message: message from client[4] to stanza(client[3], 4)
client[1] - Sending message to room stanza(client[0], 2) - msg(135,client[1])
client[0] - stanza(client[0], 2) - Displayed message: msg(135,client[1]) from user client[1]
client[0] - Room: stanza(client[0], 2) - Message received: msg(135,client[1])
client[0] - time to live = 0 for message: message from client[1] to stanza(client[0], 2)
client[2] - Room: stanza(client[0], 2) - Message discarded for I'm not a recipient: 
client[2] - time to live = 0 for message: message from client[1] to stanza(client[0], 2)
client[0] - Sending message to room stanza(client[0], 2) - msg(130,client[0])
client[4] - Room: stanza(client[0], 2) - Message received: msg(130,client[0])
client[4] - time to live = 0 for message: message from client[0] to stanza(client[0], 2)
client[1] - Room: stanza(client[0], 2) - Message received: msg(130,client[0])
client[1] - time to live = 0 for message: message from client[0] to stanza(client[0], 2)
client[2] - Sending message to room stanza(client[2], 0) - msg(84,client[2])
client[1] - stanza(client[2], 0) - Displayed message: msg(84,client[2]) from user client[2]
client[1] - Room: stanza(client[2], 0) - Message received: msg(84,client[2])
client[1] - time to live = 0 for message: message from client[2] to stanza(client[2], 0)
client[3] - Room: stanza(client[2], 0) - Message discarded for I'm not a recipient: 
client[3] - time to live = 0 for message: message from client[2] to stanza(client[2], 0)
client[2] - Sending message to room stanza(client[3], 1) - msg(85,client[2])
client[1] - Room: stanza(client[3], 1) - Message discarded for I'm not a recipient: 
client[1] - time to live = 0 for message: message from client[2] to stanza(client[3], 1)
client[3] - stanza(client[3], 1) - Displayed message: msg(85,client[2]) from user client[2]
client[3] - Room: stanza(client[3], 1) - Message received: msg(85,client[2])
client[3] - time to live = 0 for message: message from client[2] to stanza(client[3], 1)
client[0] - Sending message to room stanza(client[0], 1) - msg(131,client[0])
client[4] - Asked for message: 1 - Room: stanza(client[0], 1)
client[4] - Asked for message: 1 - Room: stanza(client[0], 1)
client[4] - Asked for message: 1 - Room: stanza(client[0], 1)
client[4] - Asked for message: 52 - Room: stanza(client[0], 1)
client[4] - Asked for message: 1 - Room: stanza(client[0], 1)
client[4] - time to live = 0 for message: message from client[0] to stanza(client[0], 1)
client[1] - Asked for message: 1 - Room: stanza(client[0], 1)
client[1] - Asked for message: 1 - Room: stanza(client[0], 1)
client[1] - Asked for message: 1 - Room: stanza(client[0], 1)
client[1] - Asked for message: 1 - Room: stanza(client[0], 1)
client[1] - Asked for message: 53 - Room: stanza(client[0], 1)
client[1] - time to live = 0 for message: message from client[0] to stanza(client[0], 1)
client[3] - Room: stanza(client[0], 1) - Message discarded for I'm not a recipient: 
client[3] - time to live = 0 for message: ask message for missing message 1
NOT IMPLEMENTED YET
client[0] - Room: stanza(client[0], 1) - Asked for message: 1
client[0] - time to live = 0 for message: ask message for missing message 1
client[3] - Room: stanza(client[0], 1) - Message discarded for I'm not a recipient: 
client[3] - time to live = 0 for message: ask message for missing message 1
NOT IMPLEMENTED YET
client[0] - Room: stanza(client[0], 1) - Asked for message: 1
client[0] - time to live = 0 for message: ask message for missing message 1
client[3] - Room: stanza(client[0], 1) - Message discarded for I'm not a recipient: 
client[3] - time to live = 0 for message: ask message for missing message 1
NOT IMPLEMENTED YET
client[0] - Room: stanza(client[0], 1) - Asked for message: 1
client[0] - time to live = 0 for message: ask message for missing message 1
client[3] - Room: stanza(client[0], 1) - Message discarded for I'm not a recipient: 
client[3] - time to live = 0 for message: ask message for missing message 52
NOT IMPLEMENTED YET
client[0] - Room: stanza(client[0], 1) - Asked for message: 52
client[0] - time to live = 0 for message: ask message for missing message 52
client[3] - Room: stanza(client[0], 1) - Message discarded for I'm not a recipient: 
client[3] - time to live = 0 for message: ask message for missing message 1
NOT IMPLEMENTED YET
client[0] - Room: stanza(client[0], 1) - Asked for message: 1
client[0] - time to live = 0 for message: ask message for missing message 1
NOT IMPLEMENTED YET
client[0] - Room: stanza(client[0], 1) - Asked for message: 1
client[0] - time to live = 0 for message: ask message for missing message 1
client[2] - Room: stanza(client[0], 1) - Message discarded for I'm not a recipient: 
client[2] - time to live = 0 for message: ask message for missing message 1
NOT IMPLEMENTED YET
client[0] - Room: stanza(client[0], 1) - Asked for message: 1
client[0] - time to live = 0 for message: ask message for missing message 1
client[2] - Room: stanza(client[0], 1) - Message discarded for I'm not a recipient: 
client[2] - time to live = 0 for message: ask message for missing message 1
NOT IMPLEMENTED YET
client[0] - Room: stanza(client[0], 1) - Asked for message: 1
client[0] - time to live = 0 for message: ask message for missing message 1
client[2] - Room: stanza(client[0], 1) - Message discarded for I'm not a recipient: 
client[2] - time to live = 0 for message: ask message for missing message 1
NOT IMPLEMENTED YET
client[0] - Room: stanza(client[0], 1) - Asked for message: 1
client[0] - time to live = 0 for message: ask message for missing message 1
client[2] - Room: stanza(client[0], 1) - Message discarded for I'm not a recipient: 
client[2] - time to live = 0 for message: ask message for missing message 1
NOT IMPLEMENTED YET
client[0] - Room: stanza(client[0], 1) - Asked for message: 53
client[0] - time to live = 0 for message: ask message for missing message 53
client[2] - Room: stanza(client[0], 1) - Message discarded for I'm not a recipient: 
client[2] - time to live = 0 for message: ask message for missing message 53
client[2] - Sending message to room stanza(client[3], 2) - msg(86,client[2])
client[1] - Room: stanza(client[3], 2) - Message discarded for I'm not a recipient: 
client[1] - time to live = 0 for message: message from client[2] to stanza(client[3], 2)
client[3] - stanza(client[3], 2) - Displayed message: msg(86,client[2]) from user client[2]
client[3] - Room: stanza(client[3], 2) - Message received: msg(86,client[2])
client[3] - time to live = 0 for message: message from client[2] to stanza(client[3], 2)
client[1] - Sending message to room stanza(client[1], 0) - msg(136,client[1])
client[0] - stanza(client[1], 0) - Displayed message: msg(136,client[1]) from user client[1]
client[0] - Room: stanza(client[1], 0) - Message received: msg(136,client[1])
client[0] - time to live = 0 for message: message from client[1] to stanza(client[1], 0)
client[2] - Room: stanza(client[1], 0) - Message discarded for I'm not a recipient: 
client[2] - time to live = 0 for message: message from client[1] to stanza(client[1], 0)
client[3] - Sending message to room stanza(client[2], 2) - msg(112,client[3])
client[2] - stanza(client[2], 2) - Displayed message: msg(112,client[3]) from user client[3]
client[2] - Room: stanza(client[2], 2) - Message received: msg(112,client[3])
client[2] - time to live = 0 for message: message from client[3] to stanza(client[2], 2)
client[4] - Room: stanza(client[2], 2) - Message discarded for I'm not a recipient: 
client[4] - time to live = 0 for message: message from client[3] to stanza(client[2], 2)
client[4] - Sending message to room stanza(client[0], 2) - msg(140,client[4])
client[3] - Room: stanza(client[0], 2) - Message discarded for I'm not a recipient: 
client[3] - time to live = 0 for message: message from client[4] to stanza(client[0], 2)
client[0] - stanza(client[0], 2) - Displayed message: msg(140,client[4]) from user client[4]
client[0] - Room: stanza(client[0], 2) - Message received: msg(140,client[4])
client[0] - time to live = 0 for message: message from client[4] to stanza(client[0], 2)
client[2] - Sending message to room stanza(client[2], 2) - msg(87,client[2])
client[1] - Room: stanza(client[2], 2) - Message discarded for I'm not a recipient: 
client[1] - time to live = 0 for message: message from client[2] to stanza(client[2], 2)
client[3] - stanza(client[2], 2) - Displayed message: msg(87,client[2]) from user client[2]
client[3] - Room: stanza(client[2], 2) - Message received: msg(87,client[2])
client[3] - time to live = 0 for message: message from client[2] to stanza(client[2], 2)
client[0] - Sending message to room stanza(client[0], 2) - msg(132,client[0])
client[4] - Room: stanza(client[0], 2) - Message received: msg(132,client[0])
client[4] - time to live = 0 for message: message from client[0] to stanza(client[0], 2)
client[1] - Room: stanza(client[0], 2) - Message received: msg(132,client[0])
client[1] - time to live = 0 for message: message from client[0] to stanza(client[0], 2)
client[2] - Sending message to room stanza(client[2], 0) - msg(88,client[2])
client[1] - stanza(client[2], 0) - Displayed message: msg(88,client[2]) from user client[2]
client[1] - Room: stanza(client[2], 0) - Message received: msg(88,client[2])
client[1] - time to live = 0 for message: message from client[2] to stanza(client[2], 0)
client[3] - Room: stanza(client[2], 0) - Message discarded for I'm not a recipient: 
client[3] - time to live = 0 for message: message from client[2] to stanza(client[2], 0)
client[4] - Sending message to room stanza(client[3], 1) - msg(141,client[4])
client[3] - stanza(client[3], 1) - Displayed message: msg(141,client[4]) from user client[4]
client[3] - Room: stanza(client[3], 1) - Message received: msg(141,client[4])
client[3] - time to live = 0 for message: message from client[4] to stanza(client[3], 1)
client[0] - Room: stanza(client[3], 1) - Message discarded for I'm not a recipient: 
client[0] - time to live = 0 for message: message from client[4] to stanza(client[3], 1)
client[1] - Sending message to room stanza(client[2], 0) - msg(137,client[1])
client[0] - Room: stanza(client[2], 0) - Message discarded for I'm not a recipient: 
client[0] - time to live = 0 for message: message from client[1] to stanza(client[2], 0)
client[2] - stanza(client[2], 0) - Displayed message: msg(137,client[1]) from user client[1]
client[2] - Room: stanza(client[2], 0) - Message received: msg(137,client[1])
client[2] - time to live = 0 for message: message from client[1] to stanza(client[2], 0)
client[2] - Sending message to room stanza(client[3], 2) - msg(89,client[2])
client[1] - Room: stanza(client[3], 2) - Message discarded for I'm not a recipient: 
client[1] - time to live = 0 for message: message from client[2] to stanza(client[3], 2)
client[3] - stanza(client[3], 2) - Displayed message: msg(89,client[2]) from user client[2]
client[3] - Room: stanza(client[3], 2) - Message received: msg(89,client[2])
client[3] - time to live = 0 for message: message from client[2] to stanza(client[3], 2)
client[3] - Sending message to room stanza(client[3], 4) - msg(113,client[3])
client[2] - Room: stanza(client[3], 4) - Message discarded for I'm not a recipient: 
client[2] - time to live = 0 for message: message from client[3] to stanza(client[3], 4)
client[4] - stanza(client[3], 4) - Displayed message: msg(113,client[3]) from user client[3]
client[4] - Room: stanza(client[3], 4) - Message received: msg(113,client[3])
client[4] - time to live = 0 for message: message from client[3] to stanza(client[3], 4)
client[4] - Sending message to room stanza(client[3], 6) - msg(142,client[4])
client[3] - stanza(client[3], 6) - Displayed message: msg(142,client[4]) from user client[4]
client[3] - Room: stanza(client[3], 6) - Message received: msg(142,client[4])
client[3] - time to live = 0 for message: message from client[4] to stanza(client[3], 6)
client[0] - Room: stanza(client[3], 6) - Message discarded for I'm not a recipient: 
client[0] - time to live = 0 for message: message from client[4] to stanza(client[3], 6)
client[1] - Sending message to room stanza(client[0], 2) - msg(138,client[1])
client[0] - stanza(client[0], 2) - Displayed message: msg(138,client[1]) from user client[1]
client[0] - Room: stanza(client[0], 2) - Message received: msg(138,client[1])
client[0] - time to live = 0 for message: message from client[1] to stanza(client[0], 2)
client[2] - Room: stanza(client[0], 2) - Message discarded for I'm not a recipient: 
client[2] - time to live = 0 for message: message from client[1] to stanza(client[0], 2)
client[2] - Sending message to room stanza(client[3], 1) - msg(90,client[2])
client[1] - Room: stanza(client[3], 1) - Message discarded for I'm not a recipient: 
client[1] - time to live = 0 for message: message from client[2] to stanza(client[3], 1)
client[3] - stanza(client[3], 1) - Displayed message: msg(90,client[2]) from user client[2]
client[3] - Room: stanza(client[3], 1) - Message received: msg(90,client[2])
client[3] - time to live = 0 for message: message from client[2] to stanza(client[3], 1)
client[4] - Sending message to room stanza(client[4], 2) - msg(143,client[4])
client[3] - Room: stanza(client[4], 2) - Message discarded for I'm not a recipient: 
client[3] - time to live = 0 for message: message from client[4] to stanza(client[4], 2)
client[0] - stanza(client[4], 2) - Displayed message: msg(143,client[4]) from user client[4]
client[0] - Room: stanza(client[4], 2) - Message received: msg(143,client[4])
client[0] - time to live = 0 for message: message from client[4] to stanza(client[4], 2)
client[3] - Sending message to room stanza(client[2], 2) - msg(114,client[3])
client[2] - stanza(client[2], 2) - Displayed message: msg(114,client[3]) from user client[3]
client[2] - Room: stanza(client[2], 2) - Message received: msg(114,client[3])
client[2] - time to live = 0 for message: message from client[3] to stanza(client[2], 2)
client[4] - Room: stanza(client[2], 2) - Message discarded for I'm not a recipient: 
client[4] - time to live = 0 for message: message from client[3] to stanza(client[2], 2)
client[2] - Sending message to room stanza(client[3], 1) - msg(91,client[2])
client[1] - Room: stanza(client[3], 1) - Message discarded for I'm not a recipient: 
client[1] - time to live = 0 for message: message from client[2] to stanza(client[3], 1)
client[3] - stanza(client[3], 1) - Displayed message: msg(91,client[2]) from user client[2]
client[3] - Room: stanza(client[3], 1) - Message received: msg(91,client[2])
client[3] - time to live = 0 for message: message from client[2] to stanza(client[3], 1)
client[4] - Sending message to room stanza(client[3], 1) - msg(144,client[4])
client[3] - stanza(client[3], 1) - Displayed message: msg(144,client[4]) from user client[4]
client[3] - Room: stanza(client[3], 1) - Message received: msg(144,client[4])
client[3] - time to live = 0 for message: message from client[4] to stanza(client[3], 1)
client[0] - Room: stanza(client[3], 1) - Message discarded for I'm not a recipient: 
client[0] - time to live = 0 for message: message from client[4] to stanza(client[3], 1)
client[1] - Sending message to room stanza(client[1], 0) - msg(139,client[1])
client[0] - stanza(client[1], 0) - Displayed message: msg(139,client[1]) from user client[1]
client[0] - Room: stanza(client[1], 0) - Message received: msg(139,client[1])
client[0] - time to live = 0 for message: message from client[1] to stanza(client[1], 0)
client[2] - Room: stanza(client[1], 0) - Message discarded for I'm not a recipient: 
client[2] - time to live = 0 for message: message from client[1] to stanza(client[1], 0)
client[3] - Sending message to room stanza(client[3], 5) - msg(115,client[3])
client[2] - Room: stanza(client[3], 5) - Message discarded for I'm not a recipient: 
client[2] - time to live = 0 for message: message from client[3] to stanza(client[3], 5)
client[4] - stanza(client[3], 5) - Displayed message: msg(115,client[3]) from user client[3]
client[4] - Room: stanza(client[3], 5) - Message received: msg(115,client[3])
client[4] - time to live = 0 for message: message from client[3] to stanza(client[3], 5)
client[3] - Sending message to room stanza(client[3], 1) - msg(116,client[3])
client[2] - Asked for message: 3 - Room: stanza(client[3], 1)
client[2] - Asked for message: 1 - Room: stanza(client[3], 1)
client[2] - Asked for message: 21 - Room: stanza(client[3], 1)
client[2] - Asked for message: 1 - Room: stanza(client[3], 1)
client[2] - Asked for message: 1 - Room: stanza(client[3], 1)
client[2] - time to live = 0 for message: message from client[3] to stanza(client[3], 1)
client[4] - Asked for message: 1 - Room: stanza(client[3], 1)
client[4] - Asked for message: 1 - Room: stanza(client[3], 1)
client[4] - Asked for message: 1 - Room: stanza(client[3], 1)
client[4] - Asked for message: 1 - Room: stanza(client[3], 1)
client[4] - Asked for message: 18 - Room: stanza(client[3], 1)
client[4] - time to live = 0 for message: message from client[3] to stanza(client[3], 1)
client[1] - Room: stanza(client[3], 1) - Message discarded for I'm not a recipient: 
client[1] - time to live = 0 for message: ask message for missing message 3
NOT IMPLEMENTED YET
client[3] - Room: stanza(client[3], 1) - Asked for message: 3
client[3] - time to live = 0 for message: ask message for missing message 3
client[1] - Room: stanza(client[3], 1) - Message discarded for I'm not a recipient: 
client[1] - time to live = 0 for message: ask message for missing message 1
NOT IMPLEMENTED YET
client[3] - Room: stanza(client[3], 1) - Asked for message: 1
client[3] - time to live = 0 for message: ask message for missing message 1
client[1] - Room: stanza(client[3], 1) - Message discarded for I'm not a recipient: 
client[1] - time to live = 0 for message: ask message for missing message 21
NOT IMPLEMENTED YET
client[3] - Room: stanza(client[3], 1) - Asked for message: 21
client[3] - time to live = 0 for message: ask message for missing message 21
client[1] - Room: stanza(client[3], 1) - Message discarded for I'm not a recipient: 
client[1] - time to live = 0 for message: ask message for missing message 1
NOT IMPLEMENTED YET
client[3] - Room: stanza(client[3], 1) - Asked for message: 1
client[3] - time to live = 0 for message: ask message for missing message 1
client[1] - Room: stanza(client[3], 1) - Message discarded for I'm not a recipient: 
client[1] - time to live = 0 for message: ask message for missing message 1
NOT IMPLEMENTED YET
client[3] - Room: stanza(client[3], 1) - Asked for message: 1
client[3] - time to live = 0 for message: ask message for missing message 1
NOT IMPLEMENTED YET
client[3] - Room: stanza(client[3], 1) - Asked for message: 1
client[3] - time to live = 0 for message: ask message for missing message 1
client[0] - Room: stanza(client[3], 1) - Message discarded for I'm not a recipient: 
client[0] - time to live = 0 for message: ask message for missing message 1
NOT IMPLEMENTED YET
client[3] - Room: stanza(client[3], 1) - Asked for message: 1
client[3] - time to live = 0 for message: ask message for missing message 1
client[0] - Room: stanza(client[3], 1) - Message discarded for I'm not a recipient: 
client[0] - time to live = 0 for message: ask message for missing message 1
NOT IMPLEMENTED YET
client[3] - Room: stanza(client[3], 1) - Asked for message: 1
client[3] - time to live = 0 for message: ask message for missing message 1
client[0] - Room: stanza(client[3], 1) - Message discarded for I'm not a recipient: 
client[0] - time to live = 0 for message: ask message for missing message 1
NOT IMPLEMENTED YET
client[3] - Room: stanza(client[3], 1) - Asked for message: 1
client[3] - time to live = 0 for message: ask message for missing message 1
client[0] - Room: stanza(client[3], 1) - Message discarded for I'm not a recipient: 
client[0] - time to live = 0 for message: ask message for missing message 1
NOT IMPLEMENTED YET
client[3] - Room: stanza(client[3], 1) - Asked for message: 18
client[3] - time to live = 0 for message: ask message for missing message 18
client[0] - Room: stanza(client[3], 1) - Message discarded for I'm not a recipient: 
client[0] - time to live = 0 for message: ask message for missing message 18
client[1] - Sending message to room stanza(client[2], 1) - msg(140,client[1])
client[0] - Room: stanza(client[2], 1) - Message discarded for I'm not a recipient: 
client[0] - time to live = 0 for message: message from client[1] to stanza(client[2], 1)
client[2] - stanza(client[2], 1) - Displayed message: msg(140,client[1]) from user client[1]
client[2] - Room: stanza(client[2], 1) - Message received: msg(140,client[1])
client[2] - time to live = 0 for message: message from client[1] to stanza(client[2], 1)
client[4] - Sending message to room stanza(client[3], 3) - msg(145,client[4])
client[3] - stanza(client[3], 3) - Displayed message: msg(145,client[4]) from user client[4]
client[3] - Room: stanza(client[3], 3) - Message received: msg(145,client[4])
client[3] - time to live = 0 for message: message from client[4] to stanza(client[3], 3)
client[0] - Room: stanza(client[3], 3) - Message discarded for I'm not a recipient: 
client[0] - time to live = 0 for message: message from client[4] to stanza(client[3], 3)
client[2] - Sending message to room stanza(client[1], 1) - msg(92,client[2])
client[1] - stanza(client[1], 1) - Displayed message: msg(92,client[2]) from user client[2]
client[1] - Room: stanza(client[1], 1) - Message received: msg(92,client[2])
client[1] - time to live = 0 for message: message from client[2] to stanza(client[1], 1)
client[3] - Room: stanza(client[1], 1) - Message discarded for I'm not a recipient: 
client[3] - time to live = 0 for message: message from client[2] to stanza(client[1], 1)
client[3] - Sending message to room stanza(client[3], 2) - msg(117,client[3])
client[2] - stanza(client[3], 2) - Displayed message: msg(117,client[3]) from user client[3]
client[2] - Room: stanza(client[3], 2) - Message received: msg(117,client[3])
client[2] - time to live = 0 for message: message from client[3] to stanza(client[3], 2)
client[4] - Room: stanza(client[3], 2) - Message discarded for I'm not a recipient: 
client[4] - time to live = 0 for message: message from client[3] to stanza(client[3], 2)
client[0] - Sending message to room stanza(client[0], 1) - msg(133,client[0])
client[4] - Asked for message: 1 - Room: stanza(client[0], 1)
client[4] - Asked for message: 1 - Room: stanza(client[0], 1)
client[4] - Asked for message: 1 - Room: stanza(client[0], 1)
client[4] - Asked for message: 52 - Room: stanza(client[0], 1)
client[4] - Asked for message: 1 - Room: stanza(client[0], 1)
client[4] - time to live = 0 for message: message from client[0] to stanza(client[0], 1)
client[1] - Asked for message: 1 - Room: stanza(client[0], 1)
client[1] - Asked for message: 1 - Room: stanza(client[0], 1)
client[1] - Asked for message: 1 - Room: stanza(client[0], 1)
client[1] - Asked for message: 1 - Room: stanza(client[0], 1)
client[1] - Asked for message: 53 - Room: stanza(client[0], 1)
client[1] - time to live = 0 for message: message from client[0] to stanza(client[0], 1)
client[3] - Room: stanza(client[0], 1) - Message discarded for I'm not a recipient: 
client[3] - time to live = 0 for message: ask message for missing message 1
NOT IMPLEMENTED YET
client[0] - Room: stanza(client[0], 1) - Asked for message: 1
client[0] - time to live = 0 for message: ask message for missing message 1
client[3] - Room: stanza(client[0], 1) - Message discarded for I'm not a recipient: 
client[3] - time to live = 0 for message: ask message for missing message 1
NOT IMPLEMENTED YET
client[0] - Room: stanza(client[0], 1) - Asked for message: 1
client[0] - time to live = 0 for message: ask message for missing message 1
client[3] - Room: stanza(client[0], 1) - Message discarded for I'm not a recipient: 
client[3] - time to live = 0 for message: ask message for missing message 1
NOT IMPLEMENTED YET
client[0] - Room: stanza(client[0], 1) - Asked for message: 1
client[0] - time to live = 0 for message: ask message for missing message 1
client[3] - Room: stanza(client[0], 1) - Message discarded for I'm not a recipient: 
client[3] - time to live = 0 for message: ask message for missing message 52
NOT IMPLEMENTED YET
client[0] - Room: stanza(client[0], 1) - Asked for message: 52
client[0] - time to live = 0 for message: ask message for missing message 52
client[3] - Room: stanza(client[0], 1) - Message discarded for I'm not a recipient: 
client[3] - time to live = 0 for message: ask message for missing message 1
NOT IMPLEMENTED YET
client[0] - Room: stanza(client[0], 1) - Asked for message: 1
client[0] - time to live = 0 for message: ask message for missing message 1
NOT IMPLEMENTED YET
client[0] - Room: stanza(client[0], 1) - Asked for message: 1
client[0] - time to live = 0 for message: ask message for missing message 1
client[2] - Room: stanza(client[0], 1) - Message discarded for I'm not a recipient: 
client[2] - time to live = 0 for message: ask message for missing message 1
NOT IMPLEMENTED YET
client[0] - Room: stanza(client[0], 1) - Asked for message: 1
client[0] - time to live = 0 for message: ask message for missing message 1
client[2] - Room: stanza(client[0], 1) - Message discarded for I'm not a recipient: 
client[2] - time to live = 0 for message: ask message for missing message 1
NOT IMPLEMENTED YET
client[0] - Room: stanza(client[0], 1) - Asked for message: 1
client[0] - time to live = 0 for message: ask message for missing message 1
client[2] - Room: stanza(client[0], 1) - Message discarded for I'm not a recipient: 
client[2] - time to live = 0 for message: ask message for missing message 1
NOT IMPLEMENTED YET
client[0] - Room: stanza(client[0], 1) - Asked for message: 1
client[0] - time to live = 0 for message: ask message for missing message 1
client[2] - Room: stanza(client[0], 1) - Message discarded for I'm not a recipient: 
client[2] - time to live = 0 for message: ask message for missing message 1
NOT IMPLEMENTED YET
client[0] - Room: stanza(client[0], 1) - Asked for message: 53
client[0] - time to live = 0 for message: ask message for missing message 53
client[2] - Room: stanza(client[0], 1) - Message discarded for I'm not a recipient: 
client[2] - time to live = 0 for message: ask message for missing message 53
client[2] - Sending message to room stanza(client[3], 2) - msg(93,client[2])
client[1] - Room: stanza(client[3], 2) - Message discarded for I'm not a recipient: 
client[1] - time to live = 0 for message: message from client[2] to stanza(client[3], 2)
client[3] - stanza(client[3], 2) - Displayed message: msg(93,client[2]) from user client[2]
client[3] - Room: stanza(client[3], 2) - Message received: msg(93,client[2])
client[3] - time to live = 0 for message: message from client[2] to stanza(client[3], 2)
client[1] - Sending message to room stanza(client[2], 0) - msg(141,client[1])
client[0] - Room: stanza(client[2], 0) - Message discarded for I'm not a recipient: 
client[0] - time to live = 0 for message: message from client[1] to stanza(client[2], 0)
client[2] - stanza(client[2], 0) - Displayed message: msg(141,client[1]) from user client[1]
client[2] - Room: stanza(client[2], 0) - Message received: msg(141,client[1])
client[2] - time to live = 0 for message: message from client[1] to stanza(client[2], 0)
client[0] - Sending message to room stanza(client[1], 0) - msg(134,client[0])
client[4] - Room: stanza(client[1], 0) - Message discarded for I'm not a recipient: 
client[4] - time to live = 0 for message: message from client[0] to stanza(client[1], 0)
client[1] - stanza(client[1], 0) - Displayed message: msg(134,client[0]) from user client[0]
client[1] - Room: stanza(client[1], 0) - Message received: msg(134,client[0])
client[1] - time to live = 0 for message: message from client[0] to stanza(client[1], 0)
client[2] - Sending message to room stanza(client[1], 1) - msg(94,client[2])
client[1] - stanza(client[1], 1) - Displayed message: msg(94,client[2]) from user client[2]
client[1] - Room: stanza(client[1], 1) - Message received: msg(94,client[2])
client[1] - time to live = 0 for message: message from client[2] to stanza(client[1], 1)
client[3] - Room: stanza(client[1], 1) - Message discarded for I'm not a recipient: 
client[3] - time to live = 0 for message: message from client[2] to stanza(client[1], 1)
client[3] - Sending message to room stanza(client[3], 5) - msg(118,client[3])
client[2] - Room: stanza(client[3], 5) - Message discarded for I'm not a recipient: 
client[2] - time to live = 0 for message: message from client[3] to stanza(client[3], 5)
client[4] - stanza(client[3], 5) - Displayed message: msg(118,client[3]) from user client[3]
client[4] - Room: stanza(client[3], 5) - Message received: msg(118,client[3])
client[4] - time to live = 0 for message: message from client[3] to stanza(client[3], 5)
client[4] - Sending message to room stanza(client[3], 6) - msg(146,client[4])
client[3] - stanza(client[3], 6) - Displayed message: msg(146,client[4]) from user client[4]
client[3] - Room: stanza(client[3], 6) - Message received: msg(146,client[4])
client[3] - time to live = 0 for message: message from client[4] to stanza(client[3], 6)
client[0] - Room: stanza(client[3], 6) - Message discarded for I'm not a recipient: 
client[0] - time to live = 0 for message: message from client[4] to stanza(client[3], 6)
client[2] - Sending message to room stanza(client[3], 2) - msg(95,client[2])
client[1] - Room: stanza(client[3], 2) - Message discarded for I'm not a recipient: 
client[1] - time to live = 0 for message: message from client[2] to stanza(client[3], 2)
client[3] - stanza(client[3], 2) - Displayed message: msg(95,client[2]) from user client[2]
client[3] - Room: stanza(client[3], 2) - Message received: msg(95,client[2])
client[3] - time to live = 0 for message: message from client[2] to stanza(client[3], 2)
client[4] - Sending message to room stanza(client[0], 2) - msg(147,client[4])
client[3] - Room: stanza(client[0], 2) - Message discarded for I'm not a recipient: 
client[3] - time to live = 0 for message: message from client[4] to stanza(client[0], 2)
client[0] - stanza(client[0], 2) - Displayed message: msg(147,client[4]) from user client[4]
client[0] - Room: stanza(client[0], 2) - Message received: msg(147,client[4])
client[0] - time to live = 0 for message: message from client[4] to stanza(client[0], 2)
client[2] - Sending message to room stanza(client[2], 2) - msg(96,client[2])
client[1] - Room: stanza(client[2], 2) - Message discarded for I'm not a recipient: 
client[1] - time to live = 0 for message: message from client[2] to stanza(client[2], 2)
client[3] - stanza(client[2], 2) - Displayed message: msg(96,client[2]) from user client[2]
client[3] - Room: stanza(client[2], 2) - Message received: msg(96,client[2])
client[3] - time to live = 0 for message: message from client[2] to stanza(client[2], 2)
client[0] - Sending message to room stanza(client[4], 0) - msg(135,client[0])
client[4] - stanza(client[4], 0) - Displayed message: msg(135,client[0]) from user client[0]
client[4] - Room: stanza(client[4], 0) - Message received: msg(135,client[0])
client[4] - time to live = 0 for message: message from client[0] to stanza(client[4], 0)
client[1] - Room: stanza(client[4], 0) - Message discarded for I'm not a recipient: 
client[1] - time to live = 0 for message: message from client[0] to stanza(client[4], 0)
client[4] - Sending message to room stanza(client[3], 1) - msg(148,client[4])
client[3] - stanza(client[3], 1) - Displayed message: msg(148,client[4]) from user client[4]
client[3] - Room: stanza(client[3], 1) - Message received: msg(148,client[4])
client[3] - time to live = 0 for message: message from client[4] to stanza(client[3], 1)
client[0] - Room: stanza(client[3], 1) - Message discarded for I'm not a recipient: 
client[0] - time to live = 0 for message: message from client[4] to stanza(client[3], 1)
client[2] - Sending message to room stanza(client[2], 0) - msg(97,client[2])
client[1] - stanza(client[2], 0) - Displayed message: msg(97,client[2]) from user client[2]
client[1] - Room: stanza(client[2], 0) - Message received: msg(97,client[2])
client[1] - time to live = 0 for message: message from client[2] to stanza(client[2], 0)
client[3] - Room: stanza(client[2], 0) - Message discarded for I'm not a recipient: 
client[3] - time to live = 0 for message: message from client[2] to stanza(client[2], 0)
client[0] - Sending message to room stanza(client[0], 1) - msg(136,client[0])
client[4] - Asked for message: 1 - Room: stanza(client[0], 1)
client[4] - Asked for message: 1 - Room: stanza(client[0], 1)
client[4] - Asked for message: 1 - Room: stanza(client[0], 1)
client[4] - Asked for message: 52 - Room: stanza(client[0], 1)
client[4] - Asked for message: 1 - Room: stanza(client[0], 1)
client[4] - time to live = 0 for message: message from client[0] to stanza(client[0], 1)
client[1] - Asked for message: 1 - Room: stanza(client[0], 1)
client[1] - Asked for message: 1 - Room: stanza(client[0], 1)
client[1] - Asked for message: 1 - Room: stanza(client[0], 1)
client[1] - Asked for message: 1 - Room: stanza(client[0], 1)
client[1] - Asked for message: 53 - Room: stanza(client[0], 1)
client[1] - time to live = 0 for message: message from client[0] to stanza(client[0], 1)
client[3] - Room: stanza(client[0], 1) - Message discarded for I'm not a recipient: 
client[3] - time to live = 0 for message: ask message for missing message 1
NOT IMPLEMENTED YET
client[0] - Room: stanza(client[0], 1) - Asked for message: 1
client[0] - time to live = 0 for message: ask message for missing message 1
client[3] - Room: stanza(client[0], 1) - Message discarded for I'm not a recipient: 
client[3] - time to live = 0 for message: ask message for missing message 1
NOT IMPLEMENTED YET
client[0] - Room: stanza(client[0], 1) - Asked for message: 1
client[0] - time to live = 0 for message: ask message for missing message 1
client[3] - Room: stanza(client[0], 1) - Message discarded for I'm not a recipient: 
client[3] - time to live = 0 for message: ask message for missing message 1
NOT IMPLEMENTED YET
client[0] - Room: stanza(client[0], 1) - Asked for message: 1
client[0] - time to live = 0 for message: ask message for missing message 1
client[3] - Room: stanza(client[0], 1) - Message discarded for I'm not a recipient: 
client[3] - time to live = 0 for message: ask message for missing message 52
NOT IMPLEMENTED YET
client[0] - Room: stanza(client[0], 1) - Asked for message: 52
client[0] - time to live = 0 for message: ask message for missing message 52
client[3] - Room: stanza(client[0], 1) - Message discarded for I'm not a recipient: 
client[3] - time to live = 0 for message: ask message for missing message 1
NOT IMPLEMENTED YET
client[0] - Room: stanza(client[0], 1) - Asked for message: 1
client[0] - time to live = 0 for message: ask message for missing message 1
NOT IMPLEMENTED YET
client[0] - Room: stanza(client[0], 1) - Asked for message: 1
client[0] - time to live = 0 for message: ask message for missing message 1
client[2] - Room: stanza(client[0], 1) - Message discarded for I'm not a recipient: 
client[2] - time to live = 0 for message: ask message for missing message 1
NOT IMPLEMENTED YET
client[0] - Room: stanza(client[0], 1) - Asked for message: 1
client[0] - time to live = 0 for message: ask message for missing message 1
client[2] - Room: stanza(client[0], 1) - Message discarded for I'm not a recipient: 
client[2] - time to live = 0 for message: ask message for missing message 1
NOT IMPLEMENTED YET
client[0] - Room: stanza(client[0], 1) - Asked for message: 1
client[0] - time to live = 0 for message: ask message for missing message 1
client[2] - Room: stanza(client[0], 1) - Message discarded for I'm not a recipient: 
client[2] - time to live = 0 for message: ask message for missing message 1
NOT IMPLEMENTED YET
client[0] - Room: stanza(client[0], 1) - Asked for message: 1
client[0] - time to live = 0 for message: ask message for missing message 1
client[2] - Room: stanza(client[0], 1) - Message discarded for I'm not a recipient: 
client[2] - time to live = 0 for message: ask message for missing message 1
NOT IMPLEMENTED YET
client[0] - Room: stanza(client[0], 1) - Asked for message: 53
client[0] - time to live = 0 for message: ask message for missing message 53
client[2] - Room: stanza(client[0], 1) - Message discarded for I'm not a recipient: 
client[2] - time to live = 0 for message: ask message for missing message 53
client[0] - Sending message to room stanza(client[0], 0) - msg(137,client[0])
client[4] - Room: stanza(client[0], 0) - Message discarded for I'm not a recipient: 
client[4] - time to live = 0 for message: message from client[0] to stanza(client[0], 0)
client[1] - Room: stanza(client[0], 0) - Message discarded for I'm not a recipient: 
client[1] - time to live = 0 for message: message from client[0] to stanza(client[0], 0)
client[1] - Sending message to room stanza(client[0], 1) - msg(142,client[1])
client[0] - stanza(client[0], 1) - Displayed message: msg(142,client[1]) from user client[1]
client[0] - Room: stanza(client[0], 1) - Message received: msg(142,client[1])
client[0] - time to live = 0 for message: message from client[1] to stanza(client[0], 1)
client[2] - Room: stanza(client[0], 1) - Message discarded for I'm not a recipient: 
client[2] - time to live = 0 for message: message from client[1] to stanza(client[0], 1)
client[0] - Sending message to room stanza(client[4], 0) - msg(138,client[0])
client[4] - stanza(client[4], 0) - Displayed message: msg(138,client[0]) from user client[0]
client[4] - Room: stanza(client[4], 0) - Message received: msg(138,client[0])
client[4] - time to live = 0 for message: message from client[0] to stanza(client[4], 0)
client[1] - Room: stanza(client[4], 0) - Message discarded for I'm not a recipient: 
client[1] - time to live = 0 for message: message from client[0] to stanza(client[4], 0)
client[0] - Sending message to room stanza(client[4], 2) - msg(139,client[0])
client[4] - stanza(client[4], 2) - Displayed message: msg(139,client[0]) from user client[0]
client[4] - Room: stanza(client[4], 2) - Message received: msg(139,client[0])
client[4] - time to live = 0 for message: message from client[0] to stanza(client[4], 2)
client[1] - Room: stanza(client[4], 2) - Message discarded for I'm not a recipient: 
client[1] - time to live = 0 for message: message from client[0] to stanza(client[4], 2)
client[4] - Sending message to room stanza(client[3], 4) - msg(149,client[4])
client[3] - stanza(client[3], 4) - Displayed message: msg(149,client[4]) from user client[4]
client[3] - Room: stanza(client[3], 4) - Message received: msg(149,client[4])
client[3] - time to live = 0 for message: message from client[4] to stanza(client[3], 4)
client[0] - Room: stanza(client[3], 4) - Message discarded for I'm not a recipient: 
client[0] - time to live = 0 for message: message from client[4] to stanza(client[3], 4)
client[4] - Sent room creation: stanza(client[4], 3) with: client[4],client[0],client[1],client[3],client[2]
client[3] - Room created: stanza(client[4], 3)
client[3] - time to live = 0 for message: creation of room stanza(client[4], 3)
client[0] - Room created: stanza(client[4], 3)
client[0] - time to live = 0 for message: creation of room stanza(client[4], 3)
client[2] - Sending message to room stanza(client[2], 2) - msg(98,client[2])
client[1] - Room: stanza(client[2], 2) - Message discarded for I'm not a recipient: 
client[1] - time to live = 0 for message: message from client[2] to stanza(client[2], 2)
client[3] - stanza(client[2], 2) - Displayed message: msg(98,client[2]) from user client[2]
client[3] - Room: stanza(client[2], 2) - Message received: msg(98,client[2])
client[3] - time to live = 0 for message: message from client[2] to stanza(client[2], 2)
client[1] - Sending message to room stanza(client[1], 1) - msg(143,client[1])
client[0] - Room: stanza(client[1], 1) - Message received: msg(143,client[1])
client[0] - time to live = 0 for message: message from client[1] to stanza(client[1], 1)
client[2] - Room: stanza(client[1], 1) - Message received: msg(143,client[1])
client[2] - time to live = 0 for message: message from client[1] to stanza(client[1], 1)
client[3] - Sending message to room stanza(client[4], 3) - msg(119,client[3])
client[2] - Room: stanza(client[4], 3) - Message discarded for I'm not a recipient: 
client[2] - time to live = 0 for message: message from client[3] to stanza(client[4], 3)
client[4] - stanza(client[4], 3) - Displayed message: msg(119,client[3]) from user client[3]
client[4] - Room: stanza(client[4], 3) - Message received: msg(119,client[3])
client[4] - time to live = 0 for message: message from client[3] to stanza(client[4], 3)
client[1] - Sending message to room stanza(client[1], 0) - msg(144,client[1])
client[0] - stanza(client[1], 0) - Displayed message: msg(144,client[1]) from user client[1]
client[0] - Room: stanza(client[1], 0) - Message received: msg(144,client[1])
client[0] - time to live = 0 for message: message from client[1] to stanza(client[1], 0)
client[2] - Room: stanza(client[1], 0) - Message discarded for I'm not a recipient: 
client[2] - time to live = 0 for message: message from client[1] to stanza(client[1], 0)
client[4] - Sending message to room stanza(client[4], 0) - msg(150,client[4])
client[3] - Room: stanza(client[4], 0) - Message discarded for I'm not a recipient: 
client[3] - time to live = 0 for message: message from client[4] to stanza(client[4], 0)
client[0] - stanza(client[4], 0) - Displayed message: msg(150,client[4]) from user client[4]
client[0] - Room: stanza(client[4], 0) - Message received: msg(150,client[4])
client[0] - time to live = 0 for message: message from client[4] to stanza(client[4], 0)
client[3] - Sending message to room stanza(client[4], 1) - msg(120,client[3])
client[2] - Room: stanza(client[4], 1) - Message discarded for I'm not a recipient: 
client[2] - time to live = 0 for message: message from client[3] to stanza(client[4], 1)
client[4] - stanza(client[4], 1) - Displayed message: msg(120,client[3]) from user client[3]
client[4] - Room: stanza(client[4], 1) - Message received: msg(120,client[3])
client[4] - time to live = 0 for message: message from client[3] to stanza(client[4], 1)
client[1] - Sending message to room stanza(client[1], 0) - msg(145,client[1])
client[0] - stanza(client[1], 0) - Displayed message: msg(145,client[1]) from user client[1]
client[0] - Room: stanza(client[1], 0) - Message received: msg(145,client[1])
client[0] - time to live = 0 for message: message from client[1] to stanza(client[1], 0)
client[2] - Room: stanza(client[1], 0) - Message discarded for I'm not a recipient: 
client[2] - time to live = 0 for message: message from client[1] to stanza(client[1], 0)
client[3] - Sending message to room stanza(client[3], 4) - msg(121,client[3])
client[2] - Room: stanza(client[3], 4) - Message discarded for I'm not a recipient: 
client[2] - time to live = 0 for message: message from client[3] to stanza(client[3], 4)
client[4] - stanza(client[3], 4) - Displayed message: msg(121,client[3]) from user client[3]
client[4] - Room: stanza(client[3], 4) - Message received: msg(121,client[3])
client[4] - time to live = 0 for message: message from client[3] to stanza(client[3], 4)
client[1] - Sending message to room stanza(client[0], 2) - msg(146,client[1])
client[0] - stanza(client[0], 2) - Displayed message: msg(146,client[1]) from user client[1]
client[0] - Room: stanza(client[0], 2) - Message received: msg(146,client[1])
client[0] - time to live = 0 for message: message from client[1] to stanza(client[0], 2)
client[2] - Room: stanza(client[0], 2) - Message discarded for I'm not a recipient: 
client[2] - time to live = 0 for message: message from client[1] to stanza(client[0], 2)
client[3] - Sending message to room stanza(client[3], 4) - msg(122,client[3])
client[2] - Room: stanza(client[3], 4) - Message discarded for I'm not a recipient: 
client[2] - time to live = 0 for message: message from client[3] to stanza(client[3], 4)
client[4] - stanza(client[3], 4) - Displayed message: msg(122,client[3]) from user client[3]
client[4] - Room: stanza(client[3], 4) - Message received: msg(122,client[3])
client[4] - time to live = 0 for message: message from client[3] to stanza(client[3], 4)
client[1] - Sending message to room stanza(client[2], 0) - msg(147,client[1])
client[0] - Room: stanza(client[2], 0) - Message discarded for I'm not a recipient: 
client[0] - time to live = 0 for message: message from client[1] to stanza(client[2], 0)
client[2] - stanza(client[2], 0) - Displayed message: msg(147,client[1]) from user client[1]
client[2] - Room: stanza(client[2], 0) - Message received: msg(147,client[1])
client[2] - time to live = 0 for message: message from client[1] to stanza(client[2], 0)
client[0] - Sending message to room stanza(client[1], 0) - msg(140,client[0])
client[4] - Room: stanza(client[1], 0) - Message discarded for I'm not a recipient: 
client[4] - time to live = 0 for message: message from client[0] to stanza(client[1], 0)
client[1] - stanza(client[1], 0) - Displayed message: msg(140,client[0]) from user client[0]
client[1] - Room: stanza(client[1], 0) - Message received: msg(140,client[0])
client[1] - time to live = 0 for message: message from client[0] to stanza(client[1], 0)
client[1] - Sending message to room stanza(client[1], 1) - msg(148,client[1])
client[0] - Room: stanza(client[1], 1) - Message received: msg(148,client[1])
client[0] - time to live = 0 for message: message from client[1] to stanza(client[1], 1)
client[2] - Room: stanza(client[1], 1) - Message received: msg(148,client[1])
client[2] - time to live = 0 for message: message from client[1] to stanza(client[1], 1)
client[1] - Sending message to room stanza(client[0], 2) - msg(149,client[1])
client[0] - stanza(client[0], 2) - Displayed message: msg(149,client[1]) from user client[1]
client[0] - Room: stanza(client[0], 2) - Message received: msg(149,client[1])
client[0] - time to live = 0 for message: message from client[1] to stanza(client[0], 2)
client[2] - Room: stanza(client[0], 2) - Message discarded for I'm not a recipient: 
client[2] - time to live = 0 for message: message from client[1] to stanza(client[0], 2)
client[1] - Sending message to room stanza(client[2], 1) - msg(150,client[1])
client[0] - Room: stanza(client[2], 1) - Message discarded for I'm not a recipient: 
client[0] - time to live = 0 for message: message from client[1] to stanza(client[2], 1)
client[2] - stanza(client[2], 1) - Displayed message: msg(150,client[1]) from user client[1]
client[2] - Room: stanza(client[2], 1) - Message received: msg(150,client[1])
client[2] - time to live = 0 for message: message from client[1] to stanza(client[2], 1)
client[0] - Sending message to room stanza(client[4], 1) - msg(141,client[0])
client[4] - stanza(client[4], 1) - Displayed message: msg(141,client[0]) from user client[0]
client[4] - Room: stanza(client[4], 1) - Message received: msg(141,client[0])
client[4] - time to live = 0 for message: message from client[0] to stanza(client[4], 1)
client[1] - Room: stanza(client[4], 1) - Message discarded for I'm not a recipient: 
client[1] - time to live = 0 for message: message from client[0] to stanza(client[4], 1)
client[3] - Sending message to room stanza(client[3], 6) - msg(123,client[3])
client[2] - Room: stanza(client[3], 6) - Message discarded for I'm not a recipient: 
client[2] - time to live = 0 for message: message from client[3] to stanza(client[3], 6)
client[4] - stanza(client[3], 6) - Displayed message: msg(123,client[3]) from user client[3]
client[4] - Room: stanza(client[3], 6) - Message received: msg(123,client[3])
client[4] - time to live = 0 for message: message from client[3] to stanza(client[3], 6)
client[1] - Sending message to room stanza(client[1], 1) - msg(151,client[1])
client[0] - Room: stanza(client[1], 1) - Message received: msg(151,client[1])
client[0] - time to live = 0 for message: message from client[1] to stanza(client[1], 1)
client[2] - Room: stanza(client[1], 1) - Message received: msg(151,client[1])
client[2] - time to live = 0 for message: message from client[1] to stanza(client[1], 1)
client[1] - Sending message to room stanza(client[1], 0) - msg(152,client[1])
client[0] - stanza(client[1], 0) - Displayed message: msg(152,client[1]) from user client[1]
client[0] - Room: stanza(client[1], 0) - Message received: msg(152,client[1])
client[0] - time to live = 0 for message: message from client[1] to stanza(client[1], 0)
client[2] - Room: stanza(client[1], 0) - Message discarded for I'm not a recipient: 
client[2] - time to live = 0 for message: message from client[1] to stanza(client[1], 0)
client[2] - Sending message to room stanza(client[1], 1) - msg(99,client[2])
client[1] - stanza(client[1], 1) - Displayed message: msg(99,client[2]) from user client[2]
client[1] - Room: stanza(client[1], 1) - Message received: msg(99,client[2])
client[1] - time to live = 0 for message: message from client[2] to stanza(client[1], 1)
client[3] - Room: stanza(client[1], 1) - Message discarded for I'm not a recipient: 
client[3] - time to live = 0 for message: message from client[2] to stanza(client[1], 1)
client[2] - Sending message to room stanza(client[2], 2) - msg(100,client[2])
client[1] - Room: stanza(client[2], 2) - Message discarded for I'm not a recipient: 
client[1] - time to live = 0 for message: message from client[2] to stanza(client[2], 2)
client[3] - stanza(client[2], 2) - Displayed message: msg(100,client[2]) from user client[2]
client[3] - Room: stanza(client[2], 2) - Message received: msg(100,client[2])
client[3] - time to live = 0 for message: message from client[2] to stanza(client[2], 2)
client[2] - Sending message to room stanza(client[3], 2) - msg(101,client[2])
client[1] - Room: stanza(client[3], 2) - Message discarded for I'm not a recipient: 
client[1] - time to live = 0 for message: message from client[2] to stanza(client[3], 2)
client[3] - stanza(client[3], 2) - Displayed message: msg(101,client[2]) from user client[2]
client[3] - Room: stanza(client[3], 2) - Message received: msg(101,client[2])
client[3] - time to live = 0 for message: message from client[2] to stanza(client[3], 2)
client[1] - Sending message to room stanza(client[1], 1) - msg(153,client[1])
client[0] - Room: stanza(client[1], 1) - Message received: msg(153,client[1])
client[0] - time to live = 0 for message: message from client[1] to stanza(client[1], 1)
client[2] - Room: stanza(client[1], 1) - Message received: msg(153,client[1])
client[2] - time to live = 0 for message: message from client[1] to stanza(client[1], 1)
client[2] - Sending message to room stanza(client[1], 1) - msg(102,client[2])
client[1] - stanza(client[1], 1) - Displayed message: msg(102,client[2]) from user client[2]
client[1] - Room: stanza(client[1], 1) - Message received: msg(102,client[2])
client[1] - time to live = 0 for message: message from client[2] to stanza(client[1], 1)
client[3] - Room: stanza(client[1], 1) - Message discarded for I'm not a recipient: 
client[3] - time to live = 0 for message: message from client[2] to stanza(client[1], 1)
client[1] - Sending message to room stanza(client[1], 0) - msg(154,client[1])
client[0] - stanza(client[1], 0) - Displayed message: msg(154,client[1]) from user client[1]
client[0] - Room: stanza(client[1], 0) - Message received: msg(154,client[1])
client[0] - time to live = 0 for message: message from client[1] to stanza(client[1], 0)
client[2] - Room: stanza(client[1], 0) - Message discarded for I'm not a recipient: 
client[2] - time to live = 0 for message: message from client[1] to stanza(client[1], 0)
client[0] - Sending message to room stanza(client[0], 0) - msg(142,client[0])
client[4] - Room: stanza(client[0], 0) - Message discarded for I'm not a recipient: 
client[4] - time to live = 0 for message: message from client[0] to stanza(client[0], 0)
client[1] - Room: stanza(client[0], 0) - Message discarded for I'm not a recipient: 
client[1] - time to live = 0 for message: message from client[0] to stanza(client[0], 0)
client[2] - Sending message to room stanza(client[2], 0) - msg(103,client[2])
client[1] - stanza(client[2], 0) - Displayed message: msg(103,client[2]) from user client[2]
client[1] - Room: stanza(client[2], 0) - Message received: msg(103,client[2])
client[1] - time to live = 0 for message: message from client[2] to stanza(client[2], 0)
client[3] - Room: stanza(client[2], 0) - Message discarded for I'm not a recipient: 
client[3] - time to live = 0 for message: message from client[2] to stanza(client[2], 0)
client[3] - Sending message to room stanza(client[3], 1) - msg(124,client[3])
client[2] - Asked for message: 3 - Room: stanza(client[3], 1)
client[2] - Asked for message: 1 - Room: stanza(client[3], 1)
client[2] - Asked for message: 21 - Room: stanza(client[3], 1)
client[2] - Asked for message: 1 - Room: stanza(client[3], 1)
client[2] - Asked for message: 1 - Room: stanza(client[3], 1)
client[2] - time to live = 0 for message: message from client[3] to stanza(client[3], 1)
client[4] - Asked for message: 1 - Room: stanza(client[3], 1)
client[4] - Asked for message: 1 - Room: stanza(client[3], 1)
client[4] - Asked for message: 1 - Room: stanza(client[3], 1)
client[4] - Asked for message: 1 - Room: stanza(client[3], 1)
client[4] - Asked for message: 19 - Room: stanza(client[3], 1)
client[4] - time to live = 0 for message: message from client[3] to stanza(client[3], 1)
client[1] - Room: stanza(client[3], 1) - Message discarded for I'm not a recipient: 
client[1] - time to live = 0 for message: ask message for missing message 3
NOT IMPLEMENTED YET
client[3] - Room: stanza(client[3], 1) - Asked for message: 3
client[3] - time to live = 0 for message: ask message for missing message 3
client[1] - Room: stanza(client[3], 1) - Message discarded for I'm not a recipient: 
client[1] - time to live = 0 for message: ask message for missing message 1
NOT IMPLEMENTED YET
client[3] - Room: stanza(client[3], 1) - Asked for message: 1
client[3] - time to live = 0 for message: ask message for missing message 1
client[1] - Room: stanza(client[3], 1) - Message discarded for I'm not a recipient: 
client[1] - time to live = 0 for message: ask message for missing message 21
NOT IMPLEMENTED YET
client[3] - Room: stanza(client[3], 1) - Asked for message: 21
client[3] - time to live = 0 for message: ask message for missing message 21
client[1] - Room: stanza(client[3], 1) - Message discarded for I'm not a recipient: 
client[1] - time to live = 0 for message: ask message for missing message 1
NOT IMPLEMENTED YET
client[3] - Room: stanza(client[3], 1) - Asked for message: 1
client[3] - time to live = 0 for message: ask message for missing message 1
client[1] - Room: stanza(client[3], 1) - Message discarded for I'm not a recipient: 
client[1] - time to live = 0 for message: ask message for missing message 1
NOT IMPLEMENTED YET
client[3] - Room: stanza(client[3], 1) - Asked for message: 1
client[3] - time to live = 0 for message: ask message for missing message 1
NOT IMPLEMENTED YET
client[3] - Room: stanza(client[3], 1) - Asked for message: 1
client[3] - time to live = 0 for message: ask message for missing message 1
client[0] - Room: stanza(client[3], 1) - Message discarded for I'm not a recipient: 
client[0] - time to live = 0 for message: ask message for missing message 1
NOT IMPLEMENTED YET
client[3] - Room: stanza(client[3], 1) - Asked for message: 1
client[3] - time to live = 0 for message: ask message for missing message 1
client[0] - Room: stanza(client[3], 1) - Message discarded for I'm not a recipient: 
client[0] - time to live = 0 for message: ask message for missing message 1
NOT IMPLEMENTED YET
client[3] - Room: stanza(client[3], 1) - Asked for message: 1
client[3] - time to live = 0 for message: ask message for missing message 1
client[0] - Room: stanza(client[3], 1) - Message discarded for I'm not a recipient: 
client[0] - time to live = 0 for message: ask message for missing message 1
NOT IMPLEMENTED YET
client[3] - Room: stanza(client[3], 1) - Asked for message: 1
client[3] - time to live = 0 for message: ask message for missing message 1
client[0] - Room: stanza(client[3], 1) - Message discarded for I'm not a recipient: 
client[0] - time to live = 0 for message: ask message for missing message 1
NOT IMPLEMENTED YET
client[3] - Room: stanza(client[3], 1) - Asked for message: 19
client[3] - time to live = 0 for message: ask message for missing message 19
client[0] - Room: stanza(client[3], 1) - Message discarded for I'm not a recipient: 
client[0] - time to live = 0 for message: ask message for missing message 19
client[2] - Sending message to room stanza(client[1], 1) - msg(104,client[2])
client[1] - stanza(client[1], 1) - Displayed message: msg(104,client[2]) from user client[2]
client[1] - Room: stanza(client[1], 1) - Message received: msg(104,client[2])
client[1] - time to live = 0 for message: message from client[2] to stanza(client[1], 1)
client[3] - Room: stanza(client[1], 1) - Message discarded for I'm not a recipient: 
client[3] - time to live = 0 for message: message from client[2] to stanza(client[1], 1)
client[3] - Sending message to room stanza(client[2], 2) - msg(125,client[3])
client[2] - stanza(client[2], 2) - Displayed message: msg(125,client[3]) from user client[3]
client[2] - Room: stanza(client[2], 2) - Message received: msg(125,client[3])
client[2] - time to live = 0 for message: message from client[3] to stanza(client[2], 2)
client[4] - Room: stanza(client[2], 2) - Message discarded for I'm not a recipient: 
client[4] - time to live = 0 for message: message from client[3] to stanza(client[2], 2)
client[0] - Sending message to room stanza(client[1], 1) - msg(143,client[0])
client[4] - Room: stanza(client[1], 1) - Message discarded for I'm not a recipient: 
client[4] - time to live = 0 for message: message from client[0] to stanza(client[1], 1)
client[1] - stanza(client[1], 1) - Displayed message: msg(143,client[0]) from user client[0]
client[1] - Room: stanza(client[1], 1) - Message received: msg(143,client[0])
client[1] - time to live = 0 for message: message from client[0] to stanza(client[1], 1)
client[3] - Sending message to room stanza(client[2], 2) - msg(126,client[3])
client[2] - stanza(client[2], 2) - Displayed message: msg(126,client[3]) from user client[3]
client[2] - Room: stanza(client[2], 2) - Message received: msg(126,client[3])
client[2] - time to live = 0 for message: message from client[3] to stanza(client[2], 2)
client[4] - Room: stanza(client[2], 2) - Message discarded for I'm not a recipient: 
client[4] - time to live = 0 for message: message from client[3] to stanza(client[2], 2)
client[4] - Sending message to room stanza(client[4], 0) - msg(151,client[4])
client[3] - Room: stanza(client[4], 0) - Message discarded for I'm not a recipient: 
client[3] - time to live = 0 for message: message from client[4] to stanza(client[4], 0)
client[0] - stanza(client[4], 0) - Displayed message: msg(151,client[4]) from user client[4]
client[0] - Room: stanza(client[4], 0) - Message received: msg(151,client[4])
client[0] - time to live = 0 for message: message from client[4] to stanza(client[4], 0)
client[2] - Sending message to room stanza(client[1], 1) - msg(105,client[2])
client[1] - stanza(client[1], 1) - Displayed message: msg(105,client[2]) from user client[2]
client[1] - Room: stanza(client[1], 1) - Message received: msg(105,client[2])
client[1] - time to live = 0 for message: message from client[2] to stanza(client[1], 1)
client[3] - Room: stanza(client[1], 1) - Message discarded for I'm not a recipient: 
client[3] - time to live = 0 for message: message from client[2] to stanza(client[1], 1)
client[2] - Sending message to room stanza(client[2], 2) - msg(106,client[2])
client[1] - Room: stanza(client[2], 2) - Message discarded for I'm not a recipient: 
client[1] - time to live = 0 for message: message from client[2] to stanza(client[2], 2)
client[3] - stanza(client[2], 2) - Displayed message: msg(106,client[2]) from user client[2]
client[3] - Room: stanza(client[2], 2) - Message received: msg(106,client[2])
client[3] - time to live = 0 for message: message from client[2] to stanza(client[2], 2)
client[1] - Sending message to room stanza(client[2], 0) - msg(155,client[1])
client[0] - Room: stanza(client[2], 0) - Message discarded for I'm not a recipient: 
client[0] - time to live = 0 for message: message from client[1] to stanza(client[2], 0)
client[2] - stanza(client[2], 0) - Displayed message: msg(155,client[1]) from user client[1]
client[2] - Room: stanza(client[2], 0) - Message received: msg(155,client[1])
client[2] - time to live = 0 for message: message from client[1] to stanza(client[2], 0)
client[2] - Sending message to room stanza(client[3], 1) - msg(107,client[2])
client[1] - Room: stanza(client[3], 1) - Message discarded for I'm not a recipient: 
client[1] - time to live = 0 for message: message from client[2] to stanza(client[3], 1)
client[3] - stanza(client[3], 1) - Displayed message: msg(107,client[2]) from user client[2]
client[3] - Room: stanza(client[3], 1) - Message received: msg(107,client[2])
client[3] - time to live = 0 for message: message from client[2] to stanza(client[3], 1)
client[4] - Sending message to room stanza(client[4], 1) - msg(152,client[4])
client[3] - Room: stanza(client[4], 1) - Message received: msg(152,client[4])
client[3] - time to live = 0 for message: message from client[4] to stanza(client[4], 1)
client[0] - Room: stanza(client[4], 1) - Message received: msg(152,client[4])
client[0] - time to live = 0 for message: message from client[4] to stanza(client[4], 1)
client[1] - Sending message to room stanza(client[0], 2) - msg(156,client[1])
client[0] - stanza(client[0], 2) - Displayed message: msg(156,client[1]) from user client[1]
client[0] - Room: stanza(client[0], 2) - Message received: msg(156,client[1])
client[0] - time to live = 0 for message: message from client[1] to stanza(client[0], 2)
client[2] - Room: stanza(client[0], 2) - Message discarded for I'm not a recipient: 
client[2] - time to live = 0 for message: message from client[1] to stanza(client[0], 2)
client[3] - Sending message to room stanza(client[3], 0) - msg(127,client[3])
client[2] - Room: stanza(client[3], 0) - Message discarded for I'm not a recipient: 
client[2] - time to live = 0 for message: message from client[3] to stanza(client[3], 0)
client[4] - stanza(client[3], 0) - Displayed message: msg(127,client[3]) from user client[3]
client[4] - Room: stanza(client[3], 0) - Message received: msg(127,client[3])
client[4] - time to live = 0 for message: message from client[3] to stanza(client[3], 0)
client[4] - Sending message to room stanza(client[3], 5) - msg(153,client[4])
client[3] - stanza(client[3], 5) - Displayed message: msg(153,client[4]) from user client[4]
client[3] - Room: stanza(client[3], 5) - Message received: msg(153,client[4])
client[3] - time to live = 0 for message: message from client[4] to stanza(client[3], 5)
client[0] - Room: stanza(client[3], 5) - Message discarded for I'm not a recipient: 
client[0] - time to live = 0 for message: message from client[4] to stanza(client[3], 5)
client[1] - Sending message to room stanza(client[2], 0) - msg(157,client[1])
client[0] - Room: stanza(client[2], 0) - Message discarded for I'm not a recipient: 
client[0] - time to live = 0 for message: message from client[1] to stanza(client[2], 0)
client[2] - stanza(client[2], 0) - Displayed message: msg(157,client[1]) from user client[1]
client[2] - Room: stanza(client[2], 0) - Message received: msg(157,client[1])
client[2] - time to live = 0 for message: message from client[1] to stanza(client[2], 0)
client[4] - Sending message to room stanza(client[3], 0) - msg(154,client[4])
client[3] - stanza(client[3], 0) - Displayed message: msg(154,client[4]) from user client[4]
client[3] - Room: stanza(client[3], 0) - Message received: msg(154,client[4])
client[3] - time to live = 0 for message: message from client[4] to stanza(client[3], 0)
client[0] - Room: stanza(client[3], 0) - Message discarded for I'm not a recipient: 
client[0] - time to live = 0 for message: message from client[4] to stanza(client[3], 0)
client[1] - Sending message to room stanza(client[0], 2) - msg(158,client[1])
client[0] - stanza(client[0], 2) - Displayed message: msg(158,client[1]) from user client[1]
client[0] - Room: stanza(client[0], 2) - Message received: msg(158,client[1])
client[0] - time to live = 0 for message: message from client[1] to stanza(client[0], 2)
client[2] - Room: stanza(client[0], 2) - Message discarded for I'm not a recipient: 
client[2] - time to live = 0 for message: message from client[1] to stanza(client[0], 2)
client[3] - Sending message to room stanza(client[3], 1) - msg(128,client[3])
client[2] - Asked for message: 3 - Room: stanza(client[3], 1)
client[2] - Asked for message: 1 - Room: stanza(client[3], 1)
client[2] - Asked for message: 22 - Room: stanza(client[3], 1)
client[2] - Asked for message: 1 - Room: stanza(client[3], 1)
client[2] - Asked for message: 1 - Room: stanza(client[3], 1)
client[2] - time to live = 0 for message: message from client[3] to stanza(client[3], 1)
client[4] - Asked for message: 1 - Room: stanza(client[3], 1)
client[4] - Asked for message: 1 - Room: stanza(client[3], 1)
client[4] - Asked for message: 1 - Room: stanza(client[3], 1)
client[4] - Asked for message: 1 - Room: stanza(client[3], 1)
client[4] - Asked for message: 19 - Room: stanza(client[3], 1)
client[4] - time to live = 0 for message: message from client[3] to stanza(client[3], 1)
client[1] - Room: stanza(client[3], 1) - Message discarded for I'm not a recipient: 
client[1] - time to live = 0 for message: ask message for missing message 3
NOT IMPLEMENTED YET
client[3] - Room: stanza(client[3], 1) - Asked for message: 3
client[3] - time to live = 0 for message: ask message for missing message 3
client[1] - Room: stanza(client[3], 1) - Message discarded for I'm not a recipient: 
client[1] - time to live = 0 for message: ask message for missing message 1
NOT IMPLEMENTED YET
client[3] - Room: stanza(client[3], 1) - Asked for message: 1
client[3] - time to live = 0 for message: ask message for missing message 1
client[1] - Room: stanza(client[3], 1) - Message discarded for I'm not a recipient: 
client[1] - time to live = 0 for message: ask message for missing message 22
NOT IMPLEMENTED YET
client[3] - Room: stanza(client[3], 1) - Asked for message: 22
client[3] - time to live = 0 for message: ask message for missing message 22
client[1] - Room: stanza(client[3], 1) - Message discarded for I'm not a recipient: 
client[1] - time to live = 0 for message: ask message for missing message 1
NOT IMPLEMENTED YET
client[3] - Room: stanza(client[3], 1) - Asked for message: 1
client[3] - time to live = 0 for message: ask message for missing message 1
client[1] - Room: stanza(client[3], 1) - Message discarded for I'm not a recipient: 
client[1] - time to live = 0 for message: ask message for missing message 1
NOT IMPLEMENTED YET
client[3] - Room: stanza(client[3], 1) - Asked for message: 1
client[3] - time to live = 0 for message: ask message for missing message 1
NOT IMPLEMENTED YET
client[3] - Room: stanza(client[3], 1) - Asked for message: 1
client[3] - time to live = 0 for message: ask message for missing message 1
client[0] - Room: stanza(client[3], 1) - Message discarded for I'm not a recipient: 
client[0] - time to live = 0 for message: ask message for missing message 1
NOT IMPLEMENTED YET
client[3] - Room: stanza(client[3], 1) - Asked for message: 1
client[3] - time to live = 0 for message: ask message for missing message 1
client[0] - Room: stanza(client[3], 1) - Message discarded for I'm not a recipient: 
client[0] - time to live = 0 for message: ask message for missing message 1
NOT IMPLEMENTED YET
client[3] - Room: stanza(client[3], 1) - Asked for message: 1
client[3] - time to live = 0 for message: ask message for missing message 1
client[0] - Room: stanza(client[3], 1) - Message discarded for I'm not a recipient: 
client[0] - time to live = 0 for message: ask message for missing message 1
NOT IMPLEMENTED YET
client[3] - Room: stanza(client[3], 1) - Asked for message: 1
client[3] - time to live = 0 for message: ask message for missing message 1
client[0] - Room: stanza(client[3], 1) - Message discarded for I'm not a recipient: 
client[0] - time to live = 0 for message: ask message for missing message 1
NOT IMPLEMENTED YET
client[3] - Room: stanza(client[3], 1) - Asked for message: 19
client[3] - time to live = 0 for message: ask message for missing message 19
client[0] - Room: stanza(client[3], 1) - Message discarded for I'm not a recipient: 
client[0] - time to live = 0 for message: ask message for missing message 19
client[0] - Sending message to room stanza(client[4], 3) - msg(144,client[0])
client[4] - stanza(client[4], 3) - Displayed message: msg(144,client[0]) from user client[0]
client[4] - Room: stanza(client[4], 3) - Message received: msg(144,client[0])
client[4] - time to live = 0 for message: message from client[0] to stanza(client[4], 3)
client[1] - Room: stanza(client[4], 3) - Message discarded for I'm not a recipient: 
client[1] - time to live = 0 for message: message from client[0] to stanza(client[4], 3)
client[3] - Sending message to room stanza(client[3], 2) - msg(129,client[3])
client[2] - stanza(client[3], 2) - Displayed message: msg(129,client[3]) from user client[3]
client[2] - Room: stanza(client[3], 2) - Message received: msg(129,client[3])
client[2] - time to live = 0 for message: message from client[3] to stanza(client[3], 2)
client[4] - Room: stanza(client[3], 2) - Message discarded for I'm not a recipient: 
client[4] - time to live = 0 for message: message from client[3] to stanza(client[3], 2)
client[4] - Sending message to room stanza(client[3], 5) - msg(155,client[4])
client[3] - stanza(client[3], 5) - Displayed message: msg(155,client[4]) from user client[4]
client[3] - Room: stanza(client[3], 5) - Message received: msg(155,client[4])
client[3] - time to live = 0 for message: message from client[4] to stanza(client[3], 5)
client[0] - Room: stanza(client[3], 5) - Message discarded for I'm not a recipient: 
client[0] - time to live = 0 for message: message from client[4] to stanza(client[3], 5)
client[0] - Sending message to room stanza(client[1], 0) - msg(145,client[0])
client[4] - Room: stanza(client[1], 0) - Message discarded for I'm not a recipient: 
client[4] - time to live = 0 for message: message from client[0] to stanza(client[1], 0)
client[1] - stanza(client[1], 0) - Displayed message: msg(145,client[0]) from user client[0]
client[1] - Room: stanza(client[1], 0) - Message received: msg(145,client[0])
client[1] - time to live = 0 for message: message from client[0] to stanza(client[1], 0)
client[1] - Sending message to room stanza(client[1], 0) - msg(159,client[1])
client[0] - stanza(client[1], 0) - Displayed message: msg(159,client[1]) from user client[1]
client[0] - Room: stanza(client[1], 0) - Message received: msg(159,client[1])
client[0] - time to live = 0 for message: message from client[1] to stanza(client[1], 0)
client[2] - Room: stanza(client[1], 0) - Message discarded for I'm not a recipient: 
client[2] - time to live = 0 for message: message from client[1] to stanza(client[1], 0)
client[4] - Sending message to room stanza(client[0], 1) - msg(156,client[4])
client[3] - Room: stanza(client[0], 1) - Message discarded for I'm not a recipient: 
client[3] - time to live = 0 for message: message from client[4] to stanza(client[0], 1)
client[0] - stanza(client[0], 1) - Displayed message: msg(156,client[4]) from user client[4]
client[0] - Room: stanza(client[0], 1) - Message received: msg(156,client[4])
client[0] - time to live = 0 for message: message from client[4] to stanza(client[0], 1)
client[2] - Sending message to room stanza(client[3], 2) - msg(108,client[2])
client[1] - Room: stanza(client[3], 2) - Message discarded for I'm not a recipient: 
client[1] - time to live = 0 for message: message from client[2] to stanza(client[3], 2)
client[3] - stanza(client[3], 2) - Displayed message: msg(108,client[2]) from user client[2]
client[3] - Room: stanza(client[3], 2) - Message received: msg(108,client[2])
client[3] - time to live = 0 for message: message from client[2] to stanza(client[3], 2)
client[3] - Sending message to room stanza(client[2], 2) - msg(130,client[3])
client[2] - stanza(client[2], 2) - Displayed message: msg(130,client[3]) from user client[3]
client[2] - Room: stanza(client[2], 2) - Message received: msg(130,client[3])
client[2] - time to live = 0 for message: message from client[3] to stanza(client[2], 2)
client[4] - Room: stanza(client[2], 2) - Message discarded for I'm not a recipient: 
client[4] - time to live = 0 for message: message from client[3] to stanza(client[2], 2)
client[1] - Sending message to room stanza(client[2], 0) - msg(160,client[1])
client[0] - Room: stanza(client[2], 0) - Message discarded for I'm not a recipient: 
client[0] - time to live = 0 for message: message from client[1] to stanza(client[2], 0)
client[2] - stanza(client[2], 0) - Displayed message: msg(160,client[1]) from user client[1]
client[2] - Room: stanza(client[2], 0) - Message received: msg(160,client[1])
client[2] - time to live = 0 for message: message from client[1] to stanza(client[2], 0)
client[2] - Sending message to room stanza(client[3], 1) - msg(109,client[2])
client[1] - Room: stanza(client[3], 1) - Message discarded for I'm not a recipient: 
client[1] - time to live = 0 for message: message from client[2] to stanza(client[3], 1)
client[3] - stanza(client[3], 1) - Displayed message: msg(109,client[2]) from user client[2]
client[3] - Room: stanza(client[3], 1) - Message received: msg(109,client[2])
client[3] - time to live = 0 for message: message from client[2] to stanza(client[3], 1)
client[4] - Sending message to room stanza(client[4], 3) - msg(157,client[4])
client[3] - Room: stanza(client[4], 3) - Message received: msg(157,client[4])
client[3] - time to live = 0 for message: message from client[4] to stanza(client[4], 3)
client[0] - Room: stanza(client[4], 3) - Message received: msg(157,client[4])
client[0] - time to live = 0 for message: message from client[4] to stanza(client[4], 3)
client[3] - Sending message to room stanza(client[2], 2) - msg(131,client[3])
client[2] - stanza(client[2], 2) - Displayed message: msg(131,client[3]) from user client[3]
client[2] - Room: stanza(client[2], 2) - Message received: msg(131,client[3])
client[2] - time to live = 0 for message: message from client[3] to stanza(client[2], 2)
client[4] - Room: stanza(client[2], 2) - Message discarded for I'm not a recipient: 
client[4] - time to live = 0 for message: message from client[3] to stanza(client[2], 2)
client[1] - Sending message to room stanza(client[2], 0) - msg(161,client[1])
client[0] - Room: stanza(client[2], 0) - Message discarded for I'm not a recipient: 
client[0] - time to live = 0 for message: message from client[1] to stanza(client[2], 0)
client[2] - stanza(client[2], 0) - Displayed message: msg(161,client[1]) from user client[1]
client[2] - Room: stanza(client[2], 0) - Message received: msg(161,client[1])
client[2] - time to live = 0 for message: message from client[1] to stanza(client[2], 0)
client[2] - Sending message to room stanza(client[2], 2) - msg(110,client[2])
client[1] - Room: stanza(client[2], 2) - Message discarded for I'm not a recipient: 
client[1] - time to live = 0 for message: message from client[2] to stanza(client[2], 2)
client[3] - stanza(client[2], 2) - Displayed message: msg(110,client[2]) from user client[2]
client[3] - Room: stanza(client[2], 2) - Message received: msg(110,client[2])
client[3] - time to live = 0 for message: message from client[2] to stanza(client[2], 2)
client[4] - Sending message to room stanza(client[4], 3) - msg(158,client[4])
client[3] - Room: stanza(client[4], 3) - Message received: msg(158,client[4])
client[3] - time to live = 0 for message: message from client[4] to stanza(client[4], 3)
client[0] - Room: stanza(client[4], 3) - Message received: msg(158,client[4])
client[0] - time to live = 0 for message: message from client[4] to stanza(client[4], 3)
client[1] - Sending message to room stanza(client[0], 1) - msg(162,client[1])
client[0] - stanza(client[0], 1) - Displayed message: msg(162,client[1]) from user client[1]
client[0] - Room: stanza(client[0], 1) - Message received: msg(162,client[1])
client[0] - time to live = 0 for message: message from client[1] to stanza(client[0], 1)
client[2] - Room: stanza(client[0], 1) - Message discarded for I'm not a recipient: 
client[2] - time to live = 0 for message: message from client[1] to stanza(client[0], 1)
client[3] - Sending message to room stanza(client[3], 4) - msg(132,client[3])
client[2] - Room: stanza(client[3], 4) - Message discarded for I'm not a recipient: 
client[2] - time to live = 0 for message: message from client[3] to stanza(client[3], 4)
client[4] - stanza(client[3], 4) - Displayed message: msg(132,client[3]) from user client[3]
client[4] - Room: stanza(client[3], 4) - Message received: msg(132,client[3])
client[4] - time to live = 0 for message: message from client[3] to stanza(client[3], 4)
client[2] - Sending message to room stanza(client[3], 2) - msg(111,client[2])
client[1] - Room: stanza(client[3], 2) - Message discarded for I'm not a recipient: 
client[1] - time to live = 0 for message: message from client[2] to stanza(client[3], 2)
client[3] - stanza(client[3], 2) - Displayed message: msg(111,client[2]) from user client[2]
client[3] - Room: stanza(client[3], 2) - Message received: msg(111,client[2])
client[3] - time to live = 0 for message: message from client[2] to stanza(client[3], 2)
client[1] - Sending message to room stanza(client[2], 0) - msg(163,client[1])
client[0] - Room: stanza(client[2], 0) - Message discarded for I'm not a recipient: 
client[0] - time to live = 0 for message: message from client[1] to stanza(client[2], 0)
client[2] - stanza(client[2], 0) - Displayed message: msg(163,client[1]) from user client[1]
client[2] - Room: stanza(client[2], 0) - Message received: msg(163,client[1])
client[2] - time to live = 0 for message: message from client[1] to stanza(client[2], 0)
client[3] - Sending message to room stanza(client[3], 5) - msg(133,client[3])
client[2] - Room: stanza(client[3], 5) - Message discarded for I'm not a recipient: 
client[2] - time to live = 0 for message: message from client[3] to stanza(client[3], 5)
client[4] - stanza(client[3], 5) - Displayed message: msg(133,client[3]) from user client[3]
client[4] - Room: stanza(client[3], 5) - Message received: msg(133,client[3])
client[4] - time to live = 0 for message: message from client[3] to stanza(client[3], 5)
client[2] - Sending message to room stanza(client[3], 2) - msg(112,client[2])
client[1] - Room: stanza(client[3], 2) - Message discarded for I'm not a recipient: 
client[1] - time to live = 0 for message: message from client[2] to stanza(client[3], 2)
client[3] - stanza(client[3], 2) - Displayed message: msg(112,client[2]) from user client[2]
client[3] - Room: stanza(client[3], 2) - Message received: msg(112,client[2])
client[3] - time to live = 0 for message: message from client[2] to stanza(client[3], 2)
client[4] - Sending message to room stanza(client[3], 3) - msg(159,client[4])
client[3] - stanza(client[3], 3) - Displayed message: msg(159,client[4]) from user client[4]
client[3] - Room: stanza(client[3], 3) - Message received: msg(159,client[4])
client[3] - time to live = 0 for message: message from client[4] to stanza(client[3], 3)
client[0] - Room: stanza(client[3], 3) - Message discarded for I'm not a recipient: 
client[0] - time to live = 0 for message: message from client[4] to stanza(client[3], 3)
client[3] - Sending message to room stanza(client[3], 0) - msg(134,client[3])
client[2] - Room: stanza(client[3], 0) - Message discarded for I'm not a recipient: 
client[2] - time to live = 0 for message: message from client[3] to stanza(client[3], 0)
client[4] - stanza(client[3], 0) - Displayed message: msg(134,client[3]) from user client[3]
client[4] - Room: stanza(client[3], 0) - Message received: msg(134,client[3])
client[4] - time to live = 0 for message: message from client[3] to stanza(client[3], 0)
client[2] - Sending message to room stanza(client[3], 1) - msg(113,client[2])
client[1] - Room: stanza(client[3], 1) - Message discarded for I'm not a recipient: 
client[1] - time to live = 0 for message: message from client[2] to stanza(client[3], 1)
client[3] - stanza(client[3], 1) - Displayed message: msg(113,client[2]) from user client[2]
client[3] - Room: stanza(client[3], 1) - Message received: msg(113,client[2])
client[3] - time to live = 0 for message: message from client[2] to stanza(client[3], 1)
client[4] - Sending message to room stanza(client[0], 2) - msg(160,client[4])
client[3] - Room: stanza(client[0], 2) - Message discarded for I'm not a recipient: 
client[3] - time to live = 0 for message: message from client[4] to stanza(client[0], 2)
client[0] - stanza(client[0], 2) - Displayed message: msg(160,client[4]) from user client[4]
client[0] - Room: stanza(client[0], 2) - Message received: msg(160,client[4])
client[0] - time to live = 0 for message: message from client[4] to stanza(client[0], 2)
client[3] - Sending message to room stanza(client[3], 2) - msg(135,client[3])
client[2] - stanza(client[3], 2) - Displayed message: msg(135,client[3]) from user client[3]
client[2] - Room: stanza(client[3], 2) - Message received: msg(135,client[3])
client[2] - time to live = 0 for message: message from client[3] to stanza(client[3], 2)
client[4] - Room: stanza(client[3], 2) - Message discarded for I'm not a recipient: 
client[4] - time to live = 0 for message: message from client[3] to stanza(client[3], 2)
client[1] - Sending message to room stanza(client[2], 1) - msg(164,client[1])
client[0] - Room: stanza(client[2], 1) - Message discarded for I'm not a recipient: 
client[0] - time to live = 0 for message: message from client[1] to stanza(client[2], 1)
client[2] - stanza(client[2], 1) - Displayed message: msg(164,client[1]) from user client[1]
client[2] - Room: stanza(client[2], 1) - Message received: msg(164,client[1])
client[2] - time to live = 0 for message: message from client[1] to stanza(client[2], 1)
client[3] - Sending message to room stanza(client[3], 4) - msg(136,client[3])
client[2] - Room: stanza(client[3], 4) - Message discarded for I'm not a recipient: 
client[2] - time to live = 0 for message: message from client[3] to stanza(client[3], 4)
client[4] - stanza(client[3], 4) - Displayed message: msg(136,client[3]) from user client[3]
client[4] - Room: stanza(client[3], 4) - Message received: msg(136,client[3])
client[4] - time to live = 0 for message: message from client[3] to stanza(client[3], 4)
client[0] - Sending message to room stanza(client[4], 2) - msg(146,client[0])
client[4] - stanza(client[4], 2) - Displayed message: msg(146,client[0]) from user client[0]
client[4] - Room: stanza(client[4], 2) - Message received: msg(146,client[0])
client[4] - time to live = 0 for message: message from client[0] to stanza(client[4], 2)
client[1] - Room: stanza(client[4], 2) - Message discarded for I'm not a recipient: 
client[1] - time to live = 0 for message: message from client[0] to stanza(client[4], 2)
client[2] - Sending message to room stanza(client[2], 1) - msg(114,client[2])
client[1] - stanza(client[2], 1) - Displayed message: msg(114,client[2]) from user client[2]
client[1] - Room: stanza(client[2], 1) - Message received: msg(114,client[2])
client[1] - time to live = 0 for message: message from client[2] to stanza(client[2], 1)
client[3] - Room: stanza(client[2], 1) - Message discarded for I'm not a recipient: 
client[3] - time to live = 0 for message: message from client[2] to stanza(client[2], 1)
client[4] - Sending message to room stanza(client[0], 2) - msg(161,client[4])
client[3] - Room: stanza(client[0], 2) - Message discarded for I'm not a recipient: 
client[3] - time to live = 0 for message: message from client[4] to stanza(client[0], 2)
client[0] - stanza(client[0], 2) - Displayed message: msg(161,client[4]) from user client[4]
client[0] - Room: stanza(client[0], 2) - Message received: msg(161,client[4])
client[0] - time to live = 0 for message: message from client[4] to stanza(client[0], 2)
client[0] - Sending message to room stanza(client[1], 1) - msg(147,client[0])
client[4] - Room: stanza(client[1], 1) - Message discarded for I'm not a recipient: 
client[4] - time to live = 0 for message: message from client[0] to stanza(client[1], 1)
client[1] - stanza(client[1], 1) - Displayed message: msg(147,client[0]) from user client[0]
client[1] - Room: stanza(client[1], 1) - Message received: msg(147,client[0])
client[1] - time to live = 0 for message: message from client[0] to stanza(client[1], 1)
client[2] - Sending message to room stanza(client[1], 1) - msg(115,client[2])
client[1] - stanza(client[1], 1) - Displayed message: msg(115,client[2]) from user client[2]
client[1] - Room: stanza(client[1], 1) - Message received: msg(115,client[2])
client[1] - time to live = 0 for message: message from client[2] to stanza(client[1], 1)
client[3] - Room: stanza(client[1], 1) - Message discarded for I'm not a recipient: 
client[3] - time to live = 0 for message: message from client[2] to stanza(client[1], 1)
client[3] - Sending message to room stanza(client[2], 2) - msg(137,client[3])
client[2] - stanza(client[2], 2) - Displayed message: msg(137,client[3]) from user client[3]
client[2] - Room: stanza(client[2], 2) - Message received: msg(137,client[3])
client[2] - time to live = 0 for message: message from client[3] to stanza(client[2], 2)
client[4] - Room: stanza(client[2], 2) - Message discarded for I'm not a recipient: 
client[4] - time to live = 0 for message: message from client[3] to stanza(client[2], 2)
client[2] - Sending message to room stanza(client[3], 1) - msg(116,client[2])
client[1] - Room: stanza(client[3], 1) - Message discarded for I'm not a recipient: 
client[1] - time to live = 0 for message: message from client[2] to stanza(client[3], 1)
client[3] - stanza(client[3], 1) - Displayed message: msg(116,client[2]) from user client[2]
client[3] - Room: stanza(client[3], 1) - Message received: msg(116,client[2])
client[3] - time to live = 0 for message: message from client[2] to stanza(client[3], 1)
client[0] - Sending message to room stanza(client[4], 1) - msg(148,client[0])
client[4] - stanza(client[4], 1) - Displayed message: msg(148,client[0]) from user client[0]
client[4] - Room: stanza(client[4], 1) - Message received: msg(148,client[0])
client[4] - time to live = 0 for message: message from client[0] to stanza(client[4], 1)
client[1] - Room: stanza(client[4], 1) - Message discarded for I'm not a recipient: 
client[1] - time to live = 0 for message: message from client[0] to stanza(client[4], 1)
client[4] - Sending message to room stanza(client[0], 1) - msg(162,client[4])
client[3] - Room: stanza(client[0], 1) - Message discarded for I'm not a recipient: 
client[3] - time to live = 0 for message: message from client[4] to stanza(client[0], 1)
client[0] - stanza(client[0], 1) - Displayed message: msg(162,client[4]) from user client[4]
client[0] - Room: stanza(client[0], 1) - Message received: msg(162,client[4])
client[0] - time to live = 0 for message: message from client[4] to stanza(client[0], 1)
client[1] - Sending message to room stanza(client[2], 1) - msg(165,client[1])
client[0] - Room: stanza(client[2], 1) - Message discarded for I'm not a recipient: 
client[0] - time to live = 0 for message: message from client[1] to stanza(client[2], 1)
client[2] - stanza(client[2], 1) - Displayed message: msg(165,client[1]) from user client[1]
client[2] - Room: stanza(client[2], 1) - Message received: msg(165,client[1])
client[2] - time to live = 0 for message: message from client[1] to stanza(client[2], 1)
client[2] - Sending message to room stanza(client[2], 2) - msg(117,client[2])
client[1] - Room: stanza(client[2], 2) - Message discarded for I'm not a recipient: 
client[1] - time to live = 0 for message: message from client[2] to stanza(client[2], 2)
client[3] - stanza(client[2], 2) - Displayed message: msg(117,client[2]) from user client[2]
client[3] - Room: stanza(client[2], 2) - Message received: msg(117,client[2])
client[3] - time to live = 0 for message: message from client[2] to stanza(client[2], 2)
client[3] - Sending message to room stanza(client[4], 1) - msg(138,client[3])
client[2] - Room: stanza(client[4], 1) - Message discarded for I'm not a recipient: 
client[2] - time to live = 0 for message: message from client[3] to stanza(client[4], 1)
client[4] - stanza(client[4], 1) - Displayed message: msg(138,client[3]) from user client[3]
client[4] - Room: stanza(client[4], 1) - Message received: msg(138,client[3])
client[4] - time to live = 0 for message: message from client[3] to stanza(client[4], 1)
client[0] - Sending message to room stanza(client[0], 2) - msg(149,client[0])
client[4] - Asked for message: 1 - Room: stanza(client[0], 2)
client[4] - Asked for message: 1 - Room: stanza(client[0], 2)
client[4] - Asked for message: 26 - Room: stanza(client[0], 2)
client[4] - Asked for message: 1 - Room: stanza(client[0], 2)
client[4] - Asked for message: 1 - Room: stanza(client[0], 2)
client[4] - time to live = 0 for message: message from client[0] to stanza(client[0], 2)
client[1] - Asked for message: 1 - Room: stanza(client[0], 2)
client[1] - Asked for message: 1 - Room: stanza(client[0], 2)
client[1] - Asked for message: 1 - Room: stanza(client[0], 2)
client[1] - Asked for message: 26 - Room: stanza(client[0], 2)
client[1] - Asked for message: 1 - Room: stanza(client[0], 2)
client[1] - time to live = 0 for message: message from client[0] to stanza(client[0], 2)
client[3] - Room: stanza(client[0], 2) - Message discarded for I'm not a recipient: 
client[3] - time to live = 0 for message: ask message for missing message 1
NOT IMPLEMENTED YET
client[0] - Room: stanza(client[0], 2) - Asked for message: 1
client[0] - time to live = 0 for message: ask message for missing message 1
client[3] - Room: stanza(client[0], 2) - Message discarded for I'm not a recipient: 
client[3] - time to live = 0 for message: ask message for missing message 1
NOT IMPLEMENTED YET
client[0] - Room: stanza(client[0], 2) - Asked for message: 1
client[0] - time to live = 0 for message: ask message for missing message 1
client[3] - Room: stanza(client[0], 2) - Message discarded for I'm not a recipient: 
client[3] - time to live = 0 for message: ask message for missing message 26
NOT IMPLEMENTED YET
client[0] - Room: stanza(client[0], 2) - Asked for message: 26
client[0] - time to live = 0 for message: ask message for missing message 26
client[3] - Room: stanza(client[0], 2) - Message discarded for I'm not a recipient: 
client[3] - time to live = 0 for message: ask message for missing message 1
NOT IMPLEMENTED YET
client[0] - Room: stanza(client[0], 2) - Asked for message: 1
client[0] - time to live = 0 for message: ask message for missing message 1
client[3] - Room: stanza(client[0], 2) - Message discarded for I'm not a recipient: 
client[3] - time to live = 0 for message: ask message for missing message 1
NOT IMPLEMENTED YET
client[0] - Room: stanza(client[0], 2) - Asked for message: 1
client[0] - time to live = 0 for message: ask message for missing message 1
NOT IMPLEMENTED YET
client[0] - Room: stanza(client[0], 2) - Asked for message: 1
client[0] - time to live = 0 for message: ask message for missing message 1
client[2] - Room: stanza(client[0], 2) - Message discarded for I'm not a recipient: 
client[2] - time to live = 0 for message: ask message for missing message 1
NOT IMPLEMENTED YET
client[0] - Room: stanza(client[0], 2) - Asked for message: 1
client[0] - time to live = 0 for message: ask message for missing message 1
client[2] - Room: stanza(client[0], 2) - Message discarded for I'm not a recipient: 
client[2] - time to live = 0 for message: ask message for missing message 1
NOT IMPLEMENTED YET
client[0] - Room: stanza(client[0], 2) - Asked for message: 1
client[0] - time to live = 0 for message: ask message for missing message 1
client[2] - Room: stanza(client[0], 2) - Message discarded for I'm not a recipient: 
client[2] - time to live = 0 for message: ask message for missing message 1
NOT IMPLEMENTED YET
client[0] - Room: stanza(client[0], 2) - Asked for message: 26
client[0] - time to live = 0 for message: ask message for missing message 26
client[2] - Room: stanza(client[0], 2) - Message discarded for I'm not a recipient: 
client[2] - time to live = 0 for message: ask message for missing message 26
NOT IMPLEMENTED YET
client[0] - Room: stanza(client[0], 2) - Asked for message: 1
client[0] - time to live = 0 for message: ask message for missing message 1
client[2] - Room: stanza(client[0], 2) - Message discarded for I'm not a recipient: 
client[2] - time to live = 0 for message: ask message for missing message 1
client[2] - Sending message to room stanza(client[2], 1) - msg(118,client[2])
client[1] - stanza(client[2], 1) - Displayed message: msg(118,client[2]) from user client[2]
client[1] - Room: stanza(client[2], 1) - Message received: msg(118,client[2])
client[1] - time to live = 0 for message: message from client[2] to stanza(client[2], 1)
client[3] - Room: stanza(client[2], 1) - Message discarded for I'm not a recipient: 
client[3] - time to live = 0 for message: message from client[2] to stanza(client[2], 1)
client[3] - Sending message to room stanza(client[3], 4) - msg(139,client[3])
client[2] - Room: stanza(client[3], 4) - Message discarded for I'm not a recipient: 
client[2] - time to live = 0 for message: message from client[3] to stanza(client[3], 4)
client[4] - stanza(client[3], 4) - Displayed message: msg(139,client[3]) from user client[3]
client[4] - Room: stanza(client[3], 4) - Message received: msg(139,client[3])
client[4] - time to live = 0 for message: message from client[3] to stanza(client[3], 4)
client[0] - Sending message to room stanza(client[0], 2) - msg(150,client[0])
client[4] - Asked for message: 1 - Room: stanza(client[0], 2)
client[4] - Asked for message: 1 - Room: stanza(client[0], 2)
client[4] - Asked for message: 26 - Room: stanza(client[0], 2)
client[4] - Asked for message: 1 - Room: stanza(client[0], 2)
client[4] - Asked for message: 1 - Room: stanza(client[0], 2)
client[4] - time to live = 0 for message: message from client[0] to stanza(client[0], 2)
client[1] - Asked for message: 1 - Room: stanza(client[0], 2)
client[1] - Asked for message: 1 - Room: stanza(client[0], 2)
client[1] - Asked for message: 1 - Room: stanza(client[0], 2)
client[1] - Asked for message: 26 - Room: stanza(client[0], 2)
client[1] - Asked for message: 1 - Room: stanza(client[0], 2)
client[1] - time to live = 0 for message: message from client[0] to stanza(client[0], 2)
client[3] - Room: stanza(client[0], 2) - Message discarded for I'm not a recipient: 
client[3] - time to live = 0 for message: ask message for missing message 1
NOT IMPLEMENTED YET
client[0] - Room: stanza(client[0], 2) - Asked for message: 1
client[0] - time to live = 0 for message: ask message for missing message 1
client[3] - Room: stanza(client[0], 2) - Message discarded for I'm not a recipient: 
client[3] - time to live = 0 for message: ask message for missing message 1
NOT IMPLEMENTED YET
client[0] - Room: stanza(client[0], 2) - Asked for message: 1
client[0] - time to live = 0 for message: ask message for missing message 1
client[3] - Room: stanza(client[0], 2) - Message discarded for I'm not a recipient: 
client[3] - time to live = 0 for message: ask message for missing message 26
NOT IMPLEMENTED YET
client[0] - Room: stanza(client[0], 2) - Asked for message: 26
client[0] - time to live = 0 for message: ask message for missing message 26
client[3] - Room: stanza(client[0], 2) - Message discarded for I'm not a recipient: 
client[3] - time to live = 0 for message: ask message for missing message 1
NOT IMPLEMENTED YET
client[0] - Room: stanza(client[0], 2) - Asked for message: 1
client[0] - time to live = 0 for message: ask message for missing message 1
client[3] - Room: stanza(client[0], 2) - Message discarded for I'm not a recipient: 
client[3] - time to live = 0 for message: ask message for missing message 1
NOT IMPLEMENTED YET
client[0] - Room: stanza(client[0], 2) - Asked for message: 1
client[0] - time to live = 0 for message: ask message for missing message 1
NOT IMPLEMENTED YET
client[0] - Room: stanza(client[0], 2) - Asked for message: 1
client[0] - time to live = 0 for message: ask message for missing message 1
client[2] - Room: stanza(client[0], 2) - Message discarded for I'm not a recipient: 
client[2] - time to live = 0 for message: ask message for missing message 1
NOT IMPLEMENTED YET
client[0] - Room: stanza(client[0], 2) - Asked for message: 1
client[0] - time to live = 0 for message: ask message for missing message 1
client[2] - Room: stanza(client[0], 2) - Message discarded for I'm not a recipient: 
client[2] - time to live = 0 for message: ask message for missing message 1
NOT IMPLEMENTED YET
client[0] - Room: stanza(client[0], 2) - Asked for message: 1
client[0] - time to live = 0 for message: ask message for missing message 1
client[2] - Room: stanza(client[0], 2) - Message discarded for I'm not a recipient: 
client[2] - time to live = 0 for message: ask message for missing message 1
NOT IMPLEMENTED YET
client[0] - Room: stanza(client[0], 2) - Asked for message: 26
client[0] - time to live = 0 for message: ask message for missing message 26
client[2] - Room: stanza(client[0], 2) - Message discarded for I'm not a recipient: 
client[2] - time to live = 0 for message: ask message for missing message 26
NOT IMPLEMENTED YET
client[0] - Room: stanza(client[0], 2) - Asked for message: 1
client[0] - time to live = 0 for message: ask message for missing message 1
client[2] - Room: stanza(client[0], 2) - Message discarded for I'm not a recipient: 
client[2] - time to live = 0 for message: ask message for missing message 1
client[3] - Sending message to room stanza(client[3], 1) - msg(140,client[3])
client[2] - Asked for message: 3 - Room: stanza(client[3], 1)
client[2] - Asked for message: 1 - Room: stanza(client[3], 1)
client[2] - Asked for message: 25 - Room: stanza(client[3], 1)
client[2] - Asked for message: 1 - Room: stanza(client[3], 1)
client[2] - Asked for message: 1 - Room: stanza(client[3], 1)
client[2] - time to live = 0 for message: message from client[3] to stanza(client[3], 1)
client[4] - Asked for message: 1 - Room: stanza(client[3], 1)
client[4] - Asked for message: 1 - Room: stanza(client[3], 1)
client[4] - Asked for message: 1 - Room: stanza(client[3], 1)
client[4] - Asked for message: 1 - Room: stanza(client[3], 1)
client[4] - Asked for message: 19 - Room: stanza(client[3], 1)
client[4] - time to live = 0 for message: message from client[3] to stanza(client[3], 1)
client[1] - Room: stanza(client[3], 1) - Message discarded for I'm not a recipient: 
client[1] - time to live = 0 for message: ask message for missing message 3
NOT IMPLEMENTED YET
client[3] - Room: stanza(client[3], 1) - Asked for message: 3
client[3] - time to live = 0 for message: ask message for missing message 3
client[1] - Room: stanza(client[3], 1) - Message discarded for I'm not a recipient: 
client[1] - time to live = 0 for message: ask message for missing message 1
NOT IMPLEMENTED YET
client[3] - Room: stanza(client[3], 1) - Asked for message: 1
client[3] - time to live = 0 for message: ask message for missing message 1
client[1] - Room: stanza(client[3], 1) - Message discarded for I'm not a recipient: 
client[1] - time to live = 0 for message: ask message for missing message 25
NOT IMPLEMENTED YET
client[3] - Room: stanza(client[3], 1) - Asked for message: 25
client[3] - time to live = 0 for message: ask message for missing message 25
client[1] - Room: stanza(client[3], 1) - Message discarded for I'm not a recipient: 
client[1] - time to live = 0 for message: ask message for missing message 1
NOT IMPLEMENTED YET
client[3] - Room: stanza(client[3], 1) - Asked for message: 1
client[3] - time to live = 0 for message: ask message for missing message 1
client[1] - Room: stanza(client[3], 1) - Message discarded for I'm not a recipient: 
client[1] - time to live = 0 for message: ask message for missing message 1
NOT IMPLEMENTED YET
client[3] - Room: stanza(client[3], 1) - Asked for message: 1
client[3] - time to live = 0 for message: ask message for missing message 1
NOT IMPLEMENTED YET
client[3] - Room: stanza(client[3], 1) - Asked for message: 1
client[3] - time to live = 0 for message: ask message for missing message 1
client[0] - Room: stanza(client[3], 1) - Message discarded for I'm not a recipient: 
client[0] - time to live = 0 for message: ask message for missing message 1
NOT IMPLEMENTED YET
client[3] - Room: stanza(client[3], 1) - Asked for message: 1
client[3] - time to live = 0 for message: ask message for missing message 1
client[0] - Room: stanza(client[3], 1) - Message discarded for I'm not a recipient: 
client[0] - time to live = 0 for message: ask message for missing message 1
NOT IMPLEMENTED YET
client[3] - Room: stanza(client[3], 1) - Asked for message: 1
client[3] - time to live = 0 for message: ask message for missing message 1
client[0] - Room: stanza(client[3], 1) - Message discarded for I'm not a recipient: 
client[0] - time to live = 0 for message: ask message for missing message 1
NOT IMPLEMENTED YET
client[3] - Room: stanza(client[3], 1) - Asked for message: 1
client[3] - time to live = 0 for message: ask message for missing message 1
client[0] - Room: stanza(client[3], 1) - Message discarded for I'm not a recipient: 
client[0] - time to live = 0 for message: ask message for missing message 1
NOT IMPLEMENTED YET
client[3] - Room: stanza(client[3], 1) - Asked for message: 19
client[3] - time to live = 0 for message: ask message for missing message 19
client[0] - Room: stanza(client[3], 1) - Message discarded for I'm not a recipient: 
client[0] - time to live = 0 for message: ask message for missing message 19
client[4] - Sending message to room stanza(client[3], 1) - msg(163,client[4])
client[3] - stanza(client[3], 1) - Displayed message: msg(163,client[4]) from user client[4]
client[3] - Room: stanza(client[3], 1) - Message received: msg(163,client[4])
client[3] - time to live = 0 for message: message from client[4] to stanza(client[3], 1)
client[0] - Room: stanza(client[3], 1) - Message discarded for I'm not a recipient: 
client[0] - time to live = 0 for message: message from client[4] to stanza(client[3], 1)
client[0] - Sending message to room stanza(client[4], 0) - msg(151,client[0])
client[4] - stanza(client[4], 0) - Displayed message: msg(151,client[0]) from user client[0]
client[4] - Room: stanza(client[4], 0) - Message received: msg(151,client[0])
client[4] - time to live = 0 for message: message from client[0] to stanza(client[4], 0)
client[1] - Room: stanza(client[4], 0) - Message discarded for I'm not a recipient: 
client[1] - time to live = 0 for message: message from client[0] to stanza(client[4], 0)
client[0] - Sending message to room stanza(client[0], 0) - msg(152,client[0])
client[4] - Room: stanza(client[0], 0) - Message discarded for I'm not a recipient: 
client[4] - time to live = 0 for message: message from client[0] to stanza(client[0], 0)
client[1] - Room: stanza(client[0], 0) - Message discarded for I'm not a recipient: 
client[1] - time to live = 0 for message: message from client[0] to stanza(client[0], 0)
client[1] - Sending message to room stanza(client[0], 1) - msg(166,client[1])
client[0] - stanza(client[0], 1) - Displayed message: msg(166,client[1]) from user client[1]
client[0] - Room: stanza(client[0], 1) - Message received: msg(166,client[1])
client[0] - time to live = 0 for message: message from client[1] to stanza(client[0], 1)
client[2] - Room: stanza(client[0], 1) - Message discarded for I'm not a recipient: 
client[2] - time to live = 0 for message: message from client[1] to stanza(client[0], 1)
client[3] - Sending message to room stanza(client[4], 3) - msg(141,client[3])
client[2] - Room: stanza(client[4], 3) - Message discarded for I'm not a recipient: 
client[2] - time to live = 0 for message: message from client[3] to stanza(client[4], 3)
client[4] - stanza(client[4], 3) - Displayed message: msg(141,client[3]) from user client[3]
client[4] - Room: stanza(client[4], 3) - Message received: msg(141,client[3])
client[4] - time to live = 0 for message: message from client[3] to stanza(client[4], 3)
client[2] - Sending message to room stanza(client[3], 2) - msg(119,client[2])
client[1] - Room: stanza(client[3], 2) - Message discarded for I'm not a recipient: 
client[1] - time to live = 0 for message: message from client[2] to stanza(client[3], 2)
client[3] - stanza(client[3], 2) - Displayed message: msg(119,client[2]) from user client[2]
client[3] - Room: stanza(client[3], 2) - Message received: msg(119,client[2])
client[3] - time to live = 0 for message: message from client[2] to stanza(client[3], 2)
client[4] - Sending message to room stanza(client[3], 6) - msg(164,client[4])
client[3] - stanza(client[3], 6) - Displayed message: msg(164,client[4]) from user client[4]
client[3] - Room: stanza(client[3], 6) - Message received: msg(164,client[4])
client[3] - time to live = 0 for message: message from client[4] to stanza(client[3], 6)
client[0] - Room: stanza(client[3], 6) - Message discarded for I'm not a recipient: 
client[0] - time to live = 0 for message: message from client[4] to stanza(client[3], 6)
client[0] - Sending message to room stanza(client[0], 2) - msg(153,client[0])
client[4] - Asked for message: 1 - Room: stanza(client[0], 2)
client[4] - Asked for message: 1 - Room: stanza(client[0], 2)
client[4] - Asked for message: 26 - Room: stanza(client[0], 2)
client[4] - Asked for message: 1 - Room: stanza(client[0], 2)
client[4] - Asked for message: 1 - Room: stanza(client[0], 2)
client[4] - time to live = 0 for message: message from client[0] to stanza(client[0], 2)
client[1] - Asked for message: 1 - Room: stanza(client[0], 2)
client[1] - Asked for message: 1 - Room: stanza(client[0], 2)
client[1] - Asked for message: 1 - Room: stanza(client[0], 2)
client[1] - Asked for message: 26 - Room: stanza(client[0], 2)
client[1] - Asked for message: 1 - Room: stanza(client[0], 2)
client[1] - time to live = 0 for message: message from client[0] to stanza(client[0], 2)
client[3] - Room: stanza(client[0], 2) - Message discarded for I'm not a recipient: 
client[3] - time to live = 0 for message: ask message for missing message 1
NOT IMPLEMENTED YET
client[0] - Room: stanza(client[0], 2) - Asked for message: 1
client[0] - time to live = 0 for message: ask message for missing message 1
client[3] - Room: stanza(client[0], 2) - Message discarded for I'm not a recipient: 
client[3] - time to live = 0 for message: ask message for missing message 1
NOT IMPLEMENTED YET
client[0] - Room: stanza(client[0], 2) - Asked for message: 1
client[0] - time to live = 0 for message: ask message for missing message 1
client[3] - Room: stanza(client[0], 2) - Message discarded for I'm not a recipient: 
client[3] - time to live = 0 for message: ask message for missing message 26
NOT IMPLEMENTED YET
client[0] - Room: stanza(client[0], 2) - Asked for message: 26
client[0] - time to live = 0 for message: ask message for missing message 26
client[3] - Room: stanza(client[0], 2) - Message discarded for I'm not a recipient: 
client[3] - time to live = 0 for message: ask message for missing message 1
NOT IMPLEMENTED YET
client[0] - Room: stanza(client[0], 2) - Asked for message: 1
client[0] - time to live = 0 for message: ask message for missing message 1
client[3] - Room: stanza(client[0], 2) - Message discarded for I'm not a recipient: 
client[3] - time to live = 0 for message: ask message for missing message 1
NOT IMPLEMENTED YET
client[0] - Room: stanza(client[0], 2) - Asked for message: 1
client[0] - time to live = 0 for message: ask message for missing message 1
NOT IMPLEMENTED YET
client[0] - Room: stanza(client[0], 2) - Asked for message: 1
client[0] - time to live = 0 for message: ask message for missing message 1
client[2] - Room: stanza(client[0], 2) - Message discarded for I'm not a recipient: 
client[2] - time to live = 0 for message: ask message for missing message 1
NOT IMPLEMENTED YET
client[0] - Room: stanza(client[0], 2) - Asked for message: 1
client[0] - time to live = 0 for message: ask message for missing message 1
client[2] - Room: stanza(client[0], 2) - Message discarded for I'm not a recipient: 
client[2] - time to live = 0 for message: ask message for missing message 1
NOT IMPLEMENTED YET
client[0] - Room: stanza(client[0], 2) - Asked for message: 1
client[0] - time to live = 0 for message: ask message for missing message 1
client[2] - Room: stanza(client[0], 2) - Message discarded for I'm not a recipient: 
client[2] - time to live = 0 for message: ask message for missing message 1
NOT IMPLEMENTED YET
client[0] - Room: stanza(client[0], 2) - Asked for message: 26
client[0] - time to live = 0 for message: ask message for missing message 26
client[2] - Room: stanza(client[0], 2) - Message discarded for I'm not a recipient: 
client[2] - time to live = 0 for message: ask message for missing message 26
NOT IMPLEMENTED YET
client[0] - Room: stanza(client[0], 2) - Asked for message: 1
client[0] - time to live = 0 for message: ask message for missing message 1
client[2] - Room: stanza(client[0], 2) - Message discarded for I'm not a recipient: 
client[2] - time to live = 0 for message: ask message for missing message 1
client[3] - Sending message to room stanza(client[3], 4) - msg(142,client[3])
client[2] - Room: stanza(client[3], 4) - Message discarded for I'm not a recipient: 
client[2] - time to live = 0 for message: message from client[3] to stanza(client[3], 4)
client[4] - stanza(client[3], 4) - Displayed message: msg(142,client[3]) from user client[3]
client[4] - Room: stanza(client[3], 4) - Message received: msg(142,client[3])
client[4] - time to live = 0 for message: message from client[3] to stanza(client[3], 4)
client[0] - Sending message to room stanza(client[4], 1) - msg(154,client[0])
client[4] - stanza(client[4], 1) - Displayed message: msg(154,client[0]) from user client[0]
client[4] - Room: stanza(client[4], 1) - Message received: msg(154,client[0])
client[4] - time to live = 0 for message: message from client[0] to stanza(client[4], 1)
client[1] - Room: stanza(client[4], 1) - Message discarded for I'm not a recipient: 
client[1] - time to live = 0 for message: message from client[0] to stanza(client[4], 1)
client[1] - Sending message to room stanza(client[1], 1) - msg(167,client[1])
client[0] - Room: stanza(client[1], 1) - Message received: msg(167,client[1])
client[0] - time to live = 0 for message: message from client[1] to stanza(client[1], 1)
client[2] - Room: stanza(client[1], 1) - Message received: msg(167,client[1])
client[2] - time to live = 0 for message: message from client[1] to stanza(client[1], 1)
client[4] - Sending message to room stanza(client[3], 1) - msg(165,client[4])
client[3] - stanza(client[3], 1) - Displayed message: msg(165,client[4]) from user client[4]
client[3] - Room: stanza(client[3], 1) - Message received: msg(165,client[4])
client[3] - time to live = 0 for message: message from client[4] to stanza(client[3], 1)
client[0] - Room: stanza(client[3], 1) - Message discarded for I'm not a recipient: 
client[0] - time to live = 0 for message: message from client[4] to stanza(client[3], 1)
client[3] - Sending message to room stanza(client[3], 1) - msg(143,client[3])
client[2] - Asked for message: 3 - Room: stanza(client[3], 1)
client[2] - Asked for message: 1 - Room: stanza(client[3], 1)
client[2] - Asked for message: 25 - Room: stanza(client[3], 1)
client[2] - Asked for message: 1 - Room: stanza(client[3], 1)
client[2] - Asked for message: 1 - Room: stanza(client[3], 1)
client[2] - time to live = 0 for message: message from client[3] to stanza(client[3], 1)
client[4] - Asked for message: 1 - Room: stanza(client[3], 1)
client[4] - Asked for message: 1 - Room: stanza(client[3], 1)
client[4] - Asked for message: 1 - Room: stanza(client[3], 1)
client[4] - Asked for message: 1 - Room: stanza(client[3], 1)
client[4] - Asked for message: 21 - Room: stanza(client[3], 1)
client[4] - time to live = 0 for message: message from client[3] to stanza(client[3], 1)
client[1] - Room: stanza(client[3], 1) - Message discarded for I'm not a recipient: 
client[1] - time to live = 0 for message: ask message for missing message 3
NOT IMPLEMENTED YET
client[3] - Room: stanza(client[3], 1) - Asked for message: 3
client[3] - time to live = 0 for message: ask message for missing message 3
client[1] - Room: stanza(client[3], 1) - Message discarded for I'm not a recipient: 
client[1] - time to live = 0 for message: ask message for missing message 1
NOT IMPLEMENTED YET
client[3] - Room: stanza(client[3], 1) - Asked for message: 1
client[3] - time to live = 0 for message: ask message for missing message 1
client[1] - Room: stanza(client[3], 1) - Message discarded for I'm not a recipient: 
client[1] - time to live = 0 for message: ask message for missing message 25
NOT IMPLEMENTED YET
client[3] - Room: stanza(client[3], 1) - Asked for message: 25
client[3] - time to live = 0 for message: ask message for missing message 25
client[1] - Room: stanza(client[3], 1) - Message discarded for I'm not a recipient: 
client[1] - time to live = 0 for message: ask message for missing message 1
NOT IMPLEMENTED YET
client[3] - Room: stanza(client[3], 1) - Asked for message: 1
client[3] - time to live = 0 for message: ask message for missing message 1
client[1] - Room: stanza(client[3], 1) - Message discarded for I'm not a recipient: 
client[1] - time to live = 0 for message: ask message for missing message 1
NOT IMPLEMENTED YET
client[3] - Room: stanza(client[3], 1) - Asked for message: 1
client[3] - time to live = 0 for message: ask message for missing message 1
NOT IMPLEMENTED YET
client[3] - Room: stanza(client[3], 1) - Asked for message: 1
client[3] - time to live = 0 for message: ask message for missing message 1
client[0] - Room: stanza(client[3], 1) - Message discarded for I'm not a recipient: 
client[0] - time to live = 0 for message: ask message for missing message 1
NOT IMPLEMENTED YET
client[3] - Room: stanza(client[3], 1) - Asked for message: 1
client[3] - time to live = 0 for message: ask message for missing message 1
client[0] - Room: stanza(client[3], 1) - Message discarded for I'm not a recipient: 
client[0] - time to live = 0 for message: ask message for missing message 1
NOT IMPLEMENTED YET
client[3] - Room: stanza(client[3], 1) - Asked for message: 1
client[3] - time to live = 0 for message: ask message for missing message 1
client[0] - Room: stanza(client[3], 1) - Message discarded for I'm not a recipient: 
client[0] - time to live = 0 for message: ask message for missing message 1
NOT IMPLEMENTED YET
client[3] - Room: stanza(client[3], 1) - Asked for message: 1
client[3] - time to live = 0 for message: ask message for missing message 1
client[0] - Room: stanza(client[3], 1) - Message discarded for I'm not a recipient: 
client[0] - time to live = 0 for message: ask message for missing message 1
NOT IMPLEMENTED YET
client[3] - Room: stanza(client[3], 1) - Asked for message: 21
client[3] - time to live = 0 for message: ask message for missing message 21
client[0] - Room: stanza(client[3], 1) - Message discarded for I'm not a recipient: 
client[0] - time to live = 0 for message: ask message for missing message 21
client[1] - Sending message to room stanza(client[0], 2) - msg(168,client[1])
client[0] - stanza(client[0], 2) - Displayed message: msg(168,client[1]) from user client[1]
client[0] - Room: stanza(client[0], 2) - Message received: msg(168,client[1])
client[0] - time to live = 0 for message: message from client[1] to stanza(client[0], 2)
client[2] - Room: stanza(client[0], 2) - Message discarded for I'm not a recipient: 
client[2] - time to live = 0 for message: message from client[1] to stanza(client[0], 2)
client[4] - Sending message to room stanza(client[3], 1) - msg(166,client[4])
client[3] - stanza(client[3], 1) - Displayed message: msg(166,client[4]) from user client[4]
client[3] - Room: stanza(client[3], 1) - Message received: msg(166,client[4])
client[3] - time to live = 0 for message: message from client[4] to stanza(client[3], 1)
client[0] - Room: stanza(client[3], 1) - Message discarded for I'm not a recipient: 
client[0] - time to live = 0 for message: message from client[4] to stanza(client[3], 1)
client[0] - Sending message to room stanza(client[1], 1) - msg(155,client[0])
client[4] - Room: stanza(client[1], 1) - Message discarded for I'm not a recipient: 
client[4] - time to live = 0 for message: message from client[0] to stanza(client[1], 1)
client[1] - stanza(client[1], 1) - Displayed message: msg(155,client[0]) from user client[0]
client[1] - Room: stanza(client[1], 1) - Message received: msg(155,client[0])
client[1] - time to live = 0 for message: message from client[0] to stanza(client[1], 1)
client[2] - Sending message to room stanza(client[2], 2) - msg(120,client[2])
client[1] - Room: stanza(client[2], 2) - Message discarded for I'm not a recipient: 
client[1] - time to live = 0 for message: message from client[2] to stanza(client[2], 2)
client[3] - stanza(client[2], 2) - Displayed message: msg(120,client[2]) from user client[2]
client[3] - Room: stanza(client[2], 2) - Message received: msg(120,client[2])
client[3] - time to live = 0 for message: message from client[2] to stanza(client[2], 2)
client[1] - Sending message to room stanza(client[2], 1) - msg(169,client[1])
client[0] - Room: stanza(client[2], 1) - Message discarded for I'm not a recipient: 
client[0] - time to live = 0 for message: message from client[1] to stanza(client[2], 1)
client[2] - stanza(client[2], 1) - Displayed message: msg(169,client[1]) from user client[1]
client[2] - Room: stanza(client[2], 1) - Message received: msg(169,client[1])
client[2] - time to live = 0 for message: message from client[1] to stanza(client[2], 1)
client[0] - Sending message to room stanza(client[4], 3) - msg(156,client[0])
client[4] - stanza(client[4], 3) - Displayed message: msg(156,client[0]) from user client[0]
client[4] - Room: stanza(client[4], 3) - Message received: msg(156,client[0])
client[4] - time to live = 0 for message: message from client[0] to stanza(client[4], 3)
client[1] - Room: stanza(client[4], 3) - Message discarded for I'm not a recipient: 
client[1] - time to live = 0 for message: message from client[0] to stanza(client[4], 3)
client[2] - Sending message to room stanza(client[1], 1) - msg(121,client[2])
client[1] - stanza(client[1], 1) - Displayed message: msg(121,client[2]) from user client[2]
client[1] - Room: stanza(client[1], 1) - Message received: msg(121,client[2])
client[1] - time to live = 0 for message: message from client[2] to stanza(client[1], 1)
client[3] - Room: stanza(client[1], 1) - Message discarded for I'm not a recipient: 
client[3] - time to live = 0 for message: message from client[2] to stanza(client[1], 1)
client[1] - Sending message to room stanza(client[1], 0) - msg(170,client[1])
client[0] - stanza(client[1], 0) - Displayed message: msg(170,client[1]) from user client[1]
client[0] - Room: stanza(client[1], 0) - Message received: msg(170,client[1])
client[0] - time to live = 0 for message: message from client[1] to stanza(client[1], 0)
client[2] - Room: stanza(client[1], 0) - Message discarded for I'm not a recipient: 
client[2] - time to live = 0 for message: message from client[1] to stanza(client[1], 0)
client[4] - Sending message to room stanza(client[3], 5) - msg(167,client[4])
client[3] - stanza(client[3], 5) - Displayed message: msg(167,client[4]) from user client[4]
client[3] - Room: stanza(client[3], 5) - Message received: msg(167,client[4])
client[3] - time to live = 0 for message: message from client[4] to stanza(client[3], 5)
client[0] - Room: stanza(client[3], 5) - Message discarded for I'm not a recipient: 
client[0] - time to live = 0 for message: message from client[4] to stanza(client[3], 5)
client[2] - Sending message to room stanza(client[2], 1) - msg(122,client[2])
client[1] - stanza(client[2], 1) - Displayed message: msg(122,client[2]) from user client[2]
client[1] - Room: stanza(client[2], 1) - Message received: msg(122,client[2])
client[1] - time to live = 0 for message: message from client[2] to stanza(client[2], 1)
client[3] - Room: stanza(client[2], 1) - Message discarded for I'm not a recipient: 
client[3] - time to live = 0 for message: message from client[2] to stanza(client[2], 1)
client[1] - Sending message to room stanza(client[1], 1) - msg(171,client[1])
client[0] - Room: stanza(client[1], 1) - Message received: msg(171,client[1])
client[0] - time to live = 0 for message: message from client[1] to stanza(client[1], 1)
client[2] - Room: stanza(client[1], 1) - Message received: msg(171,client[1])
client[2] - time to live = 0 for message: message from client[1] to stanza(client[1], 1)
client[0] - Sending message to room stanza(client[1], 1) - msg(157,client[0])
client[4] - Room: stanza(client[1], 1) - Message discarded for I'm not a recipient: 
client[4] - time to live = 0 for message: message from client[0] to stanza(client[1], 1)
client[1] - stanza(client[1], 1) - Displayed message: msg(157,client[0]) from user client[0]
client[1] - Room: stanza(client[1], 1) - Message received: msg(157,client[0])
client[1] - time to live = 0 for message: message from client[0] to stanza(client[1], 1)
client[2] - Sending message to room stanza(client[3], 1) - msg(123,client[2])
client[1] - Room: stanza(client[3], 1) - Message discarded for I'm not a recipient: 
client[1] - time to live = 0 for message: message from client[2] to stanza(client[3], 1)
client[3] - stanza(client[3], 1) - Displayed message: msg(123,client[2]) from user client[2]
client[3] - Room: stanza(client[3], 1) - Message received: msg(123,client[2])
client[3] - time to live = 0 for message: message from client[2] to stanza(client[3], 1)
client[3] - Sending message to room stanza(client[3], 6) - msg(144,client[3])
client[2] - Room: stanza(client[3], 6) - Message discarded for I'm not a recipient: 
client[2] - time to live = 0 for message: message from client[3] to stanza(client[3], 6)
client[4] - stanza(client[3], 6) - Displayed message: msg(144,client[3]) from user client[3]
client[4] - Room: stanza(client[3], 6) - Message received: msg(144,client[3])
client[4] - time to live = 0 for message: message from client[3] to stanza(client[3], 6)
client[0] - Sending message to room stanza(client[4], 0) - msg(158,client[0])
client[4] - stanza(client[4], 0) - Displayed message: msg(158,client[0]) from user client[0]
client[4] - Room: stanza(client[4], 0) - Message received: msg(158,client[0])
client[4] - time to live = 0 for message: message from client[0] to stanza(client[4], 0)
client[1] - Room: stanza(client[4], 0) - Message discarded for I'm not a recipient: 
client[1] - time to live = 0 for message: message from client[0] to stanza(client[4], 0)
client[2] - Sending message to room stanza(client[1], 1) - msg(124,client[2])
client[1] - stanza(client[1], 1) - Displayed message: msg(124,client[2]) from user client[2]
client[1] - Room: stanza(client[1], 1) - Message received: msg(124,client[2])
client[1] - time to live = 0 for message: message from client[2] to stanza(client[1], 1)
client[3] - Room: stanza(client[1], 1) - Message discarded for I'm not a recipient: 
client[3] - time to live = 0 for message: message from client[2] to stanza(client[1], 1)
client[1] - Sending message to room stanza(client[1], 0) - msg(172,client[1])
client[0] - stanza(client[1], 0) - Displayed message: msg(172,client[1]) from user client[1]
client[0] - Room: stanza(client[1], 0) - Message received: msg(172,client[1])
client[0] - time to live = 0 for message: message from client[1] to stanza(client[1], 0)
client[2] - Room: stanza(client[1], 0) - Message discarded for I'm not a recipient: 
client[2] - time to live = 0 for message: message from client[1] to stanza(client[1], 0)
client[4] - Sending message to room stanza(client[3], 6) - msg(168,client[4])
client[3] - stanza(client[3], 6) - Displayed message: msg(168,client[4]) from user client[4]
client[3] - Room: stanza(client[3], 6) - Message received: msg(168,client[4])
client[3] - time to live = 0 for message: message from client[4] to stanza(client[3], 6)
client[0] - Room: stanza(client[3], 6) - Message discarded for I'm not a recipient: 
client[0] - time to live = 0 for message: message from client[4] to stanza(client[3], 6)
client[3] - Sending message to room stanza(client[2], 2) - msg(145,client[3])
client[2] - stanza(client[2], 2) - Displayed message: msg(145,client[3]) from user client[3]
client[2] - Room: stanza(client[2], 2) - Message received: msg(145,client[3])
client[2] - time to live = 0 for message: message from client[3] to stanza(client[2], 2)
client[4] - Room: stanza(client[2], 2) - Message discarded for I'm not a recipient: 
client[4] - time to live = 0 for message: message from client[3] to stanza(client[2], 2)
client[2] - Sending message to room stanza(client[3], 1) - msg(125,client[2])
client[1] - Room: stanza(client[3], 1) - Message discarded for I'm not a recipient: 
client[1] - time to live = 0 for message: message from client[2] to stanza(client[3], 1)
client[3] - stanza(client[3], 1) - Displayed message: msg(125,client[2]) from user client[2]
client[3] - Room: stanza(client[3], 1) - Message received: msg(125,client[2])
client[3] - time to live = 0 for message: message from client[2] to stanza(client[3], 1)
client[0] - Sending message to room stanza(client[1], 0) - msg(159,client[0])
client[4] - Room: stanza(client[1], 0) - Message discarded for I'm not a recipient: 
client[4] - time to live = 0 for message: message from client[0] to stanza(client[1], 0)
client[1] - stanza(client[1], 0) - Displayed message: msg(159,client[0]) from user client[0]
client[1] - Room: stanza(client[1], 0) - Message received: msg(159,client[0])
client[1] - time to live = 0 for message: message from client[0] to stanza(client[1], 0)
client[1] - Sending message to room stanza(client[2], 0) - msg(173,client[1])
client[0] - Room: stanza(client[2], 0) - Message discarded for I'm not a recipient: 
client[0] - time to live = 0 for message: message from client[1] to stanza(client[2], 0)
client[2] - stanza(client[2], 0) - Displayed message: msg(173,client[1]) from user client[1]
client[2] - Room: stanza(client[2], 0) - Message received: msg(173,client[1])
client[2] - time to live = 0 for message: message from client[1] to stanza(client[2], 0)
client[4] - Sending message to room stanza(client[3], 3) - msg(169,client[4])
client[3] - stanza(client[3], 3) - Displayed message: msg(169,client[4]) from user client[4]
client[3] - Room: stanza(client[3], 3) - Message received: msg(169,client[4])
client[3] - time to live = 0 for message: message from client[4] to stanza(client[3], 3)
client[0] - Room: stanza(client[3], 3) - Message discarded for I'm not a recipient: 
client[0] - time to live = 0 for message: message from client[4] to stanza(client[3], 3)
client[1] - Sending message to room stanza(client[2], 1) - msg(174,client[1])
client[0] - Room: stanza(client[2], 1) - Message discarded for I'm not a recipient: 
client[0] - time to live = 0 for message: message from client[1] to stanza(client[2], 1)
client[2] - stanza(client[2], 1) - Displayed message: msg(174,client[1]) from user client[1]
client[2] - Room: stanza(client[2], 1) - Message received: msg(174,client[1])
client[2] - time to live = 0 for message: message from client[1] to stanza(client[2], 1)
client[0] - Sending message to room stanza(client[0], 1) - msg(160,client[0])
client[4] - Asked for message: 1 - Room: stanza(client[0], 1)
client[4] - Asked for message: 1 - Room: stanza(client[0], 1)
client[4] - Asked for message: 1 - Room: stanza(client[0], 1)
client[4] - Asked for message: 54 - Room: stanza(client[0], 1)
client[4] - Asked for message: 1 - Room: stanza(client[0], 1)
client[4] - time to live = 0 for message: message from client[0] to stanza(client[0], 1)
client[1] - Asked for message: 1 - Room: stanza(client[0], 1)
client[1] - Asked for message: 1 - Room: stanza(client[0], 1)
client[1] - Asked for message: 1 - Room: stanza(client[0], 1)
client[1] - Asked for message: 1 - Room: stanza(client[0], 1)
client[1] - Asked for message: 56 - Room: stanza(client[0], 1)
client[1] - time to live = 0 for message: message from client[0] to stanza(client[0], 1)
client[3] - Room: stanza(client[0], 1) - Message discarded for I'm not a recipient: 
client[3] - time to live = 0 for message: ask message for missing message 1
NOT IMPLEMENTED YET
client[0] - Room: stanza(client[0], 1) - Asked for message: 1
client[0] - time to live = 0 for message: ask message for missing message 1
client[3] - Room: stanza(client[0], 1) - Message discarded for I'm not a recipient: 
client[3] - time to live = 0 for message: ask message for missing message 1
NOT IMPLEMENTED YET
client[0] - Room: stanza(client[0], 1) - Asked for message: 1
client[0] - time to live = 0 for message: ask message for missing message 1
client[3] - Room: stanza(client[0], 1) - Message discarded for I'm not a recipient: 
client[3] - time to live = 0 for message: ask message for missing message 1
NOT IMPLEMENTED YET
client[0] - Room: stanza(client[0], 1) - Asked for message: 1
client[0] - time to live = 0 for message: ask message for missing message 1
client[3] - Room: stanza(client[0], 1) - Message discarded for I'm not a recipient: 
client[3] - time to live = 0 for message: ask message for missing message 54
NOT IMPLEMENTED YET
client[0] - Room: stanza(client[0], 1) - Asked for message: 54
client[0] - time to live = 0 for message: ask message for missing message 54
client[3] - Room: stanza(client[0], 1) - Message discarded for I'm not a recipient: 
client[3] - time to live = 0 for message: ask message for missing message 1
NOT IMPLEMENTED YET
client[0] - Room: stanza(client[0], 1) - Asked for message: 1
client[0] - time to live = 0 for message: ask message for missing message 1
NOT IMPLEMENTED YET
client[0] - Room: stanza(client[0], 1) - Asked for message: 1
client[0] - time to live = 0 for message: ask message for missing message 1
client[2] - Room: stanza(client[0], 1) - Message discarded for I'm not a recipient: 
client[2] - time to live = 0 for message: ask message for missing message 1
NOT IMPLEMENTED YET
client[0] - Room: stanza(client[0], 1) - Asked for message: 1
client[0] - time to live = 0 for message: ask message for missing message 1
client[2] - Room: stanza(client[0], 1) - Message discarded for I'm not a recipient: 
client[2] - time to live = 0 for message: ask message for missing message 1
NOT IMPLEMENTED YET
client[0] - Room: stanza(client[0], 1) - Asked for message: 1
client[0] - time to live = 0 for message: ask message for missing message 1
client[2] - Room: stanza(client[0], 1) - Message discarded for I'm not a recipient: 
client[2] - time to live = 0 for message: ask message for missing message 1
NOT IMPLEMENTED YET
client[0] - Room: stanza(client[0], 1) - Asked for message: 1
client[0] - time to live = 0 for message: ask message for missing message 1
client[2] - Room: stanza(client[0], 1) - Message discarded for I'm not a recipient: 
client[2] - time to live = 0 for message: ask message for missing message 1
NOT IMPLEMENTED YET
client[0] - Room: stanza(client[0], 1) - Asked for message: 56
client[0] - time to live = 0 for message: ask message for missing message 56
client[2] - Room: stanza(client[0], 1) - Message discarded for I'm not a recipient: 
client[2] - time to live = 0 for message: ask message for missing message 56
client[1] - Sending message to room stanza(client[2], 0) - msg(175,client[1])
client[0] - Room: stanza(client[2], 0) - Message discarded for I'm not a recipient: 
client[0] - time to live = 0 for message: message from client[1] to stanza(client[2], 0)
client[2] - stanza(client[2], 0) - Displayed message: msg(175,client[1]) from user client[1]
client[2] - Room: stanza(client[2], 0) - Message received: msg(175,client[1])
client[2] - time to live = 0 for message: message from client[1] to stanza(client[2], 0)
client[4] - Sending message to room stanza(client[4], 2) - msg(170,client[4])
client[3] - Room: stanza(client[4], 2) - Message discarded for I'm not a recipient: 
client[3] - time to live = 0 for message: message from client[4] to stanza(client[4], 2)
client[0] - stanza(client[4], 2) - Displayed message: msg(170,client[4]) from user client[4]
client[0] - Room: stanza(client[4], 2) - Message received: msg(170,client[4])
client[0] - time to live = 0 for message: message from client[4] to stanza(client[4], 2)
client[1] - Sending message to room stanza(client[2], 0) - msg(176,client[1])
client[0] - Room: stanza(client[2], 0) - Message discarded for I'm not a recipient: 
client[0] - time to live = 0 for message: message from client[1] to stanza(client[2], 0)
client[2] - stanza(client[2], 0) - Displayed message: msg(176,client[1]) from user client[1]
client[2] - Room: stanza(client[2], 0) - Message received: msg(176,client[1])
client[2] - time to live = 0 for message: message from client[1] to stanza(client[2], 0)
client[1] - Sending message to room stanza(client[2], 0) - msg(177,client[1])
client[0] - Room: stanza(client[2], 0) - Message discarded for I'm not a recipient: 
client[0] - time to live = 0 for message: message from client[1] to stanza(client[2], 0)
client[2] - stanza(client[2], 0) - Displayed message: msg(177,client[1]) from user client[1]
client[2] - Room: stanza(client[2], 0) - Message received: msg(177,client[1])
client[2] - time to live = 0 for message: message from client[1] to stanza(client[2], 0)
client[0] - Sending message to room stanza(client[1], 1) - msg(161,client[0])
client[4] - Room: stanza(client[1], 1) - Message discarded for I'm not a recipient: 
client[4] - time to live = 0 for message: message from client[0] to stanza(client[1], 1)
client[1] - stanza(client[1], 1) - Displayed message: msg(161,client[0]) from user client[0]
client[1] - Room: stanza(client[1], 1) - Message received: msg(161,client[0])
client[1] - time to live = 0 for message: message from client[0] to stanza(client[1], 1)
client[4] - Sending message to room stanza(client[3], 4) - msg(171,client[4])
client[3] - stanza(client[3], 4) - Displayed message: msg(171,client[4]) from user client[4]
client[3] - Room: stanza(client[3], 4) - Message received: msg(171,client[4])
client[3] - time to live = 0 for message: message from client[4] to stanza(client[3], 4)
client[0] - Room: stanza(client[3], 4) - Message discarded for I'm not a recipient: 
client[0] - time to live = 0 for message: message from client[4] to stanza(client[3], 4)
client[1] - Sending message to room stanza(client[0], 2) - msg(178,client[1])
client[0] - stanza(client[0], 2) - Displayed message: msg(178,client[1]) from user client[1]
client[0] - Room: stanza(client[0], 2) - Message received: msg(178,client[1])
client[0] - time to live = 0 for message: message from client[1] to stanza(client[0], 2)
client[2] - Room: stanza(client[0], 2) - Message discarded for I'm not a recipient: 
client[2] - time to live = 0 for message: message from client[1] to stanza(client[0], 2)
client[4] - Sending message to room stanza(client[3], 4) - msg(172,client[4])
client[3] - stanza(client[3], 4) - Displayed message: msg(172,client[4]) from user client[4]
client[3] - Room: stanza(client[3], 4) - Message received: msg(172,client[4])
client[3] - time to live = 0 for message: message from client[4] to stanza(client[3], 4)
client[0] - Room: stanza(client[3], 4) - Message discarded for I'm not a recipient: 
client[0] - time to live = 0 for message: message from client[4] to stanza(client[3], 4)
client[0] - Sending message to room stanza(client[0], 2) - msg(162,client[0])
client[4] - Asked for message: 1 - Room: stanza(client[0], 2)
client[4] - Asked for message: 1 - Room: stanza(client[0], 2)
client[4] - Asked for message: 26 - Room: stanza(client[0], 2)
client[4] - Asked for message: 1 - Room: stanza(client[0], 2)
client[4] - Asked for message: 1 - Room: stanza(client[0], 2)
client[4] - time to live = 0 for message: message from client[0] to stanza(client[0], 2)
client[1] - Asked for message: 1 - Room: stanza(client[0], 2)
client[1] - Asked for message: 1 - Room: stanza(client[0], 2)
client[1] - Asked for message: 1 - Room: stanza(client[0], 2)
client[1] - Asked for message: 28 - Room: stanza(client[0], 2)
client[1] - Asked for message: 1 - Room: stanza(client[0], 2)
client[1] - time to live = 0 for message: message from client[0] to stanza(client[0], 2)
client[3] - Room: stanza(client[0], 2) - Message discarded for I'm not a recipient: 
client[3] - time to live = 0 for message: ask message for missing message 1
NOT IMPLEMENTED YET
client[0] - Room: stanza(client[0], 2) - Asked for message: 1
client[0] - time to live = 0 for message: ask message for missing message 1
client[3] - Room: stanza(client[0], 2) - Message discarded for I'm not a recipient: 
client[3] - time to live = 0 for message: ask message for missing message 1
NOT IMPLEMENTED YET
client[0] - Room: stanza(client[0], 2) - Asked for message: 1
client[0] - time to live = 0 for message: ask message for missing message 1
client[3] - Room: stanza(client[0], 2) - Message discarded for I'm not a recipient: 
client[3] - time to live = 0 for message: ask message for missing message 26
NOT IMPLEMENTED YET
client[0] - Room: stanza(client[0], 2) - Asked for message: 26
client[0] - time to live = 0 for message: ask message for missing message 26
client[3] - Room: stanza(client[0], 2) - Message discarded for I'm not a recipient: 
client[3] - time to live = 0 for message: ask message for missing message 1
NOT IMPLEMENTED YET
client[0] - Room: stanza(client[0], 2) - Asked for message: 1
client[0] - time to live = 0 for message: ask message for missing message 1
client[3] - Room: stanza(client[0], 2) - Message discarded for I'm not a recipient: 
client[3] - time to live = 0 for message: ask message for missing message 1
NOT IMPLEMENTED YET
client[0] - Room: stanza(client[0], 2) - Asked for message: 1
client[0] - time to live = 0 for message: ask message for missing message 1
NOT IMPLEMENTED YET
client[0] - Room: stanza(client[0], 2) - Asked for message: 1
client[0] - time to live = 0 for message: ask message for missing message 1
client[2] - Room: stanza(client[0], 2) - Message discarded for I'm not a recipient: 
client[2] - time to live = 0 for message: ask message for missing message 1
NOT IMPLEMENTED YET
client[0] - Room: stanza(client[0], 2) - Asked for message: 1
client[0] - time to live = 0 for message: ask message for missing message 1
client[2] - Room: stanza(client[0], 2) - Message discarded for I'm not a recipient: 
client[2] - time to live = 0 for message: ask message for missing message 1
NOT IMPLEMENTED YET
client[0] - Room: stanza(client[0], 2) - Asked for message: 1
client[0] - time to live = 0 for message: ask message for missing message 1
client[2] - Room: stanza(client[0], 2) - Message discarded for I'm not a recipient: 
client[2] - time to live = 0 for message: ask message for missing message 1
NOT IMPLEMENTED YET
client[0] - Room: stanza(client[0], 2) - Asked for message: 28
client[0] - time to live = 0 for message: ask message for missing message 28
client[2] - Room: stanza(client[0], 2) - Message discarded for I'm not a recipient: 
client[2] - time to live = 0 for message: ask message for missing message 28
NOT IMPLEMENTED YET
client[0] - Room: stanza(client[0], 2) - Asked for message: 1
client[0] - time to live = 0 for message: ask message for missing message 1
client[2] - Room: stanza(client[0], 2) - Message discarded for I'm not a recipient: 
client[2] - time to live = 0 for message: ask message for missing message 1
client[1] - Sending message to room stanza(client[2], 1) - msg(179,client[1])
client[0] - Room: stanza(client[2], 1) - Message discarded for I'm not a recipient: 
client[0] - time to live = 0 for message: message from client[1] to stanza(client[2], 1)
client[2] - stanza(client[2], 1) - Displayed message: msg(179,client[1]) from user client[1]
client[2] - Room: stanza(client[2], 1) - Message received: msg(179,client[1])
client[2] - time to live = 0 for message: message from client[1] to stanza(client[2], 1)
client[2] - Sending message to room stanza(client[3], 2) - msg(126,client[2])
client[1] - Room: stanza(client[3], 2) - Message discarded for I'm not a recipient: 
client[1] - time to live = 0 for message: message from client[2] to stanza(client[3], 2)
client[3] - stanza(client[3], 2) - Displayed message: msg(126,client[2]) from user client[2]
client[3] - Room: stanza(client[3], 2) - Message received: msg(126,client[2])
client[3] - time to live = 0 for message: message from client[2] to stanza(client[3], 2)
client[1] - Sending message to room stanza(client[2], 1) - msg(180,client[1])
client[0] - Room: stanza(client[2], 1) - Message discarded for I'm not a recipient: 
client[0] - time to live = 0 for message: message from client[1] to stanza(client[2], 1)
client[2] - stanza(client[2], 1) - Displayed message: msg(180,client[1]) from user client[1]
client[2] - Room: stanza(client[2], 1) - Message received: msg(180,client[1])
client[2] - time to live = 0 for message: message from client[1] to stanza(client[2], 1)
client[2] - Sending message to room stanza(client[2], 1) - msg(127,client[2])
client[1] - stanza(client[2], 1) - Displayed message: msg(127,client[2]) from user client[2]
client[1] - Room: stanza(client[2], 1) - Message received: msg(127,client[2])
client[1] - time to live = 0 for message: message from client[2] to stanza(client[2], 1)
client[3] - Room: stanza(client[2], 1) - Message discarded for I'm not a recipient: 
client[3] - time to live = 0 for message: message from client[2] to stanza(client[2], 1)
client[0] - Sending message to room stanza(client[1], 0) - msg(163,client[0])
client[4] - Room: stanza(client[1], 0) - Message discarded for I'm not a recipient: 
client[4] - time to live = 0 for message: message from client[0] to stanza(client[1], 0)
client[1] - stanza(client[1], 0) - Displayed message: msg(163,client[0]) from user client[0]
client[1] - Room: stanza(client[1], 0) - Message received: msg(163,client[0])
client[1] - time to live = 0 for message: message from client[0] to stanza(client[1], 0)
client[1] - Sending message to room stanza(client[2], 1) - msg(181,client[1])
client[0] - Room: stanza(client[2], 1) - Message discarded for I'm not a recipient: 
client[0] - time to live = 0 for message: message from client[1] to stanza(client[2], 1)
client[2] - stanza(client[2], 1) - Displayed message: msg(181,client[1]) from user client[1]
client[2] - Room: stanza(client[2], 1) - Message received: msg(181,client[1])
client[2] - time to live = 0 for message: message from client[1] to stanza(client[2], 1)
client[2] - Sending message to room stanza(client[1], 1) - msg(128,client[2])
client[1] - stanza(client[1], 1) - Displayed message: msg(128,client[2]) from user client[2]
client[1] - Room: stanza(client[1], 1) - Message received: msg(128,client[2])
client[1] - time to live = 0 for message: message from client[2] to stanza(client[1], 1)
client[3] - Room: stanza(client[1], 1) - Message discarded for I'm not a recipient: 
client[3] - time to live = 0 for message: message from client[2] to stanza(client[1], 1)
client[3] - Sending message to room stanza(client[3], 6) - msg(146,client[3])
client[2] - Room: stanza(client[3], 6) - Message discarded for I'm not a recipient: 
client[2] - time to live = 0 for message: message from client[3] to stanza(client[3], 6)
client[4] - stanza(client[3], 6) - Displayed message: msg(146,client[3]) from user client[3]
client[4] - Room: stanza(client[3], 6) - Message received: msg(146,client[3])
client[4] - time to live = 0 for message: message from client[3] to stanza(client[3], 6)
client[1] - Sending message to room stanza(client[2], 1) - msg(182,client[1])
client[0] - Room: stanza(client[2], 1) - Message discarded for I'm not a recipient: 
client[0] - time to live = 0 for message: message from client[1] to stanza(client[2], 1)
client[2] - stanza(client[2], 1) - Displayed message: msg(182,client[1]) from user client[1]
client[2] - Room: stanza(client[2], 1) - Message received: msg(182,client[1])
client[2] - time to live = 0 for message: message from client[1] to stanza(client[2], 1)
client[0] - Sending message to room stanza(client[0], 1) - msg(164,client[0])
client[4] - Asked for message: 1 - Room: stanza(client[0], 1)
client[4] - Asked for message: 1 - Room: stanza(client[0], 1)
client[4] - Asked for message: 1 - Room: stanza(client[0], 1)
client[4] - Asked for message: 54 - Room: stanza(client[0], 1)
client[4] - Asked for message: 1 - Room: stanza(client[0], 1)
client[4] - time to live = 0 for message: message from client[0] to stanza(client[0], 1)
client[1] - Asked for message: 1 - Room: stanza(client[0], 1)
client[1] - Asked for message: 1 - Room: stanza(client[0], 1)
client[1] - Asked for message: 1 - Room: stanza(client[0], 1)
client[1] - Asked for message: 1 - Room: stanza(client[0], 1)
client[1] - Asked for message: 56 - Room: stanza(client[0], 1)
client[1] - time to live = 0 for message: message from client[0] to stanza(client[0], 1)
client[3] - Room: stanza(client[0], 1) - Message discarded for I'm not a recipient: 
client[3] - time to live = 0 for message: ask message for missing message 1
NOT IMPLEMENTED YET
client[0] - Room: stanza(client[0], 1) - Asked for message: 1
client[0] - time to live = 0 for message: ask message for missing message 1
client[3] - Room: stanza(client[0], 1) - Message discarded for I'm not a recipient: 
client[3] - time to live = 0 for message: ask message for missing message 1
NOT IMPLEMENTED YET
client[0] - Room: stanza(client[0], 1) - Asked for message: 1
client[0] - time to live = 0 for message: ask message for missing message 1
client[3] - Room: stanza(client[0], 1) - Message discarded for I'm not a recipient: 
client[3] - time to live = 0 for message: ask message for missing message 1
NOT IMPLEMENTED YET
client[0] - Room: stanza(client[0], 1) - Asked for message: 1
client[0] - time to live = 0 for message: ask message for missing message 1
client[3] - Room: stanza(client[0], 1) - Message discarded for I'm not a recipient: 
client[3] - time to live = 0 for message: ask message for missing message 54
NOT IMPLEMENTED YET
client[0] - Room: stanza(client[0], 1) - Asked for message: 54
client[0] - time to live = 0 for message: ask message for missing message 54
client[3] - Room: stanza(client[0], 1) - Message discarded for I'm not a recipient: 
client[3] - time to live = 0 for message: ask message for missing message 1
NOT IMPLEMENTED YET
client[0] - Room: stanza(client[0], 1) - Asked for message: 1
client[0] - time to live = 0 for message: ask message for missing message 1
NOT IMPLEMENTED YET
client[0] - Room: stanza(client[0], 1) - Asked for message: 1
client[0] - time to live = 0 for message: ask message for missing message 1
client[2] - Room: stanza(client[0], 1) - Message discarded for I'm not a recipient: 
client[2] - time to live = 0 for message: ask message for missing message 1
NOT IMPLEMENTED YET
client[0] - Room: stanza(client[0], 1) - Asked for message: 1
client[0] - time to live = 0 for message: ask message for missing message 1
client[2] - Room: stanza(client[0], 1) - Message discarded for I'm not a recipient: 
client[2] - time to live = 0 for message: ask message for missing message 1
NOT IMPLEMENTED YET
client[0] - Room: stanza(client[0], 1) - Asked for message: 1
client[0] - time to live = 0 for message: ask message for missing message 1
client[2] - Room: stanza(client[0], 1) - Message discarded for I'm not a recipient: 
client[2] - time to live = 0 for message: ask message for missing message 1
NOT IMPLEMENTED YET
client[0] - Room: stanza(client[0], 1) - Asked for message: 1
client[0] - time to live = 0 for message: ask message for missing message 1
client[2] - Room: stanza(client[0], 1) - Message discarded for I'm not a recipient: 
client[2] - time to live = 0 for message: ask message for missing message 1
NOT IMPLEMENTED YET
client[0] - Room: stanza(client[0], 1) - Asked for message: 56
client[0] - time to live = 0 for message: ask message for missing message 56
client[2] - Room: stanza(client[0], 1) - Message discarded for I'm not a recipient: 
client[2] - time to live = 0 for message: ask message for missing message 56
client[2] - Sending message to room stanza(client[2], 1) - msg(129,client[2])
client[1] - stanza(client[2], 1) - Displayed message: msg(129,client[2]) from user client[2]
client[1] - Room: stanza(client[2], 1) - Message received: msg(129,client[2])
client[1] - time to live = 0 for message: message from client[2] to stanza(client[2], 1)
client[3] - Room: stanza(client[2], 1) - Message discarded for I'm not a recipient: 
client[3] - time to live = 0 for message: message from client[2] to stanza(client[2], 1)
client[0] - Sending message to room stanza(client[1], 0) - msg(165,client[0])
client[4] - Room: stanza(client[1], 0) - Message discarded for I'm not a recipient: 
client[4] - time to live = 0 for message: message from client[0] to stanza(client[1], 0)
client[1] - stanza(client[1], 0) - Displayed message: msg(165,client[0]) from user client[0]
client[1] - Room: stanza(client[1], 0) - Message received: msg(165,client[0])
client[1] - time to live = 0 for message: message from client[0] to stanza(client[1], 0)
client[1] - Sent room creation: stanza(client[1], 2) with: client[1],client[3],client[4],client[0],client[2]
client[0] - Room created: stanza(client[1], 2)
client[0] - time to live = 0 for message: creation of room stanza(client[1], 2)
client[2] - Room created: stanza(client[1], 2)
client[2] - time to live = 0 for message: creation of room stanza(client[1], 2)
client[1] - Sending message to room stanza(client[1], 1) - msg(183,client[1])
client[0] - Room: stanza(client[1], 1) - Message received: msg(183,client[1])
client[0] - time to live = 0 for message: message from client[1] to stanza(client[1], 1)
client[2] - Room: stanza(client[1], 1) - Message received: msg(183,client[1])
client[2] - time to live = 0 for message: message from client[1] to stanza(client[1], 1)
client[3] - Sending message to room stanza(client[3], 0) - msg(147,client[3])
client[2] - Room: stanza(client[3], 0) - Message discarded for I'm not a recipient: 
client[2] - time to live = 0 for message: message from client[3] to stanza(client[3], 0)
client[4] - stanza(client[3], 0) - Displayed message: msg(147,client[3]) from user client[3]
client[4] - Room: stanza(client[3], 0) - Message received: msg(147,client[3])
client[4] - time to live = 0 for message: message from client[3] to stanza(client[3], 0)
client[2] - Sending message to room stanza(client[1], 1) - msg(130,client[2])
client[1] - stanza(client[1], 1) - Displayed message: msg(130,client[2]) from user client[2]
client[1] - Room: stanza(client[1], 1) - Message received: msg(130,client[2])
client[1] - time to live = 0 for message: message from client[2] to stanza(client[1], 1)
client[3] - Room: stanza(client[1], 1) - Message discarded for I'm not a recipient: 
client[3] - time to live = 0 for message: message from client[2] to stanza(client[1], 1)
client[3] - Sending message to room stanza(client[2], 2) - msg(148,client[3])
client[2] - stanza(client[2], 2) - Displayed message: msg(148,client[3]) from user client[3]
client[2] - Room: stanza(client[2], 2) - Message received: msg(148,client[3])
client[2] - time to live = 0 for message: message from client[3] to stanza(client[2], 2)
client[4] - Room: stanza(client[2], 2) - Message discarded for I'm not a recipient: 
client[4] - time to live = 0 for message: message from client[3] to stanza(client[2], 2)
client[2] - Sending message to room stanza(client[2], 2) - msg(131,client[2])
client[1] - Room: stanza(client[2], 2) - Message discarded for I'm not a recipient: 
client[1] - time to live = 0 for message: message from client[2] to stanza(client[2], 2)
client[3] - stanza(client[2], 2) - Displayed message: msg(131,client[2]) from user client[2]
client[3] - Room: stanza(client[2], 2) - Message received: msg(131,client[2])
client[3] - time to live = 0 for message: message from client[2] to stanza(client[2], 2)
client[3] - Sending message to room stanza(client[3], 1) - msg(149,client[3])
client[2] - Asked for message: 3 - Room: stanza(client[3], 1)
client[2] - Asked for message: 1 - Room: stanza(client[3], 1)
client[2] - Asked for message: 27 - Room: stanza(client[3], 1)
client[2] - Asked for message: 1 - Room: stanza(client[3], 1)
client[2] - Asked for message: 1 - Room: stanza(client[3], 1)
client[2] - time to live = 0 for message: message from client[3] to stanza(client[3], 1)
client[4] - Asked for message: 1 - Room: stanza(client[3], 1)
client[4] - Asked for message: 1 - Room: stanza(client[3], 1)
client[4] - Asked for message: 1 - Room: stanza(client[3], 1)
client[4] - Asked for message: 1 - Room: stanza(client[3], 1)
client[4] - Asked for message: 22 - Room: stanza(client[3], 1)
client[4] - time to live = 0 for message: message from client[3] to stanza(client[3], 1)
client[1] - Room: stanza(client[3], 1) - Message discarded for I'm not a recipient: 
client[1] - time to live = 0 for message: ask message for missing message 3
NOT IMPLEMENTED YET
client[3] - Room: stanza(client[3], 1) - Asked for message: 3
client[3] - time to live = 0 for message: ask message for missing message 3
client[1] - Room: stanza(client[3], 1) - Message discarded for I'm not a recipient: 
client[1] - time to live = 0 for message: ask message for missing message 1
NOT IMPLEMENTED YET
client[3] - Room: stanza(client[3], 1) - Asked for message: 1
client[3] - time to live = 0 for message: ask message for missing message 1
client[1] - Room: stanza(client[3], 1) - Message discarded for I'm not a recipient: 
client[1] - time to live = 0 for message: ask message for missing message 27
NOT IMPLEMENTED YET
client[3] - Room: stanza(client[3], 1) - Asked for message: 27
client[3] - time to live = 0 for message: ask message for missing message 27
client[1] - Room: stanza(client[3], 1) - Message discarded for I'm not a recipient: 
client[1] - time to live = 0 for message: ask message for missing message 1
NOT IMPLEMENTED YET
client[3] - Room: stanza(client[3], 1) - Asked for message: 1
client[3] - time to live = 0 for message: ask message for missing message 1
client[1] - Room: stanza(client[3], 1) - Message discarded for I'm not a recipient: 
client[1] - time to live = 0 for message: ask message for missing message 1
NOT IMPLEMENTED YET
client[3] - Room: stanza(client[3], 1) - Asked for message: 1
client[3] - time to live = 0 for message: ask message for missing message 1
NOT IMPLEMENTED YET
client[3] - Room: stanza(client[3], 1) - Asked for message: 1
client[3] - time to live = 0 for message: ask message for missing message 1
client[0] - Room: stanza(client[3], 1) - Message discarded for I'm not a recipient: 
client[0] - time to live = 0 for message: ask message for missing message 1
NOT IMPLEMENTED YET
client[3] - Room: stanza(client[3], 1) - Asked for message: 1
client[3] - time to live = 0 for message: ask message for missing message 1
client[0] - Room: stanza(client[3], 1) - Message discarded for I'm not a recipient: 
client[0] - time to live = 0 for message: ask message for missing message 1
NOT IMPLEMENTED YET
client[3] - Room: stanza(client[3], 1) - Asked for message: 1
client[3] - time to live = 0 for message: ask message for missing message 1
client[0] - Room: stanza(client[3], 1) - Message discarded for I'm not a recipient: 
client[0] - time to live = 0 for message: ask message for missing message 1
NOT IMPLEMENTED YET
client[3] - Room: stanza(client[3], 1) - Asked for message: 1
client[3] - time to live = 0 for message: ask message for missing message 1
client[0] - Room: stanza(client[3], 1) - Message discarded for I'm not a recipient: 
client[0] - time to live = 0 for message: ask message for missing message 1
NOT IMPLEMENTED YET
client[3] - Room: stanza(client[3], 1) - Asked for message: 22
client[3] - time to live = 0 for message: ask message for missing message 22
client[0] - Room: stanza(client[3], 1) - Message discarded for I'm not a recipient: 
client[0] - time to live = 0 for message: ask message for missing message 22
client[3] - Sending message to room stanza(client[3], 5) - msg(150,client[3])
client[2] - Room: stanza(client[3], 5) - Message discarded for I'm not a recipient: 
client[2] - time to live = 0 for message: message from client[3] to stanza(client[3], 5)
client[4] - stanza(client[3], 5) - Displayed message: msg(150,client[3]) from user client[3]
client[4] - Room: stanza(client[3], 5) - Message received: msg(150,client[3])
client[4] - time to live = 0 for message: message from client[3] to stanza(client[3], 5)
client[4] - Sending message to room stanza(client[4], 2) - msg(173,client[4])
client[3] - Room: stanza(client[4], 2) - Message discarded for I'm not a recipient: 
client[3] - time to live = 0 for message: message from client[4] to stanza(client[4], 2)
client[0] - stanza(client[4], 2) - Displayed message: msg(173,client[4]) from user client[4]
client[0] - Room: stanza(client[4], 2) - Message received: msg(173,client[4])
client[0] - time to live = 0 for message: message from client[4] to stanza(client[4], 2)
client[3] - Sending message to room stanza(client[3], 5) - msg(151,client[3])
client[2] - Room: stanza(client[3], 5) - Message discarded for I'm not a recipient: 
client[2] - time to live = 0 for message: message from client[3] to stanza(client[3], 5)
client[4] - stanza(client[3], 5) - Displayed message: msg(151,client[3]) from user client[3]
client[4] - Room: stanza(client[3], 5) - Message received: msg(151,client[3])
client[4] - time to live = 0 for message: message from client[3] to stanza(client[3], 5)
client[1] - Sending message to room stanza(client[1], 2) - msg(184,client[1])
client[0] - stanza(client[1], 2) - Displayed message: msg(184,client[1]) from user client[1]
client[0] - Room: stanza(client[1], 2) - Message received: msg(184,client[1])
client[0] - time to live = 0 for message: message from client[1] to stanza(client[1], 2)
client[2] - stanza(client[1], 2) - Displayed message: msg(184,client[1]) from user client[1]
client[2] - Room: stanza(client[1], 2) - Message received: msg(184,client[1])
client[2] - time to live = 0 for message: message from client[1] to stanza(client[1], 2)
client[4] - Sending message to room stanza(client[0], 1) - msg(174,client[4])
client[3] - Room: stanza(client[0], 1) - Message discarded for I'm not a recipient: 
client[3] - time to live = 0 for message: message from client[4] to stanza(client[0], 1)
client[0] - stanza(client[0], 1) - Displayed message: msg(174,client[4]) from user client[4]
client[0] - Room: stanza(client[0], 1) - Message received: msg(174,client[4])
client[0] - time to live = 0 for message: message from client[4] to stanza(client[0], 1)
client[3] - Sending message to room stanza(client[3], 5) - msg(152,client[3])
client[2] - Room: stanza(client[3], 5) - Message discarded for I'm not a recipient: 
client[2] - time to live = 0 for message: message from client[3] to stanza(client[3], 5)
client[4] - stanza(client[3], 5) - Displayed message: msg(152,client[3]) from user client[3]
client[4] - Room: stanza(client[3], 5) - Message received: msg(152,client[3])
client[4] - time to live = 0 for message: message from client[3] to stanza(client[3], 5)
client[0] - Sending message to room stanza(client[4], 1) - msg(166,client[0])
client[4] - stanza(client[4], 1) - Displayed message: msg(166,client[0]) from user client[0]
client[4] - Room: stanza(client[4], 1) - Message received: msg(166,client[0])
client[4] - time to live = 0 for message: message from client[0] to stanza(client[4], 1)
client[1] - Room: stanza(client[4], 1) - Message discarded for I'm not a recipient: 
client[1] - time to live = 0 for message: message from client[0] to stanza(client[4], 1)
client[2] - Sending message to room stanza(client[1], 1) - msg(132,client[2])
client[1] - stanza(client[1], 1) - Displayed message: msg(132,client[2]) from user client[2]
client[1] - Room: stanza(client[1], 1) - Message received: msg(132,client[2])
client[1] - time to live = 0 for message: message from client[2] to stanza(client[1], 1)
client[3] - Room: stanza(client[1], 1) - Message discarded for I'm not a recipient: 
client[3] - time to live = 0 for message: message from client[2] to stanza(client[1], 1)
client[3] - Sending message to room stanza(client[4], 3) - msg(153,client[3])
client[2] - Room: stanza(client[4], 3) - Message discarded for I'm not a recipient: 
client[2] - time to live = 0 for message: message from client[3] to stanza(client[4], 3)
client[4] - stanza(client[4], 3) - Displayed message: msg(153,client[3]) from user client[3]
client[4] - Room: stanza(client[4], 3) - Message received: msg(153,client[3])
client[4] - time to live = 0 for message: message from client[3] to stanza(client[4], 3)
client[1] - Sending message to room stanza(client[0], 2) - msg(185,client[1])
client[0] - stanza(client[0], 2) - Displayed message: msg(185,client[1]) from user client[1]
client[0] - Room: stanza(client[0], 2) - Message received: msg(185,client[1])
client[0] - time to live = 0 for message: message from client[1] to stanza(client[0], 2)
client[2] - Room: stanza(client[0], 2) - Message discarded for I'm not a recipient: 
client[2] - time to live = 0 for message: message from client[1] to stanza(client[0], 2)
client[2] - Sending message to room stanza(client[2], 2) - msg(133,client[2])
client[1] - Room: stanza(client[2], 2) - Message discarded for I'm not a recipient: 
client[1] - time to live = 0 for message: message from client[2] to stanza(client[2], 2)
client[3] - stanza(client[2], 2) - Displayed message: msg(133,client[2]) from user client[2]
client[3] - Room: stanza(client[2], 2) - Message received: msg(133,client[2])
client[3] - time to live = 0 for message: message from client[2] to stanza(client[2], 2)
client[1] - Sending message to room stanza(client[2], 0) - msg(186,client[1])
client[0] - Room: stanza(client[2], 0) - Message discarded for I'm not a recipient: 
client[0] - time to live = 0 for message: message from client[1] to stanza(client[2], 0)
client[2] - stanza(client[2], 0) - Displayed message: msg(186,client[1]) from user client[1]
client[2] - Room: stanza(client[2], 0) - Message received: msg(186,client[1])
client[2] - time to live = 0 for message: message from client[1] to stanza(client[2], 0)
client[2] - Sending message to room stanza(client[2], 2) - msg(134,client[2])
client[1] - Room: stanza(client[2], 2) - Message discarded for I'm not a recipient: 
client[1] - time to live = 0 for message: message from client[2] to stanza(client[2], 2)
client[3] - stanza(client[2], 2) - Displayed message: msg(134,client[2]) from user client[2]
client[3] - Room: stanza(client[2], 2) - Message received: msg(134,client[2])
client[3] - time to live = 0 for message: message from client[2] to stanza(client[2], 2)
client[3] - Sending message to room stanza(client[4], 1) - msg(154,client[3])
client[2] - Room: stanza(client[4], 1) - Message discarded for I'm not a recipient: 
client[2] - time to live = 0 for message: message from client[3] to stanza(client[4], 1)
client[4] - stanza(client[4], 1) - Displayed message: msg(154,client[3]) from user client[3]
client[4] - Room: stanza(client[4], 1) - Message received: msg(154,client[3])
client[4] - time to live = 0 for message: message from client[3] to stanza(client[4], 1)
client[4] - Sending message to room stanza(client[4], 3) - msg(175,client[4])
client[3] - Room: stanza(client[4], 3) - Message received: msg(175,client[4])
client[3] - time to live = 0 for message: message from client[4] to stanza(client[4], 3)
client[0] - Room: stanza(client[4], 3) - Message received: msg(175,client[4])
client[0] - time to live = 0 for message: message from client[4] to stanza(client[4], 3)
client[3] - Sending message to room stanza(client[3], 1) - msg(155,client[3])
client[2] - Asked for message: 3 - Room: stanza(client[3], 1)
client[2] - Asked for message: 1 - Room: stanza(client[3], 1)
client[2] - Asked for message: 27 - Room: stanza(client[3], 1)
client[2] - Asked for message: 1 - Room: stanza(client[3], 1)
client[2] - Asked for message: 1 - Room: stanza(client[3], 1)
client[2] - time to live = 0 for message: message from client[3] to stanza(client[3], 1)
client[4] - Asked for message: 1 - Room: stanza(client[3], 1)
client[4] - Asked for message: 1 - Room: stanza(client[3], 1)
client[4] - Asked for message: 1 - Room: stanza(client[3], 1)
client[4] - Asked for message: 1 - Room: stanza(client[3], 1)
client[4] - Asked for message: 22 - Room: stanza(client[3], 1)
client[4] - time to live = 0 for message: message from client[3] to stanza(client[3], 1)
client[1] - Room: stanza(client[3], 1) - Message discarded for I'm not a recipient: 
client[1] - time to live = 0 for message: ask message for missing message 3
NOT IMPLEMENTED YET
client[3] - Room: stanza(client[3], 1) - Asked for message: 3
client[3] - time to live = 0 for message: ask message for missing message 3
client[1] - Room: stanza(client[3], 1) - Message discarded for I'm not a recipient: 
client[1] - time to live = 0 for message: ask message for missing message 1
NOT IMPLEMENTED YET
client[3] - Room: stanza(client[3], 1) - Asked for message: 1
client[3] - time to live = 0 for message: ask message for missing message 1
client[1] - Room: stanza(client[3], 1) - Message discarded for I'm not a recipient: 
client[1] - time to live = 0 for message: ask message for missing message 27
NOT IMPLEMENTED YET
client[3] - Room: stanza(client[3], 1) - Asked for message: 27
client[3] - time to live = 0 for message: ask message for missing message 27
client[1] - Room: stanza(client[3], 1) - Message discarded for I'm not a recipient: 
client[1] - time to live = 0 for message: ask message for missing message 1
NOT IMPLEMENTED YET
client[3] - Room: stanza(client[3], 1) - Asked for message: 1
client[3] - time to live = 0 for message: ask message for missing message 1
client[1] - Room: stanza(client[3], 1) - Message discarded for I'm not a recipient: 
client[1] - time to live = 0 for message: ask message for missing message 1
NOT IMPLEMENTED YET
client[3] - Room: stanza(client[3], 1) - Asked for message: 1
client[3] - time to live = 0 for message: ask message for missing message 1
NOT IMPLEMENTED YET
client[3] - Room: stanza(client[3], 1) - Asked for message: 1
client[3] - time to live = 0 for message: ask message for missing message 1
client[0] - Room: stanza(client[3], 1) - Message discarded for I'm not a recipient: 
client[0] - time to live = 0 for message: ask message for missing message 1
NOT IMPLEMENTED YET
client[3] - Room: stanza(client[3], 1) - Asked for message: 1
client[3] - time to live = 0 for message: ask message for missing message 1
client[0] - Room: stanza(client[3], 1) - Message discarded for I'm not a recipient: 
client[0] - time to live = 0 for message: ask message for missing message 1
NOT IMPLEMENTED YET
client[3] - Room: stanza(client[3], 1) - Asked for message: 1
client[3] - time to live = 0 for message: ask message for missing message 1
client[0] - Room: stanza(client[3], 1) - Message discarded for I'm not a recipient: 
client[0] - time to live = 0 for message: ask message for missing message 1
NOT IMPLEMENTED YET
client[3] - Room: stanza(client[3], 1) - Asked for message: 1
client[3] - time to live = 0 for message: ask message for missing message 1
client[0] - Room: stanza(client[3], 1) - Message discarded for I'm not a recipient: 
client[0] - time to live = 0 for message: ask message for missing message 1
NOT IMPLEMENTED YET
client[3] - Room: stanza(client[3], 1) - Asked for message: 22
client[3] - time to live = 0 for message: ask message for missing message 22
client[0] - Room: stanza(client[3], 1) - Message discarded for I'm not a recipient: 
client[0] - time to live = 0 for message: ask message for missing message 22
client[2] - Sending message to room stanza(client[1], 1) - msg(135,client[2])
client[1] - stanza(client[1], 1) - Displayed message: msg(135,client[2]) from user client[2]
client[1] - Room: stanza(client[1], 1) - Message received: msg(135,client[2])
client[1] - time to live = 0 for message: message from client[2] to stanza(client[1], 1)
client[3] - Room: stanza(client[1], 1) - Message discarded for I'm not a recipient: 
client[3] - time to live = 0 for message: message from client[2] to stanza(client[1], 1)
client[1] - Sending message to room stanza(client[1], 1) - msg(187,client[1])
client[0] - Room: stanza(client[1], 1) - Message received: msg(187,client[1])
client[0] - time to live = 0 for message: message from client[1] to stanza(client[1], 1)
client[2] - Room: stanza(client[1], 1) - Message received: msg(187,client[1])
client[2] - time to live = 0 for message: message from client[1] to stanza(client[1], 1)
client[3] - Sending message to room stanza(client[3], 3) - msg(156,client[3])
client[2] - Room: stanza(client[3], 3) - Message discarded for I'm not a recipient: 
client[2] - time to live = 0 for message: message from client[3] to stanza(client[3], 3)
client[4] - stanza(client[3], 3) - Displayed message: msg(156,client[3]) from user client[3]
client[4] - Room: stanza(client[3], 3) - Message received: msg(156,client[3])
client[4] - time to live = 0 for message: message from client[3] to stanza(client[3], 3)
client[4] - Sending message to room stanza(client[4], 1) - msg(176,client[4])
client[3] - Room: stanza(client[4], 1) - Message received: msg(176,client[4])
client[3] - time to live = 0 for message: message from client[4] to stanza(client[4], 1)
client[0] - Room: stanza(client[4], 1) - Message received: msg(176,client[4])
client[0] - time to live = 0 for message: message from client[4] to stanza(client[4], 1)
client[3] - Sending message to room stanza(client[4], 1) - msg(157,client[3])
client[2] - Room: stanza(client[4], 1) - Message discarded for I'm not a recipient: 
client[2] - time to live = 0 for message: message from client[3] to stanza(client[4], 1)
client[4] - stanza(client[4], 1) - Displayed message: msg(157,client[3]) from user client[3]
client[4] - Room: stanza(client[4], 1) - Message received: msg(157,client[3])
client[4] - time to live = 0 for message: message from client[3] to stanza(client[4], 1)
client[1] - Sending message to room stanza(client[2], 0) - msg(188,client[1])
client[0] - Room: stanza(client[2], 0) - Message discarded for I'm not a recipient: 
client[0] - time to live = 0 for message: message from client[1] to stanza(client[2], 0)
client[2] - stanza(client[2], 0) - Displayed message: msg(188,client[1]) from user client[1]
client[2] - Room: stanza(client[2], 0) - Message received: msg(188,client[1])
client[2] - time to live = 0 for message: message from client[1] to stanza(client[2], 0)
client[4] - Sending message to room stanza(client[3], 6) - msg(177,client[4])
client[3] - stanza(client[3], 6) - Displayed message: msg(177,client[4]) from user client[4]
client[3] - Room: stanza(client[3], 6) - Message received: msg(177,client[4])
client[3] - time to live = 0 for message: message from client[4] to stanza(client[3], 6)
client[0] - Room: stanza(client[3], 6) - Message discarded for I'm not a recipient: 
client[0] - time to live = 0 for message: message from client[4] to stanza(client[3], 6)
client[1] - Sending message to room stanza(client[0], 1) - msg(189,client[1])
client[0] - stanza(client[0], 1) - Displayed message: msg(189,client[1]) from user client[1]
client[0] - Room: stanza(client[0], 1) - Message received: msg(189,client[1])
client[0] - time to live = 0 for message: message from client[1] to stanza(client[0], 1)
client[2] - Room: stanza(client[0], 1) - Message discarded for I'm not a recipient: 
client[2] - time to live = 0 for message: message from client[1] to stanza(client[0], 1)
client[3] - Sending message to room stanza(client[3], 0) - msg(158,client[3])
client[2] - Room: stanza(client[3], 0) - Message discarded for I'm not a recipient: 
client[2] - time to live = 0 for message: message from client[3] to stanza(client[3], 0)
client[4] - stanza(client[3], 0) - Displayed message: msg(158,client[3]) from user client[3]
client[4] - Room: stanza(client[3], 0) - Message received: msg(158,client[3])
client[4] - time to live = 0 for message: message from client[3] to stanza(client[3], 0)
client[2] - Sending message to room stanza(client[2], 1) - msg(136,client[2])
client[1] - stanza(client[2], 1) - Displayed message: msg(136,client[2]) from user client[2]
client[1] - Room: stanza(client[2], 1) - Message received: msg(136,client[2])
client[1] - time to live = 0 for message: message from client[2] to stanza(client[2], 1)
client[3] - Room: stanza(client[2], 1) - Message discarded for I'm not a recipient: 
client[3] - time to live = 0 for message: message from client[2] to stanza(client[2], 1)
client[0] - Sending message to room stanza(client[0], 0) - msg(167,client[0])
client[4] - Room: stanza(client[0], 0) - Message discarded for I'm not a recipient: 
client[4] - time to live = 0 for message: message from client[0] to stanza(client[0], 0)
client[1] - Room: stanza(client[0], 0) - Message discarded for I'm not a recipient: 
client[1] - time to live = 0 for message: message from client[0] to stanza(client[0], 0)
client[3] - Sending message to room stanza(client[3], 3) - msg(159,client[3])
client[2] - Room: stanza(client[3], 3) - Message discarded for I'm not a recipient: 
client[2] - time to live = 0 for message: message from client[3] to stanza(client[3], 3)
client[4] - stanza(client[3], 3) - Displayed message: msg(159,client[3]) from user client[3]
client[4] - Room: stanza(client[3], 3) - Message received: msg(159,client[3])
client[4] - time to live = 0 for message: message from client[3] to stanza(client[3], 3)
client[1] - Sending message to room stanza(client[2], 0) - msg(190,client[1])
client[0] - Room: stanza(client[2], 0) - Message discarded for I'm not a recipient: 
client[0] - time to live = 0 for message: message from client[1] to stanza(client[2], 0)
client[2] - stanza(client[2], 0) - Displayed message: msg(190,client[1]) from user client[1]
client[2] - Room: stanza(client[2], 0) - Message received: msg(190,client[1])
client[2] - time to live = 0 for message: message from client[1] to stanza(client[2], 0)
client[4] - Sending message to room stanza(client[4], 0) - msg(178,client[4])
client[3] - Room: stanza(client[4], 0) - Message discarded for I'm not a recipient: 
client[3] - time to live = 0 for message: message from client[4] to stanza(client[4], 0)
client[0] - stanza(client[4], 0) - Displayed message: msg(178,client[4]) from user client[4]
client[0] - Room: stanza(client[4], 0) - Message received: msg(178,client[4])
client[0] - time to live = 0 for message: message from client[4] to stanza(client[4], 0)
client[2] - Sending message to room stanza(client[1], 2) - msg(137,client[2])
client[1] - stanza(client[1], 2) - Displayed message: msg(137,client[2]) from user client[2]
client[1] - Room: stanza(client[1], 2) - Message received: msg(137,client[2])
client[1] - time to live = 0 for message: message from client[2] to stanza(client[1], 2)
client[3] - Room: stanza(client[1], 2) - Message discarded for I'm not a recipient: 
client[3] - time to live = 0 for message: message from client[2] to stanza(client[1], 2)
client[0] - Sending message to room stanza(client[1], 0) - msg(168,client[0])
client[4] - Room: stanza(client[1], 0) - Message discarded for I'm not a recipient: 
client[4] - time to live = 0 for message: message from client[0] to stanza(client[1], 0)
client[1] - stanza(client[1], 0) - Displayed message: msg(168,client[0]) from user client[0]
client[1] - Room: stanza(client[1], 0) - Message received: msg(168,client[0])
client[1] - time to live = 0 for message: message from client[0] to stanza(client[1], 0)
client[2] - Sending message to room stanza(client[2], 0) - msg(138,client[2])
client[1] - stanza(client[2], 0) - Displayed message: msg(138,client[2]) from user client[2]
client[1] - Room: stanza(client[2], 0) - Message received: msg(138,client[2])
client[1] - time to live = 0 for message: message from client[2] to stanza(client[2], 0)
client[3] - Room: stanza(client[2], 0) - Message discarded for I'm not a recipient: 
client[3] - time to live = 0 for message: message from client[2] to stanza(client[2], 0)
client[3] - Sending message to room stanza(client[3], 6) - msg(160,client[3])
client[2] - Room: stanza(client[3], 6) - Message discarded for I'm not a recipient: 
client[2] - time to live = 0 for message: message from client[3] to stanza(client[3], 6)
client[4] - stanza(client[3], 6) - Displayed message: msg(160,client[3]) from user client[3]
client[4] - Room: stanza(client[3], 6) - Message received: msg(160,client[3])
client[4] - time to live = 0 for message: message from client[3] to stanza(client[3], 6)
client[2] - Sending message to room stanza(client[1], 2) - msg(139,client[2])
client[1] - stanza(client[1], 2) - Displayed message: msg(139,client[2]) from user client[2]
client[1] - Room: stanza(client[1], 2) - Message received: msg(139,client[2])
client[1] - time to live = 0 for message: message from client[2] to stanza(client[1], 2)
client[3] - Room: stanza(client[1], 2) - Message discarded for I'm not a recipient: 
client[3] - time to live = 0 for message: message from client[2] to stanza(client[1], 2)
client[4] - Sending message to room stanza(client[3], 0) - msg(179,client[4])
client[3] - stanza(client[3], 0) - Displayed message: msg(179,client[4]) from user client[4]
client[3] - Room: stanza(client[3], 0) - Message received: msg(179,client[4])
client[3] - time to live = 0 for message: message from client[4] to stanza(client[3], 0)
client[0] - Room: stanza(client[3], 0) - Message discarded for I'm not a recipient: 
client[0] - time to live = 0 for message: message from client[4] to stanza(client[3], 0)
client[1] - Sending message to room stanza(client[1], 0) - msg(191,client[1])
client[0] - stanza(client[1], 0) - Displayed message: msg(191,client[1]) from user client[1]
client[0] - Room: stanza(client[1], 0) - Message received: msg(191,client[1])
client[0] - time to live = 0 for message: message from client[1] to stanza(client[1], 0)
client[2] - Room: stanza(client[1], 0) - Message discarded for I'm not a recipient: 
client[2] - time to live = 0 for message: message from client[1] to stanza(client[1], 0)
client[1] - Sending message to room stanza(client[0], 2) - msg(192,client[1])
client[0] - stanza(client[0], 2) - Displayed message: msg(192,client[1]) from user client[1]
client[0] - Room: stanza(client[0], 2) - Message received: msg(192,client[1])
client[0] - time to live = 0 for message: message from client[1] to stanza(client[0], 2)
client[2] - Room: stanza(client[0], 2) - Message discarded for I'm not a recipient: 
client[2] - time to live = 0 for message: message from client[1] to stanza(client[0], 2)
client[4] - Sending message to room stanza(client[3], 0) - msg(180,client[4])
client[3] - stanza(client[3], 0) - Displayed message: msg(180,client[4]) from user client[4]
client[3] - Room: stanza(client[3], 0) - Message received: msg(180,client[4])
client[3] - time to live = 0 for message: message from client[4] to stanza(client[3], 0)
client[0] - Room: stanza(client[3], 0) - Message discarded for I'm not a recipient: 
client[0] - time to live = 0 for message: message from client[4] to stanza(client[3], 0)
client[0] - Sending message to room stanza(client[1], 2) - msg(169,client[0])
client[4] - Room: stanza(client[1], 2) - Message discarded for I'm not a recipient: 
client[4] - time to live = 0 for message: message from client[0] to stanza(client[1], 2)
client[1] - stanza(client[1], 2) - Displayed message: msg(169,client[0]) from user client[0]
client[1] - Room: stanza(client[1], 2) - Message received: msg(169,client[0])
client[1] - time to live = 0 for message: message from client[0] to stanza(client[1], 2)
client[2] - Sending message to room stanza(client[1], 2) - msg(140,client[2])
client[1] - stanza(client[1], 2) - Displayed message: msg(140,client[2]) from user client[2]
client[1] - Room: stanza(client[1], 2) - Message received: msg(140,client[2])
client[1] - time to live = 0 for message: message from client[2] to stanza(client[1], 2)
client[3] - Room: stanza(client[1], 2) - Message discarded for I'm not a recipient: 
client[3] - time to live = 0 for message: message from client[2] to stanza(client[1], 2)
client[0] - Sending message to room stanza(client[4], 3) - msg(170,client[0])
client[4] - stanza(client[4], 3) - Displayed message: msg(170,client[0]) from user client[0]
client[4] - Room: stanza(client[4], 3) - Message received: msg(170,client[0])
client[4] - time to live = 0 for message: message from client[0] to stanza(client[4], 3)
client[1] - Room: stanza(client[4], 3) - Message discarded for I'm not a recipient: 
client[1] - time to live = 0 for message: message from client[0] to stanza(client[4], 3)
client[3] - Sending message to room stanza(client[3], 4) - msg(161,client[3])
client[2] - Room: stanza(client[3], 4) - Message discarded for I'm not a recipient: 
client[2] - time to live = 0 for message: message from client[3] to stanza(client[3], 4)
client[4] - stanza(client[3], 4) - Displayed message: msg(161,client[3]) from user client[3]
client[4] - Room: stanza(client[3], 4) - Message received: msg(161,client[3])
client[4] - time to live = 0 for message: message from client[3] to stanza(client[3], 4)
client[2] - Sending message to room stanza(client[1], 2) - msg(141,client[2])
client[1] - stanza(client[1], 2) - Displayed message: msg(141,client[2]) from user client[2]
client[1] - Room: stanza(client[1], 2) - Message received: msg(141,client[2])
client[1] - time to live = 0 for message: message from client[2] to stanza(client[1], 2)
client[3] - Room: stanza(client[1], 2) - Message discarded for I'm not a recipient: 
client[3] - time to live = 0 for message: message from client[2] to stanza(client[1], 2)
client[3] - Sending message to room stanza(client[4], 1) - msg(162,client[3])
client[2] - Room: stanza(client[4], 1) - Message discarded for I'm not a recipient: 
client[2] - time to live = 0 for message: message from client[3] to stanza(client[4], 1)
client[4] - stanza(client[4], 1) - Displayed message: msg(162,client[3]) from user client[3]
client[4] - Room: stanza(client[4], 1) - Message received: msg(162,client[3])
client[4] - time to live = 0 for message: message from client[3] to stanza(client[4], 1)
client[1] - Sent room creation: stanza(client[1], 3) with: client[1],client[4],client[0]
client[0] - Room created: stanza(client[1], 3)
client[0] - time to live = 0 for message: creation of room stanza(client[1], 3)
client[2] - Room: stanza(client[1], 3) - Message discarded for I'm not a recipient: 
client[2] - time to live = 0 for message: creation of room stanza(client[1], 3)
client[2] - Sending message to room stanza(client[3], 2) - msg(142,client[2])
client[1] - Room: stanza(client[3], 2) - Message discarded for I'm not a recipient: 
client[1] - time to live = 0 for message: message from client[2] to stanza(client[3], 2)
client[3] - stanza(client[3], 2) - Displayed message: msg(142,client[2]) from user client[2]
client[3] - Room: stanza(client[3], 2) - Message received: msg(142,client[2])
client[3] - time to live = 0 for message: message from client[2] to stanza(client[3], 2)
client[1] - Sending message to room stanza(client[0], 2) - msg(193,client[1])
client[0] - stanza(client[0], 2) - Displayed message: msg(193,client[1]) from user client[1]
client[0] - Room: stanza(client[0], 2) - Message received: msg(193,client[1])
client[0] - time to live = 0 for message: message from client[1] to stanza(client[0], 2)
client[2] - Room: stanza(client[0], 2) - Message discarded for I'm not a recipient: 
client[2] - time to live = 0 for message: message from client[1] to stanza(client[0], 2)
client[0] - Sending message to room stanza(client[4], 1) - msg(171,client[0])
client[4] - stanza(client[4], 1) - Displayed message: msg(171,client[0]) from user client[0]
client[4] - Room: stanza(client[4], 1) - Message received: msg(171,client[0])
client[4] - time to live = 0 for message: message from client[0] to stanza(client[4], 1)
client[1] - Room: stanza(client[4], 1) - Message discarded for I'm not a recipient: 
client[1] - time to live = 0 for message: message from client[0] to stanza(client[4], 1)
client[3] - Sending message to room stanza(client[3], 0) - msg(163,client[3])
client[2] - Room: stanza(client[3], 0) - Message discarded for I'm not a recipient: 
client[2] - time to live = 0 for message: message from client[3] to stanza(client[3], 0)
client[4] - stanza(client[3], 0) - Displayed message: msg(163,client[3]) from user client[3]
client[4] - Room: stanza(client[3], 0) - Message received: msg(163,client[3])
client[4] - time to live = 0 for message: message from client[3] to stanza(client[3], 0)
client[1] - Sending message to room stanza(client[1], 1) - msg(194,client[1])
client[0] - Room: stanza(client[1], 1) - Message received: msg(194,client[1])
client[0] - time to live = 0 for message: message from client[1] to stanza(client[1], 1)
client[2] - Room: stanza(client[1], 1) - Message received: msg(194,client[1])
client[2] - time to live = 0 for message: message from client[1] to stanza(client[1], 1)
client[0] - Sending message to room stanza(client[0], 1) - msg(172,client[0])
client[4] - Asked for message: 1 - Room: stanza(client[0], 1)
client[4] - Asked for message: 1 - Room: stanza(client[0], 1)
client[4] - Asked for message: 1 - Room: stanza(client[0], 1)
client[4] - Asked for message: 55 - Room: stanza(client[0], 1)
client[4] - Asked for message: 1 - Room: stanza(client[0], 1)
client[4] - time to live = 0 for message: message from client[0] to stanza(client[0], 1)
client[1] - Asked for message: 1 - Room: stanza(client[0], 1)
client[1] - Asked for message: 1 - Room: stanza(client[0], 1)
client[1] - Asked for message: 1 - Room: stanza(client[0], 1)
client[1] - Asked for message: 1 - Room: stanza(client[0], 1)
client[1] - Asked for message: 57 - Room: stanza(client[0], 1)
client[1] - time to live = 0 for message: message from client[0] to stanza(client[0], 1)
client[3] - Room: stanza(client[0], 1) - Message discarded for I'm not a recipient: 
client[3] - time to live = 0 for message: ask message for missing message 1
NOT IMPLEMENTED YET
client[0] - Room: stanza(client[0], 1) - Asked for message: 1
client[0] - time to live = 0 for message: ask message for missing message 1
client[3] - Room: stanza(client[0], 1) - Message discarded for I'm not a recipient: 
client[3] - time to live = 0 for message: ask message for missing message 1
NOT IMPLEMENTED YET
client[0] - Room: stanza(client[0], 1) - Asked for message: 1
client[0] - time to live = 0 for message: ask message for missing message 1
client[3] - Room: stanza(client[0], 1) - Message discarded for I'm not a recipient: 
client[3] - time to live = 0 for message: ask message for missing message 1
NOT IMPLEMENTED YET
client[0] - Room: stanza(client[0], 1) - Asked for message: 1
client[0] - time to live = 0 for message: ask message for missing message 1
client[3] - Room: stanza(client[0], 1) - Message discarded for I'm not a recipient: 
client[3] - time to live = 0 for message: ask message for missing message 55
NOT IMPLEMENTED YET
client[0] - Room: stanza(client[0], 1) - Asked for message: 55
client[0] - time to live = 0 for message: ask message for missing message 55
client[3] - Room: stanza(client[0], 1) - Message discarded for I'm not a recipient: 
client[3] - time to live = 0 for message: ask message for missing message 1
NOT IMPLEMENTED YET
client[0] - Room: stanza(client[0], 1) - Asked for message: 1
client[0] - time to live = 0 for message: ask message for missing message 1
NOT IMPLEMENTED YET
client[0] - Room: stanza(client[0], 1) - Asked for message: 1
client[0] - time to live = 0 for message: ask message for missing message 1
client[2] - Room: stanza(client[0], 1) - Message discarded for I'm not a recipient: 
client[2] - time to live = 0 for message: ask message for missing message 1
NOT IMPLEMENTED YET
client[0] - Room: stanza(client[0], 1) - Asked for message: 1
client[0] - time to live = 0 for message: ask message for missing message 1
client[2] - Room: stanza(client[0], 1) - Message discarded for I'm not a recipient: 
client[2] - time to live = 0 for message: ask message for missing message 1
NOT IMPLEMENTED YET
client[0] - Room: stanza(client[0], 1) - Asked for message: 1
client[0] - time to live = 0 for message: ask message for missing message 1
client[2] - Room: stanza(client[0], 1) - Message discarded for I'm not a recipient: 
client[2] - time to live = 0 for message: ask message for missing message 1
NOT IMPLEMENTED YET
client[0] - Room: stanza(client[0], 1) - Asked for message: 1
client[0] - time to live = 0 for message: ask message for missing message 1
client[2] - Room: stanza(client[0], 1) - Message discarded for I'm not a recipient: 
client[2] - time to live = 0 for message: ask message for missing message 1
NOT IMPLEMENTED YET
client[0] - Room: stanza(client[0], 1) - Asked for message: 57
client[0] - time to live = 0 for message: ask message for missing message 57
client[2] - Room: stanza(client[0], 1) - Message discarded for I'm not a recipient: 
client[2] - time to live = 0 for message: ask message for missing message 57
client[2] - Sending message to room stanza(client[2], 1) - msg(143,client[2])
client[1] - stanza(client[2], 1) - Displayed message: msg(143,client[2]) from user client[2]
client[1] - Room: stanza(client[2], 1) - Message received: msg(143,client[2])
client[1] - time to live = 0 for message: message from client[2] to stanza(client[2], 1)
client[3] - Room: stanza(client[2], 1) - Message discarded for I'm not a recipient: 
client[3] - time to live = 0 for message: message from client[2] to stanza(client[2], 1)
client[3] - Sending message to room stanza(client[3], 1) - msg(164,client[3])
client[2] - Asked for message: 3 - Room: stanza(client[3], 1)
client[2] - Asked for message: 1 - Room: stanza(client[3], 1)
client[2] - Asked for message: 27 - Room: stanza(client[3], 1)
client[2] - Asked for message: 1 - Room: stanza(client[3], 1)
client[2] - Asked for message: 1 - Room: stanza(client[3], 1)
client[2] - time to live = 0 for message: message from client[3] to stanza(client[3], 1)
client[4] - Asked for message: 1 - Room: stanza(client[3], 1)
client[4] - Asked for message: 1 - Room: stanza(client[3], 1)
client[4] - Asked for message: 1 - Room: stanza(client[3], 1)
client[4] - Asked for message: 1 - Room: stanza(client[3], 1)
client[4] - Asked for message: 22 - Room: stanza(client[3], 1)
client[4] - time to live = 0 for message: message from client[3] to stanza(client[3], 1)
client[1] - Room: stanza(client[3], 1) - Message discarded for I'm not a recipient: 
client[1] - time to live = 0 for message: ask message for missing message 3
NOT IMPLEMENTED YET
client[3] - Room: stanza(client[3], 1) - Asked for message: 3
client[3] - time to live = 0 for message: ask message for missing message 3
client[1] - Room: stanza(client[3], 1) - Message discarded for I'm not a recipient: 
client[1] - time to live = 0 for message: ask message for missing message 1
NOT IMPLEMENTED YET
client[3] - Room: stanza(client[3], 1) - Asked for message: 1
client[3] - time to live = 0 for message: ask message for missing message 1
client[1] - Room: stanza(client[3], 1) - Message discarded for I'm not a recipient: 
client[1] - time to live = 0 for message: ask message for missing message 27
NOT IMPLEMENTED YET
client[3] - Room: stanza(client[3], 1) - Asked for message: 27
client[3] - time to live = 0 for message: ask message for missing message 27
client[1] - Room: stanza(client[3], 1) - Message discarded for I'm not a recipient: 
client[1] - time to live = 0 for message: ask message for missing message 1
NOT IMPLEMENTED YET
client[3] - Room: stanza(client[3], 1) - Asked for message: 1
client[3] - time to live = 0 for message: ask message for missing message 1
client[1] - Room: stanza(client[3], 1) - Message discarded for I'm not a recipient: 
client[1] - time to live = 0 for message: ask message for missing message 1
NOT IMPLEMENTED YET
client[3] - Room: stanza(client[3], 1) - Asked for message: 1
client[3] - time to live = 0 for message: ask message for missing message 1
NOT IMPLEMENTED YET
client[3] - Room: stanza(client[3], 1) - Asked for message: 1
client[3] - time to live = 0 for message: ask message for missing message 1
client[0] - Room: stanza(client[3], 1) - Message discarded for I'm not a recipient: 
client[0] - time to live = 0 for message: ask message for missing message 1
NOT IMPLEMENTED YET
client[3] - Room: stanza(client[3], 1) - Asked for message: 1
client[3] - time to live = 0 for message: ask message for missing message 1
client[0] - Room: stanza(client[3], 1) - Message discarded for I'm not a recipient: 
client[0] - time to live = 0 for message: ask message for missing message 1
NOT IMPLEMENTED YET
client[3] - Room: stanza(client[3], 1) - Asked for message: 1
client[3] - time to live = 0 for message: ask message for missing message 1
client[0] - Room: stanza(client[3], 1) - Message discarded for I'm not a recipient: 
client[0] - time to live = 0 for message: ask message for missing message 1
NOT IMPLEMENTED YET
client[3] - Room: stanza(client[3], 1) - Asked for message: 1
client[3] - time to live = 0 for message: ask message for missing message 1
client[0] - Room: stanza(client[3], 1) - Message discarded for I'm not a recipient: 
client[0] - time to live = 0 for message: ask message for missing message 1
NOT IMPLEMENTED YET
client[3] - Room: stanza(client[3], 1) - Asked for message: 22
client[3] - time to live = 0 for message: ask message for missing message 22
client[0] - Room: stanza(client[3], 1) - Message discarded for I'm not a recipient: 
client[0] - time to live = 0 for message: ask message for missing message 22
client[1] - Sending message to room stanza(client[1], 2) - msg(195,client[1])
client[0] - Room: stanza(client[1], 2) - Message received: msg(195,client[1])
client[0] - time to live = 0 for message: message from client[1] to stanza(client[1], 2)
client[2] - Room: stanza(client[1], 2) - Message received: msg(195,client[1])
client[2] - time to live = 0 for message: message from client[1] to stanza(client[1], 2)
client[0] - Sending message to room stanza(client[4], 2) - msg(173,client[0])
client[4] - stanza(client[4], 2) - Displayed message: msg(173,client[0]) from user client[0]
client[4] - Room: stanza(client[4], 2) - Message received: msg(173,client[0])
client[4] - time to live = 0 for message: message from client[0] to stanza(client[4], 2)
client[1] - Room: stanza(client[4], 2) - Message discarded for I'm not a recipient: 
client[1] - time to live = 0 for message: message from client[0] to stanza(client[4], 2)
client[3] - Sending message to room stanza(client[3], 2) - msg(165,client[3])
client[2] - stanza(client[3], 2) - Displayed message: msg(165,client[3]) from user client[3]
client[2] - Room: stanza(client[3], 2) - Message received: msg(165,client[3])
client[2] - time to live = 0 for message: message from client[3] to stanza(client[3], 2)
client[4] - Room: stanza(client[3], 2) - Message discarded for I'm not a recipient: 
client[4] - time to live = 0 for message: message from client[3] to stanza(client[3], 2)
client[2] - Sending message to room stanza(client[2], 2) - msg(144,client[2])
client[1] - Room: stanza(client[2], 2) - Message discarded for I'm not a recipient: 
client[1] - time to live = 0 for message: message from client[2] to stanza(client[2], 2)
client[3] - stanza(client[2], 2) - Displayed message: msg(144,client[2]) from user client[2]
client[3] - Room: stanza(client[2], 2) - Message received: msg(144,client[2])
client[3] - time to live = 0 for message: message from client[2] to stanza(client[2], 2)
client[3] - Sending message to room stanza(client[4], 1) - msg(166,client[3])
client[2] - Room: stanza(client[4], 1) - Message discarded for I'm not a recipient: 
client[2] - time to live = 0 for message: message from client[3] to stanza(client[4], 1)
client[4] - stanza(client[4], 1) - Displayed message: msg(166,client[3]) from user client[3]
client[4] - Room: stanza(client[4], 1) - Message received: msg(166,client[3])
client[4] - time to live = 0 for message: message from client[3] to stanza(client[4], 1)
client[4] - Sending message to room stanza(client[4], 2) - msg(181,client[4])
client[3] - Room: stanza(client[4], 2) - Message discarded for I'm not a recipient: 
client[3] - time to live = 0 for message: message from client[4] to stanza(client[4], 2)
client[0] - stanza(client[4], 2) - Displayed message: msg(181,client[4]) from user client[4]
client[0] - Room: stanza(client[4], 2) - Message received: msg(181,client[4])
client[0] - time to live = 0 for message: message from client[4] to stanza(client[4], 2)
client[1] - Sending message to room stanza(client[2], 1) - msg(196,client[1])
client[0] - Room: stanza(client[2], 1) - Message discarded for I'm not a recipient: 
client[0] - time to live = 0 for message: message from client[1] to stanza(client[2], 1)
client[2] - stanza(client[2], 1) - Displayed message: msg(196,client[1]) from user client[1]
client[2] - Room: stanza(client[2], 1) - Message received: msg(196,client[1])
client[2] - time to live = 0 for message: message from client[1] to stanza(client[2], 1)
client[0] - Sending message to room stanza(client[1], 3) - msg(174,client[0])
client[4] - Room: stanza(client[1], 3) - Message discarded for I'm not a recipient: 
client[4] - time to live = 0 for message: message from client[0] to stanza(client[1], 3)
client[1] - stanza(client[1], 3) - Displayed message: msg(174,client[0]) from user client[0]
client[1] - Room: stanza(client[1], 3) - Message received: msg(174,client[0])
client[1] - time to live = 0 for message: message from client[0] to stanza(client[1], 3)
client[1] - Sending message to room stanza(client[0], 1) - msg(197,client[1])
client[0] - stanza(client[0], 1) - Displayed message: msg(197,client[1]) from user client[1]
client[0] - Room: stanza(client[0], 1) - Message received: msg(197,client[1])
client[0] - time to live = 0 for message: message from client[1] to stanza(client[0], 1)
client[2] - Room: stanza(client[0], 1) - Message discarded for I'm not a recipient: 
client[2] - time to live = 0 for message: message from client[1] to stanza(client[0], 1)
client[2] - Sending message to room stanza(client[2], 0) - msg(145,client[2])
client[1] - stanza(client[2], 0) - Displayed message: msg(145,client[2]) from user client[2]
client[1] - Room: stanza(client[2], 0) - Message received: msg(145,client[2])
client[1] - time to live = 0 for message: message from client[2] to stanza(client[2], 0)
client[3] - Room: stanza(client[2], 0) - Message discarded for I'm not a recipient: 
client[3] - time to live = 0 for message: message from client[2] to stanza(client[2], 0)
client[3] - Sending message to room stanza(client[3], 2) - msg(167,client[3])
client[2] - stanza(client[3], 2) - Displayed message: msg(167,client[3]) from user client[3]
client[2] - Room: stanza(client[3], 2) - Message received: msg(167,client[3])
client[2] - time to live = 0 for message: message from client[3] to stanza(client[3], 2)
client[4] - Room: stanza(client[3], 2) - Message discarded for I'm not a recipient: 
client[4] - time to live = 0 for message: message from client[3] to stanza(client[3], 2)
client[0] - Sending message to room stanza(client[4], 0) - msg(175,client[0])
client[4] - stanza(client[4], 0) - Displayed message: msg(175,client[0]) from user client[0]
client[4] - Room: stanza(client[4], 0) - Message received: msg(175,client[0])
client[4] - time to live = 0 for message: message from client[0] to stanza(client[4], 0)
client[1] - Room: stanza(client[4], 0) - Message discarded for I'm not a recipient: 
client[1] - time to live = 0 for message: message from client[0] to stanza(client[4], 0)
client[4] - Sending message to room stanza(client[3], 0) - msg(182,client[4])
client[3] - stanza(client[3], 0) - Displayed message: msg(182,client[4]) from user client[4]
client[3] - Room: stanza(client[3], 0) - Message received: msg(182,client[4])
client[3] - time to live = 0 for message: message from client[4] to stanza(client[3], 0)
client[0] - Room: stanza(client[3], 0) - Message discarded for I'm not a recipient: 
client[0] - time to live = 0 for message: message from client[4] to stanza(client[3], 0)
client[1] - Sending message to room stanza(client[0], 1) - msg(198,client[1])
client[0] - stanza(client[0], 1) - Displayed message: msg(198,client[1]) from user client[1]
client[0] - Room: stanza(client[0], 1) - Message received: msg(198,client[1])
client[0] - time to live = 0 for message: message from client[1] to stanza(client[0], 1)
client[2] - Room: stanza(client[0], 1) - Message discarded for I'm not a recipient: 
client[2] - time to live = 0 for message: message from client[1] to stanza(client[0], 1)
client[1] - Sending message to room stanza(client[2], 1) - msg(199,client[1])
client[0] - Room: stanza(client[2], 1) - Message discarded for I'm not a recipient: 
client[0] - time to live = 0 for message: message from client[1] to stanza(client[2], 1)
client[2] - stanza(client[2], 1) - Displayed message: msg(199,client[1]) from user client[1]
client[2] - Room: stanza(client[2], 1) - Message received: msg(199,client[1])
client[2] - time to live = 0 for message: message from client[1] to stanza(client[2], 1)
client[4] - Sending message to room stanza(client[0], 2) - msg(183,client[4])
client[3] - Room: stanza(client[0], 2) - Message discarded for I'm not a recipient: 
client[3] - time to live = 0 for message: message from client[4] to stanza(client[0], 2)
client[0] - stanza(client[0], 2) - Displayed message: msg(183,client[4]) from user client[4]
client[0] - Room: stanza(client[0], 2) - Message received: msg(183,client[4])
client[0] - time to live = 0 for message: message from client[4] to stanza(client[0], 2)
client[1] - Sending message to room stanza(client[0], 1) - msg(200,client[1])
client[0] - stanza(client[0], 1) - Displayed message: msg(200,client[1]) from user client[1]
client[0] - Room: stanza(client[0], 1) - Message received: msg(200,client[1])
client[0] - time to live = 0 for message: message from client[1] to stanza(client[0], 1)
client[2] - Room: stanza(client[0], 1) - Message discarded for I'm not a recipient: 
client[2] - time to live = 0 for message: message from client[1] to stanza(client[0], 1)
client[3] - Sending message to room stanza(client[3], 2) - msg(168,client[3])
client[2] - stanza(client[3], 2) - Displayed message: msg(168,client[3]) from user client[3]
client[2] - Room: stanza(client[3], 2) - Message received: msg(168,client[3])
client[2] - time to live = 0 for message: message from client[3] to stanza(client[3], 2)
client[4] - Room: stanza(client[3], 2) - Message discarded for I'm not a recipient: 
client[4] - time to live = 0 for message: message from client[3] to stanza(client[3], 2)
client[0] - Sending message to room stanza(client[1], 3) - msg(176,client[0])
client[4] - Room: stanza(client[1], 3) - Message discarded for I'm not a recipient: 
client[4] - time to live = 0 for message: message from client[0] to stanza(client[1], 3)
client[1] - stanza(client[1], 3) - Displayed message: msg(176,client[0]) from user client[0]
client[1] - Room: stanza(client[1], 3) - Message received: msg(176,client[0])
client[1] - time to live = 0 for message: message from client[0] to stanza(client[1], 3)
client[2] - Sending message to room stanza(client[1], 1) - msg(146,client[2])
client[1] - stanza(client[1], 1) - Displayed message: msg(146,client[2]) from user client[2]
client[1] - Room: stanza(client[1], 1) - Message received: msg(146,client[2])
client[1] - time to live = 0 for message: message from client[2] to stanza(client[1], 1)
client[3] - Room: stanza(client[1], 1) - Message discarded for I'm not a recipient: 
client[3] - time to live = 0 for message: message from client[2] to stanza(client[1], 1)
client[4] - Sending message to room stanza(client[4], 3) - msg(184,client[4])
client[3] - Room: stanza(client[4], 3) - Message received: msg(184,client[4])
client[3] - time to live = 0 for message: message from client[4] to stanza(client[4], 3)
client[0] - Room: stanza(client[4], 3) - Message received: msg(184,client[4])
client[0] - time to live = 0 for message: message from client[4] to stanza(client[4], 3)
client[1] - Sending message to room stanza(client[1], 3) - msg(201,client[1])
client[0] - stanza(client[1], 3) - Displayed message: msg(201,client[1]) from user client[1]
client[0] - Room: stanza(client[1], 3) - Message received: msg(201,client[1])
client[0] - time to live = 0 for message: message from client[1] to stanza(client[1], 3)
client[2] - Room: stanza(client[1], 3) - Message discarded for I'm not a recipient: 
client[2] - time to live = 0 for message: message from client[1] to stanza(client[1], 3)
client[3] - Sending message to room stanza(client[3], 2) - msg(169,client[3])
client[2] - stanza(client[3], 2) - Displayed message: msg(169,client[3]) from user client[3]
client[2] - Room: stanza(client[3], 2) - Message received: msg(169,client[3])
client[2] - time to live = 0 for message: message from client[3] to stanza(client[3], 2)
client[4] - Room: stanza(client[3], 2) - Message discarded for I'm not a recipient: 
client[4] - time to live = 0 for message: message from client[3] to stanza(client[3], 2)
client[1] - Sending message to room stanza(client[1], 2) - msg(202,client[1])
client[0] - Room: stanza(client[1], 2) - Message received: msg(202,client[1])
client[0] - time to live = 0 for message: message from client[1] to stanza(client[1], 2)
client[2] - Room: stanza(client[1], 2) - Message received: msg(202,client[1])
client[2] - time to live = 0 for message: message from client[1] to stanza(client[1], 2)
client[4] - Sending message to room stanza(client[0], 1) - msg(185,client[4])
client[3] - Room: stanza(client[0], 1) - Message discarded for I'm not a recipient: 
client[3] - time to live = 0 for message: message from client[4] to stanza(client[0], 1)
client[0] - stanza(client[0], 1) - Displayed message: msg(185,client[4]) from user client[4]
client[0] - Room: stanza(client[0], 1) - Message received: msg(185,client[4])
client[0] - time to live = 0 for message: message from client[4] to stanza(client[0], 1)
client[0] - Sending message to room stanza(client[1], 3) - msg(177,client[0])
client[4] - Room: stanza(client[1], 3) - Message discarded for I'm not a recipient: 
client[4] - time to live = 0 for message: message from client[0] to stanza(client[1], 3)
client[1] - stanza(client[1], 3) - Displayed message: msg(177,client[0]) from user client[0]
client[1] - Room: stanza(client[1], 3) - Message received: msg(177,client[0])
client[1] - time to live = 0 for message: message from client[0] to stanza(client[1], 3)
client[3] - Sending message to room stanza(client[2], 2) - msg(170,client[3])
client[2] - stanza(client[2], 2) - Displayed message: msg(170,client[3]) from user client[3]
client[2] - Room: stanza(client[2], 2) - Message received: msg(170,client[3])
client[2] - time to live = 0 for message: message from client[3] to stanza(client[2], 2)
client[4] - Room: stanza(client[2], 2) - Message discarded for I'm not a recipient: 
client[4] - time to live = 0 for message: message from client[3] to stanza(client[2], 2)
client[1] - Sending message to room stanza(client[1], 1) - msg(203,client[1])
client[0] - Room: stanza(client[1], 1) - Message received: msg(203,client[1])
client[0] - time to live = 0 for message: message from client[1] to stanza(client[1], 1)
client[2] - Room: stanza(client[1], 1) - Message received: msg(203,client[1])
client[2] - time to live = 0 for message: message from client[1] to stanza(client[1], 1)
client[4] - Sending message to room stanza(client[4], 1) - msg(186,client[4])
client[3] - Room: stanza(client[4], 1) - Message received: msg(186,client[4])
client[3] - time to live = 0 for message: message from client[4] to stanza(client[4], 1)
client[0] - Room: stanza(client[4], 1) - Message received: msg(186,client[4])
client[0] - time to live = 0 for message: message from client[4] to stanza(client[4], 1)
client[1] - Sending message to room stanza(client[1], 3) - msg(204,client[1])
client[0] - stanza(client[1], 3) - Displayed message: msg(204,client[1]) from user client[1]
client[0] - Room: stanza(client[1], 3) - Message received: msg(204,client[1])
client[0] - time to live = 0 for message: message from client[1] to stanza(client[1], 3)
client[2] - Room: stanza(client[1], 3) - Message discarded for I'm not a recipient: 
client[2] - time to live = 0 for message: message from client[1] to stanza(client[1], 3)
client[2] - Sending message to room stanza(client[1], 1) - msg(147,client[2])
client[1] - stanza(client[1], 1) - Displayed message: msg(147,client[2]) from user client[2]
client[1] - Room: stanza(client[1], 1) - Message received: msg(147,client[2])
client[1] - time to live = 0 for message: message from client[2] to stanza(client[1], 1)
client[3] - Room: stanza(client[1], 1) - Message discarded for I'm not a recipient: 
client[3] - time to live = 0 for message: message from client[2] to stanza(client[1], 1)
client[0] - Sending message to room stanza(client[1], 1) - msg(178,client[0])
client[4] - Room: stanza(client[1], 1) - Message discarded for I'm not a recipient: 
client[4] - time to live = 0 for message: message from client[0] to stanza(client[1], 1)
client[1] - stanza(client[1], 1) - Displayed message: msg(178,client[0]) from user client[0]
client[1] - Room: stanza(client[1], 1) - Message received: msg(178,client[0])
client[1] - time to live = 0 for message: message from client[0] to stanza(client[1], 1)
client[2] - Sent room creation: stanza(client[2], 3) with: client[2],client[3]
client[1] - Room: stanza(client[2], 3) - Message discarded for I'm not a recipient: 
client[1] - time to live = 0 for message: creation of room stanza(client[2], 3)
client[3] - Room created: stanza(client[2], 3)
client[3] - time to live = 0 for message: creation of room stanza(client[2], 3)
client[1] - Sending message to room stanza(client[1], 1) - msg(205,client[1])
client[0] - Asked for message: 2 - Room: stanza(client[1], 1)
client[0] - Asked for message: 9 - Room: stanza(client[1], 1)
client[0] - Asked for message: 1 - Room: stanza(client[1], 1)
client[0] - Asked for message: 1 - Room: stanza(client[1], 1)
client[0] - time to live = 0 for message: message from client[1] to stanza(client[1], 1)
client[2] - Asked for message: 2 - Room: stanza(client[1], 1)
client[2] - Asked for message: 1 - Room: stanza(client[1], 1)
client[2] - Asked for message: 18 - Room: stanza(client[1], 1)
client[2] - Asked for message: 1 - Room: stanza(client[1], 1)
client[2] - time to live = 0 for message: message from client[1] to stanza(client[1], 1)
client[4] - Room: stanza(client[1], 1) - Message discarded for I'm not a recipient: 
client[4] - time to live = 0 for message: ask message for missing message 2
NOT IMPLEMENTED YET
client[1] - Room: stanza(client[1], 1) - Asked for message: 2
client[1] - time to live = 0 for message: ask message for missing message 2
client[4] - Room: stanza(client[1], 1) - Message discarded for I'm not a recipient: 
client[4] - time to live = 0 for message: ask message for missing message 9
NOT IMPLEMENTED YET
client[1] - Room: stanza(client[1], 1) - Asked for message: 9
client[1] - time to live = 0 for message: ask message for missing message 9
client[4] - Room: stanza(client[1], 1) - Message discarded for I'm not a recipient: 
client[4] - time to live = 0 for message: ask message for missing message 1
NOT IMPLEMENTED YET
client[1] - Room: stanza(client[1], 1) - Asked for message: 1
client[1] - time to live = 0 for message: ask message for missing message 1
client[4] - Room: stanza(client[1], 1) - Message discarded for I'm not a recipient: 
client[4] - time to live = 0 for message: ask message for missing message 1
NOT IMPLEMENTED YET
client[1] - Room: stanza(client[1], 1) - Asked for message: 1
client[1] - time to live = 0 for message: ask message for missing message 1
NOT IMPLEMENTED YET
client[1] - Room: stanza(client[1], 1) - Asked for message: 2
client[1] - time to live = 0 for message: ask message for missing message 2
client[3] - Room: stanza(client[1], 1) - Message discarded for I'm not a recipient: 
client[3] - time to live = 0 for message: ask message for missing message 2
NOT IMPLEMENTED YET
client[1] - Room: stanza(client[1], 1) - Asked for message: 1
client[1] - time to live = 0 for message: ask message for missing message 1
client[3] - Room: stanza(client[1], 1) - Message discarded for I'm not a recipient: 
client[3] - time to live = 0 for message: ask message for missing message 1
NOT IMPLEMENTED YET
client[1] - Room: stanza(client[1], 1) - Asked for message: 18
client[1] - time to live = 0 for message: ask message for missing message 18
client[3] - Room: stanza(client[1], 1) - Message discarded for I'm not a recipient: 
client[3] - time to live = 0 for message: ask message for missing message 18
NOT IMPLEMENTED YET
client[1] - Room: stanza(client[1], 1) - Asked for message: 1
client[1] - time to live = 0 for message: ask message for missing message 1
client[3] - Room: stanza(client[1], 1) - Message discarded for I'm not a recipient: 
client[3] - time to live = 0 for message: ask message for missing message 1
client[4] - Sending message to room stanza(client[0], 2) - msg(187,client[4])
client[3] - Room: stanza(client[0], 2) - Message discarded for I'm not a recipient: 
client[3] - time to live = 0 for message: message from client[4] to stanza(client[0], 2)
client[0] - stanza(client[0], 2) - Displayed message: msg(187,client[4]) from user client[4]
client[0] - Room: stanza(client[0], 2) - Message received: msg(187,client[4])
client[0] - time to live = 0 for message: message from client[4] to stanza(client[0], 2)
client[1] - Sending message to room stanza(client[1], 2) - msg(206,client[1])
client[0] - Room: stanza(client[1], 2) - Message received: msg(206,client[1])
client[0] - time to live = 0 for message: message from client[1] to stanza(client[1], 2)
client[2] - Room: stanza(client[1], 2) - Message received: msg(206,client[1])
client[2] - time to live = 0 for message: message from client[1] to stanza(client[1], 2)
client[3] - Sending message to room stanza(client[2], 2) - msg(171,client[3])
client[2] - stanza(client[2], 2) - Displayed message: msg(171,client[3]) from user client[3]
client[2] - Room: stanza(client[2], 2) - Message received: msg(171,client[3])
client[2] - time to live = 0 for message: message from client[3] to stanza(client[2], 2)
client[4] - Room: stanza(client[2], 2) - Message discarded for I'm not a recipient: 
client[4] - time to live = 0 for message: message from client[3] to stanza(client[2], 2)
client[4] - Sending message to room stanza(client[0], 2) - msg(188,client[4])
client[3] - Room: stanza(client[0], 2) - Message discarded for I'm not a recipient: 
client[3] - time to live = 0 for message: message from client[4] to stanza(client[0], 2)
client[0] - stanza(client[0], 2) - Displayed message: msg(188,client[4]) from user client[4]
client[0] - Room: stanza(client[0], 2) - Message received: msg(188,client[4])
client[0] - time to live = 0 for message: message from client[4] to stanza(client[0], 2)
client[0] - Sending message to room stanza(client[4], 1) - msg(179,client[0])
client[4] - stanza(client[4], 1) - Displayed message: msg(179,client[0]) from user client[0]
client[4] - Room: stanza(client[4], 1) - Message received: msg(179,client[0])
client[4] - time to live = 0 for message: message from client[0] to stanza(client[4], 1)
client[1] - Room: stanza(client[4], 1) - Message discarded for I'm not a recipient: 
client[1] - time to live = 0 for message: message from client[0] to stanza(client[4], 1)
client[1] - Sending message to room stanza(client[1], 1) - msg(207,client[1])
client[0] - Asked for message: 2 - Room: stanza(client[1], 1)
client[0] - Asked for message: 9 - Room: stanza(client[1], 1)
client[0] - Asked for message: 1 - Room: stanza(client[1], 1)
client[0] - Asked for message: 1 - Room: stanza(client[1], 1)
client[0] - time to live = 0 for message: message from client[1] to stanza(client[1], 1)
client[2] - Asked for message: 2 - Room: stanza(client[1], 1)
client[2] - Asked for message: 1 - Room: stanza(client[1], 1)
client[2] - Asked for message: 18 - Room: stanza(client[1], 1)
client[2] - Asked for message: 1 - Room: stanza(client[1], 1)
client[2] - time to live = 0 for message: message from client[1] to stanza(client[1], 1)
client[4] - Room: stanza(client[1], 1) - Message discarded for I'm not a recipient: 
client[4] - time to live = 0 for message: ask message for missing message 2
NOT IMPLEMENTED YET
client[1] - Room: stanza(client[1], 1) - Asked for message: 2
client[1] - time to live = 0 for message: ask message for missing message 2
client[4] - Room: stanza(client[1], 1) - Message discarded for I'm not a recipient: 
client[4] - time to live = 0 for message: ask message for missing message 9
NOT IMPLEMENTED YET
client[1] - Room: stanza(client[1], 1) - Asked for message: 9
client[1] - time to live = 0 for message: ask message for missing message 9
client[4] - Room: stanza(client[1], 1) - Message discarded for I'm not a recipient: 
client[4] - time to live = 0 for message: ask message for missing message 1
NOT IMPLEMENTED YET
client[1] - Room: stanza(client[1], 1) - Asked for message: 1
client[1] - time to live = 0 for message: ask message for missing message 1
client[4] - Room: stanza(client[1], 1) - Message discarded for I'm not a recipient: 
client[4] - time to live = 0 for message: ask message for missing message 1
NOT IMPLEMENTED YET
client[1] - Room: stanza(client[1], 1) - Asked for message: 1
client[1] - time to live = 0 for message: ask message for missing message 1
NOT IMPLEMENTED YET
client[1] - Room: stanza(client[1], 1) - Asked for message: 2
client[1] - time to live = 0 for message: ask message for missing message 2
client[3] - Room: stanza(client[1], 1) - Message discarded for I'm not a recipient: 
client[3] - time to live = 0 for message: ask message for missing message 2
NOT IMPLEMENTED YET
client[1] - Room: stanza(client[1], 1) - Asked for message: 1
client[1] - time to live = 0 for message: ask message for missing message 1
client[3] - Room: stanza(client[1], 1) - Message discarded for I'm not a recipient: 
client[3] - time to live = 0 for message: ask message for missing message 1
NOT IMPLEMENTED YET
client[1] - Room: stanza(client[1], 1) - Asked for message: 18
client[1] - time to live = 0 for message: ask message for missing message 18
client[3] - Room: stanza(client[1], 1) - Message discarded for I'm not a recipient: 
client[3] - time to live = 0 for message: ask message for missing message 18
NOT IMPLEMENTED YET
client[1] - Room: stanza(client[1], 1) - Asked for message: 1
client[1] - time to live = 0 for message: ask message for missing message 1
client[3] - Room: stanza(client[1], 1) - Message discarded for I'm not a recipient: 
client[3] - time to live = 0 for message: ask message for missing message 1
client[2] - Sending message to room stanza(client[3], 2) - msg(148,client[2])
client[1] - Room: stanza(client[3], 2) - Message discarded for I'm not a recipient: 
client[1] - time to live = 0 for message: message from client[2] to stanza(client[3], 2)
client[3] - stanza(client[3], 2) - Displayed message: msg(148,client[2]) from user client[2]
client[3] - Room: stanza(client[3], 2) - Message received: msg(148,client[2])
client[3] - time to live = 0 for message: message from client[2] to stanza(client[3], 2)
client[4] - Sending message to room stanza(client[0], 1) - msg(189,client[4])
client[3] - Room: stanza(client[0], 1) - Message discarded for I'm not a recipient: 
client[3] - time to live = 0 for message: message from client[4] to stanza(client[0], 1)
client[0] - stanza(client[0], 1) - Displayed message: msg(189,client[4]) from user client[4]
client[0] - Room: stanza(client[0], 1) - Message received: msg(189,client[4])
client[0] - time to live = 0 for message: message from client[4] to stanza(client[0], 1)
client[1] - Sending message to room stanza(client[1], 3) - msg(208,client[1])
client[0] - stanza(client[1], 3) - Displayed message: msg(208,client[1]) from user client[1]
client[0] - Room: stanza(client[1], 3) - Message received: msg(208,client[1])
client[0] - time to live = 0 for message: message from client[1] to stanza(client[1], 3)
client[2] - Room: stanza(client[1], 3) - Message discarded for I'm not a recipient: 
client[2] - time to live = 0 for message: message from client[1] to stanza(client[1], 3)
client[3] - Sending message to room stanza(client[3], 5) - msg(172,client[3])
client[2] - Room: stanza(client[3], 5) - Message discarded for I'm not a recipient: 
client[2] - time to live = 0 for message: message from client[3] to stanza(client[3], 5)
client[4] - stanza(client[3], 5) - Displayed message: msg(172,client[3]) from user client[3]
client[4] - Room: stanza(client[3], 5) - Message received: msg(172,client[3])
client[4] - time to live = 0 for message: message from client[3] to stanza(client[3], 5)
client[0] - Sending message to room stanza(client[1], 1) - msg(180,client[0])
client[4] - Room: stanza(client[1], 1) - Message discarded for I'm not a recipient: 
client[4] - time to live = 0 for message: message from client[0] to stanza(client[1], 1)
client[1] - stanza(client[1], 1) - Displayed message: msg(180,client[0]) from user client[0]
client[1] - Room: stanza(client[1], 1) - Message received: msg(180,client[0])
client[1] - time to live = 0 for message: message from client[0] to stanza(client[1], 1)
client[3] - Sending message to room stanza(client[2], 3) - msg(173,client[3])
client[2] - stanza(client[2], 3) - Displayed message: msg(173,client[3]) from user client[3]
client[2] - Room: stanza(client[2], 3) - Message received: msg(173,client[3])
client[2] - time to live = 0 for message: message from client[3] to stanza(client[2], 3)
client[4] - Room: stanza(client[2], 3) - Message discarded for I'm not a recipient: 
client[4] - time to live = 0 for message: message from client[3] to stanza(client[2], 3)
client[1] - Sending message to room stanza(client[0], 2) - msg(209,client[1])
client[0] - stanza(client[0], 2) - Displayed message: msg(209,client[1]) from user client[1]
client[0] - Room: stanza(client[0], 2) - Message received: msg(209,client[1])
client[0] - time to live = 0 for message: message from client[1] to stanza(client[0], 2)
client[2] - Room: stanza(client[0], 2) - Message discarded for I'm not a recipient: 
client[2] - time to live = 0 for message: message from client[1] to stanza(client[0], 2)
client[1] - Sending message to room stanza(client[0], 2) - msg(210,client[1])
client[0] - stanza(client[0], 2) - Displayed message: msg(210,client[1]) from user client[1]
client[0] - Room: stanza(client[0], 2) - Message received: msg(210,client[1])
client[0] - time to live = 0 for message: message from client[1] to stanza(client[0], 2)
client[2] - Room: stanza(client[0], 2) - Message discarded for I'm not a recipient: 
client[2] - time to live = 0 for message: message from client[1] to stanza(client[0], 2)
client[3] - Sending message to room stanza(client[3], 0) - msg(174,client[3])
client[2] - Room: stanza(client[3], 0) - Message discarded for I'm not a recipient: 
client[2] - time to live = 0 for message: message from client[3] to stanza(client[3], 0)
client[4] - stanza(client[3], 0) - Displayed message: msg(174,client[3]) from user client[3]
client[4] - Room: stanza(client[3], 0) - Message received: msg(174,client[3])
client[4] - time to live = 0 for message: message from client[3] to stanza(client[3], 0)
client[2] - Sending message to room stanza(client[3], 2) - msg(149,client[2])
client[1] - Room: stanza(client[3], 2) - Message discarded for I'm not a recipient: 
client[1] - time to live = 0 for message: message from client[2] to stanza(client[3], 2)
client[3] - stanza(client[3], 2) - Displayed message: msg(149,client[2]) from user client[2]
client[3] - Room: stanza(client[3], 2) - Message received: msg(149,client[2])
client[3] - time to live = 0 for message: message from client[2] to stanza(client[3], 2)
client[4] - Sending message to room stanza(client[4], 0) - msg(190,client[4])
client[3] - Room: stanza(client[4], 0) - Message discarded for I'm not a recipient: 
client[3] - time to live = 0 for message: message from client[4] to stanza(client[4], 0)
client[0] - stanza(client[4], 0) - Displayed message: msg(190,client[4]) from user client[4]
client[0] - Room: stanza(client[4], 0) - Message received: msg(190,client[4])
client[0] - time to live = 0 for message: message from client[4] to stanza(client[4], 0)
client[1] - Sending message to room stanza(client[0], 1) - msg(211,client[1])
client[0] - stanza(client[0], 1) - Displayed message: msg(211,client[1]) from user client[1]
client[0] - Room: stanza(client[0], 1) - Message received: msg(211,client[1])
client[0] - time to live = 0 for message: message from client[1] to stanza(client[0], 1)
client[2] - Room: stanza(client[0], 1) - Message discarded for I'm not a recipient: 
client[2] - time to live = 0 for message: message from client[1] to stanza(client[0], 1)
client[2] - Sending message to room stanza(client[2], 1) - msg(150,client[2])
client[1] - stanza(client[2], 1) - Displayed message: msg(150,client[2]) from user client[2]
client[1] - Room: stanza(client[2], 1) - Message received: msg(150,client[2])
client[1] - time to live = 0 for message: message from client[2] to stanza(client[2], 1)
client[3] - Room: stanza(client[2], 1) - Message discarded for I'm not a recipient: 
client[3] - time to live = 0 for message: message from client[2] to stanza(client[2], 1)
client[4] - Sending message to room stanza(client[0], 2) - msg(191,client[4])
client[3] - Room: stanza(client[0], 2) - Message discarded for I'm not a recipient: 
client[3] - time to live = 0 for message: message from client[4] to stanza(client[0], 2)
client[0] - stanza(client[0], 2) - Displayed message: msg(191,client[4]) from user client[4]
client[0] - Room: stanza(client[0], 2) - Message received: msg(191,client[4])
client[0] - time to live = 0 for message: message from client[4] to stanza(client[0], 2)
client[2] - Sending message to room stanza(client[2], 0) - msg(151,client[2])
client[1] - stanza(client[2], 0) - Displayed message: msg(151,client[2]) from user client[2]
client[1] - Room: stanza(client[2], 0) - Message received: msg(151,client[2])
client[1] - time to live = 0 for message: message from client[2] to stanza(client[2], 0)
client[3] - Room: stanza(client[2], 0) - Message discarded for I'm not a recipient: 
client[3] - time to live = 0 for message: message from client[2] to stanza(client[2], 0)
client[1] - Sending message to room stanza(client[1], 3) - msg(212,client[1])
client[0] - stanza(client[1], 3) - Displayed message: msg(212,client[1]) from user client[1]
client[0] - Room: stanza(client[1], 3) - Message received: msg(212,client[1])
client[0] - time to live = 0 for message: message from client[1] to stanza(client[1], 3)
client[2] - Room: stanza(client[1], 3) - Message discarded for I'm not a recipient: 
client[2] - time to live = 0 for message: message from client[1] to stanza(client[1], 3)
client[0] - Sending message to room stanza(client[1], 2) - msg(181,client[0])
client[4] - Room: stanza(client[1], 2) - Message discarded for I'm not a recipient: 
client[4] - time to live = 0 for message: message from client[0] to stanza(client[1], 2)
client[1] - stanza(client[1], 2) - Displayed message: msg(181,client[0]) from user client[0]
client[1] - Room: stanza(client[1], 2) - Message received: msg(181,client[0])
client[1] - time to live = 0 for message: message from client[0] to stanza(client[1], 2)
client[2] - Sending message to room stanza(client[1], 1) - msg(152,client[2])
client[1] - stanza(client[1], 1) - Displayed message: msg(152,client[2]) from user client[2]
client[1] - Room: stanza(client[1], 1) - Message received: msg(152,client[2])
client[1] - time to live = 0 for message: message from client[2] to stanza(client[1], 1)
client[3] - Room: stanza(client[1], 1) - Message discarded for I'm not a recipient: 
client[3] - time to live = 0 for message: message from client[2] to stanza(client[1], 1)
client[4] - Sending message to room stanza(client[3], 3) - msg(192,client[4])
client[3] - stanza(client[3], 3) - Displayed message: msg(192,client[4]) from user client[4]
client[3] - Room: stanza(client[3], 3) - Message received: msg(192,client[4])
client[3] - time to live = 0 for message: message from client[4] to stanza(client[3], 3)
client[0] - Room: stanza(client[3], 3) - Message discarded for I'm not a recipient: 
client[0] - time to live = 0 for message: message from client[4] to stanza(client[3], 3)
client[2] - Sending message to room stanza(client[3], 2) - msg(153,client[2])
client[1] - Room: stanza(client[3], 2) - Message discarded for I'm not a recipient: 
client[1] - time to live = 0 for message: message from client[2] to stanza(client[3], 2)
client[3] - stanza(client[3], 2) - Displayed message: msg(153,client[2]) from user client[2]
client[3] - Room: stanza(client[3], 2) - Message received: msg(153,client[2])
client[3] - time to live = 0 for message: message from client[2] to stanza(client[3], 2)
client[0] - Sending message to room stanza(client[1], 3) - msg(182,client[0])
client[4] - Room: stanza(client[1], 3) - Message discarded for I'm not a recipient: 
client[4] - time to live = 0 for message: message from client[0] to stanza(client[1], 3)
client[1] - stanza(client[1], 3) - Displayed message: msg(182,client[0]) from user client[0]
client[1] - Room: stanza(client[1], 3) - Message received: msg(182,client[0])
client[1] - time to live = 0 for message: message from client[0] to stanza(client[1], 3)
client[3] - Sending message to room stanza(client[3], 5) - msg(175,client[3])
client[2] - Room: stanza(client[3], 5) - Message discarded for I'm not a recipient: 
client[2] - time to live = 0 for message: message from client[3] to stanza(client[3], 5)
client[4] - stanza(client[3], 5) - Displayed message: msg(175,client[3]) from user client[3]
client[4] - Room: stanza(client[3], 5) - Message received: msg(175,client[3])
client[4] - time to live = 0 for message: message from client[3] to stanza(client[3], 5)
client[2] - Sending message to room stanza(client[3], 1) - msg(154,client[2])
client[1] - Room: stanza(client[3], 1) - Message discarded for I'm not a recipient: 
client[1] - time to live = 0 for message: message from client[2] to stanza(client[3], 1)
client[3] - stanza(client[3], 1) - Displayed message: msg(154,client[2]) from user client[2]
client[3] - Room: stanza(client[3], 1) - Message received: msg(154,client[2])
client[3] - time to live = 0 for message: message from client[2] to stanza(client[3], 1)
client[4] - Sending message to room stanza(client[4], 2) - msg(193,client[4])
client[3] - Room: stanza(client[4], 2) - Message discarded for I'm not a recipient: 
client[3] - time to live = 0 for message: message from client[4] to stanza(client[4], 2)
client[0] - stanza(client[4], 2) - Displayed message: msg(193,client[4]) from user client[4]
client[0] - Room: stanza(client[4], 2) - Message received: msg(193,client[4])
client[0] - time to live = 0 for message: message from client[4] to stanza(client[4], 2)
client[2] - Sending message to room stanza(client[2], 3) - msg(155,client[2])
client[1] - Room: stanza(client[2], 3) - Message discarded for I'm not a recipient: 
client[1] - time to live = 0 for message: message from client[2] to stanza(client[2], 3)
client[3] - stanza(client[2], 3) - Displayed message: msg(155,client[2]) from user client[2]
client[3] - Room: stanza(client[2], 3) - Message received: msg(155,client[2])
client[3] - time to live = 0 for message: message from client[2] to stanza(client[2], 3)
client[0] - Sending message to room stanza(client[4], 0) - msg(183,client[0])
client[4] - stanza(client[4], 0) - Displayed message: msg(183,client[0]) from user client[0]
client[4] - Room: stanza(client[4], 0) - Message received: msg(183,client[0])
client[4] - time to live = 0 for message: message from client[0] to stanza(client[4], 0)
client[1] - Room: stanza(client[4], 0) - Message discarded for I'm not a recipient: 
client[1] - time to live = 0 for message: message from client[0] to stanza(client[4], 0)
client[1] - Sending message to room stanza(client[1], 2) - msg(213,client[1])
client[0] - Room: stanza(client[1], 2) - Message received: msg(213,client[1])
client[0] - time to live = 0 for message: message from client[1] to stanza(client[1], 2)
client[2] - Room: stanza(client[1], 2) - Message received: msg(213,client[1])
client[2] - time to live = 0 for message: message from client[1] to stanza(client[1], 2)
client[4] - Sending message to room stanza(client[3], 1) - msg(194,client[4])
client[3] - stanza(client[3], 1) - Displayed message: msg(194,client[4]) from user client[4]
client[3] - Room: stanza(client[3], 1) - Message received: msg(194,client[4])
client[3] - time to live = 0 for message: message from client[4] to stanza(client[3], 1)
client[0] - Room: stanza(client[3], 1) - Message discarded for I'm not a recipient: 
client[0] - time to live = 0 for message: message from client[4] to stanza(client[3], 1)
client[3] - Sending message to room stanza(client[3], 1) - msg(176,client[3])
client[2] - Asked for message: 3 - Room: stanza(client[3], 1)
client[2] - Asked for message: 1 - Room: stanza(client[3], 1)
client[2] - Asked for message: 28 - Room: stanza(client[3], 1)
client[2] - Asked for message: 1 - Room: stanza(client[3], 1)
client[2] - Asked for message: 1 - Room: stanza(client[3], 1)
client[2] - time to live = 0 for message: message from client[3] to stanza(client[3], 1)
client[4] - Asked for message: 1 - Room: stanza(client[3], 1)
client[4] - Asked for message: 1 - Room: stanza(client[3], 1)
client[4] - Asked for message: 1 - Room: stanza(client[3], 1)
client[4] - Asked for message: 1 - Room: stanza(client[3], 1)
client[4] - Asked for message: 23 - Room: stanza(client[3], 1)
client[4] - time to live = 0 for message: message from client[3] to stanza(client[3], 1)
client[1] - Room: stanza(client[3], 1) - Message discarded for I'm not a recipient: 
client[1] - time to live = 0 for message: ask message for missing message 3
NOT IMPLEMENTED YET
client[3] - Room: stanza(client[3], 1) - Asked for message: 3
client[3] - time to live = 0 for message: ask message for missing message 3
client[1] - Room: stanza(client[3], 1) - Message discarded for I'm not a recipient: 
client[1] - time to live = 0 for message: ask message for missing message 1
NOT IMPLEMENTED YET
client[3] - Room: stanza(client[3], 1) - Asked for message: 1
client[3] - time to live = 0 for message: ask message for missing message 1
client[1] - Room: stanza(client[3], 1) - Message discarded for I'm not a recipient: 
client[1] - time to live = 0 for message: ask message for missing message 28
NOT IMPLEMENTED YET
client[3] - Room: stanza(client[3], 1) - Asked for message: 28
client[3] - time to live = 0 for message: ask message for missing message 28
client[1] - Room: stanza(client[3], 1) - Message discarded for I'm not a recipient: 
client[1] - time to live = 0 for message: ask message for missing message 1
NOT IMPLEMENTED YET
client[3] - Room: stanza(client[3], 1) - Asked for message: 1
client[3] - time to live = 0 for message: ask message for missing message 1
client[1] - Room: stanza(client[3], 1) - Message discarded for I'm not a recipient: 
client[1] - time to live = 0 for message: ask message for missing message 1
NOT IMPLEMENTED YET
client[3] - Room: stanza(client[3], 1) - Asked for message: 1
client[3] - time to live = 0 for message: ask message for missing message 1
NOT IMPLEMENTED YET
client[3] - Room: stanza(client[3], 1) - Asked for message: 1
client[3] - time to live = 0 for message: ask message for missing message 1
client[0] - Room: stanza(client[3], 1) - Message discarded for I'm not a recipient: 
client[0] - time to live = 0 for message: ask message for missing message 1
NOT IMPLEMENTED YET
client[3] - Room: stanza(client[3], 1) - Asked for message: 1
client[3] - time to live = 0 for message: ask message for missing message 1
client[0] - Room: stanza(client[3], 1) - Message discarded for I'm not a recipient: 
client[0] - time to live = 0 for message: ask message for missing message 1
NOT IMPLEMENTED YET
client[3] - Room: stanza(client[3], 1) - Asked for message: 1
client[3] - time to live = 0 for message: ask message for missing message 1
client[0] - Room: stanza(client[3], 1) - Message discarded for I'm not a recipient: 
client[0] - time to live = 0 for message: ask message for missing message 1
NOT IMPLEMENTED YET
client[3] - Room: stanza(client[3], 1) - Asked for message: 1
client[3] - time to live = 0 for message: ask message for missing message 1
client[0] - Room: stanza(client[3], 1) - Message discarded for I'm not a recipient: 
client[0] - time to live = 0 for message: ask message for missing message 1
NOT IMPLEMENTED YET
client[3] - Room: stanza(client[3], 1) - Asked for message: 23
client[3] - time to live = 0 for message: ask message for missing message 23
client[0] - Room: stanza(client[3], 1) - Message discarded for I'm not a recipient: 
client[0] - time to live = 0 for message: ask message for missing message 23
client[4] - Sending message to room stanza(client[0], 2) - msg(195,client[4])
client[3] - Room: stanza(client[0], 2) - Message discarded for I'm not a recipient: 
client[3] - time to live = 0 for message: message from client[4] to stanza(client[0], 2)
client[0] - stanza(client[0], 2) - Displayed message: msg(195,client[4]) from user client[4]
client[0] - Room: stanza(client[0], 2) - Message received: msg(195,client[4])
client[0] - time to live = 0 for message: message from client[4] to stanza(client[0], 2)
client[3] - Sending message to room stanza(client[3], 1) - msg(177,client[3])
client[2] - Asked for message: 3 - Room: stanza(client[3], 1)
client[2] - Asked for message: 1 - Room: stanza(client[3], 1)
client[2] - Asked for message: 28 - Room: stanza(client[3], 1)
client[2] - Asked for message: 1 - Room: stanza(client[3], 1)
client[2] - Asked for message: 1 - Room: stanza(client[3], 1)
client[2] - time to live = 0 for message: message from client[3] to stanza(client[3], 1)
client[4] - Asked for message: 1 - Room: stanza(client[3], 1)
client[4] - Asked for message: 1 - Room: stanza(client[3], 1)
client[4] - Asked for message: 1 - Room: stanza(client[3], 1)
client[4] - Asked for message: 1 - Room: stanza(client[3], 1)
client[4] - Asked for message: 23 - Room: stanza(client[3], 1)
client[4] - time to live = 0 for message: message from client[3] to stanza(client[3], 1)
client[1] - Room: stanza(client[3], 1) - Message discarded for I'm not a recipient: 
client[1] - time to live = 0 for message: ask message for missing message 3
NOT IMPLEMENTED YET
client[3] - Room: stanza(client[3], 1) - Asked for message: 3
client[3] - time to live = 0 for message: ask message for missing message 3
client[1] - Room: stanza(client[3], 1) - Message discarded for I'm not a recipient: 
client[1] - time to live = 0 for message: ask message for missing message 1
NOT IMPLEMENTED YET
client[3] - Room: stanza(client[3], 1) - Asked for message: 1
client[3] - time to live = 0 for message: ask message for missing message 1
client[1] - Room: stanza(client[3], 1) - Message discarded for I'm not a recipient: 
client[1] - time to live = 0 for message: ask message for missing message 28
NOT IMPLEMENTED YET
client[3] - Room: stanza(client[3], 1) - Asked for message: 28
client[3] - time to live = 0 for message: ask message for missing message 28
client[1] - Room: stanza(client[3], 1) - Message discarded for I'm not a recipient: 
client[1] - time to live = 0 for message: ask message for missing message 1
NOT IMPLEMENTED YET
client[3] - Room: stanza(client[3], 1) - Asked for message: 1
client[3] - time to live = 0 for message: ask message for missing message 1
client[1] - Room: stanza(client[3], 1) - Message discarded for I'm not a recipient: 
client[1] - time to live = 0 for message: ask message for missing message 1
NOT IMPLEMENTED YET
client[3] - Room: stanza(client[3], 1) - Asked for message: 1
client[3] - time to live = 0 for message: ask message for missing message 1
NOT IMPLEMENTED YET
client[3] - Room: stanza(client[3], 1) - Asked for message: 1
client[3] - time to live = 0 for message: ask message for missing message 1
client[0] - Room: stanza(client[3], 1) - Message discarded for I'm not a recipient: 
client[0] - time to live = 0 for message: ask message for missing message 1
NOT IMPLEMENTED YET
client[3] - Room: stanza(client[3], 1) - Asked for message: 1
client[3] - time to live = 0 for message: ask message for missing message 1
client[0] - Room: stanza(client[3], 1) - Message discarded for I'm not a recipient: 
client[0] - time to live = 0 for message: ask message for missing message 1
NOT IMPLEMENTED YET
client[3] - Room: stanza(client[3], 1) - Asked for message: 1
client[3] - time to live = 0 for message: ask message for missing message 1
client[0] - Room: stanza(client[3], 1) - Message discarded for I'm not a recipient: 
client[0] - time to live = 0 for message: ask message for missing message 1
NOT IMPLEMENTED YET
client[3] - Room: stanza(client[3], 1) - Asked for message: 1
client[3] - time to live = 0 for message: ask message for missing message 1
client[0] - Room: stanza(client[3], 1) - Message discarded for I'm not a recipient: 
client[0] - time to live = 0 for message: ask message for missing message 1
NOT IMPLEMENTED YET
client[3] - Room: stanza(client[3], 1) - Asked for message: 23
client[3] - time to live = 0 for message: ask message for missing message 23
client[0] - Room: stanza(client[3], 1) - Message discarded for I'm not a recipient: 
client[0] - time to live = 0 for message: ask message for missing message 23
client[1] - Sending message to room stanza(client[0], 1) - msg(214,client[1])
client[0] - stanza(client[0], 1) - Displayed message: msg(214,client[1]) from user client[1]
client[0] - Room: stanza(client[0], 1) - Message received: msg(214,client[1])
client[0] - time to live = 0 for message: message from client[1] to stanza(client[0], 1)
client[2] - Room: stanza(client[0], 1) - Message discarded for I'm not a recipient: 
client[2] - time to live = 0 for message: message from client[1] to stanza(client[0], 1)
client[0] - Sending message to room stanza(client[1], 0) - msg(184,client[0])
client[4] - Room: stanza(client[1], 0) - Message discarded for I'm not a recipient: 
client[4] - time to live = 0 for message: message from client[0] to stanza(client[1], 0)
client[1] - stanza(client[1], 0) - Displayed message: msg(184,client[0]) from user client[0]
client[1] - Room: stanza(client[1], 0) - Message received: msg(184,client[0])
client[1] - time to live = 0 for message: message from client[0] to stanza(client[1], 0)
client[4] - Sending message to room stanza(client[4], 2) - msg(196,client[4])
client[3] - Room: stanza(client[4], 2) - Message discarded for I'm not a recipient: 
client[3] - time to live = 0 for message: message from client[4] to stanza(client[4], 2)
client[0] - stanza(client[4], 2) - Displayed message: msg(196,client[4]) from user client[4]
client[0] - Room: stanza(client[4], 2) - Message received: msg(196,client[4])
client[0] - time to live = 0 for message: message from client[4] to stanza(client[4], 2)
client[4] - Sending message to room stanza(client[4], 1) - msg(197,client[4])
client[3] - Room: stanza(client[4], 1) - Message received: msg(197,client[4])
client[3] - time to live = 0 for message: message from client[4] to stanza(client[4], 1)
client[0] - Room: stanza(client[4], 1) - Message received: msg(197,client[4])
client[0] - time to live = 0 for message: message from client[4] to stanza(client[4], 1)
client[1] - Sending message to room stanza(client[0], 2) - msg(215,client[1])
client[0] - stanza(client[0], 2) - Displayed message: msg(215,client[1]) from user client[1]
client[0] - Room: stanza(client[0], 2) - Message received: msg(215,client[1])
client[0] - time to live = 0 for message: message from client[1] to stanza(client[0], 2)
client[2] - Room: stanza(client[0], 2) - Message discarded for I'm not a recipient: 
client[2] - time to live = 0 for message: message from client[1] to stanza(client[0], 2)
client[2] - Sending message to room stanza(client[3], 2) - msg(156,client[2])
client[1] - Room: stanza(client[3], 2) - Message discarded for I'm not a recipient: 
client[1] - time to live = 0 for message: message from client[2] to stanza(client[3], 2)
client[3] - stanza(client[3], 2) - Displayed message: msg(156,client[2]) from user client[2]
client[3] - Room: stanza(client[3], 2) - Message received: msg(156,client[2])
client[3] - time to live = 0 for message: message from client[2] to stanza(client[3], 2)
client[3] - Sending message to room stanza(client[3], 6) - msg(178,client[3])
client[2] - Room: stanza(client[3], 6) - Message discarded for I'm not a recipient: 
client[2] - time to live = 0 for message: message from client[3] to stanza(client[3], 6)
client[4] - stanza(client[3], 6) - Displayed message: msg(178,client[3]) from user client[3]
client[4] - Room: stanza(client[3], 6) - Message received: msg(178,client[3])
client[4] - time to live = 0 for message: message from client[3] to stanza(client[3], 6)
client[4] - Sending message to room stanza(client[3], 1) - msg(198,client[4])
client[3] - stanza(client[3], 1) - Displayed message: msg(198,client[4]) from user client[4]
client[3] - Room: stanza(client[3], 1) - Message received: msg(198,client[4])
client[3] - time to live = 0 for message: message from client[4] to stanza(client[3], 1)
client[0] - Room: stanza(client[3], 1) - Message discarded for I'm not a recipient: 
client[0] - time to live = 0 for message: message from client[4] to stanza(client[3], 1)
client[2] - Sending message to room stanza(client[2], 2) - msg(157,client[2])
client[1] - Room: stanza(client[2], 2) - Message discarded for I'm not a recipient: 
client[1] - time to live = 0 for message: message from client[2] to stanza(client[2], 2)
client[3] - stanza(client[2], 2) - Displayed message: msg(157,client[2]) from user client[2]
client[3] - Room: stanza(client[2], 2) - Message received: msg(157,client[2])
client[3] - time to live = 0 for message: message from client[2] to stanza(client[2], 2)
client[3] - Sending message to room stanza(client[3], 3) - msg(179,client[3])
client[2] - Room: stanza(client[3], 3) - Message discarded for I'm not a recipient: 
client[2] - time to live = 0 for message: message from client[3] to stanza(client[3], 3)
client[4] - stanza(client[3], 3) - Displayed message: msg(179,client[3]) from user client[3]
client[4] - Room: stanza(client[3], 3) - Message received: msg(179,client[3])
client[4] - time to live = 0 for message: message from client[3] to stanza(client[3], 3)
client[3] - Sending message to room stanza(client[3], 5) - msg(180,client[3])
client[2] - Room: stanza(client[3], 5) - Message discarded for I'm not a recipient: 
client[2] - time to live = 0 for message: message from client[3] to stanza(client[3], 5)
client[4] - stanza(client[3], 5) - Displayed message: msg(180,client[3]) from user client[3]
client[4] - Room: stanza(client[3], 5) - Message received: msg(180,client[3])
client[4] - time to live = 0 for message: message from client[3] to stanza(client[3], 5)
client[1] - Sending message to room stanza(client[1], 2) - msg(216,client[1])
client[0] - Room: stanza(client[1], 2) - Message received: msg(216,client[1])
client[0] - time to live = 0 for message: message from client[1] to stanza(client[1], 2)
client[2] - Room: stanza(client[1], 2) - Message received: msg(216,client[1])
client[2] - time to live = 0 for message: message from client[1] to stanza(client[1], 2)
client[4] - Sending message to room stanza(client[3], 3) - msg(199,client[4])
client[3] - stanza(client[3], 3) - Displayed message: msg(199,client[4]) from user client[4]
client[3] - Room: stanza(client[3], 3) - Message received: msg(199,client[4])
client[3] - time to live = 0 for message: message from client[4] to stanza(client[3], 3)
client[0] - Room: stanza(client[3], 3) - Message discarded for I'm not a recipient: 
client[0] - time to live = 0 for message: message from client[4] to stanza(client[3], 3)
client[2] - Sending message to room stanza(client[1], 2) - msg(158,client[2])
client[1] - stanza(client[1], 2) - Displayed message: msg(158,client[2]) from user client[2]
client[1] - Room: stanza(client[1], 2) - Message received: msg(158,client[2])
client[1] - time to live = 0 for message: message from client[2] to stanza(client[1], 2)
client[3] - Room: stanza(client[1], 2) - Message discarded for I'm not a recipient: 
client[3] - time to live = 0 for message: message from client[2] to stanza(client[1], 2)
client[1] - Sending message to room stanza(client[1], 0) - msg(217,client[1])
client[0] - stanza(client[1], 0) - Displayed message: msg(217,client[1]) from user client[1]
client[0] - Room: stanza(client[1], 0) - Message received: msg(217,client[1])
client[0] - time to live = 0 for message: message from client[1] to stanza(client[1], 0)
client[2] - Room: stanza(client[1], 0) - Message discarded for I'm not a recipient: 
client[2] - time to live = 0 for message: message from client[1] to stanza(client[1], 0)
client[2] - Sending message to room stanza(client[1], 1) - msg(159,client[2])
client[1] - stanza(client[1], 1) - Displayed message: msg(159,client[2]) from user client[2]
client[1] - Room: stanza(client[1], 1) - Message received: msg(159,client[2])
client[1] - time to live = 0 for message: message from client[2] to stanza(client[1], 1)
client[3] - Room: stanza(client[1], 1) - Message discarded for I'm not a recipient: 
client[3] - time to live = 0 for message: message from client[2] to stanza(client[1], 1)
client[4] - Sending message to room stanza(client[4], 2) - msg(200,client[4])
client[3] - Room: stanza(client[4], 2) - Message discarded for I'm not a recipient: 
client[3] - time to live = 0 for message: message from client[4] to stanza(client[4], 2)
client[0] - stanza(client[4], 2) - Displayed message: msg(200,client[4]) from user client[4]
client[0] - Room: stanza(client[4], 2) - Message received: msg(200,client[4])
client[0] - time to live = 0 for message: message from client[4] to stanza(client[4], 2)
client[3] - Sending message to room stanza(client[3], 3) - msg(181,client[3])
client[2] - Room: stanza(client[3], 3) - Message discarded for I'm not a recipient: 
client[2] - time to live = 0 for message: message from client[3] to stanza(client[3], 3)
client[4] - stanza(client[3], 3) - Displayed message: msg(181,client[3]) from user client[3]
client[4] - Room: stanza(client[3], 3) - Message received: msg(181,client[3])
client[4] - time to live = 0 for message: message from client[3] to stanza(client[3], 3)
client[2] - Sending message to room stanza(client[2], 2) - msg(160,client[2])
client[1] - Room: stanza(client[2], 2) - Message discarded for I'm not a recipient: 
client[1] - time to live = 0 for message: message from client[2] to stanza(client[2], 2)
client[3] - stanza(client[2], 2) - Displayed message: msg(160,client[2]) from user client[2]
client[3] - Room: stanza(client[2], 2) - Message received: msg(160,client[2])
client[3] - time to live = 0 for message: message from client[2] to stanza(client[2], 2)
client[4] - Sent room creation: stanza(client[4], 4) with: client[4],client[3],client[1]
client[3] - Room created: stanza(client[4], 4)
client[3] - time to live = 0 for message: creation of room stanza(client[4], 4)
client[0] - Room: stanza(client[4], 4) - Message discarded for I'm not a recipient: 
client[0] - time to live = 0 for message: creation of room stanza(client[4], 4)
client[0] - Sending message to room stanza(client[4], 0) - msg(185,client[0])
client[4] - stanza(client[4], 0) - Displayed message: msg(185,client[0]) from user client[0]
client[4] - Room: stanza(client[4], 0) - Message received: msg(185,client[0])
client[4] - time to live = 0 for message: message from client[0] to stanza(client[4], 0)
client[1] - Room: stanza(client[4], 0) - Message discarded for I'm not a recipient: 
client[1] - time to live = 0 for message: message from client[0] to stanza(client[4], 0)
client[3] - Sending message to room stanza(client[2], 2) - msg(182,client[3])
client[2] - stanza(client[2], 2) - Displayed message: msg(182,client[3]) from user client[3]
client[2] - Room: stanza(client[2], 2) - Message received: msg(182,client[3])
client[2] - time to live = 0 for message: message from client[3] to stanza(client[2], 2)
client[4] - Room: stanza(client[2], 2) - Message discarded for I'm not a recipient: 
client[4] - time to live = 0 for message: message from client[3] to stanza(client[2], 2)
client[2] - Sent room creation: stanza(client[2], 4) with: client[2],client[3],client[0],client[1],client[4]
client[1] - Room created: stanza(client[2], 4)
client[1] - time to live = 0 for message: creation of room stanza(client[2], 4)
client[3] - Room created: stanza(client[2], 4)
client[3] - time to live = 0 for message: creation of room stanza(client[2], 4)
client[1] - Sending message to room stanza(client[1], 0) - msg(218,client[1])
client[0] - stanza(client[1], 0) - Displayed message: msg(218,client[1]) from user client[1]
client[0] - Room: stanza(client[1], 0) - Message received: msg(218,client[1])
client[0] - time to live = 0 for message: message from client[1] to stanza(client[1], 0)
client[2] - Room: stanza(client[1], 0) - Message discarded for I'm not a recipient: 
client[2] - time to live = 0 for message: message from client[1] to stanza(client[1], 0)
client[2] - Sending message to room stanza(client[3], 1) - msg(161,client[2])
client[1] - Room: stanza(client[3], 1) - Message discarded for I'm not a recipient: 
client[1] - time to live = 0 for message: message from client[2] to stanza(client[3], 1)
client[3] - stanza(client[3], 1) - Displayed message: msg(161,client[2]) from user client[2]
client[3] - Room: stanza(client[3], 1) - Message received: msg(161,client[2])
client[3] - time to live = 0 for message: message from client[2] to stanza(client[3], 1)
client[0] - Sending message to room stanza(client[0], 0) - msg(186,client[0])
client[4] - Room: stanza(client[0], 0) - Message discarded for I'm not a recipient: 
client[4] - time to live = 0 for message: message from client[0] to stanza(client[0], 0)
client[1] - Room: stanza(client[0], 0) - Message discarded for I'm not a recipient: 
client[1] - time to live = 0 for message: message from client[0] to stanza(client[0], 0)
client[4] - Sending message to room stanza(client[0], 2) - msg(201,client[4])
client[3] - Room: stanza(client[0], 2) - Message discarded for I'm not a recipient: 
client[3] - time to live = 0 for message: message from client[4] to stanza(client[0], 2)
client[0] - stanza(client[0], 2) - Displayed message: msg(201,client[4]) from user client[4]
client[0] - Room: stanza(client[0], 2) - Message received: msg(201,client[4])
client[0] - time to live = 0 for message: message from client[4] to stanza(client[0], 2)
client[3] - Sending message to room stanza(client[3], 4) - msg(183,client[3])
client[2] - Room: stanza(client[3], 4) - Message discarded for I'm not a recipient: 
client[2] - time to live = 0 for message: message from client[3] to stanza(client[3], 4)
client[4] - stanza(client[3], 4) - Displayed message: msg(183,client[3]) from user client[3]
client[4] - Room: stanza(client[3], 4) - Message received: msg(183,client[3])
client[4] - time to live = 0 for message: message from client[3] to stanza(client[3], 4)
client[2] - Sending message to room stanza(client[1], 1) - msg(162,client[2])
client[1] - stanza(client[1], 1) - Displayed message: msg(162,client[2]) from user client[2]
client[1] - Room: stanza(client[1], 1) - Message received: msg(162,client[2])
client[1] - time to live = 0 for message: message from client[2] to stanza(client[1], 1)
client[3] - Room: stanza(client[1], 1) - Message discarded for I'm not a recipient: 
client[3] - time to live = 0 for message: message from client[2] to stanza(client[1], 1)
client[4] - Sending message to room stanza(client[3], 4) - msg(202,client[4])
client[3] - stanza(client[3], 4) - Displayed message: msg(202,client[4]) from user client[4]
client[3] - Room: stanza(client[3], 4) - Message received: msg(202,client[4])
client[3] - time to live = 0 for message: message from client[4] to stanza(client[3], 4)
client[0] - Room: stanza(client[3], 4) - Message discarded for I'm not a recipient: 
client[0] - time to live = 0 for message: message from client[4] to stanza(client[3], 4)
client[2] - Sending message to room stanza(client[2], 3) - msg(163,client[2])
client[1] - Room: stanza(client[2], 3) - Message discarded for I'm not a recipient: 
client[1] - time to live = 0 for message: message from client[2] to stanza(client[2], 3)
client[3] - stanza(client[2], 3) - Displayed message: msg(163,client[2]) from user client[2]
client[3] - Room: stanza(client[2], 3) - Message received: msg(163,client[2])
client[3] - time to live = 0 for message: message from client[2] to stanza(client[2], 3)
client[0] - Sending message to room stanza(client[1], 1) - msg(187,client[0])
client[4] - Room: stanza(client[1], 1) - Message discarded for I'm not a recipient: 
client[4] - time to live = 0 for message: message from client[0] to stanza(client[1], 1)
client[1] - stanza(client[1], 1) - Displayed message: msg(187,client[0]) from user client[0]
client[1] - Room: stanza(client[1], 1) - Message received: msg(187,client[0])
client[1] - time to live = 0 for message: message from client[0] to stanza(client[1], 1)
client[4] - Sending message to room stanza(client[4], 4) - msg(203,client[4])
client[3] - stanza(client[4], 4) - Displayed message: msg(203,client[4]) from user client[4]
client[3] - Room: stanza(client[4], 4) - Message received: msg(203,client[4])
client[3] - time to live = 0 for message: message from client[4] to stanza(client[4], 4)
client[0] - Room: stanza(client[4], 4) - Message discarded for I'm not a recipient: 
client[0] - time to live = 0 for message: message from client[4] to stanza(client[4], 4)
client[1] - Sending message to room stanza(client[0], 2) - msg(219,client[1])
client[0] - stanza(client[0], 2) - Displayed message: msg(219,client[1]) from user client[1]
client[0] - Room: stanza(client[0], 2) - Message received: msg(219,client[1])
client[0] - time to live = 0 for message: message from client[1] to stanza(client[0], 2)
client[2] - Room: stanza(client[0], 2) - Message discarded for I'm not a recipient: 
client[2] - time to live = 0 for message: message from client[1] to stanza(client[0], 2)
client[4] - Sending message to room stanza(client[4], 4) - msg(204,client[4])
client[3] - stanza(client[4], 4) - Displayed message: msg(204,client[4]) from user client[4]
client[3] - Room: stanza(client[4], 4) - Message received: msg(204,client[4])
client[3] - time to live = 0 for message: message from client[4] to stanza(client[4], 4)
client[0] - Room: stanza(client[4], 4) - Message discarded for I'm not a recipient: 
client[0] - time to live = 0 for message: message from client[4] to stanza(client[4], 4)
client[0] - Sending message to room stanza(client[1], 1) - msg(188,client[0])
client[4] - Room: stanza(client[1], 1) - Message discarded for I'm not a recipient: 
client[4] - time to live = 0 for message: message from client[0] to stanza(client[1], 1)
client[1] - stanza(client[1], 1) - Displayed message: msg(188,client[0]) from user client[0]
client[1] - Room: stanza(client[1], 1) - Message received: msg(188,client[0])
client[1] - time to live = 0 for message: message from client[0] to stanza(client[1], 1)
client[3] - Sending message to room stanza(client[3], 6) - msg(184,client[3])
client[2] - Room: stanza(client[3], 6) - Message discarded for I'm not a recipient: 
client[2] - time to live = 0 for message: message from client[3] to stanza(client[3], 6)
client[4] - stanza(client[3], 6) - Displayed message: msg(184,client[3]) from user client[3]
client[4] - Room: stanza(client[3], 6) - Message received: msg(184,client[3])
client[4] - time to live = 0 for message: message from client[3] to stanza(client[3], 6)
client[2] - Sending message to room stanza(client[2], 2) - msg(164,client[2])
client[1] - Room: stanza(client[2], 2) - Message discarded for I'm not a recipient: 
client[1] - time to live = 0 for message: message from client[2] to stanza(client[2], 2)
client[3] - stanza(client[2], 2) - Displayed message: msg(164,client[2]) from user client[2]
client[3] - Room: stanza(client[2], 2) - Message received: msg(164,client[2])
client[3] - time to live = 0 for message: message from client[2] to stanza(client[2], 2)
client[4] - Sending message to room stanza(client[3], 5) - msg(205,client[4])
client[3] - stanza(client[3], 5) - Displayed message: msg(205,client[4]) from user client[4]
client[3] - Room: stanza(client[3], 5) - Message received: msg(205,client[4])
client[3] - time to live = 0 for message: message from client[4] to stanza(client[3], 5)
client[0] - Room: stanza(client[3], 5) - Message discarded for I'm not a recipient: 
client[0] - time to live = 0 for message: message from client[4] to stanza(client[3], 5)
client[3] - Sending message to room stanza(client[3], 6) - msg(185,client[3])
client[2] - Room: stanza(client[3], 6) - Message discarded for I'm not a recipient: 
client[2] - time to live = 0 for message: message from client[3] to stanza(client[3], 6)
client[4] - stanza(client[3], 6) - Displayed message: msg(185,client[3]) from user client[3]
client[4] - Room: stanza(client[3], 6) - Message received: msg(185,client[3])
client[4] - time to live = 0 for message: message from client[3] to stanza(client[3], 6)
client[0] - Sending message to room stanza(client[4], 3) - msg(189,client[0])
client[4] - stanza(client[4], 3) - Displayed message: msg(189,client[0]) from user client[0]
client[4] - Room: stanza(client[4], 3) - Message received: msg(189,client[0])
client[4] - time to live = 0 for message: message from client[0] to stanza(client[4], 3)
client[1] - Room: stanza(client[4], 3) - Message discarded for I'm not a recipient: 
client[1] - time to live = 0 for message: message from client[0] to stanza(client[4], 3)
client[2] - Sending message to room stanza(client[1], 1) - msg(165,client[2])
client[1] - stanza(client[1], 1) - Displayed message: msg(165,client[2]) from user client[2]
client[1] - Room: stanza(client[1], 1) - Message received: msg(165,client[2])
client[1] - time to live = 0 for message: message from client[2] to stanza(client[1], 1)
client[3] - Room: stanza(client[1], 1) - Message discarded for I'm not a recipient: 
client[3] - time to live = 0 for message: message from client[2] to stanza(client[1], 1)
client[1] - Sending message to room stanza(client[1], 1) - msg(220,client[1])
client[0] - Asked for message: 2 - Room: stanza(client[1], 1)
client[0] - Asked for message: 12 - Room: stanza(client[1], 1)
client[0] - Asked for message: 1 - Room: stanza(client[1], 1)
client[0] - Asked for message: 1 - Room: stanza(client[1], 1)
client[0] - time to live = 0 for message: message from client[1] to stanza(client[1], 1)
client[2] - Asked for message: 2 - Room: stanza(client[1], 1)
client[2] - Asked for message: 1 - Room: stanza(client[1], 1)
client[2] - Asked for message: 22 - Room: stanza(client[1], 1)
client[2] - Asked for message: 1 - Room: stanza(client[1], 1)
client[2] - time to live = 0 for message: message from client[1] to stanza(client[1], 1)
client[4] - Room: stanza(client[1], 1) - Message discarded for I'm not a recipient: 
client[4] - time to live = 0 for message: ask message for missing message 2
NOT IMPLEMENTED YET
client[1] - Room: stanza(client[1], 1) - Asked for message: 2
client[1] - time to live = 0 for message: ask message for missing message 2
client[4] - Room: stanza(client[1], 1) - Message discarded for I'm not a recipient: 
client[4] - time to live = 0 for message: ask message for missing message 12
NOT IMPLEMENTED YET
client[1] - Room: stanza(client[1], 1) - Asked for message: 12
client[1] - time to live = 0 for message: ask message for missing message 12
client[4] - Room: stanza(client[1], 1) - Message discarded for I'm not a recipient: 
client[4] - time to live = 0 for message: ask message for missing message 1
NOT IMPLEMENTED YET
client[1] - Room: stanza(client[1], 1) - Asked for message: 1
client[1] - time to live = 0 for message: ask message for missing message 1
client[4] - Room: stanza(client[1], 1) - Message discarded for I'm not a recipient: 
client[4] - time to live = 0 for message: ask message for missing message 1
NOT IMPLEMENTED YET
client[1] - Room: stanza(client[1], 1) - Asked for message: 1
client[1] - time to live = 0 for message: ask message for missing message 1
NOT IMPLEMENTED YET
client[1] - Room: stanza(client[1], 1) - Asked for message: 2
client[1] - time to live = 0 for message: ask message for missing message 2
client[3] - Room: stanza(client[1], 1) - Message discarded for I'm not a recipient: 
client[3] - time to live = 0 for message: ask message for missing message 2
NOT IMPLEMENTED YET
client[1] - Room: stanza(client[1], 1) - Asked for message: 1
client[1] - time to live = 0 for message: ask message for missing message 1
client[3] - Room: stanza(client[1], 1) - Message discarded for I'm not a recipient: 
client[3] - time to live = 0 for message: ask message for missing message 1
NOT IMPLEMENTED YET
client[1] - Room: stanza(client[1], 1) - Asked for message: 22
client[1] - time to live = 0 for message: ask message for missing message 22
client[3] - Room: stanza(client[1], 1) - Message discarded for I'm not a recipient: 
client[3] - time to live = 0 for message: ask message for missing message 22
NOT IMPLEMENTED YET
client[1] - Room: stanza(client[1], 1) - Asked for message: 1
client[1] - time to live = 0 for message: ask message for missing message 1
client[3] - Room: stanza(client[1], 1) - Message discarded for I'm not a recipient: 
client[3] - time to live = 0 for message: ask message for missing message 1
client[4] - Sending message to room stanza(client[4], 1) - msg(206,client[4])
client[3] - Room: stanza(client[4], 1) - Message received: msg(206,client[4])
client[3] - time to live = 0 for message: message from client[4] to stanza(client[4], 1)
client[0] - Room: stanza(client[4], 1) - Message received: msg(206,client[4])
client[0] - time to live = 0 for message: message from client[4] to stanza(client[4], 1)
client[2] - Sending message to room stanza(client[1], 1) - msg(166,client[2])
client[1] - stanza(client[1], 1) - Displayed message: msg(166,client[2]) from user client[2]
client[1] - Room: stanza(client[1], 1) - Message received: msg(166,client[2])
client[1] - time to live = 0 for message: message from client[2] to stanza(client[1], 1)
client[3] - Room: stanza(client[1], 1) - Message discarded for I'm not a recipient: 
client[3] - time to live = 0 for message: message from client[2] to stanza(client[1], 1)
client[1] - Sending message to room stanza(client[1], 3) - msg(221,client[1])
client[0] - stanza(client[1], 3) - Displayed message: msg(221,client[1]) from user client[1]
client[0] - Room: stanza(client[1], 3) - Message received: msg(221,client[1])
client[0] - time to live = 0 for message: message from client[1] to stanza(client[1], 3)
client[2] - Room: stanza(client[1], 3) - Message discarded for I'm not a recipient: 
client[2] - time to live = 0 for message: message from client[1] to stanza(client[1], 3)
client[4] - Sending message to room stanza(client[3], 0) - msg(207,client[4])
client[3] - stanza(client[3], 0) - Displayed message: msg(207,client[4]) from user client[4]
client[3] - Room: stanza(client[3], 0) - Message received: msg(207,client[4])
client[3] - time to live = 0 for message: message from client[4] to stanza(client[3], 0)
client[0] - Room: stanza(client[3], 0) - Message discarded for I'm not a recipient: 
client[0] - time to live = 0 for message: message from client[4] to stanza(client[3], 0)
client[2] - Sending message to room stanza(client[2], 4) - msg(167,client[2])
client[1] - stanza(client[2], 4) - Displayed message: msg(167,client[2]) from user client[2]
client[1] - Room: stanza(client[2], 4) - Message received: msg(167,client[2])
client[1] - time to live = 0 for message: message from client[2] to stanza(client[2], 4)
client[3] - stanza(client[2], 4) - Displayed message: msg(167,client[2]) from user client[2]
client[3] - Room: stanza(client[2], 4) - Message received: msg(167,client[2])
client[3] - time to live = 0 for message: message from client[2] to stanza(client[2], 4)
client[0] - Sending message to room stanza(client[0], 2) - msg(190,client[0])
client[4] - Asked for message: 1 - Room: stanza(client[0], 2)
client[4] - Asked for message: 1 - Room: stanza(client[0], 2)
client[4] - Asked for message: 32 - Room: stanza(client[0], 2)
client[4] - Asked for message: 1 - Room: stanza(client[0], 2)
client[4] - Asked for message: 1 - Room: stanza(client[0], 2)
client[4] - time to live = 0 for message: message from client[0] to stanza(client[0], 2)
client[1] - Asked for message: 1 - Room: stanza(client[0], 2)
client[1] - Asked for message: 1 - Room: stanza(client[0], 2)
client[1] - Asked for message: 1 - Room: stanza(client[0], 2)
client[1] - Asked for message: 35 - Room: stanza(client[0], 2)
client[1] - Asked for message: 1 - Room: stanza(client[0], 2)
client[1] - time to live = 0 for message: message from client[0] to stanza(client[0], 2)
client[3] - Room: stanza(client[0], 2) - Message discarded for I'm not a recipient: 
client[3] - time to live = 0 for message: ask message for missing message 1
NOT IMPLEMENTED YET
client[0] - Room: stanza(client[0], 2) - Asked for message: 1
client[0] - time to live = 0 for message: ask message for missing message 1
client[3] - Room: stanza(client[0], 2) - Message discarded for I'm not a recipient: 
client[3] - time to live = 0 for message: ask message for missing message 1
NOT IMPLEMENTED YET
client[0] - Room: stanza(client[0], 2) - Asked for message: 1
client[0] - time to live = 0 for message: ask message for missing message 1
client[3] - Room: stanza(client[0], 2) - Message discarded for I'm not a recipient: 
client[3] - time to live = 0 for message: ask message for missing message 32
NOT IMPLEMENTED YET
client[0] - Room: stanza(client[0], 2) - Asked for message: 32
client[0] - time to live = 0 for message: ask message for missing message 32
client[3] - Room: stanza(client[0], 2) - Message discarded for I'm not a recipient: 
client[3] - time to live = 0 for message: ask message for missing message 1
NOT IMPLEMENTED YET
client[0] - Room: stanza(client[0], 2) - Asked for message: 1
client[0] - time to live = 0 for message: ask message for missing message 1
client[3] - Room: stanza(client[0], 2) - Message discarded for I'm not a recipient: 
client[3] - time to live = 0 for message: ask message for missing message 1
NOT IMPLEMENTED YET
client[0] - Room: stanza(client[0], 2) - Asked for message: 1
client[0] - time to live = 0 for message: ask message for missing message 1
NOT IMPLEMENTED YET
client[0] - Room: stanza(client[0], 2) - Asked for message: 1
client[0] - time to live = 0 for message: ask message for missing message 1
client[2] - Room: stanza(client[0], 2) - Message discarded for I'm not a recipient: 
client[2] - time to live = 0 for message: ask message for missing message 1
NOT IMPLEMENTED YET
client[0] - Room: stanza(client[0], 2) - Asked for message: 1
client[0] - time to live = 0 for message: ask message for missing message 1
client[2] - Room: stanza(client[0], 2) - Message discarded for I'm not a recipient: 
client[2] - time to live = 0 for message: ask message for missing message 1
NOT IMPLEMENTED YET
client[0] - Room: stanza(client[0], 2) - Asked for message: 1
client[0] - time to live = 0 for message: ask message for missing message 1
client[2] - Room: stanza(client[0], 2) - Message discarded for I'm not a recipient: 
client[2] - time to live = 0 for message: ask message for missing message 1
NOT IMPLEMENTED YET
client[0] - Room: stanza(client[0], 2) - Asked for message: 35
client[0] - time to live = 0 for message: ask message for missing message 35
client[2] - Room: stanza(client[0], 2) - Message discarded for I'm not a recipient: 
client[2] - time to live = 0 for message: ask message for missing message 35
NOT IMPLEMENTED YET
client[0] - Room: stanza(client[0], 2) - Asked for message: 1
client[0] - time to live = 0 for message: ask message for missing message 1
client[2] - Room: stanza(client[0], 2) - Message discarded for I'm not a recipient: 
client[2] - time to live = 0 for message: ask message for missing message 1
client[4] - Sending message to room stanza(client[3], 5) - msg(208,client[4])
client[3] - stanza(client[3], 5) - Displayed message: msg(208,client[4]) from user client[4]
client[3] - Room: stanza(client[3], 5) - Message received: msg(208,client[4])
client[3] - time to live = 0 for message: message from client[4] to stanza(client[3], 5)
client[0] - Room: stanza(client[3], 5) - Message discarded for I'm not a recipient: 
client[0] - time to live = 0 for message: message from client[4] to stanza(client[3], 5)
client[0] - Sending message to room stanza(client[0], 0) - msg(191,client[0])
client[4] - Room: stanza(client[0], 0) - Message discarded for I'm not a recipient: 
client[4] - time to live = 0 for message: message from client[0] to stanza(client[0], 0)
client[1] - Room: stanza(client[0], 0) - Message discarded for I'm not a recipient: 
client[1] - time to live = 0 for message: message from client[0] to stanza(client[0], 0)
client[2] - Sending message to room stanza(client[3], 1) - msg(168,client[2])
client[1] - Room: stanza(client[3], 1) - Message discarded for I'm not a recipient: 
client[1] - time to live = 0 for message: message from client[2] to stanza(client[3], 1)
client[3] - stanza(client[3], 1) - Displayed message: msg(168,client[2]) from user client[2]
client[3] - Room: stanza(client[3], 1) - Message received: msg(168,client[2])
client[3] - time to live = 0 for message: message from client[2] to stanza(client[3], 1)
client[1] - Sending message to room stanza(client[1], 2) - msg(222,client[1])
client[0] - Room: stanza(client[1], 2) - Message received: msg(222,client[1])
client[0] - time to live = 0 for message: message from client[1] to stanza(client[1], 2)
client[2] - Room: stanza(client[1], 2) - Message received: msg(222,client[1])
client[2] - time to live = 0 for message: message from client[1] to stanza(client[1], 2)
client[3] - Sending message to room stanza(client[4], 4) - msg(186,client[3])
client[2] - Room: stanza(client[4], 4) - Message discarded for I'm not a recipient: 
client[2] - time to live = 0 for message: message from client[3] to stanza(client[4], 4)
client[4] - stanza(client[4], 4) - Displayed message: msg(186,client[3]) from user client[3]
client[4] - Room: stanza(client[4], 4) - Message received: msg(186,client[3])
client[4] - time to live = 0 for message: message from client[3] to stanza(client[4], 4)
client[4] - Sending message to room stanza(client[3], 0) - msg(209,client[4])
client[3] - stanza(client[3], 0) - Displayed message: msg(209,client[4]) from user client[4]
client[3] - Room: stanza(client[3], 0) - Message received: msg(209,client[4])
client[3] - time to live = 0 for message: message from client[4] to stanza(client[3], 0)
client[0] - Room: stanza(client[3], 0) - Message discarded for I'm not a recipient: 
client[0] - time to live = 0 for message: message from client[4] to stanza(client[3], 0)
client[1] - Sending message to room stanza(client[2], 4) - msg(223,client[1])
client[0] - Room: stanza(client[2], 4) - Message discarded for I'm not a recipient: 
client[0] - time to live = 0 for message: message from client[1] to stanza(client[2], 4)
client[2] - stanza(client[2], 4) - Displayed message: msg(223,client[1]) from user client[1]
client[2] - Room: stanza(client[2], 4) - Message received: msg(223,client[1])
client[2] - time to live = 0 for message: message from client[1] to stanza(client[2], 4)
client[0] - Sending message to room stanza(client[0], 0) - msg(192,client[0])
client[4] - Room: stanza(client[0], 0) - Message discarded for I'm not a recipient: 
client[4] - time to live = 0 for message: message from client[0] to stanza(client[0], 0)
client[1] - Room: stanza(client[0], 0) - Message discarded for I'm not a recipient: 
client[1] - time to live = 0 for message: message from client[0] to stanza(client[0], 0)
client[4] - Sending message to room stanza(client[4], 0) - msg(210,client[4])
client[3] - Room: stanza(client[4], 0) - Message discarded for I'm not a recipient: 
client[3] - time to live = 0 for message: message from client[4] to stanza(client[4], 0)
client[0] - stanza(client[4], 0) - Displayed message: msg(210,client[4]) from user client[4]
client[0] - Room: stanza(client[4], 0) - Message received: msg(210,client[4])
client[0] - time to live = 0 for message: message from client[4] to stanza(client[4], 0)
client[2] - Sending message to room stanza(client[3], 2) - msg(169,client[2])
client[1] - Room: stanza(client[3], 2) - Message discarded for I'm not a recipient: 
client[1] - time to live = 0 for message: message from client[2] to stanza(client[3], 2)
client[3] - stanza(client[3], 2) - Displayed message: msg(169,client[2]) from user client[2]
client[3] - Room: stanza(client[3], 2) - Message received: msg(169,client[2])
client[3] - time to live = 0 for message: message from client[2] to stanza(client[3], 2)
client[3] - Sending message to room stanza(client[4], 1) - msg(187,client[3])
client[2] - Room: stanza(client[4], 1) - Message discarded for I'm not a recipient: 
client[2] - time to live = 0 for message: message from client[3] to stanza(client[4], 1)
client[4] - stanza(client[4], 1) - Displayed message: msg(187,client[3]) from user client[3]
client[4] - Room: stanza(client[4], 1) - Message received: msg(187,client[3])
client[4] - time to live = 0 for message: message from client[3] to stanza(client[4], 1)
client[0] - Sending message to room stanza(client[1], 2) - msg(193,client[0])
client[4] - Room: stanza(client[1], 2) - Message discarded for I'm not a recipient: 
client[4] - time to live = 0 for message: message from client[0] to stanza(client[1], 2)
client[1] - stanza(client[1], 2) - Displayed message: msg(193,client[0]) from user client[0]
client[1] - Room: stanza(client[1], 2) - Message received: msg(193,client[0])
client[1] - time to live = 0 for message: message from client[0] to stanza(client[1], 2)
client[2] - Sending message to room stanza(client[2], 2) - msg(170,client[2])
client[1] - Room: stanza(client[2], 2) - Message discarded for I'm not a recipient: 
client[1] - time to live = 0 for message: message from client[2] to stanza(client[2], 2)
client[3] - stanza(client[2], 2) - Displayed message: msg(170,client[2]) from user client[2]
client[3] - Room: stanza(client[2], 2) - Message received: msg(170,client[2])
client[3] - time to live = 0 for message: message from client[2] to stanza(client[2], 2)
client[0] - Sending message to room stanza(client[1], 1) - msg(194,client[0])
client[4] - Room: stanza(client[1], 1) - Message discarded for I'm not a recipient: 
client[4] - time to live = 0 for message: message from client[0] to stanza(client[1], 1)
client[1] - stanza(client[1], 1) - Displayed message: msg(194,client[0]) from user client[0]
client[1] - Room: stanza(client[1], 1) - Message received: msg(194,client[0])
client[1] - time to live = 0 for message: message from client[0] to stanza(client[1], 1)
client[4] - Sending message to room stanza(client[4], 0) - msg(211,client[4])
client[3] - Room: stanza(client[4], 0) - Message discarded for I'm not a recipient: 
client[3] - time to live = 0 for message: message from client[4] to stanza(client[4], 0)
client[0] - stanza(client[4], 0) - Displayed message: msg(211,client[4]) from user client[4]
client[0] - Room: stanza(client[4], 0) - Message received: msg(211,client[4])
client[0] - time to live = 0 for message: message from client[4] to stanza(client[4], 0)
client[1] - Sending message to room stanza(client[0], 1) - msg(224,client[1])
client[0] - stanza(client[0], 1) - Displayed message: msg(224,client[1]) from user client[1]
client[0] - Room: stanza(client[0], 1) - Message received: msg(224,client[1])
client[0] - time to live = 0 for message: message from client[1] to stanza(client[0], 1)
client[2] - Room: stanza(client[0], 1) - Message discarded for I'm not a recipient: 
client[2] - time to live = 0 for message: message from client[1] to stanza(client[0], 1)
client[4] - Sending message to room stanza(client[0], 2) - msg(212,client[4])
client[3] - Room: stanza(client[0], 2) - Message discarded for I'm not a recipient: 
client[3] - time to live = 0 for message: message from client[4] to stanza(client[0], 2)
client[0] - stanza(client[0], 2) - Displayed message: msg(212,client[4]) from user client[4]
client[0] - Room: stanza(client[0], 2) - Message received: msg(212,client[4])
client[0] - time to live = 0 for message: message from client[4] to stanza(client[0], 2)
client[1] - Sending message to room stanza(client[1], 0) - msg(225,client[1])
client[0] - stanza(client[1], 0) - Displayed message: msg(225,client[1]) from user client[1]
client[0] - Room: stanza(client[1], 0) - Message received: msg(225,client[1])
client[0] - time to live = 0 for message: message from client[1] to stanza(client[1], 0)
client[2] - Room: stanza(client[1], 0) - Message discarded for I'm not a recipient: 
client[2] - time to live = 0 for message: message from client[1] to stanza(client[1], 0)
client[0] - Sending message to room stanza(client[1], 0) - msg(195,client[0])
client[4] - Room: stanza(client[1], 0) - Message discarded for I'm not a recipient: 
client[4] - time to live = 0 for message: message from client[0] to stanza(client[1], 0)
client[1] - stanza(client[1], 0) - Displayed message: msg(195,client[0]) from user client[0]
client[1] - Room: stanza(client[1], 0) - Message received: msg(195,client[0])
client[1] - time to live = 0 for message: message from client[0] to stanza(client[1], 0)
client[1] - Sending message to room stanza(client[1], 0) - msg(226,client[1])
client[0] - stanza(client[1], 0) - Displayed message: msg(226,client[1]) from user client[1]
client[0] - Room: stanza(client[1], 0) - Message received: msg(226,client[1])
client[0] - time to live = 0 for message: message from client[1] to stanza(client[1], 0)
client[2] - Room: stanza(client[1], 0) - Message discarded for I'm not a recipient: 
client[2] - time to live = 0 for message: message from client[1] to stanza(client[1], 0)
client[3] - Sending message to room stanza(client[3], 2) - msg(188,client[3])
client[2] - stanza(client[3], 2) - Displayed message: msg(188,client[3]) from user client[3]
client[2] - Room: stanza(client[3], 2) - Message received: msg(188,client[3])
client[2] - time to live = 0 for message: message from client[3] to stanza(client[3], 2)
client[4] - Room: stanza(client[3], 2) - Message discarded for I'm not a recipient: 
client[4] - time to live = 0 for message: message from client[3] to stanza(client[3], 2)
client[3] - Sending message to room stanza(client[3], 2) - msg(189,client[3])
client[2] - stanza(client[3], 2) - Displayed message: msg(189,client[3]) from user client[3]
client[2] - Room: stanza(client[3], 2) - Message received: msg(189,client[3])
client[2] - time to live = 0 for message: message from client[3] to stanza(client[3], 2)
client[4] - Room: stanza(client[3], 2) - Message discarded for I'm not a recipient: 
client[4] - time to live = 0 for message: message from client[3] to stanza(client[3], 2)
client[1] - Sending message to room stanza(client[1], 3) - msg(227,client[1])
client[0] - stanza(client[1], 3) - Displayed message: msg(227,client[1]) from user client[1]
client[0] - Room: stanza(client[1], 3) - Message received: msg(227,client[1])
client[0] - time to live = 0 for message: message from client[1] to stanza(client[1], 3)
client[2] - Room: stanza(client[1], 3) - Message discarded for I'm not a recipient: 
client[2] - time to live = 0 for message: message from client[1] to stanza(client[1], 3)
client[4] - Sending message to room stanza(client[3], 1) - msg(213,client[4])
client[3] - stanza(client[3], 1) - Displayed message: msg(213,client[4]) from user client[4]
client[3] - Room: stanza(client[3], 1) - Message received: msg(213,client[4])
client[3] - time to live = 0 for message: message from client[4] to stanza(client[3], 1)
client[0] - Room: stanza(client[3], 1) - Message discarded for I'm not a recipient: 
client[0] - time to live = 0 for message: message from client[4] to stanza(client[3], 1)
client[3] - Sending message to room stanza(client[4], 1) - msg(190,client[3])
client[2] - Room: stanza(client[4], 1) - Message discarded for I'm not a recipient: 
client[2] - time to live = 0 for message: message from client[3] to stanza(client[4], 1)
client[4] - stanza(client[4], 1) - Displayed message: msg(190,client[3]) from user client[3]
client[4] - Room: stanza(client[4], 1) - Message received: msg(190,client[3])
client[4] - time to live = 0 for message: message from client[3] to stanza(client[4], 1)
client[4] - Sending message to room stanza(client[4], 1) - msg(214,client[4])
client[3] - Asked for message: 2 - Room: stanza(client[4], 1)
client[3] - Asked for message: 1 - Room: stanza(client[4], 1)
client[3] - Asked for message: 1 - Room: stanza(client[4], 1)
client[3] - Asked for message: 23 - Room: stanza(client[4], 1)
client[3] - time to live = 0 for message: message from client[4] to stanza(client[4], 1)
client[0] - Asked for message: 2 - Room: stanza(client[4], 1)
client[0] - Asked for message: 1 - Room: stanza(client[4], 1)
client[0] - Asked for message: 13 - Room: stanza(client[4], 1)
client[0] - Asked for message: 1 - Room: stanza(client[4], 1)
client[0] - time to live = 0 for message: message from client[4] to stanza(client[4], 1)
client[2] - Room: stanza(client[4], 1) - Message discarded for I'm not a recipient: 
client[2] - time to live = 0 for message: ask message for missing message 2
NOT IMPLEMENTED YET
client[4] - Room: stanza(client[4], 1) - Asked for message: 2
client[4] - time to live = 0 for message: ask message for missing message 2
client[2] - Room: stanza(client[4], 1) - Message discarded for I'm not a recipient: 
client[2] - time to live = 0 for message: ask message for missing message 1
NOT IMPLEMENTED YET
client[4] - Room: stanza(client[4], 1) - Asked for message: 1
client[4] - time to live = 0 for message: ask message for missing message 1
client[2] - Room: stanza(client[4], 1) - Message discarded for I'm not a recipient: 
client[2] - time to live = 0 for message: ask message for missing message 1
NOT IMPLEMENTED YET
client[4] - Room: stanza(client[4], 1) - Asked for message: 1
client[4] - time to live = 0 for message: ask message for missing message 1
client[2] - Room: stanza(client[4], 1) - Message discarded for I'm not a recipient: 
client[2] - time to live = 0 for message: ask message for missing message 23
NOT IMPLEMENTED YET
client[4] - Room: stanza(client[4], 1) - Asked for message: 23
client[4] - time to live = 0 for message: ask message for missing message 23
NOT IMPLEMENTED YET
client[4] - Room: stanza(client[4], 1) - Asked for message: 2
client[4] - time to live = 0 for message: ask message for missing message 2
client[1] - Room: stanza(client[4], 1) - Message discarded for I'm not a recipient: 
client[1] - time to live = 0 for message: ask message for missing message 2
NOT IMPLEMENTED YET
client[4] - Room: stanza(client[4], 1) - Asked for message: 1
client[4] - time to live = 0 for message: ask message for missing message 1
client[1] - Room: stanza(client[4], 1) - Message discarded for I'm not a recipient: 
client[1] - time to live = 0 for message: ask message for missing message 1
NOT IMPLEMENTED YET
client[4] - Room: stanza(client[4], 1) - Asked for message: 13
client[4] - time to live = 0 for message: ask message for missing message 13
client[1] - Room: stanza(client[4], 1) - Message discarded for I'm not a recipient: 
client[1] - time to live = 0 for message: ask message for missing message 13
NOT IMPLEMENTED YET
client[4] - Room: stanza(client[4], 1) - Asked for message: 1
client[4] - time to live = 0 for message: ask message for missing message 1
client[1] - Room: stanza(client[4], 1) - Message discarded for I'm not a recipient: 
client[1] - time to live = 0 for message: ask message for missing message 1
client[2] - Sending message to room stanza(client[2], 1) - msg(171,client[2])
client[1] - stanza(client[2], 1) - Displayed message: msg(171,client[2]) from user client[2]
client[1] - Room: stanza(client[2], 1) - Message received: msg(171,client[2])
client[1] - time to live = 0 for message: message from client[2] to stanza(client[2], 1)
client[3] - Room: stanza(client[2], 1) - Message discarded for I'm not a recipient: 
client[3] - time to live = 0 for message: message from client[2] to stanza(client[2], 1)
client[0] - Sending message to room stanza(client[0], 0) - msg(196,client[0])
client[4] - Room: stanza(client[0], 0) - Message discarded for I'm not a recipient: 
client[4] - time to live = 0 for message: message from client[0] to stanza(client[0], 0)
client[1] - Room: stanza(client[0], 0) - Message discarded for I'm not a recipient: 
client[1] - time to live = 0 for message: message from client[0] to stanza(client[0], 0)
client[3] - Sending message to room stanza(client[3], 6) - msg(191,client[3])
client[2] - Room: stanza(client[3], 6) - Message discarded for I'm not a recipient: 
client[2] - time to live = 0 for message: message from client[3] to stanza(client[3], 6)
client[4] - stanza(client[3], 6) - Displayed message: msg(191,client[3]) from user client[3]
client[4] - Room: stanza(client[3], 6) - Message received: msg(191,client[3])
client[4] - time to live = 0 for message: message from client[3] to stanza(client[3], 6)
client[0] - Sending message to room stanza(client[4], 1) - msg(197,client[0])
client[4] - stanza(client[4], 1) - Displayed message: msg(197,client[0]) from user client[0]
client[4] - Room: stanza(client[4], 1) - Message received: msg(197,client[0])
client[4] - time to live = 0 for message: message from client[0] to stanza(client[4], 1)
client[1] - Room: stanza(client[4], 1) - Message discarded for I'm not a recipient: 
client[1] - time to live = 0 for message: message from client[0] to stanza(client[4], 1)
client[1] - Sending message to room stanza(client[1], 2) - msg(228,client[1])
client[0] - Room: stanza(client[1], 2) - Message received: msg(228,client[1])
client[0] - time to live = 0 for message: message from client[1] to stanza(client[1], 2)
client[2] - Room: stanza(client[1], 2) - Message received: msg(228,client[1])
client[2] - time to live = 0 for message: message from client[1] to stanza(client[1], 2)
client[1] - Sending message to room stanza(client[2], 4) - msg(229,client[1])
client[0] - Room: stanza(client[2], 4) - Message discarded for I'm not a recipient: 
client[0] - time to live = 0 for message: message from client[1] to stanza(client[2], 4)
client[2] - stanza(client[2], 4) - Displayed message: msg(229,client[1]) from user client[1]
client[2] - Room: stanza(client[2], 4) - Message received: msg(229,client[1])
client[2] - time to live = 0 for message: message from client[1] to stanza(client[2], 4)
client[1] - Sending message to room stanza(client[2], 4) - msg(230,client[1])
client[0] - Room: stanza(client[2], 4) - Message discarded for I'm not a recipient: 
client[0] - time to live = 0 for message: message from client[1] to stanza(client[2], 4)
client[2] - stanza(client[2], 4) - Displayed message: msg(230,client[1]) from user client[1]
client[2] - Room: stanza(client[2], 4) - Message received: msg(230,client[1])
client[2] - time to live = 0 for message: message from client[1] to stanza(client[2], 4)
client[4] - Sending message to room stanza(client[3], 0) - msg(215,client[4])
client[3] - stanza(client[3], 0) - Displayed message: msg(215,client[4]) from user client[4]
client[3] - Room: stanza(client[3], 0) - Message received: msg(215,client[4])
client[3] - time to live = 0 for message: message from client[4] to stanza(client[3], 0)
client[0] - Room: stanza(client[3], 0) - Message discarded for I'm not a recipient: 
client[0] - time to live = 0 for message: message from client[4] to stanza(client[3], 0)
client[2] - Sending message to room stanza(client[2], 4) - msg(172,client[2])
client[1] - stanza(client[2], 4) - Displayed message: msg(172,client[2]) from user client[2]
client[1] - Room: stanza(client[2], 4) - Message received: msg(172,client[2])
client[1] - time to live = 0 for message: message from client[2] to stanza(client[2], 4)
client[3] - Room: stanza(client[2], 4) - Message received: msg(172,client[2])
client[3] - time to live = 0 for message: message from client[2] to stanza(client[2], 4)
client[0] - Sending message to room stanza(client[1], 2) - msg(198,client[0])
client[4] - Room: stanza(client[1], 2) - Message discarded for I'm not a recipient: 
client[4] - time to live = 0 for message: message from client[0] to stanza(client[1], 2)
client[1] - stanza(client[1], 2) - Displayed message: msg(198,client[0]) from user client[0]
client[1] - Room: stanza(client[1], 2) - Message received: msg(198,client[0])
client[1] - time to live = 0 for message: message from client[0] to stanza(client[1], 2)
client[0] - Sending message to room stanza(client[0], 2) - msg(199,client[0])
client[4] - Asked for message: 1 - Room: stanza(client[0], 2)
client[4] - Asked for message: 1 - Room: stanza(client[0], 2)
client[4] - Asked for message: 33 - Room: stanza(client[0], 2)
client[4] - Asked for message: 1 - Room: stanza(client[0], 2)
client[4] - Asked for message: 1 - Room: stanza(client[0], 2)
client[4] - time to live = 0 for message: message from client[0] to stanza(client[0], 2)
client[1] - Asked for message: 1 - Room: stanza(client[0], 2)
client[1] - Asked for message: 1 - Room: stanza(client[0], 2)
client[1] - Asked for message: 1 - Room: stanza(client[0], 2)
client[1] - Asked for message: 35 - Room: stanza(client[0], 2)
client[1] - Asked for message: 1 - Room: stanza(client[0], 2)
client[1] - time to live = 0 for message: message from client[0] to stanza(client[0], 2)
client[3] - Room: stanza(client[0], 2) - Message discarded for I'm not a recipient: 
client[3] - time to live = 0 for message: ask message for missing message 1
NOT IMPLEMENTED YET
client[0] - Room: stanza(client[0], 2) - Asked for message: 1
client[0] - time to live = 0 for message: ask message for missing message 1
client[3] - Room: stanza(client[0], 2) - Message discarded for I'm not a recipient: 
client[3] - time to live = 0 for message: ask message for missing message 1
NOT IMPLEMENTED YET
client[0] - Room: stanza(client[0], 2) - Asked for message: 1
client[0] - time to live = 0 for message: ask message for missing message 1
client[3] - Room: stanza(client[0], 2) - Message discarded for I'm not a recipient: 
client[3] - time to live = 0 for message: ask message for missing message 33
NOT IMPLEMENTED YET
client[0] - Room: stanza(client[0], 2) - Asked for message: 33
client[0] - time to live = 0 for message: ask message for missing message 33
client[3] - Room: stanza(client[0], 2) - Message discarded for I'm not a recipient: 
client[3] - time to live = 0 for message: ask message for missing message 1
NOT IMPLEMENTED YET
client[0] - Room: stanza(client[0], 2) - Asked for message: 1
client[0] - time to live = 0 for message: ask message for missing message 1
client[3] - Room: stanza(client[0], 2) - Message discarded for I'm not a recipient: 
client[3] - time to live = 0 for message: ask message for missing message 1
NOT IMPLEMENTED YET
client[0] - Room: stanza(client[0], 2) - Asked for message: 1
client[0] - time to live = 0 for message: ask message for missing message 1
NOT IMPLEMENTED YET
client[0] - Room: stanza(client[0], 2) - Asked for message: 1
client[0] - time to live = 0 for message: ask message for missing message 1
client[2] - Room: stanza(client[0], 2) - Message discarded for I'm not a recipient: 
client[2] - time to live = 0 for message: ask message for missing message 1
NOT IMPLEMENTED YET
client[0] - Room: stanza(client[0], 2) - Asked for message: 1
client[0] - time to live = 0 for message: ask message for missing message 1
client[2] - Room: stanza(client[0], 2) - Message discarded for I'm not a recipient: 
client[2] - time to live = 0 for message: ask message for missing message 1
NOT IMPLEMENTED YET
client[0] - Room: stanza(client[0], 2) - Asked for message: 1
client[0] - time to live = 0 for message: ask message for missing message 1
client[2] - Room: stanza(client[0], 2) - Message discarded for I'm not a recipient: 
client[2] - time to live = 0 for message: ask message for missing message 1
NOT IMPLEMENTED YET
client[0] - Room: stanza(client[0], 2) - Asked for message: 35
client[0] - time to live = 0 for message: ask message for missing message 35
client[2] - Room: stanza(client[0], 2) - Message discarded for I'm not a recipient: 
client[2] - time to live = 0 for message: ask message for missing message 35
NOT IMPLEMENTED YET
client[0] - Room: stanza(client[0], 2) - Asked for message: 1
client[0] - time to live = 0 for message: ask message for missing message 1
client[2] - Room: stanza(client[0], 2) - Message discarded for I'm not a recipient: 
client[2] - time to live = 0 for message: ask message for missing message 1
client[4] - Sending message to room stanza(client[3], 0) - msg(216,client[4])
client[3] - stanza(client[3], 0) - Displayed message: msg(216,client[4]) from user client[4]
client[3] - Room: stanza(client[3], 0) - Message received: msg(216,client[4])
client[3] - time to live = 0 for message: message from client[4] to stanza(client[3], 0)
client[0] - Room: stanza(client[3], 0) - Message discarded for I'm not a recipient: 
client[0] - time to live = 0 for message: message from client[4] to stanza(client[3], 0)
client[3] - Sending message to room stanza(client[3], 5) - msg(192,client[3])
client[2] - Room: stanza(client[3], 5) - Message discarded for I'm not a recipient: 
client[2] - time to live = 0 for message: message from client[3] to stanza(client[3], 5)
client[4] - stanza(client[3], 5) - Displayed message: msg(192,client[3]) from user client[3]
client[4] - Room: stanza(client[3], 5) - Message received: msg(192,client[3])
client[4] - time to live = 0 for message: message from client[3] to stanza(client[3], 5)
client[4] - Sending message to room stanza(client[3], 4) - msg(217,client[4])
client[3] - stanza(client[3], 4) - Displayed message: msg(217,client[4]) from user client[4]
client[3] - Room: stanza(client[3], 4) - Message received: msg(217,client[4])
client[3] - time to live = 0 for message: message from client[4] to stanza(client[3], 4)
client[0] - Room: stanza(client[3], 4) - Message discarded for I'm not a recipient: 
client[0] - time to live = 0 for message: message from client[4] to stanza(client[3], 4)
client[1] - Sending message to room stanza(client[1], 2) - msg(231,client[1])
client[0] - Room: stanza(client[1], 2) - Message received: msg(231,client[1])
client[0] - time to live = 0 for message: message from client[1] to stanza(client[1], 2)
client[2] - Room: stanza(client[1], 2) - Message received: msg(231,client[1])
client[2] - time to live = 0 for message: message from client[1] to stanza(client[1], 2)
client[3] - Sent room creation: stanza(client[3], 7) with: client[3],client[1],client[2],client[0],client[4]
client[2] - Room created: stanza(client[3], 7)
client[2] - time to live = 0 for message: creation of room stanza(client[3], 7)
client[4] - Room created: stanza(client[3], 7)
client[4] - time to live = 0 for message: creation of room stanza(client[3], 7)
client[2] - Sending message to room stanza(client[2], 1) - msg(173,client[2])
client[1] - stanza(client[2], 1) - Displayed message: msg(173,client[2]) from user client[2]
client[1] - Room: stanza(client[2], 1) - Message received: msg(173,client[2])
client[1] - time to live = 0 for message: message from client[2] to stanza(client[2], 1)
client[3] - Room: stanza(client[2], 1) - Message discarded for I'm not a recipient: 
client[3] - time to live = 0 for message: message from client[2] to stanza(client[2], 1)
client[1] - Sending message to room stanza(client[2], 1) - msg(232,client[1])
client[0] - Room: stanza(client[2], 1) - Message discarded for I'm not a recipient: 
client[0] - time to live = 0 for message: message from client[1] to stanza(client[2], 1)
client[2] - stanza(client[2], 1) - Displayed message: msg(232,client[1]) from user client[1]
client[2] - Room: stanza(client[2], 1) - Message received: msg(232,client[1])
client[2] - time to live = 0 for message: message from client[1] to stanza(client[2], 1)
client[2] - Sending message to room stanza(client[3], 1) - msg(174,client[2])
client[1] - Room: stanza(client[3], 1) - Message discarded for I'm not a recipient: 
client[1] - time to live = 0 for message: message from client[2] to stanza(client[3], 1)
client[3] - stanza(client[3], 1) - Displayed message: msg(174,client[2]) from user client[2]
client[3] - Room: stanza(client[3], 1) - Message received: msg(174,client[2])
client[3] - time to live = 0 for message: message from client[2] to stanza(client[3], 1)
client[3] - Sending message to room stanza(client[4], 4) - msg(193,client[3])
client[2] - Room: stanza(client[4], 4) - Message discarded for I'm not a recipient: 
client[2] - time to live = 0 for message: message from client[3] to stanza(client[4], 4)
client[4] - stanza(client[4], 4) - Displayed message: msg(193,client[3]) from user client[3]
client[4] - Room: stanza(client[4], 4) - Message received: msg(193,client[3])
client[4] - time to live = 0 for message: message from client[3] to stanza(client[4], 4)
client[1] - Sending message to room stanza(client[1], 2) - msg(233,client[1])
client[0] - Room: stanza(client[1], 2) - Message received: msg(233,client[1])
client[0] - time to live = 0 for message: message from client[1] to stanza(client[1], 2)
client[2] - Room: stanza(client[1], 2) - Message received: msg(233,client[1])
client[2] - time to live = 0 for message: message from client[1] to stanza(client[1], 2)
client[2] - Sending message to room stanza(client[2], 4) - msg(175,client[2])
client[1] - stanza(client[2], 4) - Displayed message: msg(175,client[2]) from user client[2]
client[1] - Room: stanza(client[2], 4) - Message received: msg(175,client[2])
client[1] - time to live = 0 for message: message from client[2] to stanza(client[2], 4)
client[3] - Room: stanza(client[2], 4) - Message received: msg(175,client[2])
client[3] - time to live = 0 for message: message from client[2] to stanza(client[2], 4)
client[0] - Sending message to room stanza(client[1], 2) - msg(200,client[0])
client[4] - Room: stanza(client[1], 2) - Message discarded for I'm not a recipient: 
client[4] - time to live = 0 for message: message from client[0] to stanza(client[1], 2)
client[1] - stanza(client[1], 2) - Displayed message: msg(200,client[0]) from user client[0]
client[1] - Room: stanza(client[1], 2) - Message received: msg(200,client[0])
client[1] - time to live = 0 for message: message from client[0] to stanza(client[1], 2)
client[3] - Sending message to room stanza(client[2], 4) - msg(194,client[3])
client[2] - stanza(client[2], 4) - Displayed message: msg(194,client[3]) from user client[3]
client[2] - Room: stanza(client[2], 4) - Message received: msg(194,client[3])
client[2] - time to live = 0 for message: message from client[3] to stanza(client[2], 4)
client[4] - Room: stanza(client[2], 4) - Message discarded for I'm not a recipient: 
client[4] - time to live = 0 for message: message from client[3] to stanza(client[2], 4)
client[0] - Sending message to room stanza(client[0], 1) - msg(201,client[0])
client[4] - Asked for message: 1 - Room: stanza(client[0], 1)
client[4] - Asked for message: 1 - Room: stanza(client[0], 1)
client[4] - Asked for message: 1 - Room: stanza(client[0], 1)
client[4] - Asked for message: 57 - Room: stanza(client[0], 1)
client[4] - Asked for message: 1 - Room: stanza(client[0], 1)
client[4] - time to live = 0 for message: message from client[0] to stanza(client[0], 1)
client[1] - Asked for message: 1 - Room: stanza(client[0], 1)
client[1] - Asked for message: 1 - Room: stanza(client[0], 1)
client[1] - Asked for message: 1 - Room: stanza(client[0], 1)
client[1] - Asked for message: 1 - Room: stanza(client[0], 1)
client[1] - Asked for message: 63 - Room: stanza(client[0], 1)
client[1] - time to live = 0 for message: message from client[0] to stanza(client[0], 1)
client[3] - Room: stanza(client[0], 1) - Message discarded for I'm not a recipient: 
client[3] - time to live = 0 for message: ask message for missing message 1
NOT IMPLEMENTED YET
client[0] - Room: stanza(client[0], 1) - Asked for message: 1
client[0] - time to live = 0 for message: ask message for missing message 1
client[3] - Room: stanza(client[0], 1) - Message discarded for I'm not a recipient: 
client[3] - time to live = 0 for message: ask message for missing message 1
NOT IMPLEMENTED YET
client[0] - Room: stanza(client[0], 1) - Asked for message: 1
client[0] - time to live = 0 for message: ask message for missing message 1
client[3] - Room: stanza(client[0], 1) - Message discarded for I'm not a recipient: 
client[3] - time to live = 0 for message: ask message for missing message 1
NOT IMPLEMENTED YET
client[0] - Room: stanza(client[0], 1) - Asked for message: 1
client[0] - time to live = 0 for message: ask message for missing message 1
client[3] - Room: stanza(client[0], 1) - Message discarded for I'm not a recipient: 
client[3] - time to live = 0 for message: ask message for missing message 57
NOT IMPLEMENTED YET
client[0] - Room: stanza(client[0], 1) - Asked for message: 57
client[0] - time to live = 0 for message: ask message for missing message 57
client[3] - Room: stanza(client[0], 1) - Message discarded for I'm not a recipient: 
client[3] - time to live = 0 for message: ask message for missing message 1
NOT IMPLEMENTED YET
client[0] - Room: stanza(client[0], 1) - Asked for message: 1
client[0] - time to live = 0 for message: ask message for missing message 1
NOT IMPLEMENTED YET
client[0] - Room: stanza(client[0], 1) - Asked for message: 1
client[0] - time to live = 0 for message: ask message for missing message 1
client[2] - Room: stanza(client[0], 1) - Message discarded for I'm not a recipient: 
client[2] - time to live = 0 for message: ask message for missing message 1
NOT IMPLEMENTED YET
client[0] - Room: stanza(client[0], 1) - Asked for message: 1
client[0] - time to live = 0 for message: ask message for missing message 1
client[2] - Room: stanza(client[0], 1) - Message discarded for I'm not a recipient: 
client[2] - time to live = 0 for message: ask message for missing message 1
NOT IMPLEMENTED YET
client[0] - Room: stanza(client[0], 1) - Asked for message: 1
client[0] - time to live = 0 for message: ask message for missing message 1
client[2] - Room: stanza(client[0], 1) - Message discarded for I'm not a recipient: 
client[2] - time to live = 0 for message: ask message for missing message 1
NOT IMPLEMENTED YET
client[0] - Room: stanza(client[0], 1) - Asked for message: 1
client[0] - time to live = 0 for message: ask message for missing message 1
client[2] - Room: stanza(client[0], 1) - Message discarded for I'm not a recipient: 
client[2] - time to live = 0 for message: ask message for missing message 1
NOT IMPLEMENTED YET
client[0] - Room: stanza(client[0], 1) - Asked for message: 63
client[0] - time to live = 0 for message: ask message for missing message 63
client[2] - Room: stanza(client[0], 1) - Message discarded for I'm not a recipient: 
client[2] - time to live = 0 for message: ask message for missing message 63
client[3] - Sending message to room stanza(client[3], 6) - msg(195,client[3])
client[2] - Room: stanza(client[3], 6) - Message discarded for I'm not a recipient: 
client[2] - time to live = 0 for message: message from client[3] to stanza(client[3], 6)
client[4] - stanza(client[3], 6) - Displayed message: msg(195,client[3]) from user client[3]
client[4] - Room: stanza(client[3], 6) - Message received: msg(195,client[3])
client[4] - time to live = 0 for message: message from client[3] to stanza(client[3], 6)
client[4] - Sending message to room stanza(client[3], 1) - msg(218,client[4])
client[3] - stanza(client[3], 1) - Displayed message: msg(218,client[4]) from user client[4]
client[3] - Room: stanza(client[3], 1) - Message received: msg(218,client[4])
client[3] - time to live = 0 for message: message from client[4] to stanza(client[3], 1)
client[0] - Room: stanza(client[3], 1) - Message discarded for I'm not a recipient: 
client[0] - time to live = 0 for message: message from client[4] to stanza(client[3], 1)
client[3] - Sending message to room stanza(client[2], 3) - msg(196,client[3])
client[2] - stanza(client[2], 3) - Displayed message: msg(196,client[3]) from user client[3]
client[2] - Room: stanza(client[2], 3) - Message received: msg(196,client[3])
client[2] - time to live = 0 for message: message from client[3] to stanza(client[2], 3)
client[4] - Room: stanza(client[2], 3) - Message discarded for I'm not a recipient: 
client[4] - time to live = 0 for message: message from client[3] to stanza(client[2], 3)
client[1] - Sending message to room stanza(client[2], 1) - msg(234,client[1])
client[0] - Room: stanza(client[2], 1) - Message discarded for I'm not a recipient: 
client[0] - time to live = 0 for message: message from client[1] to stanza(client[2], 1)
client[2] - stanza(client[2], 1) - Displayed message: msg(234,client[1]) from user client[1]
client[2] - Room: stanza(client[2], 1) - Message received: msg(234,client[1])
client[2] - time to live = 0 for message: message from client[1] to stanza(client[2], 1)
client[4] - Sending message to room stanza(client[0], 1) - msg(219,client[4])
client[3] - Room: stanza(client[0], 1) - Message discarded for I'm not a recipient: 
client[3] - time to live = 0 for message: message from client[4] to stanza(client[0], 1)
client[0] - stanza(client[0], 1) - Displayed message: msg(219,client[4]) from user client[4]
client[0] - Room: stanza(client[0], 1) - Message received: msg(219,client[4])
client[0] - time to live = 0 for message: message from client[4] to stanza(client[0], 1)
client[1] - Sending message to room stanza(client[1], 2) - msg(235,client[1])
client[0] - Room: stanza(client[1], 2) - Message received: msg(235,client[1])
client[0] - time to live = 0 for message: message from client[1] to stanza(client[1], 2)
client[2] - Room: stanza(client[1], 2) - Message received: msg(235,client[1])
client[2] - time to live = 0 for message: message from client[1] to stanza(client[1], 2)
client[3] - Sending message to room stanza(client[4], 1) - msg(197,client[3])
client[2] - Room: stanza(client[4], 1) - Message discarded for I'm not a recipient: 
client[2] - time to live = 0 for message: message from client[3] to stanza(client[4], 1)
client[4] - stanza(client[4], 1) - Displayed message: msg(197,client[3]) from user client[3]
client[4] - Room: stanza(client[4], 1) - Message received: msg(197,client[3])
client[4] - time to live = 0 for message: message from client[3] to stanza(client[4], 1)
client[4] - Sending message to room stanza(client[3], 4) - msg(220,client[4])
client[3] - stanza(client[3], 4) - Displayed message: msg(220,client[4]) from user client[4]
client[3] - Room: stanza(client[3], 4) - Message received: msg(220,client[4])
client[3] - time to live = 0 for message: message from client[4] to stanza(client[3], 4)
client[0] - Room: stanza(client[3], 4) - Message discarded for I'm not a recipient: 
client[0] - time to live = 0 for message: message from client[4] to stanza(client[3], 4)
client[1] - Sending message to room stanza(client[1], 1) - msg(236,client[1])
client[0] - Asked for message: 2 - Room: stanza(client[1], 1)
client[0] - Asked for message: 13 - Room: stanza(client[1], 1)
client[0] - Asked for message: 1 - Room: stanza(client[1], 1)
client[0] - Asked for message: 1 - Room: stanza(client[1], 1)
client[0] - time to live = 0 for message: message from client[1] to stanza(client[1], 1)
client[2] - Asked for message: 2 - Room: stanza(client[1], 1)
client[2] - Asked for message: 1 - Room: stanza(client[1], 1)
client[2] - Asked for message: 23 - Room: stanza(client[1], 1)
client[2] - Asked for message: 1 - Room: stanza(client[1], 1)
client[2] - time to live = 0 for message: message from client[1] to stanza(client[1], 1)
client[4] - Room: stanza(client[1], 1) - Message discarded for I'm not a recipient: 
client[4] - time to live = 0 for message: ask message for missing message 2
NOT IMPLEMENTED YET
client[1] - Room: stanza(client[1], 1) - Asked for message: 2
client[1] - time to live = 0 for message: ask message for missing message 2
client[4] - Room: stanza(client[1], 1) - Message discarded for I'm not a recipient: 
client[4] - time to live = 0 for message: ask message for missing message 13
NOT IMPLEMENTED YET
client[1] - Room: stanza(client[1], 1) - Asked for message: 13
client[1] - time to live = 0 for message: ask message for missing message 13
client[4] - Room: stanza(client[1], 1) - Message discarded for I'm not a recipient: 
client[4] - time to live = 0 for message: ask message for missing message 1
NOT IMPLEMENTED YET
client[1] - Room: stanza(client[1], 1) - Asked for message: 1
client[1] - time to live = 0 for message: ask message for missing message 1
client[4] - Room: stanza(client[1], 1) - Message discarded for I'm not a recipient: 
client[4] - time to live = 0 for message: ask message for missing message 1
NOT IMPLEMENTED YET
client[1] - Room: stanza(client[1], 1) - Asked for message: 1
client[1] - time to live = 0 for message: ask message for missing message 1
NOT IMPLEMENTED YET
client[1] - Room: stanza(client[1], 1) - Asked for message: 2
client[1] - time to live = 0 for message: ask message for missing message 2
client[3] - Room: stanza(client[1], 1) - Message discarded for I'm not a recipient: 
client[3] - time to live = 0 for message: ask message for missing message 2
NOT IMPLEMENTED YET
client[1] - Room: stanza(client[1], 1) - Asked for message: 1
client[1] - time to live = 0 for message: ask message for missing message 1
client[3] - Room: stanza(client[1], 1) - Message discarded for I'm not a recipient: 
client[3] - time to live = 0 for message: ask message for missing message 1
NOT IMPLEMENTED YET
client[1] - Room: stanza(client[1], 1) - Asked for message: 23
client[1] - time to live = 0 for message: ask message for missing message 23
client[3] - Room: stanza(client[1], 1) - Message discarded for I'm not a recipient: 
client[3] - time to live = 0 for message: ask message for missing message 23
NOT IMPLEMENTED YET
client[1] - Room: stanza(client[1], 1) - Asked for message: 1
client[1] - time to live = 0 for message: ask message for missing message 1
client[3] - Room: stanza(client[1], 1) - Message discarded for I'm not a recipient: 
client[3] - time to live = 0 for message: ask message for missing message 1
client[3] - Sending message to room stanza(client[2], 4) - msg(198,client[3])
client[2] - stanza(client[2], 4) - Displayed message: msg(198,client[3]) from user client[3]
client[2] - Room: stanza(client[2], 4) - Message received: msg(198,client[3])
client[2] - time to live = 0 for message: message from client[3] to stanza(client[2], 4)
client[4] - Room: stanza(client[2], 4) - Message discarded for I'm not a recipient: 
client[4] - time to live = 0 for message: message from client[3] to stanza(client[2], 4)
client[2] - Sending message to room stanza(client[2], 4) - msg(176,client[2])
client[1] - Room: stanza(client[2], 4) - Message received: msg(176,client[2])
client[1] - time to live = 0 for message: message from client[2] to stanza(client[2], 4)
client[3] - Room: stanza(client[2], 4) - Message received: msg(176,client[2])
client[3] - time to live = 0 for message: message from client[2] to stanza(client[2], 4)
client[4] - Sending message to room stanza(client[4], 2) - msg(221,client[4])
client[3] - Room: stanza(client[4], 2) - Message discarded for I'm not a recipient: 
client[3] - time to live = 0 for message: message from client[4] to stanza(client[4], 2)
client[0] - stanza(client[4], 2) - Displayed message: msg(221,client[4]) from user client[4]
client[0] - Room: stanza(client[4], 2) - Message received: msg(221,client[4])
client[0] - time to live = 0 for message: message from client[4] to stanza(client[4], 2)
client[2] - Sending message to room stanza(client[3], 2) - msg(177,client[2])
client[1] - Room: stanza(client[3], 2) - Message discarded for I'm not a recipient: 
client[1] - time to live = 0 for message: message from client[2] to stanza(client[3], 2)
client[3] - stanza(client[3], 2) - Displayed message: msg(177,client[2]) from user client[2]
client[3] - Room: stanza(client[3], 2) - Message received: msg(177,client[2])
client[3] - time to live = 0 for message: message from client[2] to stanza(client[3], 2)
client[3] - Sending message to room stanza(client[3], 7) - msg(199,client[3])
client[2] - stanza(client[3], 7) - Displayed message: msg(199,client[3]) from user client[3]
client[2] - Room: stanza(client[3], 7) - Message received: msg(199,client[3])
client[2] - time to live = 0 for message: message from client[3] to stanza(client[3], 7)
client[4] - stanza(client[3], 7) - Displayed message: msg(199,client[3]) from user client[3]
client[4] - Room: stanza(client[3], 7) - Message received: msg(199,client[3])
client[4] - time to live = 0 for message: message from client[3] to stanza(client[3], 7)
client[1] - Sending message to room stanza(client[2], 4) - msg(237,client[1])
client[0] - Room: stanza(client[2], 4) - Message discarded for I'm not a recipient: 
client[0] - time to live = 0 for message: message from client[1] to stanza(client[2], 4)
client[2] - stanza(client[2], 4) - Displayed message: msg(237,client[1]) from user client[1]
client[2] - Room: stanza(client[2], 4) - Message received: msg(237,client[1])
client[2] - time to live = 0 for message: message from client[1] to stanza(client[2], 4)
client[4] - Sending message to room stanza(client[3], 5) - msg(222,client[4])
client[3] - stanza(client[3], 5) - Displayed message: msg(222,client[4]) from user client[4]
client[3] - Room: stanza(client[3], 5) - Message received: msg(222,client[4])
client[3] - time to live = 0 for message: message from client[4] to stanza(client[3], 5)
client[0] - Room: stanza(client[3], 5) - Message discarded for I'm not a recipient: 
client[0] - time to live = 0 for message: message from client[4] to stanza(client[3], 5)
client[2] - Sending message to room stanza(client[1], 1) - msg(178,client[2])
client[1] - stanza(client[1], 1) - Displayed message: msg(178,client[2]) from user client[2]
client[1] - Room: stanza(client[1], 1) - Message received: msg(178,client[2])
client[1] - time to live = 0 for message: message from client[2] to stanza(client[1], 1)
client[3] - Room: stanza(client[1], 1) - Message discarded for I'm not a recipient: 
client[3] - time to live = 0 for message: message from client[2] to stanza(client[1], 1)
client[1] - Sending message to room stanza(client[1], 1) - msg(238,client[1])
client[0] - Asked for message: 2 - Room: stanza(client[1], 1)
client[0] - Asked for message: 13 - Room: stanza(client[1], 1)
client[0] - Asked for message: 1 - Room: stanza(client[1], 1)
client[0] - Asked for message: 1 - Room: stanza(client[1], 1)
client[0] - time to live = 0 for message: message from client[1] to stanza(client[1], 1)
client[2] - Asked for message: 2 - Room: stanza(client[1], 1)
client[2] - Asked for message: 1 - Room: stanza(client[1], 1)
client[2] - Asked for message: 24 - Room: stanza(client[1], 1)
client[2] - Asked for message: 1 - Room: stanza(client[1], 1)
client[2] - time to live = 0 for message: message from client[1] to stanza(client[1], 1)
client[4] - Room: stanza(client[1], 1) - Message discarded for I'm not a recipient: 
client[4] - time to live = 0 for message: ask message for missing message 2
NOT IMPLEMENTED YET
client[1] - Room: stanza(client[1], 1) - Asked for message: 2
client[1] - time to live = 0 for message: ask message for missing message 2
client[4] - Room: stanza(client[1], 1) - Message discarded for I'm not a recipient: 
client[4] - time to live = 0 for message: ask message for missing message 13
NOT IMPLEMENTED YET
client[1] - Room: stanza(client[1], 1) - Asked for message: 13
client[1] - time to live = 0 for message: ask message for missing message 13
client[4] - Room: stanza(client[1], 1) - Message discarded for I'm not a recipient: 
client[4] - time to live = 0 for message: ask message for missing message 1
NOT IMPLEMENTED YET
client[1] - Room: stanza(client[1], 1) - Asked for message: 1
client[1] - time to live = 0 for message: ask message for missing message 1
client[4] - Room: stanza(client[1], 1) - Message discarded for I'm not a recipient: 
client[4] - time to live = 0 for message: ask message for missing message 1
NOT IMPLEMENTED YET
client[1] - Room: stanza(client[1], 1) - Asked for message: 1
client[1] - time to live = 0 for message: ask message for missing message 1
NOT IMPLEMENTED YET
client[1] - Room: stanza(client[1], 1) - Asked for message: 2
client[1] - time to live = 0 for message: ask message for missing message 2
client[3] - Room: stanza(client[1], 1) - Message discarded for I'm not a recipient: 
client[3] - time to live = 0 for message: ask message for missing message 2
NOT IMPLEMENTED YET
client[1] - Room: stanza(client[1], 1) - Asked for message: 1
client[1] - time to live = 0 for message: ask message for missing message 1
client[3] - Room: stanza(client[1], 1) - Message discarded for I'm not a recipient: 
client[3] - time to live = 0 for message: ask message for missing message 1
NOT IMPLEMENTED YET
client[1] - Room: stanza(client[1], 1) - Asked for message: 24
client[1] - time to live = 0 for message: ask message for missing message 24
client[3] - Room: stanza(client[1], 1) - Message discarded for I'm not a recipient: 
client[3] - time to live = 0 for message: ask message for missing message 24
NOT IMPLEMENTED YET
client[1] - Room: stanza(client[1], 1) - Asked for message: 1
client[1] - time to live = 0 for message: ask message for missing message 1
client[3] - Room: stanza(client[1], 1) - Message discarded for I'm not a recipient: 
client[3] - time to live = 0 for message: ask message for missing message 1
client[3] - Sending message to room stanza(client[4], 3) - msg(200,client[3])
client[2] - Room: stanza(client[4], 3) - Message discarded for I'm not a recipient: 
client[2] - time to live = 0 for message: message from client[3] to stanza(client[4], 3)
client[4] - stanza(client[4], 3) - Displayed message: msg(200,client[3]) from user client[3]
client[4] - Room: stanza(client[4], 3) - Message received: msg(200,client[3])
client[4] - time to live = 0 for message: message from client[3] to stanza(client[4], 3)
client[0] - Sending message to room stanza(client[0], 2) - msg(202,client[0])
client[4] - Asked for message: 1 - Room: stanza(client[0], 2)
client[4] - Asked for message: 1 - Room: stanza(client[0], 2)
client[4] - Asked for message: 33 - Room: stanza(client[0], 2)
client[4] - Asked for message: 1 - Room: stanza(client[0], 2)
client[4] - Asked for message: 1 - Room: stanza(client[0], 2)
client[4] - time to live = 0 for message: message from client[0] to stanza(client[0], 2)
client[1] - Asked for message: 1 - Room: stanza(client[0], 2)
client[1] - Asked for message: 1 - Room: stanza(client[0], 2)
client[1] - Asked for message: 1 - Room: stanza(client[0], 2)
client[1] - Asked for message: 35 - Room: stanza(client[0], 2)
client[1] - Asked for message: 1 - Room: stanza(client[0], 2)
client[1] - time to live = 0 for message: message from client[0] to stanza(client[0], 2)
client[3] - Room: stanza(client[0], 2) - Message discarded for I'm not a recipient: 
client[3] - time to live = 0 for message: ask message for missing message 1
NOT IMPLEMENTED YET
client[0] - Room: stanza(client[0], 2) - Asked for message: 1
client[0] - time to live = 0 for message: ask message for missing message 1
client[3] - Room: stanza(client[0], 2) - Message discarded for I'm not a recipient: 
client[3] - time to live = 0 for message: ask message for missing message 1
NOT IMPLEMENTED YET
client[0] - Room: stanza(client[0], 2) - Asked for message: 1
client[0] - time to live = 0 for message: ask message for missing message 1
client[3] - Room: stanza(client[0], 2) - Message discarded for I'm not a recipient: 
client[3] - time to live = 0 for message: ask message for missing message 33
NOT IMPLEMENTED YET
client[0] - Room: stanza(client[0], 2) - Asked for message: 33
client[0] - time to live = 0 for message: ask message for missing message 33
client[3] - Room: stanza(client[0], 2) - Message discarded for I'm not a recipient: 
client[3] - time to live = 0 for message: ask message for missing message 1
NOT IMPLEMENTED YET
client[0] - Room: stanza(client[0], 2) - Asked for message: 1
client[0] - time to live = 0 for message: ask message for missing message 1
client[3] - Room: stanza(client[0], 2) - Message discarded for I'm not a recipient: 
client[3] - time to live = 0 for message: ask message for missing message 1
NOT IMPLEMENTED YET
client[0] - Room: stanza(client[0], 2) - Asked for message: 1
client[0] - time to live = 0 for message: ask message for missing message 1
NOT IMPLEMENTED YET
client[0] - Room: stanza(client[0], 2) - Asked for message: 1
client[0] - time to live = 0 for message: ask message for missing message 1
client[2] - Room: stanza(client[0], 2) - Message discarded for I'm not a recipient: 
client[2] - time to live = 0 for message: ask message for missing message 1
NOT IMPLEMENTED YET
client[0] - Room: stanza(client[0], 2) - Asked for message: 1
client[0] - time to live = 0 for message: ask message for missing message 1
client[2] - Room: stanza(client[0], 2) - Message discarded for I'm not a recipient: 
client[2] - time to live = 0 for message: ask message for missing message 1
NOT IMPLEMENTED YET
client[0] - Room: stanza(client[0], 2) - Asked for message: 1
client[0] - time to live = 0 for message: ask message for missing message 1
client[2] - Room: stanza(client[0], 2) - Message discarded for I'm not a recipient: 
client[2] - time to live = 0 for message: ask message for missing message 1
NOT IMPLEMENTED YET
client[0] - Room: stanza(client[0], 2) - Asked for message: 35
client[0] - time to live = 0 for message: ask message for missing message 35
client[2] - Room: stanza(client[0], 2) - Message discarded for I'm not a recipient: 
client[2] - time to live = 0 for message: ask message for missing message 35
NOT IMPLEMENTED YET
client[0] - Room: stanza(client[0], 2) - Asked for message: 1
client[0] - time to live = 0 for message: ask message for missing message 1
client[2] - Room: stanza(client[0], 2) - Message discarded for I'm not a recipient: 
client[2] - time to live = 0 for message: ask message for missing message 1
client[4] - Sending message to room stanza(client[0], 2) - msg(223,client[4])
client[3] - Room: stanza(client[0], 2) - Message discarded for I'm not a recipient: 
client[3] - time to live = 0 for message: message from client[4] to stanza(client[0], 2)
client[0] - stanza(client[0], 2) - Displayed message: msg(223,client[4]) from user client[4]
client[0] - Room: stanza(client[0], 2) - Message received: msg(223,client[4])
client[0] - time to live = 0 for message: message from client[4] to stanza(client[0], 2)
client[2] - Sending message to room stanza(client[3], 1) - msg(179,client[2])
client[1] - Room: stanza(client[3], 1) - Message discarded for I'm not a recipient: 
client[1] - time to live = 0 for message: message from client[2] to stanza(client[3], 1)
client[3] - stanza(client[3], 1) - Displayed message: msg(179,client[2]) from user client[2]
client[3] - Room: stanza(client[3], 1) - Message received: msg(179,client[2])
client[3] - time to live = 0 for message: message from client[2] to stanza(client[3], 1)
client[1] - Sending message to room stanza(client[1], 0) - msg(239,client[1])
client[0] - stanza(client[1], 0) - Displayed message: msg(239,client[1]) from user client[1]
client[0] - Room: stanza(client[1], 0) - Message received: msg(239,client[1])
client[0] - time to live = 0 for message: message from client[1] to stanza(client[1], 0)
client[2] - Room: stanza(client[1], 0) - Message discarded for I'm not a recipient: 
client[2] - time to live = 0 for message: message from client[1] to stanza(client[1], 0)
client[3] - Sending message to room stanza(client[4], 1) - msg(201,client[3])
client[2] - Room: stanza(client[4], 1) - Message discarded for I'm not a recipient: 
client[2] - time to live = 0 for message: message from client[3] to stanza(client[4], 1)
client[4] - stanza(client[4], 1) - Displayed message: msg(201,client[3]) from user client[3]
client[4] - Room: stanza(client[4], 1) - Message received: msg(201,client[3])
client[4] - time to live = 0 for message: message from client[3] to stanza(client[4], 1)
client[0] - Sending message to room stanza(client[4], 0) - msg(203,client[0])
client[4] - stanza(client[4], 0) - Displayed message: msg(203,client[0]) from user client[0]
client[4] - Room: stanza(client[4], 0) - Message received: msg(203,client[0])
client[4] - time to live = 0 for message: message from client[0] to stanza(client[4], 0)
client[1] - Room: stanza(client[4], 0) - Message discarded for I'm not a recipient: 
client[1] - time to live = 0 for message: message from client[0] to stanza(client[4], 0)
client[4] - Sending message to room stanza(client[3], 3) - msg(224,client[4])
client[3] - stanza(client[3], 3) - Displayed message: msg(224,client[4]) from user client[4]
client[3] - Room: stanza(client[3], 3) - Message received: msg(224,client[4])
client[3] - time to live = 0 for message: message from client[4] to stanza(client[3], 3)
client[0] - Room: stanza(client[3], 3) - Message discarded for I'm not a recipient: 
client[0] - time to live = 0 for message: message from client[4] to stanza(client[3], 3)
client[4] - Sending message to room stanza(client[3], 1) - msg(225,client[4])
client[3] - stanza(client[3], 1) - Displayed message: msg(225,client[4]) from user client[4]
client[3] - Room: stanza(client[3], 1) - Message received: msg(225,client[4])
client[3] - time to live = 0 for message: message from client[4] to stanza(client[3], 1)
client[0] - Room: stanza(client[3], 1) - Message discarded for I'm not a recipient: 
client[0] - time to live = 0 for message: message from client[4] to stanza(client[3], 1)
client[1] - Sending message to room stanza(client[0], 1) - msg(240,client[1])
client[0] - stanza(client[0], 1) - Displayed message: msg(240,client[1]) from user client[1]
client[0] - Room: stanza(client[0], 1) - Message received: msg(240,client[1])
client[0] - time to live = 0 for message: message from client[1] to stanza(client[0], 1)
client[2] - Room: stanza(client[0], 1) - Message discarded for I'm not a recipient: 
client[2] - time to live = 0 for message: message from client[1] to stanza(client[0], 1)
client[2] - Sending message to room stanza(client[3], 2) - msg(180,client[2])
client[1] - Room: stanza(client[3], 2) - Message discarded for I'm not a recipient: 
client[1] - time to live = 0 for message: message from client[2] to stanza(client[3], 2)
client[3] - stanza(client[3], 2) - Displayed message: msg(180,client[2]) from user client[2]
client[3] - Room: stanza(client[3], 2) - Message received: msg(180,client[2])
client[3] - time to live = 0 for message: message from client[2] to stanza(client[3], 2)
client[4] - Sending message to room stanza(client[3], 0) - msg(226,client[4])
client[3] - stanza(client[3], 0) - Displayed message: msg(226,client[4]) from user client[4]
client[3] - Room: stanza(client[3], 0) - Message received: msg(226,client[4])
client[3] - time to live = 0 for message: message from client[4] to stanza(client[3], 0)
client[0] - Room: stanza(client[3], 0) - Message discarded for I'm not a recipient: 
client[0] - time to live = 0 for message: message from client[4] to stanza(client[3], 0)
client[1] - Sending message to room stanza(client[0], 1) - msg(241,client[1])
client[0] - stanza(client[0], 1) - Displayed message: msg(241,client[1]) from user client[1]
client[0] - Room: stanza(client[0], 1) - Message received: msg(241,client[1])
client[0] - time to live = 0 for message: message from client[1] to stanza(client[0], 1)
client[2] - Room: stanza(client[0], 1) - Message discarded for I'm not a recipient: 
client[2] - time to live = 0 for message: message from client[1] to stanza(client[0], 1)
client[4] - Sending message to room stanza(client[0], 2) - msg(227,client[4])
client[3] - Room: stanza(client[0], 2) - Message discarded for I'm not a recipient: 
client[3] - time to live = 0 for message: message from client[4] to stanza(client[0], 2)
client[0] - stanza(client[0], 2) - Displayed message: msg(227,client[4]) from user client[4]
client[0] - Room: stanza(client[0], 2) - Message received: msg(227,client[4])
client[0] - time to live = 0 for message: message from client[4] to stanza(client[0], 2)
client[0] - Sending message to room stanza(client[1], 2) - msg(204,client[0])
client[4] - Room: stanza(client[1], 2) - Message discarded for I'm not a recipient: 
client[4] - time to live = 0 for message: message from client[0] to stanza(client[1], 2)
client[1] - stanza(client[1], 2) - Displayed message: msg(204,client[0]) from user client[0]
client[1] - Room: stanza(client[1], 2) - Message received: msg(204,client[0])
client[1] - time to live = 0 for message: message from client[0] to stanza(client[1], 2)
client[3] - Sending message to room stanza(client[4], 3) - msg(202,client[3])
client[2] - Room: stanza(client[4], 3) - Message discarded for I'm not a recipient: 
client[2] - time to live = 0 for message: message from client[3] to stanza(client[4], 3)
client[4] - stanza(client[4], 3) - Displayed message: msg(202,client[3]) from user client[3]
client[4] - Room: stanza(client[4], 3) - Message received: msg(202,client[3])
client[4] - time to live = 0 for message: message from client[3] to stanza(client[4], 3)
client[0] - Sending message to room stanza(client[1], 1) - msg(205,client[0])
client[4] - Room: stanza(client[1], 1) - Message discarded for I'm not a recipient: 
client[4] - time to live = 0 for message: message from client[0] to stanza(client[1], 1)
client[1] - stanza(client[1], 1) - Displayed message: msg(205,client[0]) from user client[0]
client[1] - Room: stanza(client[1], 1) - Message received: msg(205,client[0])
client[1] - time to live = 0 for message: message from client[0] to stanza(client[1], 1)
client[2] - Sending message to room stanza(client[1], 2) - msg(181,client[2])
client[1] - stanza(client[1], 2) - Displayed message: msg(181,client[2]) from user client[2]
client[1] - Room: stanza(client[1], 2) - Message received: msg(181,client[2])
client[1] - time to live = 0 for message: message from client[2] to stanza(client[1], 2)
client[3] - Room: stanza(client[1], 2) - Message discarded for I'm not a recipient: 
client[3] - time to live = 0 for message: message from client[2] to stanza(client[1], 2)
client[4] - Sending message to room stanza(client[4], 0) - msg(228,client[4])
client[3] - Room: stanza(client[4], 0) - Message discarded for I'm not a recipient: 
client[3] - time to live = 0 for message: message from client[4] to stanza(client[4], 0)
client[0] - stanza(client[4], 0) - Displayed message: msg(228,client[4]) from user client[4]
client[0] - Room: stanza(client[4], 0) - Message received: msg(228,client[4])
client[0] - time to live = 0 for message: message from client[4] to stanza(client[4], 0)
client[1] - Sending message to room stanza(client[0], 2) - msg(242,client[1])
client[0] - stanza(client[0], 2) - Displayed message: msg(242,client[1]) from user client[1]
client[0] - Room: stanza(client[0], 2) - Message received: msg(242,client[1])
client[0] - time to live = 0 for message: message from client[1] to stanza(client[0], 2)
client[2] - Room: stanza(client[0], 2) - Message discarded for I'm not a recipient: 
client[2] - time to live = 0 for message: message from client[1] to stanza(client[0], 2)
client[3] - Sending message to room stanza(client[3], 7) - msg(203,client[3])
client[2] - stanza(client[3], 7) - Displayed message: msg(203,client[3]) from user client[3]
client[2] - Room: stanza(client[3], 7) - Message received: msg(203,client[3])
client[2] - time to live = 0 for message: message from client[3] to stanza(client[3], 7)
client[4] - stanza(client[3], 7) - Displayed message: msg(203,client[3]) from user client[3]
client[4] - Room: stanza(client[3], 7) - Message received: msg(203,client[3])
client[4] - time to live = 0 for message: message from client[3] to stanza(client[3], 7)
client[2] - Sending message to room stanza(client[3], 7) - msg(182,client[2])
client[1] - Room: stanza(client[3], 7) - Message discarded for I'm not a recipient: 
client[1] - time to live = 0 for message: message from client[2] to stanza(client[3], 7)
client[3] - stanza(client[3], 7) - Displayed message: msg(182,client[2]) from user client[2]
client[3] - Room: stanza(client[3], 7) - Message received: msg(182,client[2])
client[3] - time to live = 0 for message: message from client[2] to stanza(client[3], 7)
client[3] - Sending message to room stanza(client[2], 4) - msg(204,client[3])
client[2] - stanza(client[2], 4) - Displayed message: msg(204,client[3]) from user client[3]
client[2] - Room: stanza(client[2], 4) - Message received: msg(204,client[3])
client[2] - time to live = 0 for message: message from client[3] to stanza(client[2], 4)
client[4] - Room: stanza(client[2], 4) - Message discarded for I'm not a recipient: 
client[4] - time to live = 0 for message: message from client[3] to stanza(client[2], 4)
client[0] - Sending message to room stanza(client[4], 0) - msg(206,client[0])
client[4] - stanza(client[4], 0) - Displayed message: msg(206,client[0]) from user client[0]
client[4] - Room: stanza(client[4], 0) - Message received: msg(206,client[0])
client[4] - time to live = 0 for message: message from client[0] to stanza(client[4], 0)
client[1] - Room: stanza(client[4], 0) - Message discarded for I'm not a recipient: 
client[1] - time to live = 0 for message: message from client[0] to stanza(client[4], 0)
client[4] - Sending message to room stanza(client[3], 5) - msg(229,client[4])
client[3] - stanza(client[3], 5) - Displayed message: msg(229,client[4]) from user client[4]
client[3] - Room: stanza(client[3], 5) - Message received: msg(229,client[4])
client[3] - time to live = 0 for message: message from client[4] to stanza(client[3], 5)
client[0] - Room: stanza(client[3], 5) - Message discarded for I'm not a recipient: 
client[0] - time to live = 0 for message: message from client[4] to stanza(client[3], 5)
client[3] - Sending message to room stanza(client[4], 3) - msg(205,client[3])
client[2] - Room: stanza(client[4], 3) - Message discarded for I'm not a recipient: 
client[2] - time to live = 0 for message: message from client[3] to stanza(client[4], 3)
client[4] - stanza(client[4], 3) - Displayed message: msg(205,client[3]) from user client[3]
client[4] - Room: stanza(client[4], 3) - Message received: msg(205,client[3])
client[4] - time to live = 0 for message: message from client[3] to stanza(client[4], 3)
client[0] - Sending message to room stanza(client[1], 0) - msg(207,client[0])
client[4] - Room: stanza(client[1], 0) - Message discarded for I'm not a recipient: 
client[4] - time to live = 0 for message: message from client[0] to stanza(client[1], 0)
client[1] - stanza(client[1], 0) - Displayed message: msg(207,client[0]) from user client[0]
client[1] - Room: stanza(client[1], 0) - Message received: msg(207,client[0])
client[1] - time to live = 0 for message: message from client[0] to stanza(client[1], 0)
client[1] - Sending message to room stanza(client[2], 1) - msg(243,client[1])
client[0] - Room: stanza(client[2], 1) - Message discarded for I'm not a recipient: 
client[0] - time to live = 0 for message: message from client[1] to stanza(client[2], 1)
client[2] - stanza(client[2], 1) - Displayed message: msg(243,client[1]) from user client[1]
client[2] - Room: stanza(client[2], 1) - Message received: msg(243,client[1])
client[2] - time to live = 0 for message: message from client[1] to stanza(client[2], 1)
client[3] - Sending message to room stanza(client[3], 5) - msg(206,client[3])
client[2] - Room: stanza(client[3], 5) - Message discarded for I'm not a recipient: 
client[2] - time to live = 0 for message: message from client[3] to stanza(client[3], 5)
client[4] - stanza(client[3], 5) - Displayed message: msg(206,client[3]) from user client[3]
client[4] - Room: stanza(client[3], 5) - Message received: msg(206,client[3])
client[4] - time to live = 0 for message: message from client[3] to stanza(client[3], 5)
client[0] - Sending message to room stanza(client[4], 0) - msg(208,client[0])
client[4] - stanza(client[4], 0) - Displayed message: msg(208,client[0]) from user client[0]
client[4] - Room: stanza(client[4], 0) - Message received: msg(208,client[0])
client[4] - time to live = 0 for message: message from client[0] to stanza(client[4], 0)
client[1] - Room: stanza(client[4], 0) - Message discarded for I'm not a recipient: 
client[1] - time to live = 0 for message: message from client[0] to stanza(client[4], 0)
client[1] - Sending message to room stanza(client[1], 2) - msg(244,client[1])
client[0] - Asked for message: 2 - Room: stanza(client[1], 2)
client[0] - Asked for message: 1 - Room: stanza(client[1], 2)
client[0] - Asked for message: 1 - Room: stanza(client[1], 2)
client[0] - Asked for message: 7 - Room: stanza(client[1], 2)
client[0] - Asked for message: 1 - Room: stanza(client[1], 2)
client[0] - time to live = 0 for message: message from client[1] to stanza(client[1], 2)
client[2] - Asked for message: 2 - Room: stanza(client[1], 2)
client[2] - Asked for message: 1 - Room: stanza(client[1], 2)
client[2] - Asked for message: 1 - Room: stanza(client[1], 2)
client[2] - Asked for message: 1 - Room: stanza(client[1], 2)
client[2] - Asked for message: 7 - Room: stanza(client[1], 2)
client[2] - time to live = 0 for message: message from client[1] to stanza(client[1], 2)
client[4] - Room: stanza(client[1], 2) - Message discarded for I'm not a recipient: 
client[4] - time to live = 0 for message: ask message for missing message 2
NOT IMPLEMENTED YET
client[1] - Room: stanza(client[1], 2) - Asked for message: 2
client[1] - time to live = 0 for message: ask message for missing message 2
client[4] - Room: stanza(client[1], 2) - Message discarded for I'm not a recipient: 
client[4] - time to live = 0 for message: ask message for missing message 1
NOT IMPLEMENTED YET
client[1] - Room: stanza(client[1], 2) - Asked for message: 1
client[1] - time to live = 0 for message: ask message for missing message 1
client[4] - Room: stanza(client[1], 2) - Message discarded for I'm not a recipient: 
client[4] - time to live = 0 for message: ask message for missing message 1
NOT IMPLEMENTED YET
client[1] - Room: stanza(client[1], 2) - Asked for message: 1
client[1] - time to live = 0 for message: ask message for missing message 1
client[4] - Room: stanza(client[1], 2) - Message discarded for I'm not a recipient: 
client[4] - time to live = 0 for message: ask message for missing message 7
NOT IMPLEMENTED YET
client[1] - Room: stanza(client[1], 2) - Asked for message: 7
client[1] - time to live = 0 for message: ask message for missing message 7
client[4] - Room: stanza(client[1], 2) - Message discarded for I'm not a recipient: 
client[4] - time to live = 0 for message: ask message for missing message 1
NOT IMPLEMENTED YET
client[1] - Room: stanza(client[1], 2) - Asked for message: 1
client[1] - time to live = 0 for message: ask message for missing message 1
NOT IMPLEMENTED YET
client[1] - Room: stanza(client[1], 2) - Asked for message: 2
client[1] - time to live = 0 for message: ask message for missing message 2
client[3] - Room: stanza(client[1], 2) - Message discarded for I'm not a recipient: 
client[3] - time to live = 0 for message: ask message for missing message 2
NOT IMPLEMENTED YET
client[1] - Room: stanza(client[1], 2) - Asked for message: 1
client[1] - time to live = 0 for message: ask message for missing message 1
client[3] - Room: stanza(client[1], 2) - Message discarded for I'm not a recipient: 
client[3] - time to live = 0 for message: ask message for missing message 1
NOT IMPLEMENTED YET
client[1] - Room: stanza(client[1], 2) - Asked for message: 1
client[1] - time to live = 0 for message: ask message for missing message 1
client[3] - Room: stanza(client[1], 2) - Message discarded for I'm not a recipient: 
client[3] - time to live = 0 for message: ask message for missing message 1
NOT IMPLEMENTED YET
client[1] - Room: stanza(client[1], 2) - Asked for message: 1
client[1] - time to live = 0 for message: ask message for missing message 1
client[3] - Room: stanza(client[1], 2) - Message discarded for I'm not a recipient: 
client[3] - time to live = 0 for message: ask message for missing message 1
NOT IMPLEMENTED YET
client[1] - Room: stanza(client[1], 2) - Asked for message: 7
client[1] - time to live = 0 for message: ask message for missing message 7
client[3] - Room: stanza(client[1], 2) - Message discarded for I'm not a recipient: 
client[3] - time to live = 0 for message: ask message for missing message 7
client[2] - Sending message to room stanza(client[1], 1) - msg(183,client[2])
client[1] - stanza(client[1], 1) - Displayed message: msg(183,client[2]) from user client[2]
client[1] - Room: stanza(client[1], 1) - Message received: msg(183,client[2])
client[1] - time to live = 0 for message: message from client[2] to stanza(client[1], 1)
client[3] - Room: stanza(client[1], 1) - Message discarded for I'm not a recipient: 
client[3] - time to live = 0 for message: message from client[2] to stanza(client[1], 1)
client[4] - Sending message to room stanza(client[3], 5) - msg(230,client[4])
client[3] - stanza(client[3], 5) - Displayed message: msg(230,client[4]) from user client[4]
client[3] - Room: stanza(client[3], 5) - Message received: msg(230,client[4])
client[3] - time to live = 0 for message: message from client[4] to stanza(client[3], 5)
client[0] - Room: stanza(client[3], 5) - Message discarded for I'm not a recipient: 
client[0] - time to live = 0 for message: message from client[4] to stanza(client[3], 5)
client[4] - Sending message to room stanza(client[3], 1) - msg(231,client[4])
client[3] - stanza(client[3], 1) - Displayed message: msg(231,client[4]) from user client[4]
client[3] - Room: stanza(client[3], 1) - Message received: msg(231,client[4])
client[3] - time to live = 0 for message: message from client[4] to stanza(client[3], 1)
client[0] - Room: stanza(client[3], 1) - Message discarded for I'm not a recipient: 
client[0] - time to live = 0 for message: message from client[4] to stanza(client[3], 1)
client[2] - Sending message to room stanza(client[2], 1) - msg(184,client[2])
client[1] - stanza(client[2], 1) - Displayed message: msg(184,client[2]) from user client[2]
client[1] - Room: stanza(client[2], 1) - Message received: msg(184,client[2])
client[1] - time to live = 0 for message: message from client[2] to stanza(client[2], 1)
client[3] - Room: stanza(client[2], 1) - Message discarded for I'm not a recipient: 
client[3] - time to live = 0 for message: message from client[2] to stanza(client[2], 1)
client[4] - Sending message to room stanza(client[4], 1) - msg(232,client[4])
client[3] - Asked for message: 2 - Room: stanza(client[4], 1)
client[3] - Asked for message: 1 - Room: stanza(client[4], 1)
client[3] - Asked for message: 1 - Room: stanza(client[4], 1)
client[3] - Asked for message: 25 - Room: stanza(client[4], 1)
client[3] - time to live = 0 for message: message from client[4] to stanza(client[4], 1)
client[0] - Asked for message: 2 - Room: stanza(client[4], 1)
client[0] - Asked for message: 1 - Room: stanza(client[4], 1)
client[0] - Asked for message: 14 - Room: stanza(client[4], 1)
client[0] - Asked for message: 1 - Room: stanza(client[4], 1)
client[0] - time to live = 0 for message: message from client[4] to stanza(client[4], 1)
client[2] - Room: stanza(client[4], 1) - Message discarded for I'm not a recipient: 
client[2] - time to live = 0 for message: ask message for missing message 2
NOT IMPLEMENTED YET
client[4] - Room: stanza(client[4], 1) - Asked for message: 2
client[4] - time to live = 0 for message: ask message for missing message 2
client[2] - Room: stanza(client[4], 1) - Message discarded for I'm not a recipient: 
client[2] - time to live = 0 for message: ask message for missing message 1
NOT IMPLEMENTED YET
client[4] - Room: stanza(client[4], 1) - Asked for message: 1
client[4] - time to live = 0 for message: ask message for missing message 1
client[2] - Room: stanza(client[4], 1) - Message discarded for I'm not a recipient: 
client[2] - time to live = 0 for message: ask message for missing message 1
NOT IMPLEMENTED YET
client[4] - Room: stanza(client[4], 1) - Asked for message: 1
client[4] - time to live = 0 for message: ask message for missing message 1
client[2] - Room: stanza(client[4], 1) - Message discarded for I'm not a recipient: 
client[2] - time to live = 0 for message: ask message for missing message 25
NOT IMPLEMENTED YET
client[4] - Room: stanza(client[4], 1) - Asked for message: 25
client[4] - time to live = 0 for message: ask message for missing message 25
NOT IMPLEMENTED YET
client[4] - Room: stanza(client[4], 1) - Asked for message: 2
client[4] - time to live = 0 for message: ask message for missing message 2
client[1] - Room: stanza(client[4], 1) - Message discarded for I'm not a recipient: 
client[1] - time to live = 0 for message: ask message for missing message 2
NOT IMPLEMENTED YET
client[4] - Room: stanza(client[4], 1) - Asked for message: 1
client[4] - time to live = 0 for message: ask message for missing message 1
client[1] - Room: stanza(client[4], 1) - Message discarded for I'm not a recipient: 
client[1] - time to live = 0 for message: ask message for missing message 1
NOT IMPLEMENTED YET
client[4] - Room: stanza(client[4], 1) - Asked for message: 14
client[4] - time to live = 0 for message: ask message for missing message 14
client[1] - Room: stanza(client[4], 1) - Message discarded for I'm not a recipient: 
client[1] - time to live = 0 for message: ask message for missing message 14
NOT IMPLEMENTED YET
client[4] - Room: stanza(client[4], 1) - Asked for message: 1
client[4] - time to live = 0 for message: ask message for missing message 1
client[1] - Room: stanza(client[4], 1) - Message discarded for I'm not a recipient: 
client[1] - time to live = 0 for message: ask message for missing message 1
client[1] - Sending message to room stanza(client[1], 1) - msg(245,client[1])
client[0] - Asked for message: 2 - Room: stanza(client[1], 1)
client[0] - Asked for message: 14 - Room: stanza(client[1], 1)
client[0] - Asked for message: 1 - Room: stanza(client[1], 1)
client[0] - Asked for message: 1 - Room: stanza(client[1], 1)
client[0] - time to live = 0 for message: message from client[1] to stanza(client[1], 1)
client[2] - Asked for message: 2 - Room: stanza(client[1], 1)
client[2] - Asked for message: 1 - Room: stanza(client[1], 1)
client[2] - Asked for message: 25 - Room: stanza(client[1], 1)
client[2] - Asked for message: 1 - Room: stanza(client[1], 1)
client[2] - time to live = 0 for message: message from client[1] to stanza(client[1], 1)
client[4] - Room: stanza(client[1], 1) - Message discarded for I'm not a recipient: 
client[4] - time to live = 0 for message: ask message for missing message 2
NOT IMPLEMENTED YET
client[1] - Room: stanza(client[1], 1) - Asked for message: 2
client[1] - time to live = 0 for message: ask message for missing message 2
client[4] - Room: stanza(client[1], 1) - Message discarded for I'm not a recipient: 
client[4] - time to live = 0 for message: ask message for missing message 14
NOT IMPLEMENTED YET
client[1] - Room: stanza(client[1], 1) - Asked for message: 14
client[1] - time to live = 0 for message: ask message for missing message 14
client[4] - Room: stanza(client[1], 1) - Message discarded for I'm not a recipient: 
client[4] - time to live = 0 for message: ask message for missing message 1
NOT IMPLEMENTED YET
client[1] - Room: stanza(client[1], 1) - Asked for message: 1
client[1] - time to live = 0 for message: ask message for missing message 1
client[4] - Room: stanza(client[1], 1) - Message discarded for I'm not a recipient: 
client[4] - time to live = 0 for message: ask message for missing message 1
NOT IMPLEMENTED YET
client[1] - Room: stanza(client[1], 1) - Asked for message: 1
client[1] - time to live = 0 for message: ask message for missing message 1
NOT IMPLEMENTED YET
client[1] - Room: stanza(client[1], 1) - Asked for message: 2
client[1] - time to live = 0 for message: ask message for missing message 2
client[3] - Room: stanza(client[1], 1) - Message discarded for I'm not a recipient: 
client[3] - time to live = 0 for message: ask message for missing message 2
NOT IMPLEMENTED YET
client[1] - Room: stanza(client[1], 1) - Asked for message: 1
client[1] - time to live = 0 for message: ask message for missing message 1
client[3] - Room: stanza(client[1], 1) - Message discarded for I'm not a recipient: 
client[3] - time to live = 0 for message: ask message for missing message 1
NOT IMPLEMENTED YET
client[1] - Room: stanza(client[1], 1) - Asked for message: 25
client[1] - time to live = 0 for message: ask message for missing message 25
client[3] - Room: stanza(client[1], 1) - Message discarded for I'm not a recipient: 
client[3] - time to live = 0 for message: ask message for missing message 25
NOT IMPLEMENTED YET
client[1] - Room: stanza(client[1], 1) - Asked for message: 1
client[1] - time to live = 0 for message: ask message for missing message 1
client[3] - Room: stanza(client[1], 1) - Message discarded for I'm not a recipient: 
client[3] - time to live = 0 for message: ask message for missing message 1
client[0] - Sending message to room stanza(client[1], 2) - msg(209,client[0])
client[4] - Room: stanza(client[1], 2) - Message discarded for I'm not a recipient: 
client[4] - time to live = 0 for message: message from client[0] to stanza(client[1], 2)
client[1] - stanza(client[1], 2) - Displayed message: msg(209,client[0]) from user client[0]
client[1] - Room: stanza(client[1], 2) - Message received: msg(209,client[0])
client[1] - time to live = 0 for message: message from client[0] to stanza(client[1], 2)
client[3] - Sending message to room stanza(client[3], 4) - msg(207,client[3])
client[2] - Room: stanza(client[3], 4) - Message discarded for I'm not a recipient: 
client[2] - time to live = 0 for message: message from client[3] to stanza(client[3], 4)
client[4] - stanza(client[3], 4) - Displayed message: msg(207,client[3]) from user client[3]
client[4] - Room: stanza(client[3], 4) - Message received: msg(207,client[3])
client[4] - time to live = 0 for message: message from client[3] to stanza(client[3], 4)
client[0] - Sending message to room stanza(client[0], 2) - msg(210,client[0])
client[4] - Asked for message: 1 - Room: stanza(client[0], 2)
client[4] - Asked for message: 1 - Room: stanza(client[0], 2)
client[4] - Asked for message: 35 - Room: stanza(client[0], 2)
client[4] - Asked for message: 1 - Room: stanza(client[0], 2)
client[4] - Asked for message: 1 - Room: stanza(client[0], 2)
client[4] - time to live = 0 for message: message from client[0] to stanza(client[0], 2)
client[1] - Asked for message: 1 - Room: stanza(client[0], 2)
client[1] - Asked for message: 1 - Room: stanza(client[0], 2)
client[1] - Asked for message: 1 - Room: stanza(client[0], 2)
client[1] - Asked for message: 36 - Room: stanza(client[0], 2)
client[1] - Asked for message: 1 - Room: stanza(client[0], 2)
client[1] - time to live = 0 for message: message from client[0] to stanza(client[0], 2)
client[3] - Room: stanza(client[0], 2) - Message discarded for I'm not a recipient: 
client[3] - time to live = 0 for message: ask message for missing message 1
NOT IMPLEMENTED YET
client[0] - Room: stanza(client[0], 2) - Asked for message: 1
client[0] - time to live = 0 for message: ask message for missing message 1
client[3] - Room: stanza(client[0], 2) - Message discarded for I'm not a recipient: 
client[3] - time to live = 0 for message: ask message for missing message 1
NOT IMPLEMENTED YET
client[0] - Room: stanza(client[0], 2) - Asked for message: 1
client[0] - time to live = 0 for message: ask message for missing message 1
client[3] - Room: stanza(client[0], 2) - Message discarded for I'm not a recipient: 
client[3] - time to live = 0 for message: ask message for missing message 35
NOT IMPLEMENTED YET
client[0] - Room: stanza(client[0], 2) - Asked for message: 35
client[0] - time to live = 0 for message: ask message for missing message 35
client[3] - Room: stanza(client[0], 2) - Message discarded for I'm not a recipient: 
client[3] - time to live = 0 for message: ask message for missing message 1
NOT IMPLEMENTED YET
client[0] - Room: stanza(client[0], 2) - Asked for message: 1
client[0] - time to live = 0 for message: ask message for missing message 1
client[3] - Room: stanza(client[0], 2) - Message discarded for I'm not a recipient: 
client[3] - time to live = 0 for message: ask message for missing message 1
NOT IMPLEMENTED YET
client[0] - Room: stanza(client[0], 2) - Asked for message: 1
client[0] - time to live = 0 for message: ask message for missing message 1
NOT IMPLEMENTED YET
client[0] - Room: stanza(client[0], 2) - Asked for message: 1
client[0] - time to live = 0 for message: ask message for missing message 1
client[2] - Room: stanza(client[0], 2) - Message discarded for I'm not a recipient: 
client[2] - time to live = 0 for message: ask message for missing message 1
NOT IMPLEMENTED YET
client[0] - Room: stanza(client[0], 2) - Asked for message: 1
client[0] - time to live = 0 for message: ask message for missing message 1
client[2] - Room: stanza(client[0], 2) - Message discarded for I'm not a recipient: 
client[2] - time to live = 0 for message: ask message for missing message 1
NOT IMPLEMENTED YET
client[0] - Room: stanza(client[0], 2) - Asked for message: 1
client[0] - time to live = 0 for message: ask message for missing message 1
client[2] - Room: stanza(client[0], 2) - Message discarded for I'm not a recipient: 
client[2] - time to live = 0 for message: ask message for missing message 1
NOT IMPLEMENTED YET
client[0] - Room: stanza(client[0], 2) - Asked for message: 36
client[0] - time to live = 0 for message: ask message for missing message 36
client[2] - Room: stanza(client[0], 2) - Message discarded for I'm not a recipient: 
client[2] - time to live = 0 for message: ask message for missing message 36
NOT IMPLEMENTED YET
client[0] - Room: stanza(client[0], 2) - Asked for message: 1
client[0] - time to live = 0 for message: ask message for missing message 1
client[2] - Room: stanza(client[0], 2) - Message discarded for I'm not a recipient: 
client[2] - time to live = 0 for message: ask message for missing message 1
client[1] - Sending message to room stanza(client[2], 0) - msg(246,client[1])
client[0] - Room: stanza(client[2], 0) - Message discarded for I'm not a recipient: 
client[0] - time to live = 0 for message: message from client[1] to stanza(client[2], 0)
client[2] - stanza(client[2], 0) - Displayed message: msg(246,client[1]) from user client[1]
client[2] - Room: stanza(client[2], 0) - Message received: msg(246,client[1])
client[2] - time to live = 0 for message: message from client[1] to stanza(client[2], 0)
client[4] - Sending message to room stanza(client[3], 1) - msg(233,client[4])
client[3] - stanza(client[3], 1) - Displayed message: msg(233,client[4]) from user client[4]
client[3] - Room: stanza(client[3], 1) - Message received: msg(233,client[4])
client[3] - time to live = 0 for message: message from client[4] to stanza(client[3], 1)
client[0] - Room: stanza(client[3], 1) - Message discarded for I'm not a recipient: 
client[0] - time to live = 0 for message: message from client[4] to stanza(client[3], 1)
client[0] - Sending message to room stanza(client[0], 0) - msg(211,client[0])
client[4] - Room: stanza(client[0], 0) - Message discarded for I'm not a recipient: 
client[4] - time to live = 0 for message: message from client[0] to stanza(client[0], 0)
client[1] - Room: stanza(client[0], 0) - Message discarded for I'm not a recipient: 
client[1] - time to live = 0 for message: message from client[0] to stanza(client[0], 0)
client[4] - Sending message to room stanza(client[4], 3) - msg(234,client[4])
client[3] - Room: stanza(client[4], 3) - Message received: msg(234,client[4])
client[3] - time to live = 0 for message: message from client[4] to stanza(client[4], 3)
client[0] - Room: stanza(client[4], 3) - Message received: msg(234,client[4])
client[0] - time to live = 0 for message: message from client[4] to stanza(client[4], 3)
client[0] - Sending message to room stanza(client[1], 1) - msg(212,client[0])
client[4] - Room: stanza(client[1], 1) - Message discarded for I'm not a recipient: 
client[4] - time to live = 0 for message: message from client[0] to stanza(client[1], 1)
client[1] - stanza(client[1], 1) - Displayed message: msg(212,client[0]) from user client[0]
client[1] - Room: stanza(client[1], 1) - Message received: msg(212,client[0])
client[1] - time to live = 0 for message: message from client[0] to stanza(client[1], 1)
client[3] - Sending message to room stanza(client[3], 1) - msg(208,client[3])
client[2] - Asked for message: 3 - Room: stanza(client[3], 1)
client[2] - Asked for message: 1 - Room: stanza(client[3], 1)
client[2] - Asked for message: 32 - Room: stanza(client[3], 1)
client[2] - Asked for message: 1 - Room: stanza(client[3], 1)
client[2] - Asked for message: 1 - Room: stanza(client[3], 1)
client[2] - time to live = 0 for message: message from client[3] to stanza(client[3], 1)
client[4] - Asked for message: 1 - Room: stanza(client[3], 1)
client[4] - Asked for message: 1 - Room: stanza(client[3], 1)
client[4] - Asked for message: 1 - Room: stanza(client[3], 1)
client[4] - Asked for message: 1 - Room: stanza(client[3], 1)
client[4] - Asked for message: 29 - Room: stanza(client[3], 1)
client[4] - time to live = 0 for message: message from client[3] to stanza(client[3], 1)
client[1] - Room: stanza(client[3], 1) - Message discarded for I'm not a recipient: 
client[1] - time to live = 0 for message: ask message for missing message 3
NOT IMPLEMENTED YET
client[3] - Room: stanza(client[3], 1) - Asked for message: 3
client[3] - time to live = 0 for message: ask message for missing message 3
client[1] - Room: stanza(client[3], 1) - Message discarded for I'm not a recipient: 
client[1] - time to live = 0 for message: ask message for missing message 1
NOT IMPLEMENTED YET
client[3] - Room: stanza(client[3], 1) - Asked for message: 1
client[3] - time to live = 0 for message: ask message for missing message 1
client[1] - Room: stanza(client[3], 1) - Message discarded for I'm not a recipient: 
client[1] - time to live = 0 for message: ask message for missing message 32
NOT IMPLEMENTED YET
client[3] - Room: stanza(client[3], 1) - Asked for message: 32
client[3] - time to live = 0 for message: ask message for missing message 32
client[1] - Room: stanza(client[3], 1) - Message discarded for I'm not a recipient: 
client[1] - time to live = 0 for message: ask message for missing message 1
NOT IMPLEMENTED YET
client[3] - Room: stanza(client[3], 1) - Asked for message: 1
client[3] - time to live = 0 for message: ask message for missing message 1
client[1] - Room: stanza(client[3], 1) - Message discarded for I'm not a recipient: 
client[1] - time to live = 0 for message: ask message for missing message 1
NOT IMPLEMENTED YET
client[3] - Room: stanza(client[3], 1) - Asked for message: 1
client[3] - time to live = 0 for message: ask message for missing message 1
NOT IMPLEMENTED YET
client[3] - Room: stanza(client[3], 1) - Asked for message: 1
client[3] - time to live = 0 for message: ask message for missing message 1
client[0] - Room: stanza(client[3], 1) - Message discarded for I'm not a recipient: 
client[0] - time to live = 0 for message: ask message for missing message 1
NOT IMPLEMENTED YET
client[3] - Room: stanza(client[3], 1) - Asked for message: 1
client[3] - time to live = 0 for message: ask message for missing message 1
client[0] - Room: stanza(client[3], 1) - Message discarded for I'm not a recipient: 
client[0] - time to live = 0 for message: ask message for missing message 1
NOT IMPLEMENTED YET
client[3] - Room: stanza(client[3], 1) - Asked for message: 1
client[3] - time to live = 0 for message: ask message for missing message 1
client[0] - Room: stanza(client[3], 1) - Message discarded for I'm not a recipient: 
client[0] - time to live = 0 for message: ask message for missing message 1
NOT IMPLEMENTED YET
client[3] - Room: stanza(client[3], 1) - Asked for message: 1
client[3] - time to live = 0 for message: ask message for missing message 1
client[0] - Room: stanza(client[3], 1) - Message discarded for I'm not a recipient: 
client[0] - time to live = 0 for message: ask message for missing message 1
NOT IMPLEMENTED YET
client[3] - Room: stanza(client[3], 1) - Asked for message: 29
client[3] - time to live = 0 for message: ask message for missing message 29
client[0] - Room: stanza(client[3], 1) - Message discarded for I'm not a recipient: 
client[0] - time to live = 0 for message: ask message for missing message 29
client[2] - Sending message to room stanza(client[3], 1) - msg(185,client[2])
client[1] - Room: stanza(client[3], 1) - Message discarded for I'm not a recipient: 
client[1] - time to live = 0 for message: message from client[2] to stanza(client[3], 1)
client[3] - stanza(client[3], 1) - Displayed message: msg(185,client[2]) from user client[2]
client[3] - Room: stanza(client[3], 1) - Message received: msg(185,client[2])
client[3] - time to live = 0 for message: message from client[2] to stanza(client[3], 1)
client[4] - Sending message to room stanza(client[3], 4) - msg(235,client[4])
client[3] - stanza(client[3], 4) - Displayed message: msg(235,client[4]) from user client[4]
client[3] - Room: stanza(client[3], 4) - Message received: msg(235,client[4])
client[3] - time to live = 0 for message: message from client[4] to stanza(client[3], 4)
client[0] - Room: stanza(client[3], 4) - Message discarded for I'm not a recipient: 
client[0] - time to live = 0 for message: message from client[4] to stanza(client[3], 4)
client[1] - Sending message to room stanza(client[1], 0) - msg(247,client[1])
client[0] - stanza(client[1], 0) - Displayed message: msg(247,client[1]) from user client[1]
client[0] - Room: stanza(client[1], 0) - Message received: msg(247,client[1])
client[0] - time to live = 0 for message: message from client[1] to stanza(client[1], 0)
client[2] - Room: stanza(client[1], 0) - Message discarded for I'm not a recipient: 
client[2] - time to live = 0 for message: message from client[1] to stanza(client[1], 0)
client[0] - Sending message to room stanza(client[0], 1) - msg(213,client[0])
client[4] - Asked for message: 1 - Room: stanza(client[0], 1)
client[4] - Asked for message: 1 - Room: stanza(client[0], 1)
client[4] - Asked for message: 1 - Room: stanza(client[0], 1)
client[4] - Asked for message: 58 - Room: stanza(client[0], 1)
client[4] - Asked for message: 1 - Room: stanza(client[0], 1)
client[4] - time to live = 0 for message: message from client[0] to stanza(client[0], 1)
client[1] - Asked for message: 1 - Room: stanza(client[0], 1)
client[1] - Asked for message: 1 - Room: stanza(client[0], 1)
client[1] - Asked for message: 1 - Room: stanza(client[0], 1)
client[1] - Asked for message: 1 - Room: stanza(client[0], 1)
client[1] - Asked for message: 65 - Room: stanza(client[0], 1)
client[1] - time to live = 0 for message: message from client[0] to stanza(client[0], 1)
client[3] - Room: stanza(client[0], 1) - Message discarded for I'm not a recipient: 
client[3] - time to live = 0 for message: ask message for missing message 1
NOT IMPLEMENTED YET
client[0] - Room: stanza(client[0], 1) - Asked for message: 1
client[0] - time to live = 0 for message: ask message for missing message 1
client[3] - Room: stanza(client[0], 1) - Message discarded for I'm not a recipient: 
client[3] - time to live = 0 for message: ask message for missing message 1
NOT IMPLEMENTED YET
client[0] - Room: stanza(client[0], 1) - Asked for message: 1
client[0] - time to live = 0 for message: ask message for missing message 1
client[3] - Room: stanza(client[0], 1) - Message discarded for I'm not a recipient: 
client[3] - time to live = 0 for message: ask message for missing message 1
NOT IMPLEMENTED YET
client[0] - Room: stanza(client[0], 1) - Asked for message: 1
client[0] - time to live = 0 for message: ask message for missing message 1
client[3] - Room: stanza(client[0], 1) - Message discarded for I'm not a recipient: 
client[3] - time to live = 0 for message: ask message for missing message 58
NOT IMPLEMENTED YET
client[0] - Room: stanza(client[0], 1) - Asked for message: 58
client[0] - time to live = 0 for message: ask message for missing message 58
client[3] - Room: stanza(client[0], 1) - Message discarded for I'm not a recipient: 
client[3] - time to live = 0 for message: ask message for missing message 1
NOT IMPLEMENTED YET
client[0] - Room: stanza(client[0], 1) - Asked for message: 1
client[0] - time to live = 0 for message: ask message for missing message 1
NOT IMPLEMENTED YET
client[0] - Room: stanza(client[0], 1) - Asked for message: 1
client[0] - time to live = 0 for message: ask message for missing message 1
client[2] - Room: stanza(client[0], 1) - Message discarded for I'm not a recipient: 
client[2] - time to live = 0 for message: ask message for missing message 1
NOT IMPLEMENTED YET
client[0] - Room: stanza(client[0], 1) - Asked for message: 1
client[0] - time to live = 0 for message: ask message for missing message 1
client[2] - Room: stanza(client[0], 1) - Message discarded for I'm not a recipient: 
client[2] - time to live = 0 for message: ask message for missing message 1
NOT IMPLEMENTED YET
client[0] - Room: stanza(client[0], 1) - Asked for message: 1
client[0] - time to live = 0 for message: ask message for missing message 1
client[2] - Room: stanza(client[0], 1) - Message discarded for I'm not a recipient: 
client[2] - time to live = 0 for message: ask message for missing message 1
NOT IMPLEMENTED YET
client[0] - Room: stanza(client[0], 1) - Asked for message: 1
client[0] - time to live = 0 for message: ask message for missing message 1
client[2] - Room: stanza(client[0], 1) - Message discarded for I'm not a recipient: 
client[2] - time to live = 0 for message: ask message for missing message 1
NOT IMPLEMENTED YET
client[0] - Room: stanza(client[0], 1) - Asked for message: 65
client[0] - time to live = 0 for message: ask message for missing message 65
client[2] - Room: stanza(client[0], 1) - Message discarded for I'm not a recipient: 
client[2] - time to live = 0 for message: ask message for missing message 65
client[4] - Sending message to room stanza(client[3], 6) - msg(236,client[4])
client[3] - stanza(client[3], 6) - Displayed message: msg(236,client[4]) from user client[4]
client[3] - Room: stanza(client[3], 6) - Message received: msg(236,client[4])
client[3] - time to live = 0 for message: message from client[4] to stanza(client[3], 6)
client[0] - Room: stanza(client[3], 6) - Message discarded for I'm not a recipient: 
client[0] - time to live = 0 for message: message from client[4] to stanza(client[3], 6)
client[3] - Sending message to room stanza(client[3], 5) - msg(209,client[3])
client[2] - Room: stanza(client[3], 5) - Message discarded for I'm not a recipient: 
client[2] - time to live = 0 for message: message from client[3] to stanza(client[3], 5)
client[4] - stanza(client[3], 5) - Displayed message: msg(209,client[3]) from user client[3]
client[4] - Room: stanza(client[3], 5) - Message received: msg(209,client[3])
client[4] - time to live = 0 for message: message from client[3] to stanza(client[3], 5)
client[4] - Sending message to room stanza(client[3], 6) - msg(237,client[4])
client[3] - stanza(client[3], 6) - Displayed message: msg(237,client[4]) from user client[4]
client[3] - Room: stanza(client[3], 6) - Message received: msg(237,client[4])
client[3] - time to live = 0 for message: message from client[4] to stanza(client[3], 6)
client[0] - Room: stanza(client[3], 6) - Message discarded for I'm not a recipient: 
client[0] - time to live = 0 for message: message from client[4] to stanza(client[3], 6)
client[0] - Sending message to room stanza(client[1], 3) - msg(214,client[0])
client[4] - Room: stanza(client[1], 3) - Message discarded for I'm not a recipient: 
client[4] - time to live = 0 for message: message from client[0] to stanza(client[1], 3)
client[1] - stanza(client[1], 3) - Displayed message: msg(214,client[0]) from user client[0]
client[1] - Room: stanza(client[1], 3) - Message received: msg(214,client[0])
client[1] - time to live = 0 for message: message from client[0] to stanza(client[1], 3)
client[1] - Sending message to room stanza(client[1], 2) - msg(248,client[1])
client[0] - Asked for message: 2 - Room: stanza(client[1], 2)
client[0] - Asked for message: 1 - Room: stanza(client[1], 2)
client[0] - Asked for message: 1 - Room: stanza(client[1], 2)
client[0] - Asked for message: 8 - Room: stanza(client[1], 2)
client[0] - Asked for message: 1 - Room: stanza(client[1], 2)
client[0] - time to live = 0 for message: message from client[1] to stanza(client[1], 2)
client[2] - Asked for message: 2 - Room: stanza(client[1], 2)
client[2] - Asked for message: 1 - Room: stanza(client[1], 2)
client[2] - Asked for message: 1 - Room: stanza(client[1], 2)
client[2] - Asked for message: 1 - Room: stanza(client[1], 2)
client[2] - Asked for message: 7 - Room: stanza(client[1], 2)
client[2] - time to live = 0 for message: message from client[1] to stanza(client[1], 2)
client[4] - Room: stanza(client[1], 2) - Message discarded for I'm not a recipient: 
client[4] - time to live = 0 for message: ask message for missing message 2
NOT IMPLEMENTED YET
client[1] - Room: stanza(client[1], 2) - Asked for message: 2
client[1] - time to live = 0 for message: ask message for missing message 2
client[4] - Room: stanza(client[1], 2) - Message discarded for I'm not a recipient: 
client[4] - time to live = 0 for message: ask message for missing message 1
NOT IMPLEMENTED YET
client[1] - Room: stanza(client[1], 2) - Asked for message: 1
client[1] - time to live = 0 for message: ask message for missing message 1
client[4] - Room: stanza(client[1], 2) - Message discarded for I'm not a recipient: 
client[4] - time to live = 0 for message: ask message for missing message 1
NOT IMPLEMENTED YET
client[1] - Room: stanza(client[1], 2) - Asked for message: 1
client[1] - time to live = 0 for message: ask message for missing message 1
client[4] - Room: stanza(client[1], 2) - Message discarded for I'm not a recipient: 
client[4] - time to live = 0 for message: ask message for missing message 8
NOT IMPLEMENTED YET
client[1] - Room: stanza(client[1], 2) - Asked for message: 8
client[1] - time to live = 0 for message: ask message for missing message 8
client[4] - Room: stanza(client[1], 2) - Message discarded for I'm not a recipient: 
client[4] - time to live = 0 for message: ask message for missing message 1
NOT IMPLEMENTED YET
client[1] - Room: stanza(client[1], 2) - Asked for message: 1
client[1] - time to live = 0 for message: ask message for missing message 1
NOT IMPLEMENTED YET
client[1] - Room: stanza(client[1], 2) - Asked for message: 2
client[1] - time to live = 0 for message: ask message for missing message 2
client[3] - Room: stanza(client[1], 2) - Message discarded for I'm not a recipient: 
client[3] - time to live = 0 for message: ask message for missing message 2
NOT IMPLEMENTED YET
client[1] - Room: stanza(client[1], 2) - Asked for message: 1
client[1] - time to live = 0 for message: ask message for missing message 1
client[3] - Room: stanza(client[1], 2) - Message discarded for I'm not a recipient: 
client[3] - time to live = 0 for message: ask message for missing message 1
NOT IMPLEMENTED YET
client[1] - Room: stanza(client[1], 2) - Asked for message: 1
client[1] - time to live = 0 for message: ask message for missing message 1
client[3] - Room: stanza(client[1], 2) - Message discarded for I'm not a recipient: 
client[3] - time to live = 0 for message: ask message for missing message 1
NOT IMPLEMENTED YET
client[1] - Room: stanza(client[1], 2) - Asked for message: 1
client[1] - time to live = 0 for message: ask message for missing message 1
client[3] - Room: stanza(client[1], 2) - Message discarded for I'm not a recipient: 
client[3] - time to live = 0 for message: ask message for missing message 1
NOT IMPLEMENTED YET
client[1] - Room: stanza(client[1], 2) - Asked for message: 7
client[1] - time to live = 0 for message: ask message for missing message 7
client[3] - Room: stanza(client[1], 2) - Message discarded for I'm not a recipient: 
client[3] - time to live = 0 for message: ask message for missing message 7
client[0] - Sending message to room stanza(client[1], 3) - msg(215,client[0])
client[4] - Room: stanza(client[1], 3) - Message discarded for I'm not a recipient: 
client[4] - time to live = 0 for message: message from client[0] to stanza(client[1], 3)
client[1] - stanza(client[1], 3) - Displayed message: msg(215,client[0]) from user client[0]
client[1] - Room: stanza(client[1], 3) - Message received: msg(215,client[0])
client[1] - time to live = 0 for message: message from client[0] to stanza(client[1], 3)
client[4] - Sending message to room stanza(client[3], 0) - msg(238,client[4])
client[3] - stanza(client[3], 0) - Displayed message: msg(238,client[4]) from user client[4]
client[3] - Room: stanza(client[3], 0) - Message received: msg(238,client[4])
client[3] - time to live = 0 for message: message from client[4] to stanza(client[3], 0)
client[0] - Room: stanza(client[3], 0) - Message discarded for I'm not a recipient: 
client[0] - time to live = 0 for message: message from client[4] to stanza(client[3], 0)
client[2] - Sending message to room stanza(client[1], 1) - msg(186,client[2])
client[1] - stanza(client[1], 1) - Displayed message: msg(186,client[2]) from user client[2]
client[1] - Room: stanza(client[1], 1) - Message received: msg(186,client[2])
client[1] - time to live = 0 for message: message from client[2] to stanza(client[1], 1)
client[3] - Room: stanza(client[1], 1) - Message discarded for I'm not a recipient: 
client[3] - time to live = 0 for message: message from client[2] to stanza(client[1], 1)
client[2] - Sending message to room stanza(client[1], 2) - msg(187,client[2])
client[1] - stanza(client[1], 2) - Displayed message: msg(187,client[2]) from user client[2]
client[1] - Room: stanza(client[1], 2) - Message received: msg(187,client[2])
client[1] - time to live = 0 for message: message from client[2] to stanza(client[1], 2)
client[3] - Room: stanza(client[1], 2) - Message discarded for I'm not a recipient: 
client[3] - time to live = 0 for message: message from client[2] to stanza(client[1], 2)
client[1] - Sending message to room stanza(client[1], 0) - msg(249,client[1])
client[0] - stanza(client[1], 0) - Displayed message: msg(249,client[1]) from user client[1]
client[0] - Room: stanza(client[1], 0) - Message received: msg(249,client[1])
client[0] - time to live = 0 for message: message from client[1] to stanza(client[1], 0)
client[2] - Room: stanza(client[1], 0) - Message discarded for I'm not a recipient: 
client[2] - time to live = 0 for message: message from client[1] to stanza(client[1], 0)
client[4] - Sending message to room stanza(client[4], 0) - msg(239,client[4])
client[3] - Room: stanza(client[4], 0) - Message discarded for I'm not a recipient: 
client[3] - time to live = 0 for message: message from client[4] to stanza(client[4], 0)
client[0] - stanza(client[4], 0) - Displayed message: msg(239,client[4]) from user client[4]
client[0] - Room: stanza(client[4], 0) - Message received: msg(239,client[4])
client[0] - time to live = 0 for message: message from client[4] to stanza(client[4], 0)
client[4] - Sending message to room stanza(client[3], 6) - msg(240,client[4])
client[3] - stanza(client[3], 6) - Displayed message: msg(240,client[4]) from user client[4]
client[3] - Room: stanza(client[3], 6) - Message received: msg(240,client[4])
client[3] - time to live = 0 for message: message from client[4] to stanza(client[3], 6)
client[0] - Room: stanza(client[3], 6) - Message discarded for I'm not a recipient: 
client[0] - time to live = 0 for message: message from client[4] to stanza(client[3], 6)
client[0] - Sending message to room stanza(client[4], 2) - msg(216,client[0])
client[4] - stanza(client[4], 2) - Displayed message: msg(216,client[0]) from user client[0]
client[4] - Room: stanza(client[4], 2) - Message received: msg(216,client[0])
client[4] - time to live = 0 for message: message from client[0] to stanza(client[4], 2)
client[1] - Room: stanza(client[4], 2) - Message discarded for I'm not a recipient: 
client[1] - time to live = 0 for message: message from client[0] to stanza(client[4], 2)
client[1] - Sending message to room stanza(client[1], 2) - msg(250,client[1])
client[0] - Asked for message: 2 - Room: stanza(client[1], 2)
client[0] - Asked for message: 1 - Room: stanza(client[1], 2)
client[0] - Asked for message: 1 - Room: stanza(client[1], 2)
client[0] - Asked for message: 8 - Room: stanza(client[1], 2)
client[0] - Asked for message: 1 - Room: stanza(client[1], 2)
client[0] - time to live = 0 for message: message from client[1] to stanza(client[1], 2)
client[2] - Asked for message: 2 - Room: stanza(client[1], 2)
client[2] - Asked for message: 1 - Room: stanza(client[1], 2)
client[2] - Asked for message: 1 - Room: stanza(client[1], 2)
client[2] - Asked for message: 1 - Room: stanza(client[1], 2)
client[2] - Asked for message: 8 - Room: stanza(client[1], 2)
client[2] - time to live = 0 for message: message from client[1] to stanza(client[1], 2)
client[4] - Room: stanza(client[1], 2) - Message discarded for I'm not a recipient: 
client[4] - time to live = 0 for message: ask message for missing message 2
NOT IMPLEMENTED YET
client[1] - Room: stanza(client[1], 2) - Asked for message: 2
client[1] - time to live = 0 for message: ask message for missing message 2
client[4] - Room: stanza(client[1], 2) - Message discarded for I'm not a recipient: 
client[4] - time to live = 0 for message: ask message for missing message 1
NOT IMPLEMENTED YET
client[1] - Room: stanza(client[1], 2) - Asked for message: 1
client[1] - time to live = 0 for message: ask message for missing message 1
client[4] - Room: stanza(client[1], 2) - Message discarded for I'm not a recipient: 
client[4] - time to live = 0 for message: ask message for missing message 1
NOT IMPLEMENTED YET
client[1] - Room: stanza(client[1], 2) - Asked for message: 1
client[1] - time to live = 0 for message: ask message for missing message 1
client[4] - Room: stanza(client[1], 2) - Message discarded for I'm not a recipient: 
client[4] - time to live = 0 for message: ask message for missing message 8
NOT IMPLEMENTED YET
client[1] - Room: stanza(client[1], 2) - Asked for message: 8
client[1] - time to live = 0 for message: ask message for missing message 8
client[4] - Room: stanza(client[1], 2) - Message discarded for I'm not a recipient: 
client[4] - time to live = 0 for message: ask message for missing message 1
NOT IMPLEMENTED YET
client[1] - Room: stanza(client[1], 2) - Asked for message: 1
client[1] - time to live = 0 for message: ask message for missing message 1
NOT IMPLEMENTED YET
client[1] - Room: stanza(client[1], 2) - Asked for message: 2
client[1] - time to live = 0 for message: ask message for missing message 2
client[3] - Room: stanza(client[1], 2) - Message discarded for I'm not a recipient: 
client[3] - time to live = 0 for message: ask message for missing message 2
NOT IMPLEMENTED YET
client[1] - Room: stanza(client[1], 2) - Asked for message: 1
client[1] - time to live = 0 for message: ask message for missing message 1
client[3] - Room: stanza(client[1], 2) - Message discarded for I'm not a recipient: 
client[3] - time to live = 0 for message: ask message for missing message 1
NOT IMPLEMENTED YET
client[1] - Room: stanza(client[1], 2) - Asked for message: 1
client[1] - time to live = 0 for message: ask message for missing message 1
client[3] - Room: stanza(client[1], 2) - Message discarded for I'm not a recipient: 
client[3] - time to live = 0 for message: ask message for missing message 1
NOT IMPLEMENTED YET
client[1] - Room: stanza(client[1], 2) - Asked for message: 1
client[1] - time to live = 0 for message: ask message for missing message 1
client[3] - Room: stanza(client[1], 2) - Message discarded for I'm not a recipient: 
client[3] - time to live = 0 for message: ask message for missing message 1
NOT IMPLEMENTED YET
client[1] - Room: stanza(client[1], 2) - Asked for message: 8
client[1] - time to live = 0 for message: ask message for missing message 8
client[3] - Room: stanza(client[1], 2) - Message discarded for I'm not a recipient: 
client[3] - time to live = 0 for message: ask message for missing message 8
client[3] - Sending message to room stanza(client[2], 2) - msg(210,client[3])
client[2] - stanza(client[2], 2) - Displayed message: msg(210,client[3]) from user client[3]
client[2] - Room: stanza(client[2], 2) - Message received: msg(210,client[3])
client[2] - time to live = 0 for message: message from client[3] to stanza(client[2], 2)
client[4] - Room: stanza(client[2], 2) - Message discarded for I'm not a recipient: 
client[4] - time to live = 0 for message: message from client[3] to stanza(client[2], 2)
client[0] - Sending message to room stanza(client[1], 2) - msg(217,client[0])
client[4] - Room: stanza(client[1], 2) - Message discarded for I'm not a recipient: 
client[4] - time to live = 0 for message: message from client[0] to stanza(client[1], 2)
client[1] - stanza(client[1], 2) - Displayed message: msg(217,client[0]) from user client[0]
client[1] - Room: stanza(client[1], 2) - Message received: msg(217,client[0])
client[1] - time to live = 0 for message: message from client[0] to stanza(client[1], 2)
client[1] - Sending message to room stanza(client[2], 1) - msg(251,client[1])
client[0] - Room: stanza(client[2], 1) - Message discarded for I'm not a recipient: 
client[0] - time to live = 0 for message: message from client[1] to stanza(client[2], 1)
client[2] - stanza(client[2], 1) - Displayed message: msg(251,client[1]) from user client[1]
client[2] - Room: stanza(client[2], 1) - Message received: msg(251,client[1])
client[2] - time to live = 0 for message: message from client[1] to stanza(client[2], 1)
client[1] - Sending message to room stanza(client[2], 0) - msg(252,client[1])
client[0] - Room: stanza(client[2], 0) - Message discarded for I'm not a recipient: 
client[0] - time to live = 0 for message: message from client[1] to stanza(client[2], 0)
client[2] - stanza(client[2], 0) - Displayed message: msg(252,client[1]) from user client[1]
client[2] - Room: stanza(client[2], 0) - Message received: msg(252,client[1])
client[2] - time to live = 0 for message: message from client[1] to stanza(client[2], 0)
client[4] - Sending message to room stanza(client[3], 7) - msg(241,client[4])
client[3] - stanza(client[3], 7) - Displayed message: msg(241,client[4]) from user client[4]
client[3] - Room: stanza(client[3], 7) - Message received: msg(241,client[4])
client[3] - time to live = 0 for message: message from client[4] to stanza(client[3], 7)
client[0] - Room: stanza(client[3], 7) - Message discarded for I'm not a recipient: 
client[0] - time to live = 0 for message: message from client[4] to stanza(client[3], 7)
client[2] - Sending message to room stanza(client[1], 1) - msg(188,client[2])
client[1] - stanza(client[1], 1) - Displayed message: msg(188,client[2]) from user client[2]
client[1] - Room: stanza(client[1], 1) - Message received: msg(188,client[2])
client[1] - time to live = 0 for message: message from client[2] to stanza(client[1], 1)
client[3] - Room: stanza(client[1], 1) - Message discarded for I'm not a recipient: 
client[3] - time to live = 0 for message: message from client[2] to stanza(client[1], 1)
client[3] - Sending message to room stanza(client[4], 4) - msg(211,client[3])
client[2] - Room: stanza(client[4], 4) - Message discarded for I'm not a recipient: 
client[2] - time to live = 0 for message: message from client[3] to stanza(client[4], 4)
client[4] - stanza(client[4], 4) - Displayed message: msg(211,client[3]) from user client[3]
client[4] - Room: stanza(client[4], 4) - Message received: msg(211,client[3])
client[4] - time to live = 0 for message: message from client[3] to stanza(client[4], 4)
client[1] - Sending message to room stanza(client[2], 1) - msg(253,client[1])
client[0] - Room: stanza(client[2], 1) - Message discarded for I'm not a recipient: 
client[0] - time to live = 0 for message: message from client[1] to stanza(client[2], 1)
client[2] - stanza(client[2], 1) - Displayed message: msg(253,client[1]) from user client[1]
client[2] - Room: stanza(client[2], 1) - Message received: msg(253,client[1])
client[2] - time to live = 0 for message: message from client[1] to stanza(client[2], 1)
client[2] - Sending message to room stanza(client[2], 3) - msg(189,client[2])
client[1] - Room: stanza(client[2], 3) - Message discarded for I'm not a recipient: 
client[1] - time to live = 0 for message: message from client[2] to stanza(client[2], 3)
client[3] - stanza(client[2], 3) - Displayed message: msg(189,client[2]) from user client[2]
client[3] - Room: stanza(client[2], 3) - Message received: msg(189,client[2])
client[3] - time to live = 0 for message: message from client[2] to stanza(client[2], 3)
client[0] - Sending message to room stanza(client[0], 2) - msg(218,client[0])
client[4] - Asked for message: 1 - Room: stanza(client[0], 2)
client[4] - Asked for message: 1 - Room: stanza(client[0], 2)
client[4] - Asked for message: 35 - Room: stanza(client[0], 2)
client[4] - Asked for message: 1 - Room: stanza(client[0], 2)
client[4] - Asked for message: 1 - Room: stanza(client[0], 2)
client[4] - time to live = 0 for message: message from client[0] to stanza(client[0], 2)
client[1] - Asked for message: 1 - Room: stanza(client[0], 2)
client[1] - Asked for message: 1 - Room: stanza(client[0], 2)
client[1] - Asked for message: 1 - Room: stanza(client[0], 2)
client[1] - Asked for message: 36 - Room: stanza(client[0], 2)
client[1] - Asked for message: 1 - Room: stanza(client[0], 2)
client[1] - time to live = 0 for message: message from client[0] to stanza(client[0], 2)
client[3] - Room: stanza(client[0], 2) - Message discarded for I'm not a recipient: 
client[3] - time to live = 0 for message: ask message for missing message 1
NOT IMPLEMENTED YET
client[0] - Room: stanza(client[0], 2) - Asked for message: 1
client[0] - time to live = 0 for message: ask message for missing message 1
client[3] - Room: stanza(client[0], 2) - Message discarded for I'm not a recipient: 
client[3] - time to live = 0 for message: ask message for missing message 1
NOT IMPLEMENTED YET
client[0] - Room: stanza(client[0], 2) - Asked for message: 1
client[0] - time to live = 0 for message: ask message for missing message 1
client[3] - Room: stanza(client[0], 2) - Message discarded for I'm not a recipient: 
client[3] - time to live = 0 for message: ask message for missing message 35
NOT IMPLEMENTED YET
client[0] - Room: stanza(client[0], 2) - Asked for message: 35
client[0] - time to live = 0 for message: ask message for missing message 35
client[3] - Room: stanza(client[0], 2) - Message discarded for I'm not a recipient: 
client[3] - time to live = 0 for message: ask message for missing message 1
NOT IMPLEMENTED YET
client[0] - Room: stanza(client[0], 2) - Asked for message: 1
client[0] - time to live = 0 for message: ask message for missing message 1
client[3] - Room: stanza(client[0], 2) - Message discarded for I'm not a recipient: 
client[3] - time to live = 0 for message: ask message for missing message 1
NOT IMPLEMENTED YET
client[0] - Room: stanza(client[0], 2) - Asked for message: 1
client[0] - time to live = 0 for message: ask message for missing message 1
NOT IMPLEMENTED YET
client[0] - Room: stanza(client[0], 2) - Asked for message: 1
client[0] - time to live = 0 for message: ask message for missing message 1
client[2] - Room: stanza(client[0], 2) - Message discarded for I'm not a recipient: 
client[2] - time to live = 0 for message: ask message for missing message 1
NOT IMPLEMENTED YET
client[0] - Room: stanza(client[0], 2) - Asked for message: 1
client[0] - time to live = 0 for message: ask message for missing message 1
client[2] - Room: stanza(client[0], 2) - Message discarded for I'm not a recipient: 
client[2] - time to live = 0 for message: ask message for missing message 1
NOT IMPLEMENTED YET
client[0] - Room: stanza(client[0], 2) - Asked for message: 1
client[0] - time to live = 0 for message: ask message for missing message 1
client[2] - Room: stanza(client[0], 2) - Message discarded for I'm not a recipient: 
client[2] - time to live = 0 for message: ask message for missing message 1
NOT IMPLEMENTED YET
client[0] - Room: stanza(client[0], 2) - Asked for message: 36
client[0] - time to live = 0 for message: ask message for missing message 36
client[2] - Room: stanza(client[0], 2) - Message discarded for I'm not a recipient: 
client[2] - time to live = 0 for message: ask message for missing message 36
NOT IMPLEMENTED YET
client[0] - Room: stanza(client[0], 2) - Asked for message: 1
client[0] - time to live = 0 for message: ask message for missing message 1
client[2] - Room: stanza(client[0], 2) - Message discarded for I'm not a recipient: 
client[2] - time to live = 0 for message: ask message for missing message 1
client[2] - Sending message to room stanza(client[3], 1) - msg(190,client[2])
client[1] - Room: stanza(client[3], 1) - Message discarded for I'm not a recipient: 
client[1] - time to live = 0 for message: message from client[2] to stanza(client[3], 1)
client[3] - stanza(client[3], 1) - Displayed message: msg(190,client[2]) from user client[2]
client[3] - Room: stanza(client[3], 1) - Message received: msg(190,client[2])
client[3] - time to live = 0 for message: message from client[2] to stanza(client[3], 1)
client[1] - Sending message to room stanza(client[1], 1) - msg(254,client[1])
client[0] - Asked for message: 2 - Room: stanza(client[1], 1)
client[0] - Asked for message: 15 - Room: stanza(client[1], 1)
client[0] - Asked for message: 1 - Room: stanza(client[1], 1)
client[0] - Asked for message: 1 - Room: stanza(client[1], 1)
client[0] - time to live = 0 for message: message from client[1] to stanza(client[1], 1)
client[2] - Asked for message: 2 - Room: stanza(client[1], 1)
client[2] - Asked for message: 1 - Room: stanza(client[1], 1)
client[2] - Asked for message: 27 - Room: stanza(client[1], 1)
client[2] - Asked for message: 1 - Room: stanza(client[1], 1)
client[2] - time to live = 0 for message: message from client[1] to stanza(client[1], 1)
client[4] - Room: stanza(client[1], 1) - Message discarded for I'm not a recipient: 
client[4] - time to live = 0 for message: ask message for missing message 2
NOT IMPLEMENTED YET
client[1] - Room: stanza(client[1], 1) - Asked for message: 2
client[1] - time to live = 0 for message: ask message for missing message 2
client[4] - Room: stanza(client[1], 1) - Message discarded for I'm not a recipient: 
client[4] - time to live = 0 for message: ask message for missing message 15
NOT IMPLEMENTED YET
client[1] - Room: stanza(client[1], 1) - Asked for message: 15
client[1] - time to live = 0 for message: ask message for missing message 15
client[4] - Room: stanza(client[1], 1) - Message discarded for I'm not a recipient: 
client[4] - time to live = 0 for message: ask message for missing message 1
NOT IMPLEMENTED YET
client[1] - Room: stanza(client[1], 1) - Asked for message: 1
client[1] - time to live = 0 for message: ask message for missing message 1
client[4] - Room: stanza(client[1], 1) - Message discarded for I'm not a recipient: 
client[4] - time to live = 0 for message: ask message for missing message 1
NOT IMPLEMENTED YET
client[1] - Room: stanza(client[1], 1) - Asked for message: 1
client[1] - time to live = 0 for message: ask message for missing message 1
NOT IMPLEMENTED YET
client[1] - Room: stanza(client[1], 1) - Asked for message: 2
client[1] - time to live = 0 for message: ask message for missing message 2
client[3] - Room: stanza(client[1], 1) - Message discarded for I'm not a recipient: 
client[3] - time to live = 0 for message: ask message for missing message 2
NOT IMPLEMENTED YET
client[1] - Room: stanza(client[1], 1) - Asked for message: 1
client[1] - time to live = 0 for message: ask message for missing message 1
client[3] - Room: stanza(client[1], 1) - Message discarded for I'm not a recipient: 
client[3] - time to live = 0 for message: ask message for missing message 1
NOT IMPLEMENTED YET
client[1] - Room: stanza(client[1], 1) - Asked for message: 27
client[1] - time to live = 0 for message: ask message for missing message 27
client[3] - Room: stanza(client[1], 1) - Message discarded for I'm not a recipient: 
client[3] - time to live = 0 for message: ask message for missing message 27
NOT IMPLEMENTED YET
client[1] - Room: stanza(client[1], 1) - Asked for message: 1
client[1] - time to live = 0 for message: ask message for missing message 1
client[3] - Room: stanza(client[1], 1) - Message discarded for I'm not a recipient: 
client[3] - time to live = 0 for message: ask message for missing message 1
client[0] - Sending message to room stanza(client[1], 3) - msg(219,client[0])
client[4] - Room: stanza(client[1], 3) - Message discarded for I'm not a recipient: 
client[4] - time to live = 0 for message: message from client[0] to stanza(client[1], 3)
client[1] - stanza(client[1], 3) - Displayed message: msg(219,client[0]) from user client[0]
client[1] - Room: stanza(client[1], 3) - Message received: msg(219,client[0])
client[1] - time to live = 0 for message: message from client[0] to stanza(client[1], 3)
client[1] - Sending message to room stanza(client[0], 1) - msg(255,client[1])
client[0] - stanza(client[0], 1) - Displayed message: msg(255,client[1]) from user client[1]
client[0] - Room: stanza(client[0], 1) - Message received: msg(255,client[1])
client[0] - time to live = 0 for message: message from client[1] to stanza(client[0], 1)
client[2] - Room: stanza(client[0], 1) - Message discarded for I'm not a recipient: 
client[2] - time to live = 0 for message: message from client[1] to stanza(client[0], 1)
client[4] - Sending message to room stanza(client[3], 0) - msg(242,client[4])
client[3] - stanza(client[3], 0) - Displayed message: msg(242,client[4]) from user client[4]
client[3] - Room: stanza(client[3], 0) - Message received: msg(242,client[4])
client[3] - time to live = 0 for message: message from client[4] to stanza(client[3], 0)
client[0] - Room: stanza(client[3], 0) - Message discarded for I'm not a recipient: 
client[0] - time to live = 0 for message: message from client[4] to stanza(client[3], 0)
client[0] - Sending message to room stanza(client[0], 0) - msg(220,client[0])
client[4] - Room: stanza(client[0], 0) - Message discarded for I'm not a recipient: 
client[4] - time to live = 0 for message: message from client[0] to stanza(client[0], 0)
client[1] - Room: stanza(client[0], 0) - Message discarded for I'm not a recipient: 
client[1] - time to live = 0 for message: message from client[0] to stanza(client[0], 0)
client[3] - Sending message to room stanza(client[4], 3) - msg(212,client[3])
client[2] - Room: stanza(client[4], 3) - Message discarded for I'm not a recipient: 
client[2] - time to live = 0 for message: message from client[3] to stanza(client[4], 3)
client[4] - stanza(client[4], 3) - Displayed message: msg(212,client[3]) from user client[3]
client[4] - Room: stanza(client[4], 3) - Message received: msg(212,client[3])
client[4] - time to live = 0 for message: message from client[3] to stanza(client[4], 3)
client[4] - Sending message to room stanza(client[4], 1) - msg(243,client[4])
client[3] - Asked for message: 2 - Room: stanza(client[4], 1)
client[3] - Asked for message: 1 - Room: stanza(client[4], 1)
client[3] - Asked for message: 1 - Room: stanza(client[4], 1)
client[3] - Asked for message: 25 - Room: stanza(client[4], 1)
client[3] - time to live = 0 for message: message from client[4] to stanza(client[4], 1)
client[0] - Asked for message: 2 - Room: stanza(client[4], 1)
client[0] - Asked for message: 1 - Room: stanza(client[4], 1)
client[0] - Asked for message: 14 - Room: stanza(client[4], 1)
client[0] - Asked for message: 1 - Room: stanza(client[4], 1)
client[0] - time to live = 0 for message: message from client[4] to stanza(client[4], 1)
client[2] - Room: stanza(client[4], 1) - Message discarded for I'm not a recipient: 
client[2] - time to live = 0 for message: ask message for missing message 2
NOT IMPLEMENTED YET
client[4] - Room: stanza(client[4], 1) - Asked for message: 2
client[4] - time to live = 0 for message: ask message for missing message 2
client[2] - Room: stanza(client[4], 1) - Message discarded for I'm not a recipient: 
client[2] - time to live = 0 for message: ask message for missing message 1
NOT IMPLEMENTED YET
client[4] - Room: stanza(client[4], 1) - Asked for message: 1
client[4] - time to live = 0 for message: ask message for missing message 1
client[2] - Room: stanza(client[4], 1) - Message discarded for I'm not a recipient: 
client[2] - time to live = 0 for message: ask message for missing message 1
NOT IMPLEMENTED YET
client[4] - Room: stanza(client[4], 1) - Asked for message: 1
client[4] - time to live = 0 for message: ask message for missing message 1
client[2] - Room: stanza(client[4], 1) - Message discarded for I'm not a recipient: 
client[2] - time to live = 0 for message: ask message for missing message 25
NOT IMPLEMENTED YET
client[4] - Room: stanza(client[4], 1) - Asked for message: 25
client[4] - time to live = 0 for message: ask message for missing message 25
NOT IMPLEMENTED YET
client[4] - Room: stanza(client[4], 1) - Asked for message: 2
client[4] - time to live = 0 for message: ask message for missing message 2
client[1] - Room: stanza(client[4], 1) - Message discarded for I'm not a recipient: 
client[1] - time to live = 0 for message: ask message for missing message 2
NOT IMPLEMENTED YET
client[4] - Room: stanza(client[4], 1) - Asked for message: 1
client[4] - time to live = 0 for message: ask message for missing message 1
client[1] - Room: stanza(client[4], 1) - Message discarded for I'm not a recipient: 
client[1] - time to live = 0 for message: ask message for missing message 1
NOT IMPLEMENTED YET
client[4] - Room: stanza(client[4], 1) - Asked for message: 14
client[4] - time to live = 0 for message: ask message for missing message 14
client[1] - Room: stanza(client[4], 1) - Message discarded for I'm not a recipient: 
client[1] - time to live = 0 for message: ask message for missing message 14
NOT IMPLEMENTED YET
client[4] - Room: stanza(client[4], 1) - Asked for message: 1
client[4] - time to live = 0 for message: ask message for missing message 1
client[1] - Room: stanza(client[4], 1) - Message discarded for I'm not a recipient: 
client[1] - time to live = 0 for message: ask message for missing message 1
client[1] - Sending message to room stanza(client[0], 2) - msg(256,client[1])
client[0] - stanza(client[0], 2) - Displayed message: msg(256,client[1]) from user client[1]
client[0] - Room: stanza(client[0], 2) - Message received: msg(256,client[1])
client[0] - time to live = 0 for message: message from client[1] to stanza(client[0], 2)
client[2] - Room: stanza(client[0], 2) - Message discarded for I'm not a recipient: 
client[2] - time to live = 0 for message: message from client[1] to stanza(client[0], 2)
client[4] - Sending message to room stanza(client[0], 2) - msg(244,client[4])
client[3] - Room: stanza(client[0], 2) - Message discarded for I'm not a recipient: 
client[3] - time to live = 0 for message: message from client[4] to stanza(client[0], 2)
client[0] - stanza(client[0], 2) - Displayed message: msg(244,client[4]) from user client[4]
client[0] - Room: stanza(client[0], 2) - Message received: msg(244,client[4])
client[0] - time to live = 0 for message: message from client[4] to stanza(client[0], 2)
client[1] - Sending message to room stanza(client[1], 0) - msg(257,client[1])
client[0] - stanza(client[1], 0) - Displayed message: msg(257,client[1]) from user client[1]
client[0] - Room: stanza(client[1], 0) - Message received: msg(257,client[1])
client[0] - time to live = 0 for message: message from client[1] to stanza(client[1], 0)
client[2] - Room: stanza(client[1], 0) - Message discarded for I'm not a recipient: 
client[2] - time to live = 0 for message: message from client[1] to stanza(client[1], 0)
client[3] - Sending message to room stanza(client[2], 4) - msg(213,client[3])
client[2] - stanza(client[2], 4) - Displayed message: msg(213,client[3]) from user client[3]
client[2] - Room: stanza(client[2], 4) - Message received: msg(213,client[3])
client[2] - time to live = 0 for message: message from client[3] to stanza(client[2], 4)
client[4] - Room: stanza(client[2], 4) - Message discarded for I'm not a recipient: 
client[4] - time to live = 0 for message: message from client[3] to stanza(client[2], 4)
client[3] - Sending message to room stanza(client[3], 2) - msg(214,client[3])
client[2] - stanza(client[3], 2) - Displayed message: msg(214,client[3]) from user client[3]
client[2] - Room: stanza(client[3], 2) - Message received: msg(214,client[3])
client[2] - time to live = 0 for message: message from client[3] to stanza(client[3], 2)
client[4] - Room: stanza(client[3], 2) - Message discarded for I'm not a recipient: 
client[4] - time to live = 0 for message: message from client[3] to stanza(client[3], 2)
client[0] - Sending message to room stanza(client[4], 2) - msg(221,client[0])
client[4] - stanza(client[4], 2) - Displayed message: msg(221,client[0]) from user client[0]
client[4] - Room: stanza(client[4], 2) - Message received: msg(221,client[0])
client[4] - time to live = 0 for message: message from client[0] to stanza(client[4], 2)
client[1] - Room: stanza(client[4], 2) - Message discarded for I'm not a recipient: 
client[1] - time to live = 0 for message: message from client[0] to stanza(client[4], 2)
client[1] - Sending message to room stanza(client[2], 0) - msg(258,client[1])
client[0] - Room: stanza(client[2], 0) - Message discarded for I'm not a recipient: 
client[0] - time to live = 0 for message: message from client[1] to stanza(client[2], 0)
client[2] - stanza(client[2], 0) - Displayed message: msg(258,client[1]) from user client[1]
client[2] - Room: stanza(client[2], 0) - Message received: msg(258,client[1])
client[2] - time to live = 0 for message: message from client[1] to stanza(client[2], 0)
client[3] - Sending message to room stanza(client[4], 4) - msg(215,client[3])
client[2] - Room: stanza(client[4], 4) - Message discarded for I'm not a recipient: 
client[2] - time to live = 0 for message: message from client[3] to stanza(client[4], 4)
client[4] - stanza(client[4], 4) - Displayed message: msg(215,client[3]) from user client[3]
client[4] - Room: stanza(client[4], 4) - Message received: msg(215,client[3])
client[4] - time to live = 0 for message: message from client[3] to stanza(client[4], 4)
client[2] - Sending message to room stanza(client[2], 3) - msg(191,client[2])
client[1] - Room: stanza(client[2], 3) - Message discarded for I'm not a recipient: 
client[1] - time to live = 0 for message: message from client[2] to stanza(client[2], 3)
client[3] - stanza(client[2], 3) - Displayed message: msg(191,client[2]) from user client[2]
client[3] - Room: stanza(client[2], 3) - Message received: msg(191,client[2])
client[3] - time to live = 0 for message: message from client[2] to stanza(client[2], 3)
client[4] - Sending message to room stanza(client[4], 2) - msg(245,client[4])
client[3] - Room: stanza(client[4], 2) - Message discarded for I'm not a recipient: 
client[3] - time to live = 0 for message: message from client[4] to stanza(client[4], 2)
client[0] - stanza(client[4], 2) - Displayed message: msg(245,client[4]) from user client[4]
client[0] - Room: stanza(client[4], 2) - Message received: msg(245,client[4])
client[0] - time to live = 0 for message: message from client[4] to stanza(client[4], 2)
client[0] - Sending message to room stanza(client[1], 3) - msg(222,client[0])
client[4] - Room: stanza(client[1], 3) - Message discarded for I'm not a recipient: 
client[4] - time to live = 0 for message: message from client[0] to stanza(client[1], 3)
client[1] - stanza(client[1], 3) - Displayed message: msg(222,client[0]) from user client[0]
client[1] - Room: stanza(client[1], 3) - Message received: msg(222,client[0])
client[1] - time to live = 0 for message: message from client[0] to stanza(client[1], 3)
client[2] - Sending message to room stanza(client[1], 1) - msg(192,client[2])
client[1] - stanza(client[1], 1) - Displayed message: msg(192,client[2]) from user client[2]
client[1] - Room: stanza(client[1], 1) - Message received: msg(192,client[2])
client[1] - time to live = 0 for message: message from client[2] to stanza(client[1], 1)
client[3] - Room: stanza(client[1], 1) - Message discarded for I'm not a recipient: 
client[3] - time to live = 0 for message: message from client[2] to stanza(client[1], 1)
client[1] - Sending message to room stanza(client[2], 1) - msg(259,client[1])
client[0] - Room: stanza(client[2], 1) - Message discarded for I'm not a recipient: 
client[0] - time to live = 0 for message: message from client[1] to stanza(client[2], 1)
client[2] - stanza(client[2], 1) - Displayed message: msg(259,client[1]) from user client[1]
client[2] - Room: stanza(client[2], 1) - Message received: msg(259,client[1])
client[2] - time to live = 0 for message: message from client[1] to stanza(client[2], 1)
client[4] - Sending message to room stanza(client[3], 1) - msg(246,client[4])
client[3] - stanza(client[3], 1) - Displayed message: msg(246,client[4]) from user client[4]
client[3] - Room: stanza(client[3], 1) - Message received: msg(246,client[4])
client[3] - time to live = 0 for message: message from client[4] to stanza(client[3], 1)
client[0] - Room: stanza(client[3], 1) - Message discarded for I'm not a recipient: 
client[0] - time to live = 0 for message: message from client[4] to stanza(client[3], 1)
client[0] - Sending message to room stanza(client[0], 1) - msg(223,client[0])
client[4] - Asked for message: 1 - Room: stanza(client[0], 1)
client[4] - Asked for message: 1 - Room: stanza(client[0], 1)
client[4] - Asked for message: 1 - Room: stanza(client[0], 1)
client[4] - Asked for message: 58 - Room: stanza(client[0], 1)
client[4] - Asked for message: 1 - Room: stanza(client[0], 1)
client[4] - time to live = 0 for message: message from client[0] to stanza(client[0], 1)
client[1] - Asked for message: 1 - Room: stanza(client[0], 1)
client[1] - Asked for message: 1 - Room: stanza(client[0], 1)
client[1] - Asked for message: 1 - Room: stanza(client[0], 1)
client[1] - Asked for message: 1 - Room: stanza(client[0], 1)
client[1] - Asked for message: 66 - Room: stanza(client[0], 1)
client[1] - time to live = 0 for message: message from client[0] to stanza(client[0], 1)
client[3] - Room: stanza(client[0], 1) - Message discarded for I'm not a recipient: 
client[3] - time to live = 0 for message: ask message for missing message 1
NOT IMPLEMENTED YET
client[0] - Room: stanza(client[0], 1) - Asked for message: 1
client[0] - time to live = 0 for message: ask message for missing message 1
client[3] - Room: stanza(client[0], 1) - Message discarded for I'm not a recipient: 
client[3] - time to live = 0 for message: ask message for missing message 1
NOT IMPLEMENTED YET
client[0] - Room: stanza(client[0], 1) - Asked for message: 1
client[0] - time to live = 0 for message: ask message for missing message 1
client[3] - Room: stanza(client[0], 1) - Message discarded for I'm not a recipient: 
client[3] - time to live = 0 for message: ask message for missing message 1
NOT IMPLEMENTED YET
client[0] - Room: stanza(client[0], 1) - Asked for message: 1
client[0] - time to live = 0 for message: ask message for missing message 1
client[3] - Room: stanza(client[0], 1) - Message discarded for I'm not a recipient: 
client[3] - time to live = 0 for message: ask message for missing message 58
NOT IMPLEMENTED YET
client[0] - Room: stanza(client[0], 1) - Asked for message: 58
client[0] - time to live = 0 for message: ask message for missing message 58
client[3] - Room: stanza(client[0], 1) - Message discarded for I'm not a recipient: 
client[3] - time to live = 0 for message: ask message for missing message 1
NOT IMPLEMENTED YET
client[0] - Room: stanza(client[0], 1) - Asked for message: 1
client[0] - time to live = 0 for message: ask message for missing message 1
NOT IMPLEMENTED YET
client[0] - Room: stanza(client[0], 1) - Asked for message: 1
client[0] - time to live = 0 for message: ask message for missing message 1
client[2] - Room: stanza(client[0], 1) - Message discarded for I'm not a recipient: 
client[2] - time to live = 0 for message: ask message for missing message 1
NOT IMPLEMENTED YET
client[0] - Room: stanza(client[0], 1) - Asked for message: 1
client[0] - time to live = 0 for message: ask message for missing message 1
client[2] - Room: stanza(client[0], 1) - Message discarded for I'm not a recipient: 
client[2] - time to live = 0 for message: ask message for missing message 1
NOT IMPLEMENTED YET
client[0] - Room: stanza(client[0], 1) - Asked for message: 1
client[0] - time to live = 0 for message: ask message for missing message 1
client[2] - Room: stanza(client[0], 1) - Message discarded for I'm not a recipient: 
client[2] - time to live = 0 for message: ask message for missing message 1
NOT IMPLEMENTED YET
client[0] - Room: stanza(client[0], 1) - Asked for message: 1
client[0] - time to live = 0 for message: ask message for missing message 1
client[2] - Room: stanza(client[0], 1) - Message discarded for I'm not a recipient: 
client[2] - time to live = 0 for message: ask message for missing message 1
NOT IMPLEMENTED YET
client[0] - Room: stanza(client[0], 1) - Asked for message: 66
client[0] - time to live = 0 for message: ask message for missing message 66
client[2] - Room: stanza(client[0], 1) - Message discarded for I'm not a recipient: 
client[2] - time to live = 0 for message: ask message for missing message 66
client[2] - Sending message to room stanza(client[3], 7) - msg(193,client[2])
client[1] - Room: stanza(client[3], 7) - Message discarded for I'm not a recipient: 
client[1] - time to live = 0 for message: message from client[2] to stanza(client[3], 7)
client[3] - stanza(client[3], 7) - Displayed message: msg(193,client[2]) from user client[2]
client[3] - Room: stanza(client[3], 7) - Message received: msg(193,client[2])
client[3] - time to live = 0 for message: message from client[2] to stanza(client[3], 7)
client[0] - Sending message to room stanza(client[1], 1) - msg(224,client[0])
client[4] - Room: stanza(client[1], 1) - Message discarded for I'm not a recipient: 
client[4] - time to live = 0 for message: message from client[0] to stanza(client[1], 1)
client[1] - stanza(client[1], 1) - Displayed message: msg(224,client[0]) from user client[0]
client[1] - Room: stanza(client[1], 1) - Message received: msg(224,client[0])
client[1] - time to live = 0 for message: message from client[0] to stanza(client[1], 1)
client[2] - Sending message to room stanza(client[3], 2) - msg(194,client[2])
client[1] - Room: stanza(client[3], 2) - Message discarded for I'm not a recipient: 
client[1] - time to live = 0 for message: message from client[2] to stanza(client[3], 2)
client[3] - stanza(client[3], 2) - Displayed message: msg(194,client[2]) from user client[2]
client[3] - Room: stanza(client[3], 2) - Message received: msg(194,client[2])
client[3] - time to live = 0 for message: message from client[2] to stanza(client[3], 2)
client[1] - Sending message to room stanza(client[1], 0) - msg(260,client[1])
client[0] - stanza(client[1], 0) - Displayed message: msg(260,client[1]) from user client[1]
client[0] - Room: stanza(client[1], 0) - Message received: msg(260,client[1])
client[0] - time to live = 0 for message: message from client[1] to stanza(client[1], 0)
client[2] - Room: stanza(client[1], 0) - Message discarded for I'm not a recipient: 
client[2] - time to live = 0 for message: message from client[1] to stanza(client[1], 0)
client[2] - Sending message to room stanza(client[2], 2) - msg(195,client[2])
client[1] - Room: stanza(client[2], 2) - Message discarded for I'm not a recipient: 
client[1] - time to live = 0 for message: message from client[2] to stanza(client[2], 2)
client[3] - stanza(client[2], 2) - Displayed message: msg(195,client[2]) from user client[2]
client[3] - Room: stanza(client[2], 2) - Message received: msg(195,client[2])
client[3] - time to live = 0 for message: message from client[2] to stanza(client[2], 2)
client[1] - Sending message to room stanza(client[2], 1) - msg(261,client[1])
client[0] - Room: stanza(client[2], 1) - Message discarded for I'm not a recipient: 
client[0] - time to live = 0 for message: message from client[1] to stanza(client[2], 1)
client[2] - stanza(client[2], 1) - Displayed message: msg(261,client[1]) from user client[1]
client[2] - Room: stanza(client[2], 1) - Message received: msg(261,client[1])
client[2] - time to live = 0 for message: message from client[1] to stanza(client[2], 1)
client[3] - Sending message to room stanza(client[4], 4) - msg(216,client[3])
client[2] - Room: stanza(client[4], 4) - Message discarded for I'm not a recipient: 
client[2] - time to live = 0 for message: message from client[3] to stanza(client[4], 4)
client[4] - stanza(client[4], 4) - Displayed message: msg(216,client[3]) from user client[3]
client[4] - Room: stanza(client[4], 4) - Message received: msg(216,client[3])
client[4] - time to live = 0 for message: message from client[3] to stanza(client[4], 4)
client[0] - Sending message to room stanza(client[1], 0) - msg(225,client[0])
client[4] - Room: stanza(client[1], 0) - Message discarded for I'm not a recipient: 
client[4] - time to live = 0 for message: message from client[0] to stanza(client[1], 0)
client[1] - stanza(client[1], 0) - Displayed message: msg(225,client[0]) from user client[0]
client[1] - Room: stanza(client[1], 0) - Message received: msg(225,client[0])
client[1] - time to live = 0 for message: message from client[0] to stanza(client[1], 0)
client[2] - Sending message to room stanza(client[2], 1) - msg(196,client[2])
client[1] - stanza(client[2], 1) - Displayed message: msg(196,client[2]) from user client[2]
client[1] - Room: stanza(client[2], 1) - Message received: msg(196,client[2])
client[1] - time to live = 0 for message: message from client[2] to stanza(client[2], 1)
client[3] - Room: stanza(client[2], 1) - Message discarded for I'm not a recipient: 
client[3] - time to live = 0 for message: message from client[2] to stanza(client[2], 1)
client[4] - Sent room creation: stanza(client[4], 5) with: client[4],client[0]
client[3] - Room: stanza(client[4], 5) - Message discarded for I'm not a recipient: 
client[3] - time to live = 0 for message: creation of room stanza(client[4], 5)
client[0] - Room created: stanza(client[4], 5)
client[0] - time to live = 0 for message: creation of room stanza(client[4], 5)
client[3] - Sent room creation: stanza(client[3], 8) with: client[3],client[0]
client[2] - Room: stanza(client[3], 8) - Message discarded for I'm not a recipient: 
client[2] - time to live = 0 for message: creation of room stanza(client[3], 8)
client[4] - Room: stanza(client[3], 8) - Message discarded for I'm not a recipient: 
client[4] - time to live = 0 for message: creation of room stanza(client[3], 8)
client[3] - Sending message to room stanza(client[3], 2) - msg(217,client[3])
client[2] - stanza(client[3], 2) - Displayed message: msg(217,client[3]) from user client[3]
client[2] - Room: stanza(client[3], 2) - Message received: msg(217,client[3])
client[2] - time to live = 0 for message: message from client[3] to stanza(client[3], 2)
client[4] - Room: stanza(client[3], 2) - Message discarded for I'm not a recipient: 
client[4] - time to live = 0 for message: message from client[3] to stanza(client[3], 2)
client[4] - Sending message to room stanza(client[4], 2) - msg(247,client[4])
client[3] - Room: stanza(client[4], 2) - Message discarded for I'm not a recipient: 
client[3] - time to live = 0 for message: message from client[4] to stanza(client[4], 2)
client[0] - stanza(client[4], 2) - Displayed message: msg(247,client[4]) from user client[4]
client[0] - Room: stanza(client[4], 2) - Message received: msg(247,client[4])
client[0] - time to live = 0 for message: message from client[4] to stanza(client[4], 2)
client[1] - Sending message to room stanza(client[2], 1) - msg(262,client[1])
client[0] - Room: stanza(client[2], 1) - Message discarded for I'm not a recipient: 
client[0] - time to live = 0 for message: message from client[1] to stanza(client[2], 1)
client[2] - stanza(client[2], 1) - Displayed message: msg(262,client[1]) from user client[1]
client[2] - Room: stanza(client[2], 1) - Message received: msg(262,client[1])
client[2] - time to live = 0 for message: message from client[1] to stanza(client[2], 1)
client[3] - Sending message to room stanza(client[3], 0) - msg(218,client[3])
client[2] - Room: stanza(client[3], 0) - Message discarded for I'm not a recipient: 
client[2] - time to live = 0 for message: message from client[3] to stanza(client[3], 0)
client[4] - stanza(client[3], 0) - Displayed message: msg(218,client[3]) from user client[3]
client[4] - Room: stanza(client[3], 0) - Message received: msg(218,client[3])
client[4] - time to live = 0 for message: message from client[3] to stanza(client[3], 0)
client[0] - Sending message to room stanza(client[0], 0) - msg(226,client[0])
client[4] - Room: stanza(client[0], 0) - Message discarded for I'm not a recipient: 
client[4] - time to live = 0 for message: message from client[0] to stanza(client[0], 0)
client[1] - Room: stanza(client[0], 0) - Message discarded for I'm not a recipient: 
client[1] - time to live = 0 for message: message from client[0] to stanza(client[0], 0)
client[1] - Sending message to room stanza(client[0], 2) - msg(263,client[1])
client[0] - stanza(client[0], 2) - Displayed message: msg(263,client[1]) from user client[1]
client[0] - Room: stanza(client[0], 2) - Message received: msg(263,client[1])
client[0] - time to live = 0 for message: message from client[1] to stanza(client[0], 2)
client[2] - Room: stanza(client[0], 2) - Message discarded for I'm not a recipient: 
client[2] - time to live = 0 for message: message from client[1] to stanza(client[0], 2)
client[0] - Sent room creation: stanza(client[0], 3) with: client[0],client[1],client[2]
client[4] - Room: stanza(client[0], 3) - Message discarded for I'm not a recipient: 
client[4] - time to live = 0 for message: creation of room stanza(client[0], 3)
client[1] - Room created: stanza(client[0], 3)
client[1] - time to live = 0 for message: creation of room stanza(client[0], 3)
client[3] - Sending message to room stanza(client[2], 3) - msg(219,client[3])
client[2] - stanza(client[2], 3) - Displayed message: msg(219,client[3]) from user client[3]
client[2] - Room: stanza(client[2], 3) - Message received: msg(219,client[3])
client[2] - time to live = 0 for message: message from client[3] to stanza(client[2], 3)
client[4] - Room: stanza(client[2], 3) - Message discarded for I'm not a recipient: 
client[4] - time to live = 0 for message: message from client[3] to stanza(client[2], 3)
client[0] - Sending message to room stanza(client[4], 0) - msg(227,client[0])
client[4] - stanza(client[4], 0) - Displayed message: msg(227,client[0]) from user client[0]
client[4] - Room: stanza(client[4], 0) - Message received: msg(227,client[0])
client[4] - time to live = 0 for message: message from client[0] to stanza(client[4], 0)
client[1] - Room: stanza(client[4], 0) - Message discarded for I'm not a recipient: 
client[1] - time to live = 0 for message: message from client[0] to stanza(client[4], 0)
client[1] - Sending message to room stanza(client[1], 3) - msg(264,client[1])
client[0] - stanza(client[1], 3) - Displayed message: msg(264,client[1]) from user client[1]
client[0] - Room: stanza(client[1], 3) - Message received: msg(264,client[1])
client[0] - time to live = 0 for message: message from client[1] to stanza(client[1], 3)
client[2] - Room: stanza(client[1], 3) - Message discarded for I'm not a recipient: 
client[2] - time to live = 0 for message: message from client[1] to stanza(client[1], 3)
client[3] - Sending message to room stanza(client[3], 3) - msg(220,client[3])
client[2] - Room: stanza(client[3], 3) - Message discarded for I'm not a recipient: 
client[2] - time to live = 0 for message: message from client[3] to stanza(client[3], 3)
client[4] - stanza(client[3], 3) - Displayed message: msg(220,client[3]) from user client[3]
client[4] - Room: stanza(client[3], 3) - Message received: msg(220,client[3])
client[4] - time to live = 0 for message: message from client[3] to stanza(client[3], 3)
client[2] - Sending message to room stanza(client[2], 4) - msg(197,client[2])
client[1] - Room: stanza(client[2], 4) - Message received: msg(197,client[2])
client[1] - time to live = 0 for message: message from client[2] to stanza(client[2], 4)
client[3] - Room: stanza(client[2], 4) - Message received: msg(197,client[2])
client[3] - time to live = 0 for message: message from client[2] to stanza(client[2], 4)
client[3] - Sending message to room stanza(client[2], 4) - msg(221,client[3])
client[2] - stanza(client[2], 4) - Displayed message: msg(221,client[3]) from user client[3]
client[2] - Room: stanza(client[2], 4) - Message received: msg(221,client[3])
client[2] - time to live = 0 for message: message from client[3] to stanza(client[2], 4)
client[4] - Room: stanza(client[2], 4) - Message discarded for I'm not a recipient: 
client[4] - time to live = 0 for message: message from client[3] to stanza(client[2], 4)
client[3] - Sending message to room stanza(client[3], 6) - msg(222,client[3])
client[2] - Room: stanza(client[3], 6) - Message discarded for I'm not a recipient: 
client[2] - time to live = 0 for message: message from client[3] to stanza(client[3], 6)
client[4] - stanza(client[3], 6) - Displayed message: msg(222,client[3]) from user client[3]
client[4] - Room: stanza(client[3], 6) - Message received: msg(222,client[3])
client[4] - time to live = 0 for message: message from client[3] to stanza(client[3], 6)
client[0] - Sending message to room stanza(client[1], 1) - msg(228,client[0])
client[4] - Room: stanza(client[1], 1) - Message discarded for I'm not a recipient: 
client[4] - time to live = 0 for message: message from client[0] to stanza(client[1], 1)
client[1] - stanza(client[1], 1) - Displayed message: msg(228,client[0]) from user client[0]
client[1] - Room: stanza(client[1], 1) - Message received: msg(228,client[0])
client[1] - time to live = 0 for message: message from client[0] to stanza(client[1], 1)
client[2] - Sending message to room stanza(client[3], 7) - msg(198,client[2])
client[1] - Room: stanza(client[3], 7) - Message discarded for I'm not a recipient: 
client[1] - time to live = 0 for message: message from client[2] to stanza(client[3], 7)
client[3] - stanza(client[3], 7) - Displayed message: msg(198,client[2]) from user client[2]
client[3] - Room: stanza(client[3], 7) - Message received: msg(198,client[2])
client[3] - time to live = 0 for message: message from client[2] to stanza(client[3], 7)
client[4] - Sending message to room stanza(client[3], 5) - msg(248,client[4])
client[3] - stanza(client[3], 5) - Displayed message: msg(248,client[4]) from user client[4]
client[3] - Room: stanza(client[3], 5) - Message received: msg(248,client[4])
client[3] - time to live = 0 for message: message from client[4] to stanza(client[3], 5)
client[0] - Room: stanza(client[3], 5) - Message discarded for I'm not a recipient: 
client[0] - time to live = 0 for message: message from client[4] to stanza(client[3], 5)
client[0] - Sending message to room stanza(client[1], 1) - msg(229,client[0])
client[4] - Room: stanza(client[1], 1) - Message discarded for I'm not a recipient: 
client[4] - time to live = 0 for message: message from client[0] to stanza(client[1], 1)
client[1] - stanza(client[1], 1) - Displayed message: msg(229,client[0]) from user client[0]
client[1] - Room: stanza(client[1], 1) - Message received: msg(229,client[0])
client[1] - time to live = 0 for message: message from client[0] to stanza(client[1], 1)
client[1] - Sending message to room stanza(client[0], 3) - msg(265,client[1])
client[0] - stanza(client[0], 3) - Displayed message: msg(265,client[1]) from user client[1]
client[0] - Room: stanza(client[0], 3) - Message received: msg(265,client[1])
client[0] - time to live = 0 for message: message from client[1] to stanza(client[0], 3)
client[2] - Room: stanza(client[0], 3) - Message discarded for I'm not a recipient: 
client[2] - time to live = 0 for message: message from client[1] to stanza(client[0], 3)
client[3] - Sending message to room stanza(client[4], 1) - msg(223,client[3])
client[2] - Room: stanza(client[4], 1) - Message discarded for I'm not a recipient: 
client[2] - time to live = 0 for message: message from client[3] to stanza(client[4], 1)
client[4] - stanza(client[4], 1) - Displayed message: msg(223,client[3]) from user client[3]
client[4] - Room: stanza(client[4], 1) - Message received: msg(223,client[3])
client[4] - time to live = 0 for message: message from client[3] to stanza(client[4], 1)
client[3] - Sending message to room stanza(client[2], 2) - msg(224,client[3])
client[2] - stanza(client[2], 2) - Displayed message: msg(224,client[3]) from user client[3]
client[2] - Room: stanza(client[2], 2) - Message received: msg(224,client[3])
client[2] - time to live = 0 for message: message from client[3] to stanza(client[2], 2)
client[4] - Room: stanza(client[2], 2) - Message discarded for I'm not a recipient: 
client[4] - time to live = 0 for message: message from client[3] to stanza(client[2], 2)
client[2] - Sending message to room stanza(client[2], 2) - msg(199,client[2])
client[1] - Room: stanza(client[2], 2) - Message discarded for I'm not a recipient: 
client[1] - time to live = 0 for message: message from client[2] to stanza(client[2], 2)
client[3] - stanza(client[2], 2) - Displayed message: msg(199,client[2]) from user client[2]
client[3] - Room: stanza(client[2], 2) - Message received: msg(199,client[2])
client[3] - time to live = 0 for message: message from client[2] to stanza(client[2], 2)
client[4] - Sending message to room stanza(client[3], 6) - msg(249,client[4])
client[3] - stanza(client[3], 6) - Displayed message: msg(249,client[4]) from user client[4]
client[3] - Room: stanza(client[3], 6) - Message received: msg(249,client[4])
client[3] - time to live = 0 for message: message from client[4] to stanza(client[3], 6)
client[0] - Room: stanza(client[3], 6) - Message discarded for I'm not a recipient: 
client[0] - time to live = 0 for message: message from client[4] to stanza(client[3], 6)
client[1] - Sending message to room stanza(client[0], 1) - msg(266,client[1])
client[0] - stanza(client[0], 1) - Displayed message: msg(266,client[1]) from user client[1]
client[0] - Room: stanza(client[0], 1) - Message received: msg(266,client[1])
client[0] - time to live = 0 for message: message from client[1] to stanza(client[0], 1)
client[2] - Room: stanza(client[0], 1) - Message discarded for I'm not a recipient: 
client[2] - time to live = 0 for message: message from client[1] to stanza(client[0], 1)
client[3] - Sending message to room stanza(client[3], 6) - msg(225,client[3])
client[2] - Room: stanza(client[3], 6) - Message discarded for I'm not a recipient: 
client[2] - time to live = 0 for message: message from client[3] to stanza(client[3], 6)
client[4] - stanza(client[3], 6) - Displayed message: msg(225,client[3]) from user client[3]
client[4] - Room: stanza(client[3], 6) - Message received: msg(225,client[3])
client[4] - time to live = 0 for message: message from client[3] to stanza(client[3], 6)
client[4] - Sending message to room stanza(client[3], 1) - msg(250,client[4])
client[3] - stanza(client[3], 1) - Displayed message: msg(250,client[4]) from user client[4]
client[3] - Room: stanza(client[3], 1) - Message received: msg(250,client[4])
client[3] - time to live = 0 for message: message from client[4] to stanza(client[3], 1)
client[0] - Room: stanza(client[3], 1) - Message discarded for I'm not a recipient: 
client[0] - time to live = 0 for message: message from client[4] to stanza(client[3], 1)
client[0] - Sending message to room stanza(client[4], 5) - msg(230,client[0])
client[4] - stanza(client[4], 5) - Displayed message: msg(230,client[0]) from user client[0]
client[4] - Room: stanza(client[4], 5) - Message received: msg(230,client[0])
client[4] - time to live = 0 for message: message from client[0] to stanza(client[4], 5)
client[1] - Room: stanza(client[4], 5) - Message discarded for I'm not a recipient: 
client[1] - time to live = 0 for message: message from client[0] to stanza(client[4], 5)
client[3] - Sending message to room stanza(client[3], 7) - msg(226,client[3])
client[2] - Room: stanza(client[3], 7) - Message received: msg(226,client[3])
client[2] - time to live = 0 for message: message from client[3] to stanza(client[3], 7)
client[4] - Room: stanza(client[3], 7) - Message received: msg(226,client[3])
client[4] - time to live = 0 for message: message from client[3] to stanza(client[3], 7)
client[0] - Sending message to room stanza(client[1], 2) - msg(231,client[0])
client[4] - Room: stanza(client[1], 2) - Message discarded for I'm not a recipient: 
client[4] - time to live = 0 for message: message from client[0] to stanza(client[1], 2)
client[1] - stanza(client[1], 2) - Displayed message: msg(231,client[0]) from user client[0]
client[1] - Room: stanza(client[1], 2) - Message received: msg(231,client[0])
client[1] - time to live = 0 for message: message from client[0] to stanza(client[1], 2)
client[4] - Sending message to room stanza(client[4], 2) - msg(251,client[4])
client[3] - Room: stanza(client[4], 2) - Message discarded for I'm not a recipient: 
client[3] - time to live = 0 for message: message from client[4] to stanza(client[4], 2)
client[0] - stanza(client[4], 2) - Displayed message: msg(251,client[4]) from user client[4]
client[0] - Room: stanza(client[4], 2) - Message received: msg(251,client[4])
client[0] - time to live = 0 for message: message from client[4] to stanza(client[4], 2)
client[2] - Sending message to room stanza(client[2], 1) - msg(200,client[2])
client[1] - stanza(client[2], 1) - Displayed message: msg(200,client[2]) from user client[2]
client[1] - Room: stanza(client[2], 1) - Message received: msg(200,client[2])
client[1] - time to live = 0 for message: message from client[2] to stanza(client[2], 1)
client[3] - Room: stanza(client[2], 1) - Message discarded for I'm not a recipient: 
client[3] - time to live = 0 for message: message from client[2] to stanza(client[2], 1)
client[1] - Sending message to room stanza(client[2], 4) - msg(267,client[1])
client[0] - Room: stanza(client[2], 4) - Message discarded for I'm not a recipient: 
client[0] - time to live = 0 for message: message from client[1] to stanza(client[2], 4)
client[2] - stanza(client[2], 4) - Displayed message: msg(267,client[1]) from user client[1]
client[2] - Room: stanza(client[2], 4) - Message received: msg(267,client[1])
client[2] - time to live = 0 for message: message from client[1] to stanza(client[2], 4)
client[3] - Sending message to room stanza(client[3], 5) - msg(227,client[3])
client[2] - Room: stanza(client[3], 5) - Message discarded for I'm not a recipient: 
client[2] - time to live = 0 for message: message from client[3] to stanza(client[3], 5)
client[4] - stanza(client[3], 5) - Displayed message: msg(227,client[3]) from user client[3]
client[4] - Room: stanza(client[3], 5) - Message received: msg(227,client[3])
client[4] - time to live = 0 for message: message from client[3] to stanza(client[3], 5)
client[0] - Sending message to room stanza(client[0], 2) - msg(232,client[0])
client[4] - Asked for message: 1 - Room: stanza(client[0], 2)
client[4] - Asked for message: 1 - Room: stanza(client[0], 2)
client[4] - Asked for message: 36 - Room: stanza(client[0], 2)
client[4] - Asked for message: 1 - Room: stanza(client[0], 2)
client[4] - Asked for message: 1 - Room: stanza(client[0], 2)
client[4] - time to live = 0 for message: message from client[0] to stanza(client[0], 2)
client[1] - Asked for message: 1 - Room: stanza(client[0], 2)
client[1] - Asked for message: 1 - Room: stanza(client[0], 2)
client[1] - Asked for message: 1 - Room: stanza(client[0], 2)
client[1] - Asked for message: 38 - Room: stanza(client[0], 2)
client[1] - Asked for message: 1 - Room: stanza(client[0], 2)
client[1] - time to live = 0 for message: message from client[0] to stanza(client[0], 2)
client[3] - Room: stanza(client[0], 2) - Message discarded for I'm not a recipient: 
client[3] - time to live = 0 for message: ask message for missing message 1
NOT IMPLEMENTED YET
client[0] - Room: stanza(client[0], 2) - Asked for message: 1
client[0] - time to live = 0 for message: ask message for missing message 1
client[3] - Room: stanza(client[0], 2) - Message discarded for I'm not a recipient: 
client[3] - time to live = 0 for message: ask message for missing message 1
NOT IMPLEMENTED YET
client[0] - Room: stanza(client[0], 2) - Asked for message: 1
client[0] - time to live = 0 for message: ask message for missing message 1
client[3] - Room: stanza(client[0], 2) - Message discarded for I'm not a recipient: 
client[3] - time to live = 0 for message: ask message for missing message 36
NOT IMPLEMENTED YET
client[0] - Room: stanza(client[0], 2) - Asked for message: 36
client[0] - time to live = 0 for message: ask message for missing message 36
client[3] - Room: stanza(client[0], 2) - Message discarded for I'm not a recipient: 
client[3] - time to live = 0 for message: ask message for missing message 1
NOT IMPLEMENTED YET
client[0] - Room: stanza(client[0], 2) - Asked for message: 1
client[0] - time to live = 0 for message: ask message for missing message 1
client[3] - Room: stanza(client[0], 2) - Message discarded for I'm not a recipient: 
client[3] - time to live = 0 for message: ask message for missing message 1
NOT IMPLEMENTED YET
client[0] - Room: stanza(client[0], 2) - Asked for message: 1
client[0] - time to live = 0 for message: ask message for missing message 1
NOT IMPLEMENTED YET
client[0] - Room: stanza(client[0], 2) - Asked for message: 1
client[0] - time to live = 0 for message: ask message for missing message 1
client[2] - Room: stanza(client[0], 2) - Message discarded for I'm not a recipient: 
client[2] - time to live = 0 for message: ask message for missing message 1
NOT IMPLEMENTED YET
client[0] - Room: stanza(client[0], 2) - Asked for message: 1
client[0] - time to live = 0 for message: ask message for missing message 1
client[2] - Room: stanza(client[0], 2) - Message discarded for I'm not a recipient: 
client[2] - time to live = 0 for message: ask message for missing message 1
NOT IMPLEMENTED YET
client[0] - Room: stanza(client[0], 2) - Asked for message: 1
client[0] - time to live = 0 for message: ask message for missing message 1
client[2] - Room: stanza(client[0], 2) - Message discarded for I'm not a recipient: 
client[2] - time to live = 0 for message: ask message for missing message 1
NOT IMPLEMENTED YET
client[0] - Room: stanza(client[0], 2) - Asked for message: 38
client[0] - time to live = 0 for message: ask message for missing message 38
client[2] - Room: stanza(client[0], 2) - Message discarded for I'm not a recipient: 
client[2] - time to live = 0 for message: ask message for missing message 38
NOT IMPLEMENTED YET
client[0] - Room: stanza(client[0], 2) - Asked for message: 1
client[0] - time to live = 0 for message: ask message for missing message 1
client[2] - Room: stanza(client[0], 2) - Message discarded for I'm not a recipient: 
client[2] - time to live = 0 for message: ask message for missing message 1
client[4] - Sending message to room stanza(client[4], 1) - msg(252,client[4])
client[3] - Asked for message: 2 - Room: stanza(client[4], 1)
client[3] - Asked for message: 1 - Room: stanza(client[4], 1)
client[3] - Asked for message: 1 - Room: stanza(client[4], 1)
client[3] - Asked for message: 26 - Room: stanza(client[4], 1)
client[3] - time to live = 0 for message: message from client[4] to stanza(client[4], 1)
client[0] - Asked for message: 2 - Room: stanza(client[4], 1)
client[0] - Asked for message: 1 - Room: stanza(client[4], 1)
client[0] - Asked for message: 14 - Room: stanza(client[4], 1)
client[0] - Asked for message: 1 - Room: stanza(client[4], 1)
client[0] - time to live = 0 for message: message from client[4] to stanza(client[4], 1)
client[2] - Room: stanza(client[4], 1) - Message discarded for I'm not a recipient: 
client[2] - time to live = 0 for message: ask message for missing message 2
NOT IMPLEMENTED YET
client[4] - Room: stanza(client[4], 1) - Asked for message: 2
client[4] - time to live = 0 for message: ask message for missing message 2
client[2] - Room: stanza(client[4], 1) - Message discarded for I'm not a recipient: 
client[2] - time to live = 0 for message: ask message for missing message 1
NOT IMPLEMENTED YET
client[4] - Room: stanza(client[4], 1) - Asked for message: 1
client[4] - time to live = 0 for message: ask message for missing message 1
client[2] - Room: stanza(client[4], 1) - Message discarded for I'm not a recipient: 
client[2] - time to live = 0 for message: ask message for missing message 1
NOT IMPLEMENTED YET
client[4] - Room: stanza(client[4], 1) - Asked for message: 1
client[4] - time to live = 0 for message: ask message for missing message 1
client[2] - Room: stanza(client[4], 1) - Message discarded for I'm not a recipient: 
client[2] - time to live = 0 for message: ask message for missing message 26
NOT IMPLEMENTED YET
client[4] - Room: stanza(client[4], 1) - Asked for message: 26
client[4] - time to live = 0 for message: ask message for missing message 26
NOT IMPLEMENTED YET
client[4] - Room: stanza(client[4], 1) - Asked for message: 2
client[4] - time to live = 0 for message: ask message for missing message 2
client[1] - Room: stanza(client[4], 1) - Message discarded for I'm not a recipient: 
client[1] - time to live = 0 for message: ask message for missing message 2
NOT IMPLEMENTED YET
client[4] - Room: stanza(client[4], 1) - Asked for message: 1
client[4] - time to live = 0 for message: ask message for missing message 1
client[1] - Room: stanza(client[4], 1) - Message discarded for I'm not a recipient: 
client[1] - time to live = 0 for message: ask message for missing message 1
NOT IMPLEMENTED YET
client[4] - Room: stanza(client[4], 1) - Asked for message: 14
client[4] - time to live = 0 for message: ask message for missing message 14
client[1] - Room: stanza(client[4], 1) - Message discarded for I'm not a recipient: 
client[1] - time to live = 0 for message: ask message for missing message 14
NOT IMPLEMENTED YET
client[4] - Room: stanza(client[4], 1) - Asked for message: 1
client[4] - time to live = 0 for message: ask message for missing message 1
client[1] - Room: stanza(client[4], 1) - Message discarded for I'm not a recipient: 
client[1] - time to live = 0 for message: ask message for missing message 1
client[3] - Sending message to room stanza(client[2], 3) - msg(228,client[3])
client[2] - stanza(client[2], 3) - Displayed message: msg(228,client[3]) from user client[3]
client[2] - Room: stanza(client[2], 3) - Message received: msg(228,client[3])
client[2] - time to live = 0 for message: message from client[3] to stanza(client[2], 3)
client[4] - Room: stanza(client[2], 3) - Message discarded for I'm not a recipient: 
client[4] - time to live = 0 for message: message from client[3] to stanza(client[2], 3)
client[3] - Sending message to room stanza(client[3], 8) - msg(229,client[3])
client[2] - Room: stanza(client[3], 8) - Message discarded for I'm not a recipient: 
client[2] - time to live = 0 for message: message from client[3] to stanza(client[3], 8)
client[4] - Room: stanza(client[3], 8) - Message discarded for I'm not a recipient: 
client[4] - time to live = 0 for message: message from client[3] to stanza(client[3], 8)
client[2] - Sending message to room stanza(client[1], 1) - msg(201,client[2])
client[1] - stanza(client[1], 1) - Displayed message: msg(201,client[2]) from user client[2]
client[1] - Room: stanza(client[1], 1) - Message received: msg(201,client[2])
client[1] - time to live = 0 for message: message from client[2] to stanza(client[1], 1)
client[3] - Room: stanza(client[1], 1) - Message discarded for I'm not a recipient: 
client[3] - time to live = 0 for message: message from client[2] to stanza(client[1], 1)
client[1] - Sending message to room stanza(client[0], 1) - msg(268,client[1])
client[0] - stanza(client[0], 1) - Displayed message: msg(268,client[1]) from user client[1]
client[0] - Room: stanza(client[0], 1) - Message received: msg(268,client[1])
client[0] - time to live = 0 for message: message from client[1] to stanza(client[0], 1)
client[2] - Room: stanza(client[0], 1) - Message discarded for I'm not a recipient: 
client[2] - time to live = 0 for message: message from client[1] to stanza(client[0], 1)
client[0] - Sending message to room stanza(client[4], 0) - msg(233,client[0])
client[4] - stanza(client[4], 0) - Displayed message: msg(233,client[0]) from user client[0]
client[4] - Room: stanza(client[4], 0) - Message received: msg(233,client[0])
client[4] - time to live = 0 for message: message from client[0] to stanza(client[4], 0)
client[1] - Room: stanza(client[4], 0) - Message discarded for I'm not a recipient: 
client[1] - time to live = 0 for message: message from client[0] to stanza(client[4], 0)
client[2] - Sending message to room stanza(client[1], 1) - msg(202,client[2])
client[1] - stanza(client[1], 1) - Displayed message: msg(202,client[2]) from user client[2]
client[1] - Room: stanza(client[1], 1) - Message received: msg(202,client[2])
client[1] - time to live = 0 for message: message from client[2] to stanza(client[1], 1)
client[3] - Room: stanza(client[1], 1) - Message discarded for I'm not a recipient: 
client[3] - time to live = 0 for message: message from client[2] to stanza(client[1], 1)
client[3] - Sending message to room stanza(client[2], 2) - msg(230,client[3])
client[2] - stanza(client[2], 2) - Displayed message: msg(230,client[3]) from user client[3]
client[2] - Room: stanza(client[2], 2) - Message received: msg(230,client[3])
client[2] - time to live = 0 for message: message from client[3] to stanza(client[2], 2)
client[4] - Room: stanza(client[2], 2) - Message discarded for I'm not a recipient: 
client[4] - time to live = 0 for message: message from client[3] to stanza(client[2], 2)
client[2] - Sending message to room stanza(client[3], 2) - msg(203,client[2])
client[1] - Room: stanza(client[3], 2) - Message discarded for I'm not a recipient: 
client[1] - time to live = 0 for message: message from client[2] to stanza(client[3], 2)
client[3] - stanza(client[3], 2) - Displayed message: msg(203,client[2]) from user client[2]
client[3] - Room: stanza(client[3], 2) - Message received: msg(203,client[2])
client[3] - time to live = 0 for message: message from client[2] to stanza(client[3], 2)
client[1] - Sending message to room stanza(client[1], 0) - msg(269,client[1])
client[0] - stanza(client[1], 0) - Displayed message: msg(269,client[1]) from user client[1]
client[0] - Room: stanza(client[1], 0) - Message received: msg(269,client[1])
client[0] - time to live = 0 for message: message from client[1] to stanza(client[1], 0)
client[2] - Room: stanza(client[1], 0) - Message discarded for I'm not a recipient: 
client[2] - time to live = 0 for message: message from client[1] to stanza(client[1], 0)
client[0] - Sending message to room stanza(client[4], 3) - msg(234,client[0])
client[4] - stanza(client[4], 3) - Displayed message: msg(234,client[0]) from user client[0]
client[4] - Room: stanza(client[4], 3) - Message received: msg(234,client[0])
client[4] - time to live = 0 for message: message from client[0] to stanza(client[4], 3)
client[1] - Room: stanza(client[4], 3) - Message discarded for I'm not a recipient: 
client[1] - time to live = 0 for message: message from client[0] to stanza(client[4], 3)
client[1] - Sending message to room stanza(client[1], 3) - msg(270,client[1])
client[0] - stanza(client[1], 3) - Displayed message: msg(270,client[1]) from user client[1]
client[0] - Room: stanza(client[1], 3) - Message received: msg(270,client[1])
client[0] - time to live = 0 for message: message from client[1] to stanza(client[1], 3)
client[2] - Room: stanza(client[1], 3) - Message discarded for I'm not a recipient: 
client[2] - time to live = 0 for message: message from client[1] to stanza(client[1], 3)
client[2] - Sending message to room stanza(client[2], 2) - msg(204,client[2])
client[1] - Room: stanza(client[2], 2) - Message discarded for I'm not a recipient: 
client[1] - time to live = 0 for message: message from client[2] to stanza(client[2], 2)
client[3] - stanza(client[2], 2) - Displayed message: msg(204,client[2]) from user client[2]
client[3] - Room: stanza(client[2], 2) - Message received: msg(204,client[2])
client[3] - time to live = 0 for message: message from client[2] to stanza(client[2], 2)
client[3] - Sending message to room stanza(client[2], 4) - msg(231,client[3])
client[2] - stanza(client[2], 4) - Displayed message: msg(231,client[3]) from user client[3]
client[2] - Room: stanza(client[2], 4) - Message received: msg(231,client[3])
client[2] - time to live = 0 for message: message from client[3] to stanza(client[2], 4)
client[4] - Room: stanza(client[2], 4) - Message discarded for I'm not a recipient: 
client[4] - time to live = 0 for message: message from client[3] to stanza(client[2], 4)
client[1] - Sending message to room stanza(client[2], 1) - msg(271,client[1])
client[0] - Room: stanza(client[2], 1) - Message discarded for I'm not a recipient: 
client[0] - time to live = 0 for message: message from client[1] to stanza(client[2], 1)
client[2] - stanza(client[2], 1) - Displayed message: msg(271,client[1]) from user client[1]
client[2] - Room: stanza(client[2], 1) - Message received: msg(271,client[1])
client[2] - time to live = 0 for message: message from client[1] to stanza(client[2], 1)
client[2] - Sending message to room stanza(client[3], 1) - msg(205,client[2])
client[1] - Room: stanza(client[3], 1) - Message discarded for I'm not a recipient: 
client[1] - time to live = 0 for message: message from client[2] to stanza(client[3], 1)
client[3] - stanza(client[3], 1) - Displayed message: msg(205,client[2]) from user client[2]
client[3] - Room: stanza(client[3], 1) - Message received: msg(205,client[2])
client[3] - time to live = 0 for message: message from client[2] to stanza(client[3], 1)
client[0] - Sending message to room stanza(client[1], 3) - msg(235,client[0])
client[4] - Room: stanza(client[1], 3) - Message discarded for I'm not a recipient: 
client[4] - time to live = 0 for message: message from client[0] to stanza(client[1], 3)
client[1] - stanza(client[1], 3) - Displayed message: msg(235,client[0]) from user client[0]
client[1] - Room: stanza(client[1], 3) - Message received: msg(235,client[0])
client[1] - time to live = 0 for message: message from client[0] to stanza(client[1], 3)
client[2] - Sending message to room stanza(client[3], 1) - msg(206,client[2])
client[1] - Room: stanza(client[3], 1) - Message discarded for I'm not a recipient: 
client[1] - time to live = 0 for message: message from client[2] to stanza(client[3], 1)
client[3] - stanza(client[3], 1) - Displayed message: msg(206,client[2]) from user client[2]
client[3] - Room: stanza(client[3], 1) - Message received: msg(206,client[2])
client[3] - time to live = 0 for message: message from client[2] to stanza(client[3], 1)
client[0] - Sending message to room stanza(client[1], 2) - msg(236,client[0])
client[4] - Room: stanza(client[1], 2) - Message discarded for I'm not a recipient: 
client[4] - time to live = 0 for message: message from client[0] to stanza(client[1], 2)
client[1] - stanza(client[1], 2) - Displayed message: msg(236,client[0]) from user client[0]
client[1] - Room: stanza(client[1], 2) - Message received: msg(236,client[0])
client[1] - time to live = 0 for message: message from client[0] to stanza(client[1], 2)
client[3] - Sending message to room stanza(client[3], 1) - msg(232,client[3])
client[2] - Asked for message: 3 - Room: stanza(client[3], 1)
client[2] - Asked for message: 1 - Room: stanza(client[3], 1)
client[2] - Asked for message: 36 - Room: stanza(client[3], 1)
client[2] - Asked for message: 1 - Room: stanza(client[3], 1)
client[2] - Asked for message: 1 - Room: stanza(client[3], 1)
client[2] - time to live = 0 for message: message from client[3] to stanza(client[3], 1)
client[4] - Asked for message: 1 - Room: stanza(client[3], 1)
client[4] - Asked for message: 1 - Room: stanza(client[3], 1)
client[4] - Asked for message: 1 - Room: stanza(client[3], 1)
client[4] - Asked for message: 1 - Room: stanza(client[3], 1)
client[4] - Asked for message: 31 - Room: stanza(client[3], 1)
client[4] - time to live = 0 for message: message from client[3] to stanza(client[3], 1)
client[1] - Room: stanza(client[3], 1) - Message discarded for I'm not a recipient: 
client[1] - time to live = 0 for message: ask message for missing message 3
NOT IMPLEMENTED YET
client[3] - Room: stanza(client[3], 1) - Asked for message: 3
client[3] - time to live = 0 for message: ask message for missing message 3
client[1] - Room: stanza(client[3], 1) - Message discarded for I'm not a recipient: 
client[1] - time to live = 0 for message: ask message for missing message 1
NOT IMPLEMENTED YET
client[3] - Room: stanza(client[3], 1) - Asked for message: 1
client[3] - time to live = 0 for message: ask message for missing message 1
client[1] - Room: stanza(client[3], 1) - Message discarded for I'm not a recipient: 
client[1] - time to live = 0 for message: ask message for missing message 36
NOT IMPLEMENTED YET
client[3] - Room: stanza(client[3], 1) - Asked for message: 36
client[3] - time to live = 0 for message: ask message for missing message 36
client[1] - Room: stanza(client[3], 1) - Message discarded for I'm not a recipient: 
client[1] - time to live = 0 for message: ask message for missing message 1
NOT IMPLEMENTED YET
client[3] - Room: stanza(client[3], 1) - Asked for message: 1
client[3] - time to live = 0 for message: ask message for missing message 1
client[1] - Room: stanza(client[3], 1) - Message discarded for I'm not a recipient: 
client[1] - time to live = 0 for message: ask message for missing message 1
NOT IMPLEMENTED YET
client[3] - Room: stanza(client[3], 1) - Asked for message: 1
client[3] - time to live = 0 for message: ask message for missing message 1
NOT IMPLEMENTED YET
client[3] - Room: stanza(client[3], 1) - Asked for message: 1
client[3] - time to live = 0 for message: ask message for missing message 1
client[0] - Room: stanza(client[3], 1) - Message discarded for I'm not a recipient: 
client[0] - time to live = 0 for message: ask message for missing message 1
NOT IMPLEMENTED YET
client[3] - Room: stanza(client[3], 1) - Asked for message: 1
client[3] - time to live = 0 for message: ask message for missing message 1
client[0] - Room: stanza(client[3], 1) - Message discarded for I'm not a recipient: 
client[0] - time to live = 0 for message: ask message for missing message 1
NOT IMPLEMENTED YET
client[3] - Room: stanza(client[3], 1) - Asked for message: 1
client[3] - time to live = 0 for message: ask message for missing message 1
client[0] - Room: stanza(client[3], 1) - Message discarded for I'm not a recipient: 
client[0] - time to live = 0 for message: ask message for missing message 1
NOT IMPLEMENTED YET
client[3] - Room: stanza(client[3], 1) - Asked for message: 1
client[3] - time to live = 0 for message: ask message for missing message 1
client[0] - Room: stanza(client[3], 1) - Message discarded for I'm not a recipient: 
client[0] - time to live = 0 for message: ask message for missing message 1
NOT IMPLEMENTED YET
client[3] - Room: stanza(client[3], 1) - Asked for message: 31
client[3] - time to live = 0 for message: ask message for missing message 31
client[0] - Room: stanza(client[3], 1) - Message discarded for I'm not a recipient: 
client[0] - time to live = 0 for message: ask message for missing message 31
client[2] - Sending message to room stanza(client[3], 7) - msg(207,client[2])
client[1] - Room: stanza(client[3], 7) - Message discarded for I'm not a recipient: 
client[1] - time to live = 0 for message: message from client[2] to stanza(client[3], 7)
client[3] - stanza(client[3], 7) - Displayed message: msg(207,client[2]) from user client[2]
client[3] - Room: stanza(client[3], 7) - Message received: msg(207,client[2])
client[3] - time to live = 0 for message: message from client[2] to stanza(client[3], 7)
client[1] - Sending message to room stanza(client[2], 1) - msg(272,client[1])
client[0] - Room: stanza(client[2], 1) - Message discarded for I'm not a recipient: 
client[0] - time to live = 0 for message: message from client[1] to stanza(client[2], 1)
client[2] - stanza(client[2], 1) - Displayed message: msg(272,client[1]) from user client[1]
client[2] - Room: stanza(client[2], 1) - Message received: msg(272,client[1])
client[2] - time to live = 0 for message: message from client[1] to stanza(client[2], 1)
client[2] - Sending message to room stanza(client[2], 3) - msg(208,client[2])
client[1] - Room: stanza(client[2], 3) - Message discarded for I'm not a recipient: 
client[1] - time to live = 0 for message: message from client[2] to stanza(client[2], 3)
client[3] - stanza(client[2], 3) - Displayed message: msg(208,client[2]) from user client[2]
client[3] - Room: stanza(client[2], 3) - Message received: msg(208,client[2])
client[3] - time to live = 0 for message: message from client[2] to stanza(client[2], 3)
client[1] - Sending message to room stanza(client[2], 4) - msg(273,client[1])
client[0] - Room: stanza(client[2], 4) - Message discarded for I'm not a recipient: 
client[0] - time to live = 0 for message: message from client[1] to stanza(client[2], 4)
client[2] - stanza(client[2], 4) - Displayed message: msg(273,client[1]) from user client[1]
client[2] - Room: stanza(client[2], 4) - Message received: msg(273,client[1])
client[2] - time to live = 0 for message: message from client[1] to stanza(client[2], 4)
client[3] - Sending message to room stanza(client[3], 3) - msg(233,client[3])
client[2] - Room: stanza(client[3], 3) - Message discarded for I'm not a recipient: 
client[2] - time to live = 0 for message: message from client[3] to stanza(client[3], 3)
client[4] - stanza(client[3], 3) - Displayed message: msg(233,client[3]) from user client[3]
client[4] - Room: stanza(client[3], 3) - Message received: msg(233,client[3])
client[4] - time to live = 0 for message: message from client[3] to stanza(client[3], 3)
client[4] - Sending message to room stanza(client[4], 4) - msg(253,client[4])
client[3] - stanza(client[4], 4) - Displayed message: msg(253,client[4]) from user client[4]
client[3] - Room: stanza(client[4], 4) - Message received: msg(253,client[4])
client[3] - time to live = 0 for message: message from client[4] to stanza(client[4], 4)
client[0] - Room: stanza(client[4], 4) - Message discarded for I'm not a recipient: 
client[0] - time to live = 0 for message: message from client[4] to stanza(client[4], 4)
client[4] - Sending message to room stanza(client[4], 4) - msg(254,client[4])
client[3] - stanza(client[4], 4) - Displayed message: msg(254,client[4]) from user client[4]
client[3] - Room: stanza(client[4], 4) - Message received: msg(254,client[4])
client[3] - time to live = 0 for message: message from client[4] to stanza(client[4], 4)
client[0] - Room: stanza(client[4], 4) - Message discarded for I'm not a recipient: 
client[0] - time to live = 0 for message: message from client[4] to stanza(client[4], 4)
client[2] - Sending message to room stanza(client[3], 7) - msg(209,client[2])
client[1] - Room: stanza(client[3], 7) - Message discarded for I'm not a recipient: 
client[1] - time to live = 0 for message: message from client[2] to stanza(client[3], 7)
client[3] - stanza(client[3], 7) - Displayed message: msg(209,client[2]) from user client[2]
client[3] - Room: stanza(client[3], 7) - Message received: msg(209,client[2])
client[3] - time to live = 0 for message: message from client[2] to stanza(client[3], 7)
client[1] - Sending message to room stanza(client[1], 1) - msg(274,client[1])
client[0] - Asked for message: 2 - Room: stanza(client[1], 1)
client[0] - Asked for message: 18 - Room: stanza(client[1], 1)
client[0] - Asked for message: 1 - Room: stanza(client[1], 1)
client[0] - Asked for message: 1 - Room: stanza(client[1], 1)
client[0] - time to live = 0 for message: message from client[1] to stanza(client[1], 1)
client[2] - Asked for message: 2 - Room: stanza(client[1], 1)
client[2] - Asked for message: 1 - Room: stanza(client[1], 1)
client[2] - Asked for message: 30 - Room: stanza(client[1], 1)
client[2] - Asked for message: 1 - Room: stanza(client[1], 1)
client[2] - time to live = 0 for message: message from client[1] to stanza(client[1], 1)
client[4] - Room: stanza(client[1], 1) - Message discarded for I'm not a recipient: 
client[4] - time to live = 0 for message: ask message for missing message 2
NOT IMPLEMENTED YET
client[1] - Room: stanza(client[1], 1) - Asked for message: 2
client[1] - time to live = 0 for message: ask message for missing message 2
client[4] - Room: stanza(client[1], 1) - Message discarded for I'm not a recipient: 
client[4] - time to live = 0 for message: ask message for missing message 18
NOT IMPLEMENTED YET
client[1] - Room: stanza(client[1], 1) - Asked for message: 18
client[1] - time to live = 0 for message: ask message for missing message 18
client[4] - Room: stanza(client[1], 1) - Message discarded for I'm not a recipient: 
client[4] - time to live = 0 for message: ask message for missing message 1
NOT IMPLEMENTED YET
client[1] - Room: stanza(client[1], 1) - Asked for message: 1
client[1] - time to live = 0 for message: ask message for missing message 1
client[4] - Room: stanza(client[1], 1) - Message discarded for I'm not a recipient: 
client[4] - time to live = 0 for message: ask message for missing message 1
NOT IMPLEMENTED YET
client[1] - Room: stanza(client[1], 1) - Asked for message: 1
client[1] - time to live = 0 for message: ask message for missing message 1
NOT IMPLEMENTED YET
client[1] - Room: stanza(client[1], 1) - Asked for message: 2
client[1] - time to live = 0 for message: ask message for missing message 2
client[3] - Room: stanza(client[1], 1) - Message discarded for I'm not a recipient: 
client[3] - time to live = 0 for message: ask message for missing message 2
NOT IMPLEMENTED YET
client[1] - Room: stanza(client[1], 1) - Asked for message: 1
client[1] - time to live = 0 for message: ask message for missing message 1
client[3] - Room: stanza(client[1], 1) - Message discarded for I'm not a recipient: 
client[3] - time to live = 0 for message: ask message for missing message 1
NOT IMPLEMENTED YET
client[1] - Room: stanza(client[1], 1) - Asked for message: 30
client[1] - time to live = 0 for message: ask message for missing message 30
client[3] - Room: stanza(client[1], 1) - Message discarded for I'm not a recipient: 
client[3] - time to live = 0 for message: ask message for missing message 30
NOT IMPLEMENTED YET
client[1] - Room: stanza(client[1], 1) - Asked for message: 1
client[1] - time to live = 0 for message: ask message for missing message 1
client[3] - Room: stanza(client[1], 1) - Message discarded for I'm not a recipient: 
client[3] - time to live = 0 for message: ask message for missing message 1
client[1] - Sending message to room stanza(client[1], 0) - msg(275,client[1])
client[0] - stanza(client[1], 0) - Displayed message: msg(275,client[1]) from user client[1]
client[0] - Room: stanza(client[1], 0) - Message received: msg(275,client[1])
client[0] - time to live = 0 for message: message from client[1] to stanza(client[1], 0)
client[2] - Room: stanza(client[1], 0) - Message discarded for I'm not a recipient: 
client[2] - time to live = 0 for message: message from client[1] to stanza(client[1], 0)
client[0] - Sending message to room stanza(client[0], 3) - msg(237,client[0])
client[4] - Room: stanza(client[0], 3) - Message discarded for I'm not a recipient: 
client[4] - time to live = 0 for message: message from client[0] to stanza(client[0], 3)
client[1] - stanza(client[0], 3) - Displayed message: msg(237,client[0]) from user client[0]
client[1] - Room: stanza(client[0], 3) - Message received: msg(237,client[0])
client[1] - time to live = 0 for message: message from client[0] to stanza(client[0], 3)
client[1] - Sending message to room stanza(client[2], 1) - msg(276,client[1])
client[0] - Room: stanza(client[2], 1) - Message discarded for I'm not a recipient: 
client[0] - time to live = 0 for message: message from client[1] to stanza(client[2], 1)
client[2] - stanza(client[2], 1) - Displayed message: msg(276,client[1]) from user client[1]
client[2] - Room: stanza(client[2], 1) - Message received: msg(276,client[1])
client[2] - time to live = 0 for message: message from client[1] to stanza(client[2], 1)
client[3] - Sending message to room stanza(client[3], 3) - msg(234,client[3])
client[2] - Room: stanza(client[3], 3) - Message discarded for I'm not a recipient: 
client[2] - time to live = 0 for message: message from client[3] to stanza(client[3], 3)
client[4] - stanza(client[3], 3) - Displayed message: msg(234,client[3]) from user client[3]
client[4] - Room: stanza(client[3], 3) - Message received: msg(234,client[3])
client[4] - time to live = 0 for message: message from client[3] to stanza(client[3], 3)
client[0] - Sending message to room stanza(client[1], 1) - msg(238,client[0])
client[4] - Room: stanza(client[1], 1) - Message discarded for I'm not a recipient: 
client[4] - time to live = 0 for message: message from client[0] to stanza(client[1], 1)
client[1] - stanza(client[1], 1) - Displayed message: msg(238,client[0]) from user client[0]
client[1] - Room: stanza(client[1], 1) - Message received: msg(238,client[0])
client[1] - time to live = 0 for message: message from client[0] to stanza(client[1], 1)
client[4] - Sending message to room stanza(client[4], 0) - msg(255,client[4])
client[3] - Room: stanza(client[4], 0) - Message discarded for I'm not a recipient: 
client[3] - time to live = 0 for message: message from client[4] to stanza(client[4], 0)
client[0] - stanza(client[4], 0) - Displayed message: msg(255,client[4]) from user client[4]
client[0] - Room: stanza(client[4], 0) - Message received: msg(255,client[4])
client[0] - time to live = 0 for message: message from client[4] to stanza(client[4], 0)
client[3] - Sending message to room stanza(client[3], 1) - msg(235,client[3])
client[2] - Asked for message: 3 - Room: stanza(client[3], 1)
client[2] - Asked for message: 1 - Room: stanza(client[3], 1)
client[2] - Asked for message: 36 - Room: stanza(client[3], 1)
client[2] - Asked for message: 1 - Room: stanza(client[3], 1)
client[2] - Asked for message: 1 - Room: stanza(client[3], 1)
client[2] - time to live = 0 for message: message from client[3] to stanza(client[3], 1)
client[4] - Asked for message: 1 - Room: stanza(client[3], 1)
client[4] - Asked for message: 1 - Room: stanza(client[3], 1)
client[4] - Asked for message: 1 - Room: stanza(client[3], 1)
client[4] - Asked for message: 1 - Room: stanza(client[3], 1)
client[4] - Asked for message: 31 - Room: stanza(client[3], 1)
client[4] - time to live = 0 for message: message from client[3] to stanza(client[3], 1)
client[1] - Room: stanza(client[3], 1) - Message discarded for I'm not a recipient: 
client[1] - time to live = 0 for message: ask message for missing message 3
NOT IMPLEMENTED YET
client[3] - Room: stanza(client[3], 1) - Asked for message: 3
client[3] - time to live = 0 for message: ask message for missing message 3
client[1] - Room: stanza(client[3], 1) - Message discarded for I'm not a recipient: 
client[1] - time to live = 0 for message: ask message for missing message 1
NOT IMPLEMENTED YET
client[3] - Room: stanza(client[3], 1) - Asked for message: 1
client[3] - time to live = 0 for message: ask message for missing message 1
client[1] - Room: stanza(client[3], 1) - Message discarded for I'm not a recipient: 
client[1] - time to live = 0 for message: ask message for missing message 36
NOT IMPLEMENTED YET
client[3] - Room: stanza(client[3], 1) - Asked for message: 36
client[3] - time to live = 0 for message: ask message for missing message 36
client[1] - Room: stanza(client[3], 1) - Message discarded for I'm not a recipient: 
client[1] - time to live = 0 for message: ask message for missing message 1
NOT IMPLEMENTED YET
client[3] - Room: stanza(client[3], 1) - Asked for message: 1
client[3] - time to live = 0 for message: ask message for missing message 1
client[1] - Room: stanza(client[3], 1) - Message discarded for I'm not a recipient: 
client[1] - time to live = 0 for message: ask message for missing message 1
NOT IMPLEMENTED YET
client[3] - Room: stanza(client[3], 1) - Asked for message: 1
client[3] - time to live = 0 for message: ask message for missing message 1
NOT IMPLEMENTED YET
client[3] - Room: stanza(client[3], 1) - Asked for message: 1
client[3] - time to live = 0 for message: ask message for missing message 1
client[0] - Room: stanza(client[3], 1) - Message discarded for I'm not a recipient: 
client[0] - time to live = 0 for message: ask message for missing message 1
NOT IMPLEMENTED YET
client[3] - Room: stanza(client[3], 1) - Asked for message: 1
client[3] - time to live = 0 for message: ask message for missing message 1
client[0] - Room: stanza(client[3], 1) - Message discarded for I'm not a recipient: 
client[0] - time to live = 0 for message: ask message for missing message 1
NOT IMPLEMENTED YET
client[3] - Room: stanza(client[3], 1) - Asked for message: 1
client[3] - time to live = 0 for message: ask message for missing message 1
client[0] - Room: stanza(client[3], 1) - Message discarded for I'm not a recipient: 
client[0] - time to live = 0 for message: ask message for missing message 1
NOT IMPLEMENTED YET
client[3] - Room: stanza(client[3], 1) - Asked for message: 1
client[3] - time to live = 0 for message: ask message for missing message 1
client[0] - Room: stanza(client[3], 1) - Message discarded for I'm not a recipient: 
client[0] - time to live = 0 for message: ask message for missing message 1
NOT IMPLEMENTED YET
client[3] - Room: stanza(client[3], 1) - Asked for message: 31
client[3] - time to live = 0 for message: ask message for missing message 31
client[0] - Room: stanza(client[3], 1) - Message discarded for I'm not a recipient: 
client[0] - time to live = 0 for message: ask message for missing message 31
client[2] - Sending message to room stanza(client[2], 3) - msg(210,client[2])
client[1] - Room: stanza(client[2], 3) - Message discarded for I'm not a recipient: 
client[1] - time to live = 0 for message: message from client[2] to stanza(client[2], 3)
client[3] - stanza(client[2], 3) - Displayed message: msg(210,client[2]) from user client[2]
client[3] - Room: stanza(client[2], 3) - Message received: msg(210,client[2])
client[3] - time to live = 0 for message: message from client[2] to stanza(client[2], 3)
client[4] - Sending message to room stanza(client[3], 7) - msg(256,client[4])
client[3] - stanza(client[3], 7) - Displayed message: msg(256,client[4]) from user client[4]
client[3] - Room: stanza(client[3], 7) - Message received: msg(256,client[4])
client[3] - time to live = 0 for message: message from client[4] to stanza(client[3], 7)
client[0] - Room: stanza(client[3], 7) - Message discarded for I'm not a recipient: 
client[0] - time to live = 0 for message: message from client[4] to stanza(client[3], 7)
client[3] - Sending message to room stanza(client[3], 6) - msg(236,client[3])
client[2] - Room: stanza(client[3], 6) - Message discarded for I'm not a recipient: 
client[2] - time to live = 0 for message: message from client[3] to stanza(client[3], 6)
client[4] - stanza(client[3], 6) - Displayed message: msg(236,client[3]) from user client[3]
client[4] - Room: stanza(client[3], 6) - Message received: msg(236,client[3])
client[4] - time to live = 0 for message: message from client[3] to stanza(client[3], 6)
client[3] - Sending message to room stanza(client[3], 6) - msg(237,client[3])
client[2] - Room: stanza(client[3], 6) - Message discarded for I'm not a recipient: 
client[2] - time to live = 0 for message: message from client[3] to stanza(client[3], 6)
client[4] - stanza(client[3], 6) - Displayed message: msg(237,client[3]) from user client[3]
client[4] - Room: stanza(client[3], 6) - Message received: msg(237,client[3])
client[4] - time to live = 0 for message: message from client[3] to stanza(client[3], 6)
client[1] - Sending message to room stanza(client[2], 0) - msg(277,client[1])
client[0] - Room: stanza(client[2], 0) - Message discarded for I'm not a recipient: 
client[0] - time to live = 0 for message: message from client[1] to stanza(client[2], 0)
client[2] - stanza(client[2], 0) - Displayed message: msg(277,client[1]) from user client[1]
client[2] - Room: stanza(client[2], 0) - Message received: msg(277,client[1])
client[2] - time to live = 0 for message: message from client[1] to stanza(client[2], 0)
client[0] - Sending message to room stanza(client[0], 2) - msg(239,client[0])
client[4] - Asked for message: 1 - Room: stanza(client[0], 2)
client[4] - Asked for message: 1 - Room: stanza(client[0], 2)
client[4] - Asked for message: 36 - Room: stanza(client[0], 2)
client[4] - Asked for message: 1 - Room: stanza(client[0], 2)
client[4] - Asked for message: 1 - Room: stanza(client[0], 2)
client[4] - time to live = 0 for message: message from client[0] to stanza(client[0], 2)
client[1] - Asked for message: 1 - Room: stanza(client[0], 2)
client[1] - Asked for message: 1 - Room: stanza(client[0], 2)
client[1] - Asked for message: 1 - Room: stanza(client[0], 2)
client[1] - Asked for message: 38 - Room: stanza(client[0], 2)
client[1] - Asked for message: 1 - Room: stanza(client[0], 2)
client[1] - time to live = 0 for message: message from client[0] to stanza(client[0], 2)
client[3] - Room: stanza(client[0], 2) - Message discarded for I'm not a recipient: 
client[3] - time to live = 0 for message: ask message for missing message 1
NOT IMPLEMENTED YET
client[0] - Room: stanza(client[0], 2) - Asked for message: 1
client[0] - time to live = 0 for message: ask message for missing message 1
client[3] - Room: stanza(client[0], 2) - Message discarded for I'm not a recipient: 
client[3] - time to live = 0 for message: ask message for missing message 1
NOT IMPLEMENTED YET
client[0] - Room: stanza(client[0], 2) - Asked for message: 1
client[0] - time to live = 0 for message: ask message for missing message 1
client[3] - Room: stanza(client[0], 2) - Message discarded for I'm not a recipient: 
client[3] - time to live = 0 for message: ask message for missing message 36
NOT IMPLEMENTED YET
client[0] - Room: stanza(client[0], 2) - Asked for message: 36
client[0] - time to live = 0 for message: ask message for missing message 36
client[3] - Room: stanza(client[0], 2) - Message discarded for I'm not a recipient: 
client[3] - time to live = 0 for message: ask message for missing message 1
NOT IMPLEMENTED YET
client[0] - Room: stanza(client[0], 2) - Asked for message: 1
client[0] - time to live = 0 for message: ask message for missing message 1
client[3] - Room: stanza(client[0], 2) - Message discarded for I'm not a recipient: 
client[3] - time to live = 0 for message: ask message for missing message 1
NOT IMPLEMENTED YET
client[0] - Room: stanza(client[0], 2) - Asked for message: 1
client[0] - time to live = 0 for message: ask message for missing message 1
NOT IMPLEMENTED YET
client[0] - Room: stanza(client[0], 2) - Asked for message: 1
client[0] - time to live = 0 for message: ask message for missing message 1
client[2] - Room: stanza(client[0], 2) - Message discarded for I'm not a recipient: 
client[2] - time to live = 0 for message: ask message for missing message 1
NOT IMPLEMENTED YET
client[0] - Room: stanza(client[0], 2) - Asked for message: 1
client[0] - time to live = 0 for message: ask message for missing message 1
client[2] - Room: stanza(client[0], 2) - Message discarded for I'm not a recipient: 
client[2] - time to live = 0 for message: ask message for missing message 1
NOT IMPLEMENTED YET
client[0] - Room: stanza(client[0], 2) - Asked for message: 1
client[0] - time to live = 0 for message: ask message for missing message 1
client[2] - Room: stanza(client[0], 2) - Message discarded for I'm not a recipient: 
client[2] - time to live = 0 for message: ask message for missing message 1
NOT IMPLEMENTED YET
client[0] - Room: stanza(client[0], 2) - Asked for message: 38
client[0] - time to live = 0 for message: ask message for missing message 38
client[2] - Room: stanza(client[0], 2) - Message discarded for I'm not a recipient: 
client[2] - time to live = 0 for message: ask message for missing message 38
NOT IMPLEMENTED YET
client[0] - Room: stanza(client[0], 2) - Asked for message: 1
client[0] - time to live = 0 for message: ask message for missing message 1
client[2] - Room: stanza(client[0], 2) - Message discarded for I'm not a recipient: 
client[2] - time to live = 0 for message: ask message for missing message 1
client[3] - Sending message to room stanza(client[2], 3) - msg(238,client[3])
client[2] - stanza(client[2], 3) - Displayed message: msg(238,client[3]) from user client[3]
client[2] - Room: stanza(client[2], 3) - Message received: msg(238,client[3])
client[2] - time to live = 0 for message: message from client[3] to stanza(client[2], 3)
client[4] - Room: stanza(client[2], 3) - Message discarded for I'm not a recipient: 
client[4] - time to live = 0 for message: message from client[3] to stanza(client[2], 3)
client[4] - Sending message to room stanza(client[4], 0) - msg(257,client[4])
client[3] - Room: stanza(client[4], 0) - Message discarded for I'm not a recipient: 
client[3] - time to live = 0 for message: message from client[4] to stanza(client[4], 0)
client[0] - stanza(client[4], 0) - Displayed message: msg(257,client[4]) from user client[4]
client[0] - Room: stanza(client[4], 0) - Message received: msg(257,client[4])
client[0] - time to live = 0 for message: message from client[4] to stanza(client[4], 0)
client[1] - Sending message to room stanza(client[2], 4) - msg(278,client[1])
client[0] - Room: stanza(client[2], 4) - Message discarded for I'm not a recipient: 
client[0] - time to live = 0 for message: message from client[1] to stanza(client[2], 4)
client[2] - stanza(client[2], 4) - Displayed message: msg(278,client[1]) from user client[1]
client[2] - Room: stanza(client[2], 4) - Message received: msg(278,client[1])
client[2] - time to live = 0 for message: message from client[1] to stanza(client[2], 4)
client[2] - Sending message to room stanza(client[2], 2) - msg(211,client[2])
client[1] - Room: stanza(client[2], 2) - Message discarded for I'm not a recipient: 
client[1] - time to live = 0 for message: message from client[2] to stanza(client[2], 2)
client[3] - stanza(client[2], 2) - Displayed message: msg(211,client[2]) from user client[2]
client[3] - Room: stanza(client[2], 2) - Message received: msg(211,client[2])
client[3] - time to live = 0 for message: message from client[2] to stanza(client[2], 2)
client[0] - Sending message to room stanza(client[0], 3) - msg(240,client[0])
client[4] - Room: stanza(client[0], 3) - Message discarded for I'm not a recipient: 
client[4] - time to live = 0 for message: message from client[0] to stanza(client[0], 3)
client[1] - stanza(client[0], 3) - Displayed message: msg(240,client[0]) from user client[0]
client[1] - Room: stanza(client[0], 3) - Message received: msg(240,client[0])
client[1] - time to live = 0 for message: message from client[0] to stanza(client[0], 3)
client[3] - Sending message to room stanza(client[3], 2) - msg(239,client[3])
client[2] - stanza(client[3], 2) - Displayed message: msg(239,client[3]) from user client[3]
client[2] - Room: stanza(client[3], 2) - Message received: msg(239,client[3])
client[2] - time to live = 0 for message: message from client[3] to stanza(client[3], 2)
client[4] - Room: stanza(client[3], 2) - Message discarded for I'm not a recipient: 
client[4] - time to live = 0 for message: message from client[3] to stanza(client[3], 2)
client[3] - Sending message to room stanza(client[2], 4) - msg(240,client[3])
client[2] - stanza(client[2], 4) - Displayed message: msg(240,client[3]) from user client[3]
client[2] - Room: stanza(client[2], 4) - Message received: msg(240,client[3])
client[2] - time to live = 0 for message: message from client[3] to stanza(client[2], 4)
client[4] - Room: stanza(client[2], 4) - Message discarded for I'm not a recipient: 
client[4] - time to live = 0 for message: message from client[3] to stanza(client[2], 4)
client[0] - Sending message to room stanza(client[4], 0) - msg(241,client[0])
client[4] - stanza(client[4], 0) - Displayed message: msg(241,client[0]) from user client[0]
client[4] - Room: stanza(client[4], 0) - Message received: msg(241,client[0])
client[4] - time to live = 0 for message: message from client[0] to stanza(client[4], 0)
client[1] - Room: stanza(client[4], 0) - Message discarded for I'm not a recipient: 
client[1] - time to live = 0 for message: message from client[0] to stanza(client[4], 0)
client[0] - Sending message to room stanza(client[0], 1) - msg(242,client[0])
client[4] - Asked for message: 1 - Room: stanza(client[0], 1)
client[4] - Asked for message: 1 - Room: stanza(client[0], 1)
client[4] - Asked for message: 1 - Room: stanza(client[0], 1)
client[4] - Asked for message: 58 - Room: stanza(client[0], 1)
client[4] - Asked for message: 1 - Room: stanza(client[0], 1)
client[4] - time to live = 0 for message: message from client[0] to stanza(client[0], 1)
client[1] - Asked for message: 1 - Room: stanza(client[0], 1)
client[1] - Asked for message: 1 - Room: stanza(client[0], 1)
client[1] - Asked for message: 1 - Room: stanza(client[0], 1)
client[1] - Asked for message: 1 - Room: stanza(client[0], 1)
client[1] - Asked for message: 68 - Room: stanza(client[0], 1)
client[1] - time to live = 0 for message: message from client[0] to stanza(client[0], 1)
client[3] - Room: stanza(client[0], 1) - Message discarded for I'm not a recipient: 
client[3] - time to live = 0 for message: ask message for missing message 1
NOT IMPLEMENTED YET
client[0] - Room: stanza(client[0], 1) - Asked for message: 1
client[0] - time to live = 0 for message: ask message for missing message 1
client[3] - Room: stanza(client[0], 1) - Message discarded for I'm not a recipient: 
client[3] - time to live = 0 for message: ask message for missing message 1
NOT IMPLEMENTED YET
client[0] - Room: stanza(client[0], 1) - Asked for message: 1
client[0] - time to live = 0 for message: ask message for missing message 1
client[3] - Room: stanza(client[0], 1) - Message discarded for I'm not a recipient: 
client[3] - time to live = 0 for message: ask message for missing message 1
NOT IMPLEMENTED YET
client[0] - Room: stanza(client[0], 1) - Asked for message: 1
client[0] - time to live = 0 for message: ask message for missing message 1
client[3] - Room: stanza(client[0], 1) - Message discarded for I'm not a recipient: 
client[3] - time to live = 0 for message: ask message for missing message 58
NOT IMPLEMENTED YET
client[0] - Room: stanza(client[0], 1) - Asked for message: 58
client[0] - time to live = 0 for message: ask message for missing message 58
client[3] - Room: stanza(client[0], 1) - Message discarded for I'm not a recipient: 
client[3] - time to live = 0 for message: ask message for missing message 1
NOT IMPLEMENTED YET
client[0] - Room: stanza(client[0], 1) - Asked for message: 1
client[0] - time to live = 0 for message: ask message for missing message 1
NOT IMPLEMENTED YET
client[0] - Room: stanza(client[0], 1) - Asked for message: 1
client[0] - time to live = 0 for message: ask message for missing message 1
client[2] - Room: stanza(client[0], 1) - Message discarded for I'm not a recipient: 
client[2] - time to live = 0 for message: ask message for missing message 1
NOT IMPLEMENTED YET
client[0] - Room: stanza(client[0], 1) - Asked for message: 1
client[0] - time to live = 0 for message: ask message for missing message 1
client[2] - Room: stanza(client[0], 1) - Message discarded for I'm not a recipient: 
client[2] - time to live = 0 for message: ask message for missing message 1
NOT IMPLEMENTED YET
client[0] - Room: stanza(client[0], 1) - Asked for message: 1
client[0] - time to live = 0 for message: ask message for missing message 1
client[2] - Room: stanza(client[0], 1) - Message discarded for I'm not a recipient: 
client[2] - time to live = 0 for message: ask message for missing message 1
NOT IMPLEMENTED YET
client[0] - Room: stanza(client[0], 1) - Asked for message: 1
client[0] - time to live = 0 for message: ask message for missing message 1
client[2] - Room: stanza(client[0], 1) - Message discarded for I'm not a recipient: 
client[2] - time to live = 0 for message: ask message for missing message 1
NOT IMPLEMENTED YET
client[0] - Room: stanza(client[0], 1) - Asked for message: 68
client[0] - time to live = 0 for message: ask message for missing message 68
client[2] - Room: stanza(client[0], 1) - Message discarded for I'm not a recipient: 
client[2] - time to live = 0 for message: ask message for missing message 68
client[2] - Sending message to room stanza(client[2], 4) - msg(212,client[2])
client[1] - Room: stanza(client[2], 4) - Message received: msg(212,client[2])
client[1] - time to live = 0 for message: message from client[2] to stanza(client[2], 4)
client[3] - Room: stanza(client[2], 4) - Message received: msg(212,client[2])
client[3] - time to live = 0 for message: message from client[2] to stanza(client[2], 4)
client[2] - Sending message to room stanza(client[2], 2) - msg(213,client[2])
client[1] - Room: stanza(client[2], 2) - Message discarded for I'm not a recipient: 
client[1] - time to live = 0 for message: message from client[2] to stanza(client[2], 2)
client[3] - stanza(client[2], 2) - Displayed message: msg(213,client[2]) from user client[2]
client[3] - Room: stanza(client[2], 2) - Message received: msg(213,client[2])
client[3] - time to live = 0 for message: message from client[2] to stanza(client[2], 2)
client[0] - Sending message to room stanza(client[0], 1) - msg(243,client[0])
client[4] - Asked for message: 1 - Room: stanza(client[0], 1)
client[4] - Asked for message: 1 - Room: stanza(client[0], 1)
client[4] - Asked for message: 1 - Room: stanza(client[0], 1)
client[4] - Asked for message: 58 - Room: stanza(client[0], 1)
client[4] - Asked for message: 1 - Room: stanza(client[0], 1)
client[4] - time to live = 0 for message: message from client[0] to stanza(client[0], 1)
client[1] - Asked for message: 1 - Room: stanza(client[0], 1)
client[1] - Asked for message: 1 - Room: stanza(client[0], 1)
client[1] - Asked for message: 1 - Room: stanza(client[0], 1)
client[1] - Asked for message: 1 - Room: stanza(client[0], 1)
client[1] - Asked for message: 68 - Room: stanza(client[0], 1)
client[1] - time to live = 0 for message: message from client[0] to stanza(client[0], 1)
client[3] - Room: stanza(client[0], 1) - Message discarded for I'm not a recipient: 
client[3] - time to live = 0 for message: ask message for missing message 1
NOT IMPLEMENTED YET
client[0] - Room: stanza(client[0], 1) - Asked for message: 1
client[0] - time to live = 0 for message: ask message for missing message 1
client[3] - Room: stanza(client[0], 1) - Message discarded for I'm not a recipient: 
client[3] - time to live = 0 for message: ask message for missing message 1
NOT IMPLEMENTED YET
client[0] - Room: stanza(client[0], 1) - Asked for message: 1
client[0] - time to live = 0 for message: ask message for missing message 1
client[3] - Room: stanza(client[0], 1) - Message discarded for I'm not a recipient: 
client[3] - time to live = 0 for message: ask message for missing message 1
NOT IMPLEMENTED YET
client[0] - Room: stanza(client[0], 1) - Asked for message: 1
client[0] - time to live = 0 for message: ask message for missing message 1
client[3] - Room: stanza(client[0], 1) - Message discarded for I'm not a recipient: 
client[3] - time to live = 0 for message: ask message for missing message 58
NOT IMPLEMENTED YET
client[0] - Room: stanza(client[0], 1) - Asked for message: 58
client[0] - time to live = 0 for message: ask message for missing message 58
client[3] - Room: stanza(client[0], 1) - Message discarded for I'm not a recipient: 
client[3] - time to live = 0 for message: ask message for missing message 1
NOT IMPLEMENTED YET
client[0] - Room: stanza(client[0], 1) - Asked for message: 1
client[0] - time to live = 0 for message: ask message for missing message 1
NOT IMPLEMENTED YET
client[0] - Room: stanza(client[0], 1) - Asked for message: 1
client[0] - time to live = 0 for message: ask message for missing message 1
client[2] - Room: stanza(client[0], 1) - Message discarded for I'm not a recipient: 
client[2] - time to live = 0 for message: ask message for missing message 1
NOT IMPLEMENTED YET
client[0] - Room: stanza(client[0], 1) - Asked for message: 1
client[0] - time to live = 0 for message: ask message for missing message 1
client[2] - Room: stanza(client[0], 1) - Message discarded for I'm not a recipient: 
client[2] - time to live = 0 for message: ask message for missing message 1
NOT IMPLEMENTED YET
client[0] - Room: stanza(client[0], 1) - Asked for message: 1
client[0] - time to live = 0 for message: ask message for missing message 1
client[2] - Room: stanza(client[0], 1) - Message discarded for I'm not a recipient: 
client[2] - time to live = 0 for message: ask message for missing message 1
NOT IMPLEMENTED YET
client[0] - Room: stanza(client[0], 1) - Asked for message: 1
client[0] - time to live = 0 for message: ask message for missing message 1
client[2] - Room: stanza(client[0], 1) - Message discarded for I'm not a recipient: 
client[2] - time to live = 0 for message: ask message for missing message 1
NOT IMPLEMENTED YET
client[0] - Room: stanza(client[0], 1) - Asked for message: 68
client[0] - time to live = 0 for message: ask message for missing message 68
client[2] - Room: stanza(client[0], 1) - Message discarded for I'm not a recipient: 
client[2] - time to live = 0 for message: ask message for missing message 68
client[3] - Sending message to room stanza(client[4], 3) - msg(241,client[3])
client[2] - Room: stanza(client[4], 3) - Message discarded for I'm not a recipient: 
client[2] - time to live = 0 for message: message from client[3] to stanza(client[4], 3)
client[4] - stanza(client[4], 3) - Displayed message: msg(241,client[3]) from user client[3]
client[4] - Room: stanza(client[4], 3) - Message received: msg(241,client[3])
client[4] - time to live = 0 for message: message from client[3] to stanza(client[4], 3)
client[2] - Sending message to room stanza(client[3], 1) - msg(214,client[2])
client[1] - Room: stanza(client[3], 1) - Message discarded for I'm not a recipient: 
client[1] - time to live = 0 for message: message from client[2] to stanza(client[3], 1)
client[3] - stanza(client[3], 1) - Displayed message: msg(214,client[2]) from user client[2]
client[3] - Room: stanza(client[3], 1) - Message received: msg(214,client[2])
client[3] - time to live = 0 for message: message from client[2] to stanza(client[3], 1)
client[3] - Sending message to room stanza(client[3], 1) - msg(242,client[3])
client[2] - Asked for message: 3 - Room: stanza(client[3], 1)
client[2] - Asked for message: 1 - Room: stanza(client[3], 1)
client[2] - Asked for message: 37 - Room: stanza(client[3], 1)
client[2] - Asked for message: 1 - Room: stanza(client[3], 1)
client[2] - Asked for message: 1 - Room: stanza(client[3], 1)
client[2] - time to live = 0 for message: message from client[3] to stanza(client[3], 1)
client[4] - Asked for message: 1 - Room: stanza(client[3], 1)
client[4] - Asked for message: 1 - Room: stanza(client[3], 1)
client[4] - Asked for message: 1 - Room: stanza(client[3], 1)
client[4] - Asked for message: 1 - Room: stanza(client[3], 1)
client[4] - Asked for message: 31 - Room: stanza(client[3], 1)
client[4] - time to live = 0 for message: message from client[3] to stanza(client[3], 1)
client[1] - Room: stanza(client[3], 1) - Message discarded for I'm not a recipient: 
client[1] - time to live = 0 for message: ask message for missing message 3
NOT IMPLEMENTED YET
client[3] - Room: stanza(client[3], 1) - Asked for message: 3
client[3] - time to live = 0 for message: ask message for missing message 3
client[1] - Room: stanza(client[3], 1) - Message discarded for I'm not a recipient: 
client[1] - time to live = 0 for message: ask message for missing message 1
NOT IMPLEMENTED YET
client[3] - Room: stanza(client[3], 1) - Asked for message: 1
client[3] - time to live = 0 for message: ask message for missing message 1
client[1] - Room: stanza(client[3], 1) - Message discarded for I'm not a recipient: 
client[1] - time to live = 0 for message: ask message for missing message 37
NOT IMPLEMENTED YET
client[3] - Room: stanza(client[3], 1) - Asked for message: 37
client[3] - time to live = 0 for message: ask message for missing message 37
client[1] - Room: stanza(client[3], 1) - Message discarded for I'm not a recipient: 
client[1] - time to live = 0 for message: ask message for missing message 1
NOT IMPLEMENTED YET
client[3] - Room: stanza(client[3], 1) - Asked for message: 1
client[3] - time to live = 0 for message: ask message for missing message 1
client[1] - Room: stanza(client[3], 1) - Message discarded for I'm not a recipient: 
client[1] - time to live = 0 for message: ask message for missing message 1
NOT IMPLEMENTED YET
client[3] - Room: stanza(client[3], 1) - Asked for message: 1
client[3] - time to live = 0 for message: ask message for missing message 1
NOT IMPLEMENTED YET
client[3] - Room: stanza(client[3], 1) - Asked for message: 1
client[3] - time to live = 0 for message: ask message for missing message 1
client[0] - Room: stanza(client[3], 1) - Message discarded for I'm not a recipient: 
client[0] - time to live = 0 for message: ask message for missing message 1
NOT IMPLEMENTED YET
client[3] - Room: stanza(client[3], 1) - Asked for message: 1
client[3] - time to live = 0 for message: ask message for missing message 1
client[0] - Room: stanza(client[3], 1) - Message discarded for I'm not a recipient: 
client[0] - time to live = 0 for message: ask message for missing message 1
NOT IMPLEMENTED YET
client[3] - Room: stanza(client[3], 1) - Asked for message: 1
client[3] - time to live = 0 for message: ask message for missing message 1
client[0] - Room: stanza(client[3], 1) - Message discarded for I'm not a recipient: 
client[0] - time to live = 0 for message: ask message for missing message 1
NOT IMPLEMENTED YET
client[3] - Room: stanza(client[3], 1) - Asked for message: 1
client[3] - time to live = 0 for message: ask message for missing message 1
client[0] - Room: stanza(client[3], 1) - Message discarded for I'm not a recipient: 
client[0] - time to live = 0 for message: ask message for missing message 1
NOT IMPLEMENTED YET
client[3] - Room: stanza(client[3], 1) - Asked for message: 31
client[3] - time to live = 0 for message: ask message for missing message 31
client[0] - Room: stanza(client[3], 1) - Message discarded for I'm not a recipient: 
client[0] - time to live = 0 for message: ask message for missing message 31
client[0] - Sending message to room stanza(client[4], 5) - msg(244,client[0])
client[4] - stanza(client[4], 5) - Displayed message: msg(244,client[0]) from user client[0]
client[4] - Room: stanza(client[4], 5) - Message received: msg(244,client[0])
client[4] - time to live = 0 for message: message from client[0] to stanza(client[4], 5)
client[1] - Room: stanza(client[4], 5) - Message discarded for I'm not a recipient: 
client[1] - time to live = 0 for message: message from client[0] to stanza(client[4], 5)
client[2] - Sending message to room stanza(client[3], 1) - msg(215,client[2])
client[1] - Room: stanza(client[3], 1) - Message discarded for I'm not a recipient: 
client[1] - time to live = 0 for message: message from client[2] to stanza(client[3], 1)
client[3] - stanza(client[3], 1) - Displayed message: msg(215,client[2]) from user client[2]
client[3] - Room: stanza(client[3], 1) - Message received: msg(215,client[2])
client[3] - time to live = 0 for message: message from client[2] to stanza(client[3], 1)
client[1] - Sending message to room stanza(client[2], 0) - msg(279,client[1])
client[0] - Room: stanza(client[2], 0) - Message discarded for I'm not a recipient: 
client[0] - time to live = 0 for message: message from client[1] to stanza(client[2], 0)
client[2] - stanza(client[2], 0) - Displayed message: msg(279,client[1]) from user client[1]
client[2] - Room: stanza(client[2], 0) - Message received: msg(279,client[1])
client[2] - time to live = 0 for message: message from client[1] to stanza(client[2], 0)
client[3] - Sending message to room stanza(client[4], 3) - msg(243,client[3])
client[2] - Room: stanza(client[4], 3) - Message discarded for I'm not a recipient: 
client[2] - time to live = 0 for message: message from client[3] to stanza(client[4], 3)
client[4] - stanza(client[4], 3) - Displayed message: msg(243,client[3]) from user client[3]
client[4] - Room: stanza(client[4], 3) - Message received: msg(243,client[3])
client[4] - time to live = 0 for message: message from client[3] to stanza(client[4], 3)
client[4] - Sending message to room stanza(client[4], 5) - msg(258,client[4])
client[3] - Room: stanza(client[4], 5) - Message discarded for I'm not a recipient: 
client[3] - time to live = 0 for message: message from client[4] to stanza(client[4], 5)
client[0] - stanza(client[4], 5) - Displayed message: msg(258,client[4]) from user client[4]
client[0] - Room: stanza(client[4], 5) - Message received: msg(258,client[4])
client[0] - time to live = 0 for message: message from client[4] to stanza(client[4], 5)
client[4] - Sending message to room stanza(client[3], 6) - msg(259,client[4])
client[3] - stanza(client[3], 6) - Displayed message: msg(259,client[4]) from user client[4]
client[3] - Room: stanza(client[3], 6) - Message received: msg(259,client[4])
client[3] - time to live = 0 for message: message from client[4] to stanza(client[3], 6)
client[0] - Room: stanza(client[3], 6) - Message discarded for I'm not a recipient: 
client[0] - time to live = 0 for message: message from client[4] to stanza(client[3], 6)
client[2] - Sending message to room stanza(client[2], 4) - msg(216,client[2])
client[1] - Room: stanza(client[2], 4) - Message received: msg(216,client[2])
client[1] - time to live = 0 for message: message from client[2] to stanza(client[2], 4)
client[3] - Room: stanza(client[2], 4) - Message received: msg(216,client[2])
client[3] - time to live = 0 for message: message from client[2] to stanza(client[2], 4)
client[0] - Sending message to room stanza(client[1], 0) - msg(245,client[0])
client[4] - Room: stanza(client[1], 0) - Message discarded for I'm not a recipient: 
client[4] - time to live = 0 for message: message from client[0] to stanza(client[1], 0)
client[1] - stanza(client[1], 0) - Displayed message: msg(245,client[0]) from user client[0]
client[1] - Room: stanza(client[1], 0) - Message received: msg(245,client[0])
client[1] - time to live = 0 for message: message from client[0] to stanza(client[1], 0)
client[2] - Sending message to room stanza(client[2], 3) - msg(217,client[2])
client[1] - Room: stanza(client[2], 3) - Message discarded for I'm not a recipient: 
client[1] - time to live = 0 for message: message from client[2] to stanza(client[2], 3)
client[3] - stanza(client[2], 3) - Displayed message: msg(217,client[2]) from user client[2]
client[3] - Room: stanza(client[2], 3) - Message received: msg(217,client[2])
client[3] - time to live = 0 for message: message from client[2] to stanza(client[2], 3)
client[4] - Sending message to room stanza(client[3], 6) - msg(260,client[4])
client[3] - stanza(client[3], 6) - Displayed message: msg(260,client[4]) from user client[4]
client[3] - Room: stanza(client[3], 6) - Message received: msg(260,client[4])
client[3] - time to live = 0 for message: message from client[4] to stanza(client[3], 6)
client[0] - Room: stanza(client[3], 6) - Message discarded for I'm not a recipient: 
client[0] - time to live = 0 for message: message from client[4] to stanza(client[3], 6)
client[1] - Sending message to room stanza(client[2], 4) - msg(280,client[1])
client[0] - Room: stanza(client[2], 4) - Message discarded for I'm not a recipient: 
client[0] - time to live = 0 for message: message from client[1] to stanza(client[2], 4)
client[2] - stanza(client[2], 4) - Displayed message: msg(280,client[1]) from user client[1]
client[2] - Room: stanza(client[2], 4) - Message received: msg(280,client[1])
client[2] - time to live = 0 for message: message from client[1] to stanza(client[2], 4)
client[4] - Sending message to room stanza(client[4], 2) - msg(261,client[4])
client[3] - Room: stanza(client[4], 2) - Message discarded for I'm not a recipient: 
client[3] - time to live = 0 for message: message from client[4] to stanza(client[4], 2)
client[0] - stanza(client[4], 2) - Displayed message: msg(261,client[4]) from user client[4]
client[0] - Room: stanza(client[4], 2) - Message received: msg(261,client[4])
client[0] - time to live = 0 for message: message from client[4] to stanza(client[4], 2)
client[2] - Sending message to room stanza(client[2], 2) - msg(218,client[2])
client[1] - Room: stanza(client[2], 2) - Message discarded for I'm not a recipient: 
client[1] - time to live = 0 for message: message from client[2] to stanza(client[2], 2)
client[3] - stanza(client[2], 2) - Displayed message: msg(218,client[2]) from user client[2]
client[3] - Room: stanza(client[2], 2) - Message received: msg(218,client[2])
client[3] - time to live = 0 for message: message from client[2] to stanza(client[2], 2)
client[1] - Sending message to room stanza(client[2], 4) - msg(281,client[1])
client[0] - Room: stanza(client[2], 4) - Message discarded for I'm not a recipient: 
client[0] - time to live = 0 for message: message from client[1] to stanza(client[2], 4)
client[2] - stanza(client[2], 4) - Displayed message: msg(281,client[1]) from user client[1]
client[2] - Room: stanza(client[2], 4) - Message received: msg(281,client[1])
client[2] - time to live = 0 for message: message from client[1] to stanza(client[2], 4)
client[3] - Sending message to room stanza(client[3], 8) - msg(244,client[3])
client[2] - Room: stanza(client[3], 8) - Message discarded for I'm not a recipient: 
client[2] - time to live = 0 for message: message from client[3] to stanza(client[3], 8)
client[4] - Room: stanza(client[3], 8) - Message discarded for I'm not a recipient: 
client[4] - time to live = 0 for message: message from client[3] to stanza(client[3], 8)
client[2] - Sending message to room stanza(client[2], 0) - msg(219,client[2])
client[1] - stanza(client[2], 0) - Displayed message: msg(219,client[2]) from user client[2]
client[1] - Room: stanza(client[2], 0) - Message received: msg(219,client[2])
client[1] - time to live = 0 for message: message from client[2] to stanza(client[2], 0)
client[3] - Room: stanza(client[2], 0) - Message discarded for I'm not a recipient: 
client[3] - time to live = 0 for message: message from client[2] to stanza(client[2], 0)
client[1] - Sending message to room stanza(client[1], 0) - msg(282,client[1])
client[0] - stanza(client[1], 0) - Displayed message: msg(282,client[1]) from user client[1]
client[0] - Room: stanza(client[1], 0) - Message received: msg(282,client[1])
client[0] - time to live = 0 for message: message from client[1] to stanza(client[1], 0)
client[2] - Room: stanza(client[1], 0) - Message discarded for I'm not a recipient: 
client[2] - time to live = 0 for message: message from client[1] to stanza(client[1], 0)
client[4] - Sending message to room stanza(client[3], 4) - msg(262,client[4])
client[3] - stanza(client[3], 4) - Displayed message: msg(262,client[4]) from user client[4]
client[3] - Room: stanza(client[3], 4) - Message received: msg(262,client[4])
client[3] - time to live = 0 for message: message from client[4] to stanza(client[3], 4)
client[0] - Room: stanza(client[3], 4) - Message discarded for I'm not a recipient: 
client[0] - time to live = 0 for message: message from client[4] to stanza(client[3], 4)
client[1] - Sending message to room stanza(client[0], 2) - msg(283,client[1])
client[0] - stanza(client[0], 2) - Displayed message: msg(283,client[1]) from user client[1]
client[0] - Room: stanza(client[0], 2) - Message received: msg(283,client[1])
client[0] - time to live = 0 for message: message from client[1] to stanza(client[0], 2)
client[2] - Room: stanza(client[0], 2) - Message discarded for I'm not a recipient: 
client[2] - time to live = 0 for message: message from client[1] to stanza(client[0], 2)
client[4] - Sending message to room stanza(client[3], 3) - msg(263,client[4])
client[3] - stanza(client[3], 3) - Displayed message: msg(263,client[4]) from user client[4]
client[3] - Room: stanza(client[3], 3) - Message received: msg(263,client[4])
client[3] - time to live = 0 for message: message from client[4] to stanza(client[3], 3)
client[0] - Room: stanza(client[3], 3) - Message discarded for I'm not a recipient: 
client[0] - time to live = 0 for message: message from client[4] to stanza(client[3], 3)
client[0] - Sending message to room stanza(client[4], 2) - msg(246,client[0])
client[4] - stanza(client[4], 2) - Displayed message: msg(246,client[0]) from user client[0]
client[4] - Room: stanza(client[4], 2) - Message received: msg(246,client[0])
client[4] - time to live = 0 for message: message from client[0] to stanza(client[4], 2)
client[1] - Room: stanza(client[4], 2) - Message discarded for I'm not a recipient: 
client[1] - time to live = 0 for message: message from client[0] to stanza(client[4], 2)
client[2] - Sending message to room stanza(client[3], 7) - msg(220,client[2])
client[1] - Room: stanza(client[3], 7) - Message discarded for I'm not a recipient: 
client[1] - time to live = 0 for message: message from client[2] to stanza(client[3], 7)
client[3] - stanza(client[3], 7) - Displayed message: msg(220,client[2]) from user client[2]
client[3] - Room: stanza(client[3], 7) - Message received: msg(220,client[2])
client[3] - time to live = 0 for message: message from client[2] to stanza(client[3], 7)
client[3] - Sending message to room stanza(client[3], 4) - msg(245,client[3])
client[2] - Room: stanza(client[3], 4) - Message discarded for I'm not a recipient: 
client[2] - time to live = 0 for message: message from client[3] to stanza(client[3], 4)
client[4] - stanza(client[3], 4) - Displayed message: msg(245,client[3]) from user client[3]
client[4] - Room: stanza(client[3], 4) - Message received: msg(245,client[3])
client[4] - time to live = 0 for message: message from client[3] to stanza(client[3], 4)
client[3] - Sending message to room stanza(client[4], 1) - msg(246,client[3])
client[2] - Room: stanza(client[4], 1) - Message discarded for I'm not a recipient: 
client[2] - time to live = 0 for message: message from client[3] to stanza(client[4], 1)
client[4] - stanza(client[4], 1) - Displayed message: msg(246,client[3]) from user client[3]
client[4] - Room: stanza(client[4], 1) - Message received: msg(246,client[3])
client[4] - time to live = 0 for message: message from client[3] to stanza(client[4], 1)
client[1] - Sending message to room stanza(client[0], 1) - msg(284,client[1])
client[0] - stanza(client[0], 1) - Displayed message: msg(284,client[1]) from user client[1]
client[0] - Room: stanza(client[0], 1) - Message received: msg(284,client[1])
client[0] - time to live = 0 for message: message from client[1] to stanza(client[0], 1)
client[2] - Room: stanza(client[0], 1) - Message discarded for I'm not a recipient: 
client[2] - time to live = 0 for message: message from client[1] to stanza(client[0], 1)
client[2] - Sending message to room stanza(client[2], 4) - msg(221,client[2])
client[1] - Room: stanza(client[2], 4) - Message received: msg(221,client[2])
client[1] - time to live = 0 for message: message from client[2] to stanza(client[2], 4)
client[3] - Room: stanza(client[2], 4) - Message received: msg(221,client[2])
client[3] - time to live = 0 for message: message from client[2] to stanza(client[2], 4)
client[0] - Sending message to room stanza(client[0], 3) - msg(247,client[0])
client[4] - Room: stanza(client[0], 3) - Message discarded for I'm not a recipient: 
client[4] - time to live = 0 for message: message from client[0] to stanza(client[0], 3)
client[1] - stanza(client[0], 3) - Displayed message: msg(247,client[0]) from user client[0]
client[1] - Room: stanza(client[0], 3) - Message received: msg(247,client[0])
client[1] - time to live = 0 for message: message from client[0] to stanza(client[0], 3)
client[3] - Sending message to room stanza(client[3], 8) - msg(247,client[3])
client[2] - Room: stanza(client[3], 8) - Message discarded for I'm not a recipient: 
client[2] - time to live = 0 for message: message from client[3] to stanza(client[3], 8)
client[4] - Room: stanza(client[3], 8) - Message discarded for I'm not a recipient: 
client[4] - time to live = 0 for message: message from client[3] to stanza(client[3], 8)
client[1] - Sending message to room stanza(client[0], 2) - msg(285,client[1])
client[0] - stanza(client[0], 2) - Displayed message: msg(285,client[1]) from user client[1]
client[0] - Room: stanza(client[0], 2) - Message received: msg(285,client[1])
client[0] - time to live = 0 for message: message from client[1] to stanza(client[0], 2)
client[2] - Room: stanza(client[0], 2) - Message discarded for I'm not a recipient: 
client[2] - time to live = 0 for message: message from client[1] to stanza(client[0], 2)
client[3] - Sending message to room stanza(client[3], 3) - msg(248,client[3])
client[2] - Room: stanza(client[3], 3) - Message discarded for I'm not a recipient: 
client[2] - time to live = 0 for message: message from client[3] to stanza(client[3], 3)
client[4] - stanza(client[3], 3) - Displayed message: msg(248,client[3]) from user client[3]
client[4] - Room: stanza(client[3], 3) - Message received: msg(248,client[3])
client[4] - time to live = 0 for message: message from client[3] to stanza(client[3], 3)
client[4] - Sending message to room stanza(client[4], 4) - msg(264,client[4])
client[3] - stanza(client[4], 4) - Displayed message: msg(264,client[4]) from user client[4]
client[3] - Room: stanza(client[4], 4) - Message received: msg(264,client[4])
client[3] - time to live = 0 for message: message from client[4] to stanza(client[4], 4)
client[0] - Room: stanza(client[4], 4) - Message discarded for I'm not a recipient: 
client[0] - time to live = 0 for message: message from client[4] to stanza(client[4], 4)
client[2] - Sending message to room stanza(client[2], 3) - msg(222,client[2])
client[1] - Room: stanza(client[2], 3) - Message discarded for I'm not a recipient: 
client[1] - time to live = 0 for message: message from client[2] to stanza(client[2], 3)
client[3] - stanza(client[2], 3) - Displayed message: msg(222,client[2]) from user client[2]
client[3] - Room: stanza(client[2], 3) - Message received: msg(222,client[2])
client[3] - time to live = 0 for message: message from client[2] to stanza(client[2], 3)
client[3] - Sending message to room stanza(client[3], 2) - msg(249,client[3])
client[2] - stanza(client[3], 2) - Displayed message: msg(249,client[3]) from user client[3]
client[2] - Room: stanza(client[3], 2) - Message received: msg(249,client[3])
client[2] - time to live = 0 for message: message from client[3] to stanza(client[3], 2)
client[4] - Room: stanza(client[3], 2) - Message discarded for I'm not a recipient: 
client[4] - time to live = 0 for message: message from client[3] to stanza(client[3], 2)
client[1] - Sending message to room stanza(client[1], 3) - msg(286,client[1])
client[0] - stanza(client[1], 3) - Displayed message: msg(286,client[1]) from user client[1]
client[0] - Room: stanza(client[1], 3) - Message received: msg(286,client[1])
client[0] - time to live = 0 for message: message from client[1] to stanza(client[1], 3)
client[2] - Room: stanza(client[1], 3) - Message discarded for I'm not a recipient: 
client[2] - time to live = 0 for message: message from client[1] to stanza(client[1], 3)
client[0] - Sending message to room stanza(client[4], 3) - msg(248,client[0])
client[4] - stanza(client[4], 3) - Displayed message: msg(248,client[0]) from user client[0]
client[4] - Room: stanza(client[4], 3) - Message received: msg(248,client[0])
client[4] - time to live = 0 for message: message from client[0] to stanza(client[4], 3)
client[1] - Room: stanza(client[4], 3) - Message discarded for I'm not a recipient: 
client[1] - time to live = 0 for message: message from client[0] to stanza(client[4], 3)
client[0] - Sent room creation: stanza(client[0], 4) with: client[0],client[4],client[3]
client[4] - Room created: stanza(client[0], 4)
client[4] - time to live = 0 for message: creation of room stanza(client[0], 4)
client[1] - Room: stanza(client[0], 4) - Message discarded for I'm not a recipient: 
client[1] - time to live = 0 for message: creation of room stanza(client[0], 4)
client[2] - Sending message to room stanza(client[2], 3) - msg(223,client[2])
client[1] - Room: stanza(client[2], 3) - Message discarded for I'm not a recipient: 
client[1] - time to live = 0 for message: message from client[2] to stanza(client[2], 3)
client[3] - stanza(client[2], 3) - Displayed message: msg(223,client[2]) from user client[2]
client[3] - Room: stanza(client[2], 3) - Message received: msg(223,client[2])
client[3] - time to live = 0 for message: message from client[2] to stanza(client[2], 3)
client[2] - Sending message to room stanza(client[2], 0) - msg(224,client[2])
client[1] - stanza(client[2], 0) - Displayed message: msg(224,client[2]) from user client[2]
client[1] - Room: stanza(client[2], 0) - Message received: msg(224,client[2])
client[1] - time to live = 0 for message: message from client[2] to stanza(client[2], 0)
client[3] - Room: stanza(client[2], 0) - Message discarded for I'm not a recipient: 
client[3] - time to live = 0 for message: message from client[2] to stanza(client[2], 0)
client[1] - Sending message to room stanza(client[1], 1) - msg(287,client[1])
client[0] - Asked for message: 2 - Room: stanza(client[1], 1)
client[0] - Asked for message: 19 - Room: stanza(client[1], 1)
client[0] - Asked for message: 1 - Room: stanza(client[1], 1)
client[0] - Asked for message: 1 - Room: stanza(client[1], 1)
client[0] - time to live = 0 for message: message from client[1] to stanza(client[1], 1)
client[2] - Asked for message: 2 - Room: stanza(client[1], 1)
client[2] - Asked for message: 1 - Room: stanza(client[1], 1)
client[2] - Asked for message: 30 - Room: stanza(client[1], 1)
client[2] - Asked for message: 1 - Room: stanza(client[1], 1)
client[2] - time to live = 0 for message: message from client[1] to stanza(client[1], 1)
client[4] - Room: stanza(client[1], 1) - Message discarded for I'm not a recipient: 
client[4] - time to live = 0 for message: ask message for missing message 2
NOT IMPLEMENTED YET
client[1] - Room: stanza(client[1], 1) - Asked for message: 2
client[1] - time to live = 0 for message: ask message for missing message 2
client[4] - Room: stanza(client[1], 1) - Message discarded for I'm not a recipient: 
client[4] - time to live = 0 for message: ask message for missing message 19
NOT IMPLEMENTED YET
client[1] - Room: stanza(client[1], 1) - Asked for message: 19
client[1] - time to live = 0 for message: ask message for missing message 19
client[4] - Room: stanza(client[1], 1) - Message discarded for I'm not a recipient: 
client[4] - time to live = 0 for message: ask message for missing message 1
NOT IMPLEMENTED YET
client[1] - Room: stanza(client[1], 1) - Asked for message: 1
client[1] - time to live = 0 for message: ask message for missing message 1
client[4] - Room: stanza(client[1], 1) - Message discarded for I'm not a recipient: 
client[4] - time to live = 0 for message: ask message for missing message 1
NOT IMPLEMENTED YET
client[1] - Room: stanza(client[1], 1) - Asked for message: 1
client[1] - time to live = 0 for message: ask message for missing message 1
NOT IMPLEMENTED YET
client[1] - Room: stanza(client[1], 1) - Asked for message: 2
client[1] - time to live = 0 for message: ask message for missing message 2
client[3] - Room: stanza(client[1], 1) - Message discarded for I'm not a recipient: 
client[3] - time to live = 0 for message: ask message for missing message 2
NOT IMPLEMENTED YET
client[1] - Room: stanza(client[1], 1) - Asked for message: 1
client[1] - time to live = 0 for message: ask message for missing message 1
client[3] - Room: stanza(client[1], 1) - Message discarded for I'm not a recipient: 
client[3] - time to live = 0 for message: ask message for missing message 1
NOT IMPLEMENTED YET
client[1] - Room: stanza(client[1], 1) - Asked for message: 30
client[1] - time to live = 0 for message: ask message for missing message 30
client[3] - Room: stanza(client[1], 1) - Message discarded for I'm not a recipient: 
client[3] - time to live = 0 for message: ask message for missing message 30
NOT IMPLEMENTED YET
client[1] - Room: stanza(client[1], 1) - Asked for message: 1
client[1] - time to live = 0 for message: ask message for missing message 1
client[3] - Room: stanza(client[1], 1) - Message discarded for I'm not a recipient: 
client[3] - time to live = 0 for message: ask message for missing message 1
client[3] - Sending message to room stanza(client[3], 0) - msg(250,client[3])
client[2] - Room: stanza(client[3], 0) - Message discarded for I'm not a recipient: 
client[2] - time to live = 0 for message: message from client[3] to stanza(client[3], 0)
client[4] - stanza(client[3], 0) - Displayed message: msg(250,client[3]) from user client[3]
client[4] - Room: stanza(client[3], 0) - Message received: msg(250,client[3])
client[4] - time to live = 0 for message: message from client[3] to stanza(client[3], 0)
client[0] - Sending message to room stanza(client[0], 1) - msg(249,client[0])
client[4] - Asked for message: 1 - Room: stanza(client[0], 1)
client[4] - Asked for message: 1 - Room: stanza(client[0], 1)
client[4] - Asked for message: 1 - Room: stanza(client[0], 1)
client[4] - Asked for message: 58 - Room: stanza(client[0], 1)
client[4] - Asked for message: 1 - Room: stanza(client[0], 1)
client[4] - time to live = 0 for message: message from client[0] to stanza(client[0], 1)
client[1] - Asked for message: 1 - Room: stanza(client[0], 1)
client[1] - Asked for message: 1 - Room: stanza(client[0], 1)
client[1] - Asked for message: 1 - Room: stanza(client[0], 1)
client[1] - Asked for message: 1 - Room: stanza(client[0], 1)
client[1] - Asked for message: 69 - Room: stanza(client[0], 1)
client[1] - time to live = 0 for message: message from client[0] to stanza(client[0], 1)
client[3] - Room: stanza(client[0], 1) - Message discarded for I'm not a recipient: 
client[3] - time to live = 0 for message: ask message for missing message 1
NOT IMPLEMENTED YET
client[0] - Room: stanza(client[0], 1) - Asked for message: 1
client[0] - time to live = 0 for message: ask message for missing message 1
client[3] - Room: stanza(client[0], 1) - Message discarded for I'm not a recipient: 
client[3] - time to live = 0 for message: ask message for missing message 1
NOT IMPLEMENTED YET
client[0] - Room: stanza(client[0], 1) - Asked for message: 1
client[0] - time to live = 0 for message: ask message for missing message 1
client[3] - Room: stanza(client[0], 1) - Message discarded for I'm not a recipient: 
client[3] - time to live = 0 for message: ask message for missing message 1
NOT IMPLEMENTED YET
client[0] - Room: stanza(client[0], 1) - Asked for message: 1
client[0] - time to live = 0 for message: ask message for missing message 1
client[3] - Room: stanza(client[0], 1) - Message discarded for I'm not a recipient: 
client[3] - time to live = 0 for message: ask message for missing message 58
NOT IMPLEMENTED YET
client[0] - Room: stanza(client[0], 1) - Asked for message: 58
client[0] - time to live = 0 for message: ask message for missing message 58
client[3] - Room: stanza(client[0], 1) - Message discarded for I'm not a recipient: 
client[3] - time to live = 0 for message: ask message for missing message 1
NOT IMPLEMENTED YET
client[0] - Room: stanza(client[0], 1) - Asked for message: 1
client[0] - time to live = 0 for message: ask message for missing message 1
NOT IMPLEMENTED YET
client[0] - Room: stanza(client[0], 1) - Asked for message: 1
client[0] - time to live = 0 for message: ask message for missing message 1
client[2] - Room: stanza(client[0], 1) - Message discarded for I'm not a recipient: 
client[2] - time to live = 0 for message: ask message for missing message 1
NOT IMPLEMENTED YET
client[0] - Room: stanza(client[0], 1) - Asked for message: 1
client[0] - time to live = 0 for message: ask message for missing message 1
client[2] - Room: stanza(client[0], 1) - Message discarded for I'm not a recipient: 
client[2] - time to live = 0 for message: ask message for missing message 1
NOT IMPLEMENTED YET
client[0] - Room: stanza(client[0], 1) - Asked for message: 1
client[0] - time to live = 0 for message: ask message for missing message 1
client[2] - Room: stanza(client[0], 1) - Message discarded for I'm not a recipient: 
client[2] - time to live = 0 for message: ask message for missing message 1
NOT IMPLEMENTED YET
client[0] - Room: stanza(client[0], 1) - Asked for message: 1
client[0] - time to live = 0 for message: ask message for missing message 1
client[2] - Room: stanza(client[0], 1) - Message discarded for I'm not a recipient: 
client[2] - time to live = 0 for message: ask message for missing message 1
NOT IMPLEMENTED YET
client[0] - Room: stanza(client[0], 1) - Asked for message: 69
client[0] - time to live = 0 for message: ask message for missing message 69
client[2] - Room: stanza(client[0], 1) - Message discarded for I'm not a recipient: 
client[2] - time to live = 0 for message: ask message for missing message 69
client[0] - Sending message to room stanza(client[4], 2) - msg(250,client[0])
client[4] - stanza(client[4], 2) - Displayed message: msg(250,client[0]) from user client[0]
client[4] - Room: stanza(client[4], 2) - Message received: msg(250,client[0])
client[4] - time to live = 0 for message: message from client[0] to stanza(client[4], 2)
client[1] - Room: stanza(client[4], 2) - Message discarded for I'm not a recipient: 
client[1] - time to live = 0 for message: message from client[0] to stanza(client[4], 2)
client[4] - Sending message to room stanza(client[3], 4) - msg(265,client[4])
client[3] - stanza(client[3], 4) - Displayed message: msg(265,client[4]) from user client[4]
client[3] - Room: stanza(client[3], 4) - Message received: msg(265,client[4])
client[3] - time to live = 0 for message: message from client[4] to stanza(client[3], 4)
client[0] - Room: stanza(client[3], 4) - Message discarded for I'm not a recipient: 
client[0] - time to live = 0 for message: message from client[4] to stanza(client[3], 4)
client[0] - Sending message to room stanza(client[0], 4) - msg(251,client[0])
client[4] - stanza(client[0], 4) - Displayed message: msg(251,client[0]) from user client[0]
client[4] - Room: stanza(client[0], 4) - Message received: msg(251,client[0])
client[4] - time to live = 0 for message: message from client[0] to stanza(client[0], 4)
client[1] - Room: stanza(client[0], 4) - Message discarded for I'm not a recipient: 
client[1] - time to live = 0 for message: message from client[0] to stanza(client[0], 4)
client[4] - Sending message to room stanza(client[0], 1) - msg(266,client[4])
client[3] - Room: stanza(client[0], 1) - Message discarded for I'm not a recipient: 
client[3] - time to live = 0 for message: message from client[4] to stanza(client[0], 1)
client[0] - stanza(client[0], 1) - Displayed message: msg(266,client[4]) from user client[4]
client[0] - Room: stanza(client[0], 1) - Message received: msg(266,client[4])
client[0] - time to live = 0 for message: message from client[4] to stanza(client[0], 1)
client[4] - Sending message to room stanza(client[4], 0) - msg(267,client[4])
client[3] - Room: stanza(client[4], 0) - Message discarded for I'm not a recipient: 
client[3] - time to live = 0 for message: message from client[4] to stanza(client[4], 0)
client[0] - stanza(client[4], 0) - Displayed message: msg(267,client[4]) from user client[4]
client[0] - Room: stanza(client[4], 0) - Message received: msg(267,client[4])
client[0] - time to live = 0 for message: message from client[4] to stanza(client[4], 0)
client[3] - Sending message to room stanza(client[3], 4) - msg(251,client[3])
client[2] - Room: stanza(client[3], 4) - Message discarded for I'm not a recipient: 
client[2] - time to live = 0 for message: message from client[3] to stanza(client[3], 4)
client[4] - stanza(client[3], 4) - Displayed message: msg(251,client[3]) from user client[3]
client[4] - Room: stanza(client[3], 4) - Message received: msg(251,client[3])
client[4] - time to live = 0 for message: message from client[3] to stanza(client[3], 4)
client[1] - Sending message to room stanza(client[1], 3) - msg(288,client[1])
client[0] - stanza(client[1], 3) - Displayed message: msg(288,client[1]) from user client[1]
client[0] - Room: stanza(client[1], 3) - Message received: msg(288,client[1])
client[0] - time to live = 0 for message: message from client[1] to stanza(client[1], 3)
client[2] - Room: stanza(client[1], 3) - Message discarded for I'm not a recipient: 
client[2] - time to live = 0 for message: message from client[1] to stanza(client[1], 3)
client[0] - Sending message to room stanza(client[1], 3) - msg(252,client[0])
client[4] - Room: stanza(client[1], 3) - Message discarded for I'm not a recipient: 
client[4] - time to live = 0 for message: message from client[0] to stanza(client[1], 3)
client[1] - stanza(client[1], 3) - Displayed message: msg(252,client[0]) from user client[0]
client[1] - Room: stanza(client[1], 3) - Message received: msg(252,client[0])
client[1] - time to live = 0 for message: message from client[0] to stanza(client[1], 3)
client[2] - Sending message to room stanza(client[1], 1) - msg(225,client[2])
client[1] - stanza(client[1], 1) - Displayed message: msg(225,client[2]) from user client[2]
client[1] - Room: stanza(client[1], 1) - Message received: msg(225,client[2])
client[1] - time to live = 0 for message: message from client[2] to stanza(client[1], 1)
client[3] - Room: stanza(client[1], 1) - Message discarded for I'm not a recipient: 
client[3] - time to live = 0 for message: message from client[2] to stanza(client[1], 1)
client[1] - Sending message to room stanza(client[2], 4) - msg(289,client[1])
client[0] - Room: stanza(client[2], 4) - Message discarded for I'm not a recipient: 
client[0] - time to live = 0 for message: message from client[1] to stanza(client[2], 4)
client[2] - stanza(client[2], 4) - Displayed message: msg(289,client[1]) from user client[1]
client[2] - Room: stanza(client[2], 4) - Message received: msg(289,client[1])
client[2] - time to live = 0 for message: message from client[1] to stanza(client[2], 4)
client[4] - Sending message to room stanza(client[3], 7) - msg(268,client[4])
client[3] - stanza(client[3], 7) - Displayed message: msg(268,client[4]) from user client[4]
client[3] - Room: stanza(client[3], 7) - Message received: msg(268,client[4])
client[3] - time to live = 0 for message: message from client[4] to stanza(client[3], 7)
client[0] - Room: stanza(client[3], 7) - Message discarded for I'm not a recipient: 
client[0] - time to live = 0 for message: message from client[4] to stanza(client[3], 7)
client[3] - Sending message to room stanza(client[3], 6) - msg(252,client[3])
client[2] - Room: stanza(client[3], 6) - Message discarded for I'm not a recipient: 
client[2] - time to live = 0 for message: message from client[3] to stanza(client[3], 6)
client[4] - stanza(client[3], 6) - Displayed message: msg(252,client[3]) from user client[3]
client[4] - Room: stanza(client[3], 6) - Message received: msg(252,client[3])
client[4] - time to live = 0 for message: message from client[3] to stanza(client[3], 6)
client[4] - Sending message to room stanza(client[4], 4) - msg(269,client[4])
client[3] - stanza(client[4], 4) - Displayed message: msg(269,client[4]) from user client[4]
client[3] - Room: stanza(client[4], 4) - Message received: msg(269,client[4])
client[3] - time to live = 0 for message: message from client[4] to stanza(client[4], 4)
client[0] - Room: stanza(client[4], 4) - Message discarded for I'm not a recipient: 
client[0] - time to live = 0 for message: message from client[4] to stanza(client[4], 4)
client[0] - Sending message to room stanza(client[4], 0) - msg(253,client[0])
client[4] - stanza(client[4], 0) - Displayed message: msg(253,client[0]) from user client[0]
client[4] - Room: stanza(client[4], 0) - Message received: msg(253,client[0])
client[4] - time to live = 0 for message: message from client[0] to stanza(client[4], 0)
client[1] - Room: stanza(client[4], 0) - Message discarded for I'm not a recipient: 
client[1] - time to live = 0 for message: message from client[0] to stanza(client[4], 0)
client[2] - Sending message to room stanza(client[3], 2) - msg(226,client[2])
client[1] - Room: stanza(client[3], 2) - Message discarded for I'm not a recipient: 
client[1] - time to live = 0 for message: message from client[2] to stanza(client[3], 2)
client[3] - stanza(client[3], 2) - Displayed message: msg(226,client[2]) from user client[2]
client[3] - Room: stanza(client[3], 2) - Message received: msg(226,client[2])
client[3] - time to live = 0 for message: message from client[2] to stanza(client[3], 2)
client[1] - Sending message to room stanza(client[2], 0) - msg(290,client[1])
client[0] - Room: stanza(client[2], 0) - Message discarded for I'm not a recipient: 
client[0] - time to live = 0 for message: message from client[1] to stanza(client[2], 0)
client[2] - stanza(client[2], 0) - Displayed message: msg(290,client[1]) from user client[1]
client[2] - Room: stanza(client[2], 0) - Message received: msg(290,client[1])
client[2] - time to live = 0 for message: message from client[1] to stanza(client[2], 0)
client[4] - Sending message to room stanza(client[3], 4) - msg(270,client[4])
client[3] - stanza(client[3], 4) - Displayed message: msg(270,client[4]) from user client[4]
client[3] - Room: stanza(client[3], 4) - Message received: msg(270,client[4])
client[3] - time to live = 0 for message: message from client[4] to stanza(client[3], 4)
client[0] - Room: stanza(client[3], 4) - Message discarded for I'm not a recipient: 
client[0] - time to live = 0 for message: message from client[4] to stanza(client[3], 4)
client[3] - Sending message to room stanza(client[3], 4) - msg(253,client[3])
client[2] - Room: stanza(client[3], 4) - Message discarded for I'm not a recipient: 
client[2] - time to live = 0 for message: message from client[3] to stanza(client[3], 4)
client[4] - stanza(client[3], 4) - Displayed message: msg(253,client[3]) from user client[3]
client[4] - Room: stanza(client[3], 4) - Message received: msg(253,client[3])
client[4] - time to live = 0 for message: message from client[3] to stanza(client[3], 4)
client[4] - Sending message to room stanza(client[0], 2) - msg(271,client[4])
client[3] - Room: stanza(client[0], 2) - Message discarded for I'm not a recipient: 
client[3] - time to live = 0 for message: message from client[4] to stanza(client[0], 2)
client[0] - stanza(client[0], 2) - Displayed message: msg(271,client[4]) from user client[4]
client[0] - Room: stanza(client[0], 2) - Message received: msg(271,client[4])
client[0] - time to live = 0 for message: message from client[4] to stanza(client[0], 2)
client[0] - Sending message to room stanza(client[4], 0) - msg(254,client[0])
client[4] - stanza(client[4], 0) - Displayed message: msg(254,client[0]) from user client[0]
client[4] - Room: stanza(client[4], 0) - Message received: msg(254,client[0])
client[4] - time to live = 0 for message: message from client[0] to stanza(client[4], 0)
client[1] - Room: stanza(client[4], 0) - Message discarded for I'm not a recipient: 
client[1] - time to live = 0 for message: message from client[0] to stanza(client[4], 0)
client[2] - Sending message to room stanza(client[2], 1) - msg(227,client[2])
client[1] - stanza(client[2], 1) - Displayed message: msg(227,client[2]) from user client[2]
client[1] - Room: stanza(client[2], 1) - Message received: msg(227,client[2])
client[1] - time to live = 0 for message: message from client[2] to stanza(client[2], 1)
client[3] - Room: stanza(client[2], 1) - Message discarded for I'm not a recipient: 
client[3] - time to live = 0 for message: message from client[2] to stanza(client[2], 1)
client[2] - Sending message to room stanza(client[1], 1) - msg(228,client[2])
client[1] - stanza(client[1], 1) - Displayed message: msg(228,client[2]) from user client[2]
client[1] - Room: stanza(client[1], 1) - Message received: msg(228,client[2])
client[1] - time to live = 0 for message: message from client[2] to stanza(client[1], 1)
client[3] - Room: stanza(client[1], 1) - Message discarded for I'm not a recipient: 
client[3] - time to live = 0 for message: message from client[2] to stanza(client[1], 1)
client[1] - Sending message to room stanza(client[1], 3) - msg(291,client[1])
client[0] - stanza(client[1], 3) - Displayed message: msg(291,client[1]) from user client[1]
client[0] - Room: stanza(client[1], 3) - Message received: msg(291,client[1])
client[0] - time to live = 0 for message: message from client[1] to stanza(client[1], 3)
client[2] - Room: stanza(client[1], 3) - Message discarded for I'm not a recipient: 
client[2] - time to live = 0 for message: message from client[1] to stanza(client[1], 3)
client[0] - Sending message to room stanza(client[0], 2) - msg(255,client[0])
client[4] - Asked for message: 1 - Room: stanza(client[0], 2)
client[4] - Asked for message: 1 - Room: stanza(client[0], 2)
client[4] - Asked for message: 37 - Room: stanza(client[0], 2)
client[4] - Asked for message: 1 - Room: stanza(client[0], 2)
client[4] - Asked for message: 1 - Room: stanza(client[0], 2)
client[4] - time to live = 0 for message: message from client[0] to stanza(client[0], 2)
client[1] - Asked for message: 1 - Room: stanza(client[0], 2)
client[1] - Asked for message: 1 - Room: stanza(client[0], 2)
client[1] - Asked for message: 1 - Room: stanza(client[0], 2)
client[1] - Asked for message: 40 - Room: stanza(client[0], 2)
client[1] - Asked for message: 1 - Room: stanza(client[0], 2)
client[1] - time to live = 0 for message: message from client[0] to stanza(client[0], 2)
client[3] - Room: stanza(client[0], 2) - Message discarded for I'm not a recipient: 
client[3] - time to live = 0 for message: ask message for missing message 1
NOT IMPLEMENTED YET
client[0] - Room: stanza(client[0], 2) - Asked for message: 1
client[0] - time to live = 0 for message: ask message for missing message 1
client[3] - Room: stanza(client[0], 2) - Message discarded for I'm not a recipient: 
client[3] - time to live = 0 for message: ask message for missing message 1
NOT IMPLEMENTED YET
client[0] - Room: stanza(client[0], 2) - Asked for message: 1
client[0] - time to live = 0 for message: ask message for missing message 1
client[3] - Room: stanza(client[0], 2) - Message discarded for I'm not a recipient: 
client[3] - time to live = 0 for message: ask message for missing message 37
NOT IMPLEMENTED YET
client[0] - Room: stanza(client[0], 2) - Asked for message: 37
client[0] - time to live = 0 for message: ask message for missing message 37
client[3] - Room: stanza(client[0], 2) - Message discarded for I'm not a recipient: 
client[3] - time to live = 0 for message: ask message for missing message 1
NOT IMPLEMENTED YET
client[0] - Room: stanza(client[0], 2) - Asked for message: 1
client[0] - time to live = 0 for message: ask message for missing message 1
client[3] - Room: stanza(client[0], 2) - Message discarded for I'm not a recipient: 
client[3] - time to live = 0 for message: ask message for missing message 1
NOT IMPLEMENTED YET
client[0] - Room: stanza(client[0], 2) - Asked for message: 1
client[0] - time to live = 0 for message: ask message for missing message 1
NOT IMPLEMENTED YET
client[0] - Room: stanza(client[0], 2) - Asked for message: 1
client[0] - time to live = 0 for message: ask message for missing message 1
client[2] - Room: stanza(client[0], 2) - Message discarded for I'm not a recipient: 
client[2] - time to live = 0 for message: ask message for missing message 1
NOT IMPLEMENTED YET
client[0] - Room: stanza(client[0], 2) - Asked for message: 1
client[0] - time to live = 0 for message: ask message for missing message 1
client[2] - Room: stanza(client[0], 2) - Message discarded for I'm not a recipient: 
client[2] - time to live = 0 for message: ask message for missing message 1
NOT IMPLEMENTED YET
client[0] - Room: stanza(client[0], 2) - Asked for message: 1
client[0] - time to live = 0 for message: ask message for missing message 1
client[2] - Room: stanza(client[0], 2) - Message discarded for I'm not a recipient: 
client[2] - time to live = 0 for message: ask message for missing message 1
NOT IMPLEMENTED YET
client[0] - Room: stanza(client[0], 2) - Asked for message: 40
client[0] - time to live = 0 for message: ask message for missing message 40
client[2] - Room: stanza(client[0], 2) - Message discarded for I'm not a recipient: 
client[2] - time to live = 0 for message: ask message for missing message 40
NOT IMPLEMENTED YET
client[0] - Room: stanza(client[0], 2) - Asked for message: 1
client[0] - time to live = 0 for message: ask message for missing message 1
client[2] - Room: stanza(client[0], 2) - Message discarded for I'm not a recipient: 
client[2] - time to live = 0 for message: ask message for missing message 1
client[2] - Sending message to room stanza(client[3], 1) - msg(229,client[2])
client[1] - Room: stanza(client[3], 1) - Message discarded for I'm not a recipient: 
client[1] - time to live = 0 for message: message from client[2] to stanza(client[3], 1)
client[3] - stanza(client[3], 1) - Displayed message: msg(229,client[2]) from user client[2]
client[3] - Room: stanza(client[3], 1) - Message received: msg(229,client[2])
client[3] - time to live = 0 for message: message from client[2] to stanza(client[3], 1)
client[1] - Sending message to room stanza(client[2], 4) - msg(292,client[1])
client[0] - Room: stanza(client[2], 4) - Message discarded for I'm not a recipient: 
client[0] - time to live = 0 for message: message from client[1] to stanza(client[2], 4)
client[2] - stanza(client[2], 4) - Displayed message: msg(292,client[1]) from user client[1]
client[2] - Room: stanza(client[2], 4) - Message received: msg(292,client[1])
client[2] - time to live = 0 for message: message from client[1] to stanza(client[2], 4)
client[1] - Sending message to room stanza(client[0], 2) - msg(293,client[1])
client[0] - stanza(client[0], 2) - Displayed message: msg(293,client[1]) from user client[1]
client[0] - Room: stanza(client[0], 2) - Message received: msg(293,client[1])
client[0] - time to live = 0 for message: message from client[1] to stanza(client[0], 2)
client[2] - Room: stanza(client[0], 2) - Message discarded for I'm not a recipient: 
client[2] - time to live = 0 for message: message from client[1] to stanza(client[0], 2)
client[0] - Sending message to room stanza(client[1], 2) - msg(256,client[0])
client[4] - Room: stanza(client[1], 2) - Message discarded for I'm not a recipient: 
client[4] - time to live = 0 for message: message from client[0] to stanza(client[1], 2)
client[1] - stanza(client[1], 2) - Displayed message: msg(256,client[0]) from user client[0]
client[1] - Room: stanza(client[1], 2) - Message received: msg(256,client[0])
client[1] - time to live = 0 for message: message from client[0] to stanza(client[1], 2)
client[3] - Sending message to room stanza(client[2], 3) - msg(254,client[3])
client[2] - stanza(client[2], 3) - Displayed message: msg(254,client[3]) from user client[3]
client[2] - Room: stanza(client[2], 3) - Message received: msg(254,client[3])
client[2] - time to live = 0 for message: message from client[3] to stanza(client[2], 3)
client[4] - Room: stanza(client[2], 3) - Message discarded for I'm not a recipient: 
client[4] - time to live = 0 for message: message from client[3] to stanza(client[2], 3)
client[4] - Sending message to room stanza(client[0], 2) - msg(272,client[4])
client[3] - Room: stanza(client[0], 2) - Message discarded for I'm not a recipient: 
client[3] - time to live = 0 for message: message from client[4] to stanza(client[0], 2)
client[0] - stanza(client[0], 2) - Displayed message: msg(272,client[4]) from user client[4]
client[0] - Room: stanza(client[0], 2) - Message received: msg(272,client[4])
client[0] - time to live = 0 for message: message from client[4] to stanza(client[0], 2)
client[2] - Sending message to room stanza(client[2], 2) - msg(230,client[2])
client[1] - Room: stanza(client[2], 2) - Message discarded for I'm not a recipient: 
client[1] - time to live = 0 for message: message from client[2] to stanza(client[2], 2)
client[3] - stanza(client[2], 2) - Displayed message: msg(230,client[2]) from user client[2]
client[3] - Room: stanza(client[2], 2) - Message received: msg(230,client[2])
client[3] - time to live = 0 for message: message from client[2] to stanza(client[2], 2)
client[1] - Sending message to room stanza(client[2], 4) - msg(294,client[1])
client[0] - Room: stanza(client[2], 4) - Message discarded for I'm not a recipient: 
client[0] - time to live = 0 for message: message from client[1] to stanza(client[2], 4)
client[2] - stanza(client[2], 4) - Displayed message: msg(294,client[1]) from user client[1]
client[2] - Room: stanza(client[2], 4) - Message received: msg(294,client[1])
client[2] - time to live = 0 for message: message from client[1] to stanza(client[2], 4)
client[3] - Sending message to room stanza(client[3], 3) - msg(255,client[3])
client[2] - Room: stanza(client[3], 3) - Message discarded for I'm not a recipient: 
client[2] - time to live = 0 for message: message from client[3] to stanza(client[3], 3)
client[4] - stanza(client[3], 3) - Displayed message: msg(255,client[3]) from user client[3]
client[4] - Room: stanza(client[3], 3) - Message received: msg(255,client[3])
client[4] - time to live = 0 for message: message from client[3] to stanza(client[3], 3)
client[0] - Sending message to room stanza(client[1], 3) - msg(257,client[0])
client[4] - Room: stanza(client[1], 3) - Message discarded for I'm not a recipient: 
client[4] - time to live = 0 for message: message from client[0] to stanza(client[1], 3)
client[1] - stanza(client[1], 3) - Displayed message: msg(257,client[0]) from user client[0]
client[1] - Room: stanza(client[1], 3) - Message received: msg(257,client[0])
client[1] - time to live = 0 for message: message from client[0] to stanza(client[1], 3)
client[3] - Sending message to room stanza(client[3], 8) - msg(256,client[3])
client[2] - Room: stanza(client[3], 8) - Message discarded for I'm not a recipient: 
client[2] - time to live = 0 for message: message from client[3] to stanza(client[3], 8)
client[4] - Room: stanza(client[3], 8) - Message discarded for I'm not a recipient: 
client[4] - time to live = 0 for message: message from client[3] to stanza(client[3], 8)
client[1] - Sending message to room stanza(client[0], 1) - msg(295,client[1])
client[0] - stanza(client[0], 1) - Displayed message: msg(295,client[1]) from user client[1]
client[0] - Room: stanza(client[0], 1) - Message received: msg(295,client[1])
client[0] - time to live = 0 for message: message from client[1] to stanza(client[0], 1)
client[2] - Room: stanza(client[0], 1) - Message discarded for I'm not a recipient: 
client[2] - time to live = 0 for message: message from client[1] to stanza(client[0], 1)
client[4] - Sending message to room stanza(client[4], 4) - msg(273,client[4])
client[3] - stanza(client[4], 4) - Displayed message: msg(273,client[4]) from user client[4]
client[3] - Room: stanza(client[4], 4) - Message received: msg(273,client[4])
client[3] - time to live = 0 for message: message from client[4] to stanza(client[4], 4)
client[0] - Room: stanza(client[4], 4) - Message discarded for I'm not a recipient: 
client[0] - time to live = 0 for message: message from client[4] to stanza(client[4], 4)
client[0] - Sending message to room stanza(client[0], 0) - msg(258,client[0])
client[4] - Room: stanza(client[0], 0) - Message discarded for I'm not a recipient: 
client[4] - time to live = 0 for message: message from client[0] to stanza(client[0], 0)
client[1] - Room: stanza(client[0], 0) - Message discarded for I'm not a recipient: 
client[1] - time to live = 0 for message: message from client[0] to stanza(client[0], 0)
client[3] - Sent room creation: stanza(client[3], 9) with: client[3],client[2],client[4],client[0],client[1]
client[2] - Room created: stanza(client[3], 9)
client[2] - time to live = 0 for message: creation of room stanza(client[3], 9)
client[4] - Room created: stanza(client[3], 9)
client[4] - time to live = 0 for message: creation of room stanza(client[3], 9)
client[2] - Sending message to room stanza(client[3], 2) - msg(231,client[2])
client[1] - Room: stanza(client[3], 2) - Message discarded for I'm not a recipient: 
client[1] - time to live = 0 for message: message from client[2] to stanza(client[3], 2)
client[3] - stanza(client[3], 2) - Displayed message: msg(231,client[2]) from user client[2]
client[3] - Room: stanza(client[3], 2) - Message received: msg(231,client[2])
client[3] - time to live = 0 for message: message from client[2] to stanza(client[3], 2)
client[0] - Sending message to room stanza(client[1], 2) - msg(259,client[0])
client[4] - Room: stanza(client[1], 2) - Message discarded for I'm not a recipient: 
client[4] - time to live = 0 for message: message from client[0] to stanza(client[1], 2)
client[1] - stanza(client[1], 2) - Displayed message: msg(259,client[0]) from user client[0]
client[1] - Room: stanza(client[1], 2) - Message received: msg(259,client[0])
client[1] - time to live = 0 for message: message from client[0] to stanza(client[1], 2)
client[2] - Sending message to room stanza(client[3], 2) - msg(232,client[2])
client[1] - Room: stanza(client[3], 2) - Message discarded for I'm not a recipient: 
client[1] - time to live = 0 for message: message from client[2] to stanza(client[3], 2)
client[3] - stanza(client[3], 2) - Displayed message: msg(232,client[2]) from user client[2]
client[3] - Room: stanza(client[3], 2) - Message received: msg(232,client[2])
client[3] - time to live = 0 for message: message from client[2] to stanza(client[3], 2)
client[4] - Sending message to room stanza(client[0], 1) - msg(274,client[4])
client[3] - Room: stanza(client[0], 1) - Message discarded for I'm not a recipient: 
client[3] - time to live = 0 for message: message from client[4] to stanza(client[0], 1)
client[0] - stanza(client[0], 1) - Displayed message: msg(274,client[4]) from user client[4]
client[0] - Room: stanza(client[0], 1) - Message received: msg(274,client[4])
client[0] - time to live = 0 for message: message from client[4] to stanza(client[0], 1)
client[3] - Sending message to room stanza(client[3], 1) - msg(257,client[3])
client[2] - Asked for message: 3 - Room: stanza(client[3], 1)
client[2] - Asked for message: 1 - Room: stanza(client[3], 1)
client[2] - Asked for message: 39 - Room: stanza(client[3], 1)
client[2] - Asked for message: 1 - Room: stanza(client[3], 1)
client[2] - Asked for message: 1 - Room: stanza(client[3], 1)
client[2] - time to live = 0 for message: message from client[3] to stanza(client[3], 1)
client[4] - Asked for message: 1 - Room: stanza(client[3], 1)
client[4] - Asked for message: 1 - Room: stanza(client[3], 1)
client[4] - Asked for message: 1 - Room: stanza(client[3], 1)
client[4] - Asked for message: 1 - Room: stanza(client[3], 1)
client[4] - Asked for message: 31 - Room: stanza(client[3], 1)
client[4] - time to live = 0 for message: message from client[3] to stanza(client[3], 1)
client[1] - Room: stanza(client[3], 1) - Message discarded for I'm not a recipient: 
client[1] - time to live = 0 for message: ask message for missing message 3
NOT IMPLEMENTED YET
client[3] - Room: stanza(client[3], 1) - Asked for message: 3
client[3] - time to live = 0 for message: ask message for missing message 3
client[1] - Room: stanza(client[3], 1) - Message discarded for I'm not a recipient: 
client[1] - time to live = 0 for message: ask message for missing message 1
NOT IMPLEMENTED YET
client[3] - Room: stanza(client[3], 1) - Asked for message: 1
client[3] - time to live = 0 for message: ask message for missing message 1
client[1] - Room: stanza(client[3], 1) - Message discarded for I'm not a recipient: 
client[1] - time to live = 0 for message: ask message for missing message 39
NOT IMPLEMENTED YET
client[3] - Room: stanza(client[3], 1) - Asked for message: 39
client[3] - time to live = 0 for message: ask message for missing message 39
client[1] - Room: stanza(client[3], 1) - Message discarded for I'm not a recipient: 
client[1] - time to live = 0 for message: ask message for missing message 1
NOT IMPLEMENTED YET
client[3] - Room: stanza(client[3], 1) - Asked for message: 1
client[3] - time to live = 0 for message: ask message for missing message 1
client[1] - Room: stanza(client[3], 1) - Message discarded for I'm not a recipient: 
client[1] - time to live = 0 for message: ask message for missing message 1
NOT IMPLEMENTED YET
client[3] - Room: stanza(client[3], 1) - Asked for message: 1
client[3] - time to live = 0 for message: ask message for missing message 1
NOT IMPLEMENTED YET
client[3] - Room: stanza(client[3], 1) - Asked for message: 1
client[3] - time to live = 0 for message: ask message for missing message 1
client[0] - Room: stanza(client[3], 1) - Message discarded for I'm not a recipient: 
client[0] - time to live = 0 for message: ask message for missing message 1
NOT IMPLEMENTED YET
client[3] - Room: stanza(client[3], 1) - Asked for message: 1
client[3] - time to live = 0 for message: ask message for missing message 1
client[0] - Room: stanza(client[3], 1) - Message discarded for I'm not a recipient: 
client[0] - time to live = 0 for message: ask message for missing message 1
NOT IMPLEMENTED YET
client[3] - Room: stanza(client[3], 1) - Asked for message: 1
client[3] - time to live = 0 for message: ask message for missing message 1
client[0] - Room: stanza(client[3], 1) - Message discarded for I'm not a recipient: 
client[0] - time to live = 0 for message: ask message for missing message 1
NOT IMPLEMENTED YET
client[3] - Room: stanza(client[3], 1) - Asked for message: 1
client[3] - time to live = 0 for message: ask message for missing message 1
client[0] - Room: stanza(client[3], 1) - Message discarded for I'm not a recipient: 
client[0] - time to live = 0 for message: ask message for missing message 1
NOT IMPLEMENTED YET
client[3] - Room: stanza(client[3], 1) - Asked for message: 31
client[3] - time to live = 0 for message: ask message for missing message 31
client[0] - Room: stanza(client[3], 1) - Message discarded for I'm not a recipient: 
client[0] - time to live = 0 for message: ask message for missing message 31
client[0] - Sending message to room stanza(client[0], 0) - msg(260,client[0])
client[4] - Room: stanza(client[0], 0) - Message discarded for I'm not a recipient: 
client[4] - time to live = 0 for message: message from client[0] to stanza(client[0], 0)
client[1] - Room: stanza(client[0], 0) - Message discarded for I'm not a recipient: 
client[1] - time to live = 0 for message: message from client[0] to stanza(client[0], 0)
client[1] - Sending message to room stanza(client[2], 1) - msg(296,client[1])
client[0] - Room: stanza(client[2], 1) - Message discarded for I'm not a recipient: 
client[0] - time to live = 0 for message: message from client[1] to stanza(client[2], 1)
client[2] - stanza(client[2], 1) - Displayed message: msg(296,client[1]) from user client[1]
client[2] - Room: stanza(client[2], 1) - Message received: msg(296,client[1])
client[2] - time to live = 0 for message: message from client[1] to stanza(client[2], 1)
client[2] - Sending message to room stanza(client[3], 1) - msg(233,client[2])
client[1] - Room: stanza(client[3], 1) - Message discarded for I'm not a recipient: 
client[1] - time to live = 0 for message: message from client[2] to stanza(client[3], 1)
client[3] - stanza(client[3], 1) - Displayed message: msg(233,client[2]) from user client[2]
client[3] - Room: stanza(client[3], 1) - Message received: msg(233,client[2])
client[3] - time to live = 0 for message: message from client[2] to stanza(client[3], 1)
client[3] - Sending message to room stanza(client[3], 9) - msg(258,client[3])
client[2] - stanza(client[3], 9) - Displayed message: msg(258,client[3]) from user client[3]
client[2] - Room: stanza(client[3], 9) - Message received: msg(258,client[3])
client[2] - time to live = 0 for message: message from client[3] to stanza(client[3], 9)
client[4] - stanza(client[3], 9) - Displayed message: msg(258,client[3]) from user client[3]
client[4] - Room: stanza(client[3], 9) - Message received: msg(258,client[3])
client[4] - time to live = 0 for message: message from client[3] to stanza(client[3], 9)
client[4] - Sending message to room stanza(client[4], 0) - msg(275,client[4])
client[3] - Room: stanza(client[4], 0) - Message discarded for I'm not a recipient: 
client[3] - time to live = 0 for message: message from client[4] to stanza(client[4], 0)
client[0] - stanza(client[4], 0) - Displayed message: msg(275,client[4]) from user client[4]
client[0] - Room: stanza(client[4], 0) - Message received: msg(275,client[4])
client[0] - time to live = 0 for message: message from client[4] to stanza(client[4], 0)
client[2] - Sending message to room stanza(client[1], 2) - msg(234,client[2])
client[1] - stanza(client[1], 2) - Displayed message: msg(234,client[2]) from user client[2]
client[1] - Room: stanza(client[1], 2) - Message received: msg(234,client[2])
client[1] - time to live = 0 for message: message from client[2] to stanza(client[1], 2)
client[3] - Room: stanza(client[1], 2) - Message discarded for I'm not a recipient: 
client[3] - time to live = 0 for message: message from client[2] to stanza(client[1], 2)
client[1] - Sending message to room stanza(client[0], 2) - msg(297,client[1])
client[0] - stanza(client[0], 2) - Displayed message: msg(297,client[1]) from user client[1]
client[0] - Room: stanza(client[0], 2) - Message received: msg(297,client[1])
client[0] - time to live = 0 for message: message from client[1] to stanza(client[0], 2)
client[2] - Room: stanza(client[0], 2) - Message discarded for I'm not a recipient: 
client[2] - time to live = 0 for message: message from client[1] to stanza(client[0], 2)
client[4] - Sending message to room stanza(client[0], 2) - msg(276,client[4])
client[3] - Room: stanza(client[0], 2) - Message discarded for I'm not a recipient: 
client[3] - time to live = 0 for message: message from client[4] to stanza(client[0], 2)
client[0] - stanza(client[0], 2) - Displayed message: msg(276,client[4]) from user client[4]
client[0] - Room: stanza(client[0], 2) - Message received: msg(276,client[4])
client[0] - time to live = 0 for message: message from client[4] to stanza(client[0], 2)
client[1] - Sending message to room stanza(client[0], 3) - msg(298,client[1])
client[0] - stanza(client[0], 3) - Displayed message: msg(298,client[1]) from user client[1]
client[0] - Room: stanza(client[0], 3) - Message received: msg(298,client[1])
client[0] - time to live = 0 for message: message from client[1] to stanza(client[0], 3)
client[2] - Room: stanza(client[0], 3) - Message discarded for I'm not a recipient: 
client[2] - time to live = 0 for message: message from client[1] to stanza(client[0], 3)
client[3] - Sending message to room stanza(client[3], 1) - msg(259,client[3])
client[2] - Asked for message: 3 - Room: stanza(client[3], 1)
client[2] - Asked for message: 1 - Room: stanza(client[3], 1)
client[2] - Asked for message: 40 - Room: stanza(client[3], 1)
client[2] - Asked for message: 1 - Room: stanza(client[3], 1)
client[2] - Asked for message: 1 - Room: stanza(client[3], 1)
client[2] - time to live = 0 for message: message from client[3] to stanza(client[3], 1)
client[4] - Asked for message: 1 - Room: stanza(client[3], 1)
client[4] - Asked for message: 1 - Room: stanza(client[3], 1)
client[4] - Asked for message: 1 - Room: stanza(client[3], 1)
client[4] - Asked for message: 1 - Room: stanza(client[3], 1)
client[4] - Asked for message: 31 - Room: stanza(client[3], 1)
client[4] - time to live = 0 for message: message from client[3] to stanza(client[3], 1)
client[1] - Room: stanza(client[3], 1) - Message discarded for I'm not a recipient: 
client[1] - time to live = 0 for message: ask message for missing message 3
NOT IMPLEMENTED YET
client[3] - Room: stanza(client[3], 1) - Asked for message: 3
client[3] - time to live = 0 for message: ask message for missing message 3
client[1] - Room: stanza(client[3], 1) - Message discarded for I'm not a recipient: 
client[1] - time to live = 0 for message: ask message for missing message 1
NOT IMPLEMENTED YET
client[3] - Room: stanza(client[3], 1) - Asked for message: 1
client[3] - time to live = 0 for message: ask message for missing message 1
client[1] - Room: stanza(client[3], 1) - Message discarded for I'm not a recipient: 
client[1] - time to live = 0 for message: ask message for missing message 40
NOT IMPLEMENTED YET
client[3] - Room: stanza(client[3], 1) - Asked for message: 40
client[3] - time to live = 0 for message: ask message for missing message 40
client[1] - Room: stanza(client[3], 1) - Message discarded for I'm not a recipient: 
client[1] - time to live = 0 for message: ask message for missing message 1
NOT IMPLEMENTED YET
client[3] - Room: stanza(client[3], 1) - Asked for message: 1
client[3] - time to live = 0 for message: ask message for missing message 1
client[1] - Room: stanza(client[3], 1) - Message discarded for I'm not a recipient: 
client[1] - time to live = 0 for message: ask message for missing message 1
NOT IMPLEMENTED YET
client[3] - Room: stanza(client[3], 1) - Asked for message: 1
client[3] - time to live = 0 for message: ask message for missing message 1
NOT IMPLEMENTED YET
client[3] - Room: stanza(client[3], 1) - Asked for message: 1
client[3] - time to live = 0 for message: ask message for missing message 1
client[0] - Room: stanza(client[3], 1) - Message discarded for I'm not a recipient: 
client[0] - time to live = 0 for message: ask message for missing message 1
NOT IMPLEMENTED YET
client[3] - Room: stanza(client[3], 1) - Asked for message: 1
client[3] - time to live = 0 for message: ask message for missing message 1
client[0] - Room: stanza(client[3], 1) - Message discarded for I'm not a recipient: 
client[0] - time to live = 0 for message: ask message for missing message 1
NOT IMPLEMENTED YET
client[3] - Room: stanza(client[3], 1) - Asked for message: 1
client[3] - time to live = 0 for message: ask message for missing message 1
client[0] - Room: stanza(client[3], 1) - Message discarded for I'm not a recipient: 
client[0] - time to live = 0 for message: ask message for missing message 1
NOT IMPLEMENTED YET
client[3] - Room: stanza(client[3], 1) - Asked for message: 1
client[3] - time to live = 0 for message: ask message for missing message 1
client[0] - Room: stanza(client[3], 1) - Message discarded for I'm not a recipient: 
client[0] - time to live = 0 for message: ask message for missing message 1
NOT IMPLEMENTED YET
client[3] - Room: stanza(client[3], 1) - Asked for message: 31
client[3] - time to live = 0 for message: ask message for missing message 31
client[0] - Room: stanza(client[3], 1) - Message discarded for I'm not a recipient: 
client[0] - time to live = 0 for message: ask message for missing message 31
client[4] - Sending message to room stanza(client[0], 2) - msg(277,client[4])
client[3] - Room: stanza(client[0], 2) - Message discarded for I'm not a recipient: 
client[3] - time to live = 0 for message: message from client[4] to stanza(client[0], 2)
client[0] - stanza(client[0], 2) - Displayed message: msg(277,client[4]) from user client[4]
client[0] - Room: stanza(client[0], 2) - Message received: msg(277,client[4])
client[0] - time to live = 0 for message: message from client[4] to stanza(client[0], 2)
client[0] - Sending message to room stanza(client[1], 0) - msg(261,client[0])
client[4] - Room: stanza(client[1], 0) - Message discarded for I'm not a recipient: 
client[4] - time to live = 0 for message: message from client[0] to stanza(client[1], 0)
client[1] - stanza(client[1], 0) - Displayed message: msg(261,client[0]) from user client[0]
client[1] - Room: stanza(client[1], 0) - Message received: msg(261,client[0])
client[1] - time to live = 0 for message: message from client[0] to stanza(client[1], 0)
client[4] - Sending message to room stanza(client[3], 6) - msg(278,client[4])
client[3] - stanza(client[3], 6) - Displayed message: msg(278,client[4]) from user client[4]
client[3] - Room: stanza(client[3], 6) - Message received: msg(278,client[4])
client[3] - time to live = 0 for message: message from client[4] to stanza(client[3], 6)
client[0] - Room: stanza(client[3], 6) - Message discarded for I'm not a recipient: 
client[0] - time to live = 0 for message: message from client[4] to stanza(client[3], 6)
client[0] - Sending message to room stanza(client[4], 3) - msg(262,client[0])
client[4] - stanza(client[4], 3) - Displayed message: msg(262,client[0]) from user client[0]
client[4] - Room: stanza(client[4], 3) - Message received: msg(262,client[0])
client[4] - time to live = 0 for message: message from client[0] to stanza(client[4], 3)
client[1] - Room: stanza(client[4], 3) - Message discarded for I'm not a recipient: 
client[1] - time to live = 0 for message: message from client[0] to stanza(client[4], 3)
client[2] - Sending message to room stanza(client[2], 3) - msg(235,client[2])
client[1] - Room: stanza(client[2], 3) - Message discarded for I'm not a recipient: 
client[1] - time to live = 0 for message: message from client[2] to stanza(client[2], 3)
client[3] - stanza(client[2], 3) - Displayed message: msg(235,client[2]) from user client[2]
client[3] - Room: stanza(client[2], 3) - Message received: msg(235,client[2])
client[3] - time to live = 0 for message: message from client[2] to stanza(client[2], 3)
client[4] - Sending message to room stanza(client[3], 0) - msg(279,client[4])
client[3] - stanza(client[3], 0) - Displayed message: msg(279,client[4]) from user client[4]
client[3] - Room: stanza(client[3], 0) - Message received: msg(279,client[4])
client[3] - time to live = 0 for message: message from client[4] to stanza(client[3], 0)
client[0] - Room: stanza(client[3], 0) - Message discarded for I'm not a recipient: 
client[0] - time to live = 0 for message: message from client[4] to stanza(client[3], 0)
client[3] - Sending message to room stanza(client[3], 6) - msg(260,client[3])
client[2] - Room: stanza(client[3], 6) - Message discarded for I'm not a recipient: 
client[2] - time to live = 0 for message: message from client[3] to stanza(client[3], 6)
client[4] - stanza(client[3], 6) - Displayed message: msg(260,client[3]) from user client[3]
client[4] - Room: stanza(client[3], 6) - Message received: msg(260,client[3])
client[4] - time to live = 0 for message: message from client[3] to stanza(client[3], 6)
client[0] - Sending message to room stanza(client[4], 5) - msg(263,client[0])
client[4] - stanza(client[4], 5) - Displayed message: msg(263,client[0]) from user client[0]
client[4] - Room: stanza(client[4], 5) - Message received: msg(263,client[0])
client[4] - time to live = 0 for message: message from client[0] to stanza(client[4], 5)
client[1] - Room: stanza(client[4], 5) - Message discarded for I'm not a recipient: 
client[1] - time to live = 0 for message: message from client[0] to stanza(client[4], 5)
client[3] - Sending message to room stanza(client[3], 3) - msg(261,client[3])
client[2] - Room: stanza(client[3], 3) - Message discarded for I'm not a recipient: 
client[2] - time to live = 0 for message: message from client[3] to stanza(client[3], 3)
client[4] - stanza(client[3], 3) - Displayed message: msg(261,client[3]) from user client[3]
client[4] - Room: stanza(client[3], 3) - Message received: msg(261,client[3])
client[4] - time to live = 0 for message: message from client[3] to stanza(client[3], 3)
client[0] - Sending message to room stanza(client[4], 5) - msg(264,client[0])
client[4] - stanza(client[4], 5) - Displayed message: msg(264,client[0]) from user client[0]
client[4] - Room: stanza(client[4], 5) - Message received: msg(264,client[0])
client[4] - time to live = 0 for message: message from client[0] to stanza(client[4], 5)
client[1] - Room: stanza(client[4], 5) - Message discarded for I'm not a recipient: 
client[1] - time to live = 0 for message: message from client[0] to stanza(client[4], 5)
client[2] - Sending message to room stanza(client[2], 2) - msg(236,client[2])
client[1] - Room: stanza(client[2], 2) - Message discarded for I'm not a recipient: 
client[1] - time to live = 0 for message: message from client[2] to stanza(client[2], 2)
client[3] - stanza(client[2], 2) - Displayed message: msg(236,client[2]) from user client[2]
client[3] - Room: stanza(client[2], 2) - Message received: msg(236,client[2])
client[3] - time to live = 0 for message: message from client[2] to stanza(client[2], 2)
client[4] - Sending message to room stanza(client[4], 1) - msg(280,client[4])
client[3] - Asked for message: 2 - Room: stanza(client[4], 1)
client[3] - Asked for message: 1 - Room: stanza(client[4], 1)
client[3] - Asked for message: 1 - Room: stanza(client[4], 1)
client[3] - Asked for message: 27 - Room: stanza(client[4], 1)
client[3] - time to live = 0 for message: message from client[4] to stanza(client[4], 1)
client[0] - Asked for message: 2 - Room: stanza(client[4], 1)
client[0] - Asked for message: 1 - Room: stanza(client[4], 1)
client[0] - Asked for message: 14 - Room: stanza(client[4], 1)
client[0] - Asked for message: 1 - Room: stanza(client[4], 1)
client[0] - time to live = 0 for message: message from client[4] to stanza(client[4], 1)
client[2] - Room: stanza(client[4], 1) - Message discarded for I'm not a recipient: 
client[2] - time to live = 0 for message: ask message for missing message 2
NOT IMPLEMENTED YET
client[4] - Room: stanza(client[4], 1) - Asked for message: 2
client[4] - time to live = 0 for message: ask message for missing message 2
client[2] - Room: stanza(client[4], 1) - Message discarded for I'm not a recipient: 
client[2] - time to live = 0 for message: ask message for missing message 1
NOT IMPLEMENTED YET
client[4] - Room: stanza(client[4], 1) - Asked for message: 1
client[4] - time to live = 0 for message: ask message for missing message 1
client[2] - Room: stanza(client[4], 1) - Message discarded for I'm not a recipient: 
client[2] - time to live = 0 for message: ask message for missing message 1
NOT IMPLEMENTED YET
client[4] - Room: stanza(client[4], 1) - Asked for message: 1
client[4] - time to live = 0 for message: ask message for missing message 1
client[2] - Room: stanza(client[4], 1) - Message discarded for I'm not a recipient: 
client[2] - time to live = 0 for message: ask message for missing message 27
NOT IMPLEMENTED YET
client[4] - Room: stanza(client[4], 1) - Asked for message: 27
client[4] - time to live = 0 for message: ask message for missing message 27
NOT IMPLEMENTED YET
client[4] - Room: stanza(client[4], 1) - Asked for message: 2
client[4] - time to live = 0 for message: ask message for missing message 2
client[1] - Room: stanza(client[4], 1) - Message discarded for I'm not a recipient: 
client[1] - time to live = 0 for message: ask message for missing message 2
NOT IMPLEMENTED YET
client[4] - Room: stanza(client[4], 1) - Asked for message: 1
client[4] - time to live = 0 for message: ask message for missing message 1
client[1] - Room: stanza(client[4], 1) - Message discarded for I'm not a recipient: 
client[1] - time to live = 0 for message: ask message for missing message 1
NOT IMPLEMENTED YET
client[4] - Room: stanza(client[4], 1) - Asked for message: 14
client[4] - time to live = 0 for message: ask message for missing message 14
client[1] - Room: stanza(client[4], 1) - Message discarded for I'm not a recipient: 
client[1] - time to live = 0 for message: ask message for missing message 14
NOT IMPLEMENTED YET
client[4] - Room: stanza(client[4], 1) - Asked for message: 1
client[4] - time to live = 0 for message: ask message for missing message 1
client[1] - Room: stanza(client[4], 1) - Message discarded for I'm not a recipient: 
client[1] - time to live = 0 for message: ask message for missing message 1
client[1] - Sending message to room stanza(client[1], 1) - msg(299,client[1])
client[0] - Asked for message: 2 - Room: stanza(client[1], 1)
client[0] - Asked for message: 19 - Room: stanza(client[1], 1)
client[0] - Asked for message: 1 - Room: stanza(client[1], 1)
client[0] - Asked for message: 1 - Room: stanza(client[1], 1)
client[0] - time to live = 0 for message: message from client[1] to stanza(client[1], 1)
client[2] - Asked for message: 2 - Room: stanza(client[1], 1)
client[2] - Asked for message: 1 - Room: stanza(client[1], 1)
client[2] - Asked for message: 32 - Room: stanza(client[1], 1)
client[2] - Asked for message: 1 - Room: stanza(client[1], 1)
client[2] - time to live = 0 for message: message from client[1] to stanza(client[1], 1)
client[4] - Room: stanza(client[1], 1) - Message discarded for I'm not a recipient: 
client[4] - time to live = 0 for message: ask message for missing message 2
NOT IMPLEMENTED YET
client[1] - Room: stanza(client[1], 1) - Asked for message: 2
client[1] - time to live = 0 for message: ask message for missing message 2
client[4] - Room: stanza(client[1], 1) - Message discarded for I'm not a recipient: 
client[4] - time to live = 0 for message: ask message for missing message 19
NOT IMPLEMENTED YET
client[1] - Room: stanza(client[1], 1) - Asked for message: 19
client[1] - time to live = 0 for message: ask message for missing message 19
client[4] - Room: stanza(client[1], 1) - Message discarded for I'm not a recipient: 
client[4] - time to live = 0 for message: ask message for missing message 1
NOT IMPLEMENTED YET
client[1] - Room: stanza(client[1], 1) - Asked for message: 1
client[1] - time to live = 0 for message: ask message for missing message 1
client[4] - Room: stanza(client[1], 1) - Message discarded for I'm not a recipient: 
client[4] - time to live = 0 for message: ask message for missing message 1
NOT IMPLEMENTED YET
client[1] - Room: stanza(client[1], 1) - Asked for message: 1
client[1] - time to live = 0 for message: ask message for missing message 1
NOT IMPLEMENTED YET
client[1] - Room: stanza(client[1], 1) - Asked for message: 2
client[1] - time to live = 0 for message: ask message for missing message 2
client[3] - Room: stanza(client[1], 1) - Message discarded for I'm not a recipient: 
client[3] - time to live = 0 for message: ask message for missing message 2
NOT IMPLEMENTED YET
client[1] - Room: stanza(client[1], 1) - Asked for message: 1
client[1] - time to live = 0 for message: ask message for missing message 1
client[3] - Room: stanza(client[1], 1) - Message discarded for I'm not a recipient: 
client[3] - time to live = 0 for message: ask message for missing message 1
NOT IMPLEMENTED YET
client[1] - Room: stanza(client[1], 1) - Asked for message: 32
client[1] - time to live = 0 for message: ask message for missing message 32
client[3] - Room: stanza(client[1], 1) - Message discarded for I'm not a recipient: 
client[3] - time to live = 0 for message: ask message for missing message 32
NOT IMPLEMENTED YET
client[1] - Room: stanza(client[1], 1) - Asked for message: 1
client[1] - time to live = 0 for message: ask message for missing message 1
client[3] - Room: stanza(client[1], 1) - Message discarded for I'm not a recipient: 
client[3] - time to live = 0 for message: ask message for missing message 1
client[2] - Sending message to room stanza(client[1], 2) - msg(237,client[2])
client[1] - stanza(client[1], 2) - Displayed message: msg(237,client[2]) from user client[2]
client[1] - Room: stanza(client[1], 2) - Message received: msg(237,client[2])
client[1] - time to live = 0 for message: message from client[2] to stanza(client[1], 2)
client[3] - Room: stanza(client[1], 2) - Message discarded for I'm not a recipient: 
client[3] - time to live = 0 for message: message from client[2] to stanza(client[1], 2)
client[4] - Sending message to room stanza(client[3], 5) - msg(281,client[4])
client[3] - stanza(client[3], 5) - Displayed message: msg(281,client[4]) from user client[4]
client[3] - Room: stanza(client[3], 5) - Message received: msg(281,client[4])
client[3] - time to live = 0 for message: message from client[4] to stanza(client[3], 5)
client[0] - Room: stanza(client[3], 5) - Message discarded for I'm not a recipient: 
client[0] - time to live = 0 for message: message from client[4] to stanza(client[3], 5)
client[2] - Sending message to room stanza(client[2], 2) - msg(238,client[2])
client[1] - Room: stanza(client[2], 2) - Message discarded for I'm not a recipient: 
client[1] - time to live = 0 for message: message from client[2] to stanza(client[2], 2)
client[3] - stanza(client[2], 2) - Displayed message: msg(238,client[2]) from user client[2]
client[3] - Room: stanza(client[2], 2) - Message received: msg(238,client[2])
client[3] - time to live = 0 for message: message from client[2] to stanza(client[2], 2)
client[1] - Sending message to room stanza(client[1], 3) - msg(300,client[1])
client[0] - stanza(client[1], 3) - Displayed message: msg(300,client[1]) from user client[1]
client[0] - Room: stanza(client[1], 3) - Message received: msg(300,client[1])
client[0] - time to live = 0 for message: message from client[1] to stanza(client[1], 3)
client[2] - Room: stanza(client[1], 3) - Message discarded for I'm not a recipient: 
client[2] - time to live = 0 for message: message from client[1] to stanza(client[1], 3)
client[0] - Sending message to room stanza(client[0], 1) - msg(265,client[0])
client[4] - Asked for message: 1 - Room: stanza(client[0], 1)
client[4] - Asked for message: 1 - Room: stanza(client[0], 1)
client[4] - Asked for message: 1 - Room: stanza(client[0], 1)
client[4] - Asked for message: 60 - Room: stanza(client[0], 1)
client[4] - Asked for message: 1 - Room: stanza(client[0], 1)
client[4] - time to live = 0 for message: message from client[0] to stanza(client[0], 1)
client[1] - Asked for message: 1 - Room: stanza(client[0], 1)
client[1] - Asked for message: 1 - Room: stanza(client[0], 1)
client[1] - Asked for message: 1 - Room: stanza(client[0], 1)
client[1] - Asked for message: 1 - Room: stanza(client[0], 1)
client[1] - Asked for message: 70 - Room: stanza(client[0], 1)
client[1] - time to live = 0 for message: message from client[0] to stanza(client[0], 1)
client[3] - Room: stanza(client[0], 1) - Message discarded for I'm not a recipient: 
client[3] - time to live = 0 for message: ask message for missing message 1
NOT IMPLEMENTED YET
client[0] - Room: stanza(client[0], 1) - Asked for message: 1
client[0] - time to live = 0 for message: ask message for missing message 1
client[3] - Room: stanza(client[0], 1) - Message discarded for I'm not a recipient: 
client[3] - time to live = 0 for message: ask message for missing message 1
NOT IMPLEMENTED YET
client[0] - Room: stanza(client[0], 1) - Asked for message: 1
client[0] - time to live = 0 for message: ask message for missing message 1
client[3] - Room: stanza(client[0], 1) - Message discarded for I'm not a recipient: 
client[3] - time to live = 0 for message: ask message for missing message 1
NOT IMPLEMENTED YET
client[0] - Room: stanza(client[0], 1) - Asked for message: 1
client[0] - time to live = 0 for message: ask message for missing message 1
client[3] - Room: stanza(client[0], 1) - Message discarded for I'm not a recipient: 
client[3] - time to live = 0 for message: ask message for missing message 60
NOT IMPLEMENTED YET
client[0] - Room: stanza(client[0], 1) - Asked for message: 60
client[0] - time to live = 0 for message: ask message for missing message 60
client[3] - Room: stanza(client[0], 1) - Message discarded for I'm not a recipient: 
client[3] - time to live = 0 for message: ask message for missing message 1
NOT IMPLEMENTED YET
client[0] - Room: stanza(client[0], 1) - Asked for message: 1
client[0] - time to live = 0 for message: ask message for missing message 1
NOT IMPLEMENTED YET
client[0] - Room: stanza(client[0], 1) - Asked for message: 1
client[0] - time to live = 0 for message: ask message for missing message 1
client[2] - Room: stanza(client[0], 1) - Message discarded for I'm not a recipient: 
client[2] - time to live = 0 for message: ask message for missing message 1
NOT IMPLEMENTED YET
client[0] - Room: stanza(client[0], 1) - Asked for message: 1
client[0] - time to live = 0 for message: ask message for missing message 1
client[2] - Room: stanza(client[0], 1) - Message discarded for I'm not a recipient: 
client[2] - time to live = 0 for message: ask message for missing message 1
NOT IMPLEMENTED YET
client[0] - Room: stanza(client[0], 1) - Asked for message: 1
client[0] - time to live = 0 for message: ask message for missing message 1
client[2] - Room: stanza(client[0], 1) - Message discarded for I'm not a recipient: 
client[2] - time to live = 0 for message: ask message for missing message 1
NOT IMPLEMENTED YET
client[0] - Room: stanza(client[0], 1) - Asked for message: 1
client[0] - time to live = 0 for message: ask message for missing message 1
client[2] - Room: stanza(client[0], 1) - Message discarded for I'm not a recipient: 
client[2] - time to live = 0 for message: ask message for missing message 1
NOT IMPLEMENTED YET
client[0] - Room: stanza(client[0], 1) - Asked for message: 70
client[0] - time to live = 0 for message: ask message for missing message 70
client[2] - Room: stanza(client[0], 1) - Message discarded for I'm not a recipient: 
client[2] - time to live = 0 for message: ask message for missing message 70
client[4] - Sending message to room stanza(client[0], 2) - msg(282,client[4])
client[3] - Room: stanza(client[0], 2) - Message discarded for I'm not a recipient: 
client[3] - time to live = 0 for message: message from client[4] to stanza(client[0], 2)
client[0] - stanza(client[0], 2) - Displayed message: msg(282,client[4]) from user client[4]
client[0] - Room: stanza(client[0], 2) - Message received: msg(282,client[4])
client[0] - time to live = 0 for message: message from client[4] to stanza(client[0], 2)
client[1] - Sending message to room stanza(client[2], 1) - msg(301,client[1])
client[0] - Room: stanza(client[2], 1) - Message discarded for I'm not a recipient: 
client[0] - time to live = 0 for message: message from client[1] to stanza(client[2], 1)
client[2] - stanza(client[2], 1) - Displayed message: msg(301,client[1]) from user client[1]
client[2] - Room: stanza(client[2], 1) - Message received: msg(301,client[1])
client[2] - time to live = 0 for message: message from client[1] to stanza(client[2], 1)
client[4] - Sending message to room stanza(client[3], 4) - msg(283,client[4])
client[3] - stanza(client[3], 4) - Displayed message: msg(283,client[4]) from user client[4]
client[3] - Room: stanza(client[3], 4) - Message received: msg(283,client[4])
client[3] - time to live = 0 for message: message from client[4] to stanza(client[3], 4)
client[0] - Room: stanza(client[3], 4) - Message discarded for I'm not a recipient: 
client[0] - time to live = 0 for message: message from client[4] to stanza(client[3], 4)
client[1] - Sending message to room stanza(client[0], 1) - msg(302,client[1])
client[0] - stanza(client[0], 1) - Displayed message: msg(302,client[1]) from user client[1]
client[0] - Room: stanza(client[0], 1) - Message received: msg(302,client[1])
client[0] - time to live = 0 for message: message from client[1] to stanza(client[0], 1)
client[2] - Room: stanza(client[0], 1) - Message discarded for I'm not a recipient: 
client[2] - time to live = 0 for message: message from client[1] to stanza(client[0], 1)
client[0] - Sending message to room stanza(client[0], 4) - msg(266,client[0])
client[4] - stanza(client[0], 4) - Displayed message: msg(266,client[0]) from user client[0]
client[4] - Room: stanza(client[0], 4) - Message received: msg(266,client[0])
client[4] - time to live = 0 for message: message from client[0] to stanza(client[0], 4)
client[1] - Room: stanza(client[0], 4) - Message discarded for I'm not a recipient: 
client[1] - time to live = 0 for message: message from client[0] to stanza(client[0], 4)
client[3] - Sending message to room stanza(client[3], 7) - msg(262,client[3])
client[2] - Room: stanza(client[3], 7) - Message received: msg(262,client[3])
client[2] - time to live = 0 for message: message from client[3] to stanza(client[3], 7)
client[4] - Room: stanza(client[3], 7) - Message received: msg(262,client[3])
client[4] - time to live = 0 for message: message from client[3] to stanza(client[3], 7)
client[1] - Sending message to room stanza(client[2], 0) - msg(303,client[1])
client[0] - Room: stanza(client[2], 0) - Message discarded for I'm not a recipient: 
client[0] - time to live = 0 for message: message from client[1] to stanza(client[2], 0)
client[2] - stanza(client[2], 0) - Displayed message: msg(303,client[1]) from user client[1]
client[2] - Room: stanza(client[2], 0) - Message received: msg(303,client[1])
client[2] - time to live = 0 for message: message from client[1] to stanza(client[2], 0)
client[4] - Sending message to room stanza(client[4], 3) - msg(284,client[4])
client[3] - Room: stanza(client[4], 3) - Message received: msg(284,client[4])
client[3] - time to live = 0 for message: message from client[4] to stanza(client[4], 3)
client[0] - Room: stanza(client[4], 3) - Message received: msg(284,client[4])
client[0] - time to live = 0 for message: message from client[4] to stanza(client[4], 3)
client[0] - Sending message to room stanza(client[4], 5) - msg(267,client[0])
client[4] - stanza(client[4], 5) - Displayed message: msg(267,client[0]) from user client[0]
client[4] - Room: stanza(client[4], 5) - Message received: msg(267,client[0])
client[4] - time to live = 0 for message: message from client[0] to stanza(client[4], 5)
client[1] - Room: stanza(client[4], 5) - Message discarded for I'm not a recipient: 
client[1] - time to live = 0 for message: message from client[0] to stanza(client[4], 5)
client[2] - Sending message to room stanza(client[2], 0) - msg(239,client[2])
client[1] - stanza(client[2], 0) - Displayed message: msg(239,client[2]) from user client[2]
client[1] - Room: stanza(client[2], 0) - Message received: msg(239,client[2])
client[1] - time to live = 0 for message: message from client[2] to stanza(client[2], 0)
client[3] - Room: stanza(client[2], 0) - Message discarded for I'm not a recipient: 
client[3] - time to live = 0 for message: message from client[2] to stanza(client[2], 0)
client[1] - Sending message to room stanza(client[1], 0) - msg(304,client[1])
client[0] - stanza(client[1], 0) - Displayed message: msg(304,client[1]) from user client[1]
client[0] - Room: stanza(client[1], 0) - Message received: msg(304,client[1])
client[0] - time to live = 0 for message: message from client[1] to stanza(client[1], 0)
client[2] - Room: stanza(client[1], 0) - Message discarded for I'm not a recipient: 
client[2] - time to live = 0 for message: message from client[1] to stanza(client[1], 0)
client[4] - Sending message to room stanza(client[3], 6) - msg(285,client[4])
client[3] - stanza(client[3], 6) - Displayed message: msg(285,client[4]) from user client[4]
client[3] - Room: stanza(client[3], 6) - Message received: msg(285,client[4])
client[3] - time to live = 0 for message: message from client[4] to stanza(client[3], 6)
client[0] - Room: stanza(client[3], 6) - Message discarded for I'm not a recipient: 
client[0] - time to live = 0 for message: message from client[4] to stanza(client[3], 6)
client[2] - Sending message to room stanza(client[1], 2) - msg(240,client[2])
client[1] - stanza(client[1], 2) - Displayed message: msg(240,client[2]) from user client[2]
client[1] - Room: stanza(client[1], 2) - Message received: msg(240,client[2])
client[1] - time to live = 0 for message: message from client[2] to stanza(client[1], 2)
client[3] - Room: stanza(client[1], 2) - Message discarded for I'm not a recipient: 
client[3] - time to live = 0 for message: message from client[2] to stanza(client[1], 2)
client[0] - Sending message to room stanza(client[0], 1) - msg(268,client[0])
client[4] - Asked for message: 1 - Room: stanza(client[0], 1)
client[4] - Asked for message: 1 - Room: stanza(client[0], 1)
client[4] - Asked for message: 1 - Room: stanza(client[0], 1)
client[4] - Asked for message: 60 - Room: stanza(client[0], 1)
client[4] - Asked for message: 1 - Room: stanza(client[0], 1)
client[4] - time to live = 0 for message: message from client[0] to stanza(client[0], 1)
client[1] - Asked for message: 1 - Room: stanza(client[0], 1)
client[1] - Asked for message: 1 - Room: stanza(client[0], 1)
client[1] - Asked for message: 1 - Room: stanza(client[0], 1)
client[1] - Asked for message: 1 - Room: stanza(client[0], 1)
client[1] - Asked for message: 71 - Room: stanza(client[0], 1)
client[1] - time to live = 0 for message: message from client[0] to stanza(client[0], 1)
client[3] - Room: stanza(client[0], 1) - Message discarded for I'm not a recipient: 
client[3] - time to live = 0 for message: ask message for missing message 1
NOT IMPLEMENTED YET
client[0] - Room: stanza(client[0], 1) - Asked for message: 1
client[0] - time to live = 0 for message: ask message for missing message 1
client[3] - Room: stanza(client[0], 1) - Message discarded for I'm not a recipient: 
client[3] - time to live = 0 for message: ask message for missing message 1
NOT IMPLEMENTED YET
client[0] - Room: stanza(client[0], 1) - Asked for message: 1
client[0] - time to live = 0 for message: ask message for missing message 1
client[3] - Room: stanza(client[0], 1) - Message discarded for I'm not a recipient: 
client[3] - time to live = 0 for message: ask message for missing message 1
NOT IMPLEMENTED YET
client[0] - Room: stanza(client[0], 1) - Asked for message: 1
client[0] - time to live = 0 for message: ask message for missing message 1
client[3] - Room: stanza(client[0], 1) - Message discarded for I'm not a recipient: 
client[3] - time to live = 0 for message: ask message for missing message 60
NOT IMPLEMENTED YET
client[0] - Room: stanza(client[0], 1) - Asked for message: 60
client[0] - time to live = 0 for message: ask message for missing message 60
client[3] - Room: stanza(client[0], 1) - Message discarded for I'm not a recipient: 
client[3] - time to live = 0 for message: ask message for missing message 1
NOT IMPLEMENTED YET
client[0] - Room: stanza(client[0], 1) - Asked for message: 1
client[0] - time to live = 0 for message: ask message for missing message 1
NOT IMPLEMENTED YET
client[0] - Room: stanza(client[0], 1) - Asked for message: 1
client[0] - time to live = 0 for message: ask message for missing message 1
client[2] - Room: stanza(client[0], 1) - Message discarded for I'm not a recipient: 
client[2] - time to live = 0 for message: ask message for missing message 1
NOT IMPLEMENTED YET
client[0] - Room: stanza(client[0], 1) - Asked for message: 1
client[0] - time to live = 0 for message: ask message for missing message 1
client[2] - Room: stanza(client[0], 1) - Message discarded for I'm not a recipient: 
client[2] - time to live = 0 for message: ask message for missing message 1
NOT IMPLEMENTED YET
client[0] - Room: stanza(client[0], 1) - Asked for message: 1
client[0] - time to live = 0 for message: ask message for missing message 1
client[2] - Room: stanza(client[0], 1) - Message discarded for I'm not a recipient: 
client[2] - time to live = 0 for message: ask message for missing message 1
NOT IMPLEMENTED YET
client[0] - Room: stanza(client[0], 1) - Asked for message: 1
client[0] - time to live = 0 for message: ask message for missing message 1
client[2] - Room: stanza(client[0], 1) - Message discarded for I'm not a recipient: 
client[2] - time to live = 0 for message: ask message for missing message 1
NOT IMPLEMENTED YET
client[0] - Room: stanza(client[0], 1) - Asked for message: 71
client[0] - time to live = 0 for message: ask message for missing message 71
client[2] - Room: stanza(client[0], 1) - Message discarded for I'm not a recipient: 
client[2] - time to live = 0 for message: ask message for missing message 71
client[3] - Sending message to room stanza(client[3], 6) - msg(263,client[3])
client[2] - Room: stanza(client[3], 6) - Message discarded for I'm not a recipient: 
client[2] - time to live = 0 for message: message from client[3] to stanza(client[3], 6)
client[4] - stanza(client[3], 6) - Displayed message: msg(263,client[3]) from user client[3]
client[4] - Room: stanza(client[3], 6) - Message received: msg(263,client[3])
client[4] - time to live = 0 for message: message from client[3] to stanza(client[3], 6)
client[0] - Sending message to room stanza(client[4], 0) - msg(269,client[0])
client[4] - stanza(client[4], 0) - Displayed message: msg(269,client[0]) from user client[0]
client[4] - Room: stanza(client[4], 0) - Message received: msg(269,client[0])
client[4] - time to live = 0 for message: message from client[0] to stanza(client[4], 0)
client[1] - Room: stanza(client[4], 0) - Message discarded for I'm not a recipient: 
client[1] - time to live = 0 for message: message from client[0] to stanza(client[4], 0)
client[2] - Sending message to room stanza(client[2], 0) - msg(241,client[2])
client[1] - stanza(client[2], 0) - Displayed message: msg(241,client[2]) from user client[2]
client[1] - Room: stanza(client[2], 0) - Message received: msg(241,client[2])
client[1] - time to live = 0 for message: message from client[2] to stanza(client[2], 0)
client[3] - Room: stanza(client[2], 0) - Message discarded for I'm not a recipient: 
client[3] - time to live = 0 for message: message from client[2] to stanza(client[2], 0)
client[4] - Sending message to room stanza(client[4], 3) - msg(286,client[4])
client[3] - Room: stanza(client[4], 3) - Message received: msg(286,client[4])
client[3] - time to live = 0 for message: message from client[4] to stanza(client[4], 3)
client[0] - Room: stanza(client[4], 3) - Message received: msg(286,client[4])
client[0] - time to live = 0 for message: message from client[4] to stanza(client[4], 3)
client[1] - Sending message to room stanza(client[1], 0) - msg(305,client[1])
client[0] - stanza(client[1], 0) - Displayed message: msg(305,client[1]) from user client[1]
client[0] - Room: stanza(client[1], 0) - Message received: msg(305,client[1])
client[0] - time to live = 0 for message: message from client[1] to stanza(client[1], 0)
client[2] - Room: stanza(client[1], 0) - Message discarded for I'm not a recipient: 
client[2] - time to live = 0 for message: message from client[1] to stanza(client[1], 0)
client[3] - Sending message to room stanza(client[3], 9) - msg(264,client[3])
client[2] - stanza(client[3], 9) - Displayed message: msg(264,client[3]) from user client[3]
client[2] - Room: stanza(client[3], 9) - Message received: msg(264,client[3])
client[2] - time to live = 0 for message: message from client[3] to stanza(client[3], 9)
client[4] - stanza(client[3], 9) - Displayed message: msg(264,client[3]) from user client[3]
client[4] - Room: stanza(client[3], 9) - Message received: msg(264,client[3])
client[4] - time to live = 0 for message: message from client[3] to stanza(client[3], 9)
client[0] - Sending message to room stanza(client[4], 1) - msg(270,client[0])
client[4] - stanza(client[4], 1) - Displayed message: msg(270,client[0]) from user client[0]
client[4] - Room: stanza(client[4], 1) - Message received: msg(270,client[0])
client[4] - time to live = 0 for message: message from client[0] to stanza(client[4], 1)
client[1] - Room: stanza(client[4], 1) - Message discarded for I'm not a recipient: 
client[1] - time to live = 0 for message: message from client[0] to stanza(client[4], 1)
client[2] - Sending message to room stanza(client[3], 1) - msg(242,client[2])
client[1] - Room: stanza(client[3], 1) - Message discarded for I'm not a recipient: 
client[1] - time to live = 0 for message: message from client[2] to stanza(client[3], 1)
client[3] - stanza(client[3], 1) - Displayed message: msg(242,client[2]) from user client[2]
client[3] - Room: stanza(client[3], 1) - Message received: msg(242,client[2])
client[3] - time to live = 0 for message: message from client[2] to stanza(client[3], 1)
client[0] - Sending message to room stanza(client[1], 0) - msg(271,client[0])
client[4] - Room: stanza(client[1], 0) - Message discarded for I'm not a recipient: 
client[4] - time to live = 0 for message: message from client[0] to stanza(client[1], 0)
client[1] - stanza(client[1], 0) - Displayed message: msg(271,client[0]) from user client[0]
client[1] - Room: stanza(client[1], 0) - Message received: msg(271,client[0])
client[1] - time to live = 0 for message: message from client[0] to stanza(client[1], 0)
client[4] - Sending message to room stanza(client[4], 4) - msg(287,client[4])
client[3] - stanza(client[4], 4) - Displayed message: msg(287,client[4]) from user client[4]
client[3] - Room: stanza(client[4], 4) - Message received: msg(287,client[4])
client[3] - time to live = 0 for message: message from client[4] to stanza(client[4], 4)
client[0] - Room: stanza(client[4], 4) - Message discarded for I'm not a recipient: 
client[0] - time to live = 0 for message: message from client[4] to stanza(client[4], 4)
client[3] - Sending message to room stanza(client[4], 1) - msg(265,client[3])
client[2] - Room: stanza(client[4], 1) - Message discarded for I'm not a recipient: 
client[2] - time to live = 0 for message: message from client[3] to stanza(client[4], 1)
client[4] - stanza(client[4], 1) - Displayed message: msg(265,client[3]) from user client[3]
client[4] - Room: stanza(client[4], 1) - Message received: msg(265,client[3])
client[4] - time to live = 0 for message: message from client[3] to stanza(client[4], 1)
client[3] - Sent room creation: stanza(client[3], 10) with: client[3],client[0],client[4],client[1]
client[2] - Room: stanza(client[3], 10) - Message discarded for I'm not a recipient: 
client[2] - time to live = 0 for message: creation of room stanza(client[3], 10)
client[4] - Room created: stanza(client[3], 10)
client[4] - time to live = 0 for message: creation of room stanza(client[3], 10)
client[2] - Sending message to room stanza(client[2], 4) - msg(243,client[2])
client[1] - Room: stanza(client[2], 4) - Message received: msg(243,client[2])
client[1] - time to live = 0 for message: message from client[2] to stanza(client[2], 4)
client[3] - Room: stanza(client[2], 4) - Message received: msg(243,client[2])
client[3] - time to live = 0 for message: message from client[2] to stanza(client[2], 4)
client[3] - Sending message to room stanza(client[2], 3) - msg(266,client[3])
client[2] - stanza(client[2], 3) - Displayed message: msg(266,client[3]) from user client[3]
client[2] - Room: stanza(client[2], 3) - Message received: msg(266,client[3])
client[2] - time to live = 0 for message: message from client[3] to stanza(client[2], 3)
client[4] - Room: stanza(client[2], 3) - Message discarded for I'm not a recipient: 
client[4] - time to live = 0 for message: message from client[3] to stanza(client[2], 3)
client[4] - Sending message to room stanza(client[3], 5) - msg(288,client[4])
client[3] - stanza(client[3], 5) - Displayed message: msg(288,client[4]) from user client[4]
client[3] - Room: stanza(client[3], 5) - Message received: msg(288,client[4])
client[3] - time to live = 0 for message: message from client[4] to stanza(client[3], 5)
client[0] - Room: stanza(client[3], 5) - Message discarded for I'm not a recipient: 
client[0] - time to live = 0 for message: message from client[4] to stanza(client[3], 5)
client[2] - Sending message to room stanza(client[3], 7) - msg(244,client[2])
client[1] - Room: stanza(client[3], 7) - Message discarded for I'm not a recipient: 
client[1] - time to live = 0 for message: message from client[2] to stanza(client[3], 7)
client[3] - stanza(client[3], 7) - Displayed message: msg(244,client[2]) from user client[2]
client[3] - Room: stanza(client[3], 7) - Message received: msg(244,client[2])
client[3] - time to live = 0 for message: message from client[2] to stanza(client[3], 7)
client[1] - Sending message to room stanza(client[1], 3) - msg(306,client[1])
client[0] - stanza(client[1], 3) - Displayed message: msg(306,client[1]) from user client[1]
client[0] - Room: stanza(client[1], 3) - Message received: msg(306,client[1])
client[0] - time to live = 0 for message: message from client[1] to stanza(client[1], 3)
client[2] - Room: stanza(client[1], 3) - Message discarded for I'm not a recipient: 
client[2] - time to live = 0 for message: message from client[1] to stanza(client[1], 3)
client[3] - Sending message to room stanza(client[3], 4) - msg(267,client[3])
client[2] - Room: stanza(client[3], 4) - Message discarded for I'm not a recipient: 
client[2] - time to live = 0 for message: message from client[3] to stanza(client[3], 4)
client[4] - stanza(client[3], 4) - Displayed message: msg(267,client[3]) from user client[3]
client[4] - Room: stanza(client[3], 4) - Message received: msg(267,client[3])
client[4] - time to live = 0 for message: message from client[3] to stanza(client[3], 4)
client[2] - Sending message to room stanza(client[3], 9) - msg(245,client[2])
client[1] - Room: stanza(client[3], 9) - Message discarded for I'm not a recipient: 
client[1] - time to live = 0 for message: message from client[2] to stanza(client[3], 9)
client[3] - stanza(client[3], 9) - Displayed message: msg(245,client[2]) from user client[2]
client[3] - Room: stanza(client[3], 9) - Message received: msg(245,client[2])
client[3] - time to live = 0 for message: message from client[2] to stanza(client[3], 9)
client[4] - Sending message to room stanza(client[3], 4) - msg(289,client[4])
client[3] - stanza(client[3], 4) - Displayed message: msg(289,client[4]) from user client[4]
client[3] - Room: stanza(client[3], 4) - Message received: msg(289,client[4])
client[3] - time to live = 0 for message: message from client[4] to stanza(client[3], 4)
client[0] - Room: stanza(client[3], 4) - Message discarded for I'm not a recipient: 
client[0] - time to live = 0 for message: message from client[4] to stanza(client[3], 4)
client[1] - Sending message to room stanza(client[2], 0) - msg(307,client[1])
client[0] - Room: stanza(client[2], 0) - Message discarded for I'm not a recipient: 
client[0] - time to live = 0 for message: message from client[1] to stanza(client[2], 0)
client[2] - stanza(client[2], 0) - Displayed message: msg(307,client[1]) from user client[1]
client[2] - Room: stanza(client[2], 0) - Message received: msg(307,client[1])
client[2] - time to live = 0 for message: message from client[1] to stanza(client[2], 0)
client[2] - Sending message to room stanza(client[1], 1) - msg(246,client[2])
client[1] - stanza(client[1], 1) - Displayed message: msg(246,client[2]) from user client[2]
client[1] - Room: stanza(client[1], 1) - Message received: msg(246,client[2])
client[1] - time to live = 0 for message: message from client[2] to stanza(client[1], 1)
client[3] - Room: stanza(client[1], 1) - Message discarded for I'm not a recipient: 
client[3] - time to live = 0 for message: message from client[2] to stanza(client[1], 1)
client[0] - Sending message to room stanza(client[4], 1) - msg(272,client[0])
client[4] - stanza(client[4], 1) - Displayed message: msg(272,client[0]) from user client[0]
client[4] - Room: stanza(client[4], 1) - Message received: msg(272,client[0])
client[4] - time to live = 0 for message: message from client[0] to stanza(client[4], 1)
client[1] - Room: stanza(client[4], 1) - Message discarded for I'm not a recipient: 
client[1] - time to live = 0 for message: message from client[0] to stanza(client[4], 1)
client[3] - Sending message to room stanza(client[4], 1) - msg(268,client[3])
client[2] - Room: stanza(client[4], 1) - Message discarded for I'm not a recipient: 
client[2] - time to live = 0 for message: message from client[3] to stanza(client[4], 1)
client[4] - stanza(client[4], 1) - Displayed message: msg(268,client[3]) from user client[3]
client[4] - Room: stanza(client[4], 1) - Message received: msg(268,client[3])
client[4] - time to live = 0 for message: message from client[3] to stanza(client[4], 1)
client[2] - Sending message to room stanza(client[1], 2) - msg(247,client[2])
client[1] - stanza(client[1], 2) - Displayed message: msg(247,client[2]) from user client[2]
client[1] - Room: stanza(client[1], 2) - Message received: msg(247,client[2])
client[1] - time to live = 0 for message: message from client[2] to stanza(client[1], 2)
client[3] - Room: stanza(client[1], 2) - Message discarded for I'm not a recipient: 
client[3] - time to live = 0 for message: message from client[2] to stanza(client[1], 2)
client[4] - Sending message to room stanza(client[3], 7) - msg(290,client[4])
client[3] - stanza(client[3], 7) - Displayed message: msg(290,client[4]) from user client[4]
client[3] - Room: stanza(client[3], 7) - Message received: msg(290,client[4])
client[3] - time to live = 0 for message: message from client[4] to stanza(client[3], 7)
client[0] - Room: stanza(client[3], 7) - Message discarded for I'm not a recipient: 
client[0] - time to live = 0 for message: message from client[4] to stanza(client[3], 7)
client[2] - Sending message to room stanza(client[1], 2) - msg(248,client[2])
client[1] - stanza(client[1], 2) - Displayed message: msg(248,client[2]) from user client[2]
client[1] - Room: stanza(client[1], 2) - Message received: msg(248,client[2])
client[1] - time to live = 0 for message: message from client[2] to stanza(client[1], 2)
client[3] - Room: stanza(client[1], 2) - Message discarded for I'm not a recipient: 
client[3] - time to live = 0 for message: message from client[2] to stanza(client[1], 2)
client[4] - Sending message to room stanza(client[0], 2) - msg(291,client[4])
client[3] - Room: stanza(client[0], 2) - Message discarded for I'm not a recipient: 
client[3] - time to live = 0 for message: message from client[4] to stanza(client[0], 2)
client[0] - stanza(client[0], 2) - Displayed message: msg(291,client[4]) from user client[4]
client[0] - Room: stanza(client[0], 2) - Message received: msg(291,client[4])
client[0] - time to live = 0 for message: message from client[4] to stanza(client[0], 2)
client[0] - Sending message to room stanza(client[0], 3) - msg(273,client[0])
client[4] - Room: stanza(client[0], 3) - Message discarded for I'm not a recipient: 
client[4] - time to live = 0 for message: message from client[0] to stanza(client[0], 3)
client[1] - stanza(client[0], 3) - Displayed message: msg(273,client[0]) from user client[0]
client[1] - Room: stanza(client[0], 3) - Message received: msg(273,client[0])
client[1] - time to live = 0 for message: message from client[0] to stanza(client[0], 3)
client[4] - Sending message to room stanza(client[0], 1) - msg(292,client[4])
client[3] - Room: stanza(client[0], 1) - Message discarded for I'm not a recipient: 
client[3] - time to live = 0 for message: message from client[4] to stanza(client[0], 1)
client[0] - stanza(client[0], 1) - Displayed message: msg(292,client[4]) from user client[4]
client[0] - Room: stanza(client[0], 1) - Message received: msg(292,client[4])
client[0] - time to live = 0 for message: message from client[4] to stanza(client[0], 1)
client[2] - Sending message to room stanza(client[3], 1) - msg(249,client[2])
client[1] - Room: stanza(client[3], 1) - Message discarded for I'm not a recipient: 
client[1] - time to live = 0 for message: message from client[2] to stanza(client[3], 1)
client[3] - stanza(client[3], 1) - Displayed message: msg(249,client[2]) from user client[2]
client[3] - Room: stanza(client[3], 1) - Message received: msg(249,client[2])
client[3] - time to live = 0 for message: message from client[2] to stanza(client[3], 1)
client[1] - Sending message to room stanza(client[2], 1) - msg(308,client[1])
client[0] - Room: stanza(client[2], 1) - Message discarded for I'm not a recipient: 
client[0] - time to live = 0 for message: message from client[1] to stanza(client[2], 1)
client[2] - stanza(client[2], 1) - Displayed message: msg(308,client[1]) from user client[1]
client[2] - Room: stanza(client[2], 1) - Message received: msg(308,client[1])
client[2] - time to live = 0 for message: message from client[1] to stanza(client[2], 1)
client[0] - Sending message to room stanza(client[0], 1) - msg(274,client[0])
client[4] - Asked for message: 1 - Room: stanza(client[0], 1)
client[4] - Asked for message: 1 - Room: stanza(client[0], 1)
client[4] - Asked for message: 1 - Room: stanza(client[0], 1)
client[4] - Asked for message: 61 - Room: stanza(client[0], 1)
client[4] - Asked for message: 1 - Room: stanza(client[0], 1)
client[4] - time to live = 0 for message: message from client[0] to stanza(client[0], 1)
client[1] - Asked for message: 1 - Room: stanza(client[0], 1)
client[1] - Asked for message: 1 - Room: stanza(client[0], 1)
client[1] - Asked for message: 1 - Room: stanza(client[0], 1)
client[1] - Asked for message: 1 - Room: stanza(client[0], 1)
client[1] - Asked for message: 71 - Room: stanza(client[0], 1)
client[1] - time to live = 0 for message: message from client[0] to stanza(client[0], 1)
client[3] - Room: stanza(client[0], 1) - Message discarded for I'm not a recipient: 
client[3] - time to live = 0 for message: ask message for missing message 1
NOT IMPLEMENTED YET
client[0] - Room: stanza(client[0], 1) - Asked for message: 1
client[0] - time to live = 0 for message: ask message for missing message 1
client[3] - Room: stanza(client[0], 1) - Message discarded for I'm not a recipient: 
client[3] - time to live = 0 for message: ask message for missing message 1
NOT IMPLEMENTED YET
client[0] - Room: stanza(client[0], 1) - Asked for message: 1
client[0] - time to live = 0 for message: ask message for missing message 1
client[3] - Room: stanza(client[0], 1) - Message discarded for I'm not a recipient: 
client[3] - time to live = 0 for message: ask message for missing message 1
NOT IMPLEMENTED YET
client[0] - Room: stanza(client[0], 1) - Asked for message: 1
client[0] - time to live = 0 for message: ask message for missing message 1
client[3] - Room: stanza(client[0], 1) - Message discarded for I'm not a recipient: 
client[3] - time to live = 0 for message: ask message for missing message 61
NOT IMPLEMENTED YET
client[0] - Room: stanza(client[0], 1) - Asked for message: 61
client[0] - time to live = 0 for message: ask message for missing message 61
client[3] - Room: stanza(client[0], 1) - Message discarded for I'm not a recipient: 
client[3] - time to live = 0 for message: ask message for missing message 1
NOT IMPLEMENTED YET
client[0] - Room: stanza(client[0], 1) - Asked for message: 1
client[0] - time to live = 0 for message: ask message for missing message 1
NOT IMPLEMENTED YET
client[0] - Room: stanza(client[0], 1) - Asked for message: 1
client[0] - time to live = 0 for message: ask message for missing message 1
client[2] - Room: stanza(client[0], 1) - Message discarded for I'm not a recipient: 
client[2] - time to live = 0 for message: ask message for missing message 1
NOT IMPLEMENTED YET
client[0] - Room: stanza(client[0], 1) - Asked for message: 1
client[0] - time to live = 0 for message: ask message for missing message 1
client[2] - Room: stanza(client[0], 1) - Message discarded for I'm not a recipient: 
client[2] - time to live = 0 for message: ask message for missing message 1
NOT IMPLEMENTED YET
client[0] - Room: stanza(client[0], 1) - Asked for message: 1
client[0] - time to live = 0 for message: ask message for missing message 1
client[2] - Room: stanza(client[0], 1) - Message discarded for I'm not a recipient: 
client[2] - time to live = 0 for message: ask message for missing message 1
NOT IMPLEMENTED YET
client[0] - Room: stanza(client[0], 1) - Asked for message: 1
client[0] - time to live = 0 for message: ask message for missing message 1
client[2] - Room: stanza(client[0], 1) - Message discarded for I'm not a recipient: 
client[2] - time to live = 0 for message: ask message for missing message 1
NOT IMPLEMENTED YET
client[0] - Room: stanza(client[0], 1) - Asked for message: 71
client[0] - time to live = 0 for message: ask message for missing message 71
client[2] - Room: stanza(client[0], 1) - Message discarded for I'm not a recipient: 
client[2] - time to live = 0 for message: ask message for missing message 71
client[3] - Sending message to room stanza(client[4], 4) - msg(269,client[3])
client[2] - Room: stanza(client[4], 4) - Message discarded for I'm not a recipient: 
client[2] - time to live = 0 for message: message from client[3] to stanza(client[4], 4)
client[4] - stanza(client[4], 4) - Displayed message: msg(269,client[3]) from user client[3]
client[4] - Room: stanza(client[4], 4) - Message received: msg(269,client[3])
client[4] - time to live = 0 for message: message from client[3] to stanza(client[4], 4)
client[4] - Sending message to room stanza(client[3], 9) - msg(293,client[4])
client[3] - stanza(client[3], 9) - Displayed message: msg(293,client[4]) from user client[4]
client[3] - Room: stanza(client[3], 9) - Message received: msg(293,client[4])
client[3] - time to live = 0 for message: message from client[4] to stanza(client[3], 9)
client[0] - Room: stanza(client[3], 9) - Message discarded for I'm not a recipient: 
client[0] - time to live = 0 for message: message from client[4] to stanza(client[3], 9)
client[0] - Sending message to room stanza(client[4], 5) - msg(275,client[0])
client[4] - stanza(client[4], 5) - Displayed message: msg(275,client[0]) from user client[0]
client[4] - Room: stanza(client[4], 5) - Message received: msg(275,client[0])
client[4] - time to live = 0 for message: message from client[0] to stanza(client[4], 5)
client[1] - Room: stanza(client[4], 5) - Message discarded for I'm not a recipient: 
client[1] - time to live = 0 for message: message from client[0] to stanza(client[4], 5)
client[3] - Sending message to room stanza(client[3], 7) - msg(270,client[3])
client[2] - Room: stanza(client[3], 7) - Message received: msg(270,client[3])
client[2] - time to live = 0 for message: message from client[3] to stanza(client[3], 7)
client[4] - Room: stanza(client[3], 7) - Message received: msg(270,client[3])
client[4] - time to live = 0 for message: message from client[3] to stanza(client[3], 7)
client[1] - Sending message to room stanza(client[2], 4) - msg(309,client[1])
client[0] - Room: stanza(client[2], 4) - Message discarded for I'm not a recipient: 
client[0] - time to live = 0 for message: message from client[1] to stanza(client[2], 4)
client[2] - stanza(client[2], 4) - Displayed message: msg(309,client[1]) from user client[1]
client[2] - Room: stanza(client[2], 4) - Message received: msg(309,client[1])
client[2] - time to live = 0 for message: message from client[1] to stanza(client[2], 4)
client[4] - Sending message to room stanza(client[3], 5) - msg(294,client[4])
client[3] - stanza(client[3], 5) - Displayed message: msg(294,client[4]) from user client[4]
client[3] - Room: stanza(client[3], 5) - Message received: msg(294,client[4])
client[3] - time to live = 0 for message: message from client[4] to stanza(client[3], 5)
client[0] - Room: stanza(client[3], 5) - Message discarded for I'm not a recipient: 
client[0] - time to live = 0 for message: message from client[4] to stanza(client[3], 5)
client[2] - Sent room creation: stanza(client[2], 5) with: client[2],client[1],client[0],client[4]
client[1] - Room created: stanza(client[2], 5)
client[1] - time to live = 0 for message: creation of room stanza(client[2], 5)
client[3] - Room: stanza(client[2], 5) - Message discarded for I'm not a recipient: 
client[3] - time to live = 0 for message: creation of room stanza(client[2], 5)
client[2] - Sending message to room stanza(client[2], 3) - msg(250,client[2])
client[1] - Room: stanza(client[2], 3) - Message discarded for I'm not a recipient: 
client[1] - time to live = 0 for message: message from client[2] to stanza(client[2], 3)
client[3] - stanza(client[2], 3) - Displayed message: msg(250,client[2]) from user client[2]
client[3] - Room: stanza(client[2], 3) - Message received: msg(250,client[2])
client[3] - time to live = 0 for message: message from client[2] to stanza(client[2], 3)
client[1] - Sending message to room stanza(client[2], 1) - msg(310,client[1])
client[0] - Room: stanza(client[2], 1) - Message discarded for I'm not a recipient: 
client[0] - time to live = 0 for message: message from client[1] to stanza(client[2], 1)
client[2] - stanza(client[2], 1) - Displayed message: msg(310,client[1]) from user client[1]
client[2] - Room: stanza(client[2], 1) - Message received: msg(310,client[1])
client[2] - time to live = 0 for message: message from client[1] to stanza(client[2], 1)
client[3] - Sent room creation: stanza(client[3], 11) with: client[3],client[2]
client[2] - Room created: stanza(client[3], 11)
client[2] - time to live = 0 for message: creation of room stanza(client[3], 11)
client[4] - Room: stanza(client[3], 11) - Message discarded for I'm not a recipient: 
client[4] - time to live = 0 for message: creation of room stanza(client[3], 11)
client[3] - Sending message to room stanza(client[4], 4) - msg(271,client[3])
client[2] - Room: stanza(client[4], 4) - Message discarded for I'm not a recipient: 
client[2] - time to live = 0 for message: message from client[3] to stanza(client[4], 4)
client[4] - stanza(client[4], 4) - Displayed message: msg(271,client[3]) from user client[3]
client[4] - Room: stanza(client[4], 4) - Message received: msg(271,client[3])
client[4] - time to live = 0 for message: message from client[3] to stanza(client[4], 4)
client[1] - Sending message to room stanza(client[0], 3) - msg(311,client[1])
client[0] - stanza(client[0], 3) - Displayed message: msg(311,client[1]) from user client[1]
client[0] - Room: stanza(client[0], 3) - Message received: msg(311,client[1])
client[0] - time to live = 0 for message: message from client[1] to stanza(client[0], 3)
client[2] - Room: stanza(client[0], 3) - Message discarded for I'm not a recipient: 
client[2] - time to live = 0 for message: message from client[1] to stanza(client[0], 3)
client[4] - Sending message to room stanza(client[4], 1) - msg(295,client[4])
client[3] - Asked for message: 2 - Room: stanza(client[4], 1)
client[3] - Asked for message: 1 - Room: stanza(client[4], 1)
client[3] - Asked for message: 1 - Room: stanza(client[4], 1)
client[3] - Asked for message: 29 - Room: stanza(client[4], 1)
client[3] - time to live = 0 for message: message from client[4] to stanza(client[4], 1)
client[0] - Asked for message: 2 - Room: stanza(client[4], 1)
client[0] - Asked for message: 1 - Room: stanza(client[4], 1)
client[0] - Asked for message: 16 - Room: stanza(client[4], 1)
client[0] - Asked for message: 1 - Room: stanza(client[4], 1)
client[0] - time to live = 0 for message: message from client[4] to stanza(client[4], 1)
client[2] - Room: stanza(client[4], 1) - Message discarded for I'm not a recipient: 
client[2] - time to live = 0 for message: ask message for missing message 2
NOT IMPLEMENTED YET
client[4] - Room: stanza(client[4], 1) - Asked for message: 2
client[4] - time to live = 0 for message: ask message for missing message 2
client[2] - Room: stanza(client[4], 1) - Message discarded for I'm not a recipient: 
client[2] - time to live = 0 for message: ask message for missing message 1
NOT IMPLEMENTED YET
client[4] - Room: stanza(client[4], 1) - Asked for message: 1
client[4] - time to live = 0 for message: ask message for missing message 1
client[2] - Room: stanza(client[4], 1) - Message discarded for I'm not a recipient: 
client[2] - time to live = 0 for message: ask message for missing message 1
NOT IMPLEMENTED YET
client[4] - Room: stanza(client[4], 1) - Asked for message: 1
client[4] - time to live = 0 for message: ask message for missing message 1
client[2] - Room: stanza(client[4], 1) - Message discarded for I'm not a recipient: 
client[2] - time to live = 0 for message: ask message for missing message 29
NOT IMPLEMENTED YET
client[4] - Room: stanza(client[4], 1) - Asked for message: 29
client[4] - time to live = 0 for message: ask message for missing message 29
NOT IMPLEMENTED YET
client[4] - Room: stanza(client[4], 1) - Asked for message: 2
client[4] - time to live = 0 for message: ask message for missing message 2
client[1] - Room: stanza(client[4], 1) - Message discarded for I'm not a recipient: 
client[1] - time to live = 0 for message: ask message for missing message 2
NOT IMPLEMENTED YET
client[4] - Room: stanza(client[4], 1) - Asked for message: 1
client[4] - time to live = 0 for message: ask message for missing message 1
client[1] - Room: stanza(client[4], 1) - Message discarded for I'm not a recipient: 
client[1] - time to live = 0 for message: ask message for missing message 1
NOT IMPLEMENTED YET
client[4] - Room: stanza(client[4], 1) - Asked for message: 16
client[4] - time to live = 0 for message: ask message for missing message 16
client[1] - Room: stanza(client[4], 1) - Message discarded for I'm not a recipient: 
client[1] - time to live = 0 for message: ask message for missing message 16
NOT IMPLEMENTED YET
client[4] - Room: stanza(client[4], 1) - Asked for message: 1
client[4] - time to live = 0 for message: ask message for missing message 1
client[1] - Room: stanza(client[4], 1) - Message discarded for I'm not a recipient: 
client[1] - time to live = 0 for message: ask message for missing message 1
client[2] - Sending message to room stanza(client[2], 0) - msg(251,client[2])
client[1] - stanza(client[2], 0) - Displayed message: msg(251,client[2]) from user client[2]
client[1] - Room: stanza(client[2], 0) - Message received: msg(251,client[2])
client[1] - time to live = 0 for message: message from client[2] to stanza(client[2], 0)
client[3] - Room: stanza(client[2], 0) - Message discarded for I'm not a recipient: 
client[3] - time to live = 0 for message: message from client[2] to stanza(client[2], 0)
client[1] - Sending message to room stanza(client[2], 4) - msg(312,client[1])
client[0] - Room: stanza(client[2], 4) - Message discarded for I'm not a recipient: 
client[0] - time to live = 0 for message: message from client[1] to stanza(client[2], 4)
client[2] - stanza(client[2], 4) - Displayed message: msg(312,client[1]) from user client[1]
client[2] - Room: stanza(client[2], 4) - Message received: msg(312,client[1])
client[2] - time to live = 0 for message: message from client[1] to stanza(client[2], 4)
client[2] - Sending message to room stanza(client[2], 2) - msg(252,client[2])
client[1] - Room: stanza(client[2], 2) - Message discarded for I'm not a recipient: 
client[1] - time to live = 0 for message: message from client[2] to stanza(client[2], 2)
client[3] - stanza(client[2], 2) - Displayed message: msg(252,client[2]) from user client[2]
client[3] - Room: stanza(client[2], 2) - Message received: msg(252,client[2])
client[3] - time to live = 0 for message: message from client[2] to stanza(client[2], 2)
client[0] - Sending message to room stanza(client[4], 5) - msg(276,client[0])
client[4] - stanza(client[4], 5) - Displayed message: msg(276,client[0]) from user client[0]
client[4] - Room: stanza(client[4], 5) - Message received: msg(276,client[0])
client[4] - time to live = 0 for message: message from client[0] to stanza(client[4], 5)
client[1] - Room: stanza(client[4], 5) - Message discarded for I'm not a recipient: 
client[1] - time to live = 0 for message: message from client[0] to stanza(client[4], 5)
client[4] - Sending message to room stanza(client[4], 2) - msg(296,client[4])
client[3] - Room: stanza(client[4], 2) - Message discarded for I'm not a recipient: 
client[3] - time to live = 0 for message: message from client[4] to stanza(client[4], 2)
client[0] - stanza(client[4], 2) - Displayed message: msg(296,client[4]) from user client[4]
client[0] - Room: stanza(client[4], 2) - Message received: msg(296,client[4])
client[0] - time to live = 0 for message: message from client[4] to stanza(client[4], 2)
client[2] - Sending message to room stanza(client[3], 7) - msg(253,client[2])
client[1] - Room: stanza(client[3], 7) - Message discarded for I'm not a recipient: 
client[1] - time to live = 0 for message: message from client[2] to stanza(client[3], 7)
client[3] - stanza(client[3], 7) - Displayed message: msg(253,client[2]) from user client[2]
client[3] - Room: stanza(client[3], 7) - Message received: msg(253,client[2])
client[3] - time to live = 0 for message: message from client[2] to stanza(client[3], 7)
client[1] - Sending message to room stanza(client[2], 4) - msg(313,client[1])
client[0] - Room: stanza(client[2], 4) - Message discarded for I'm not a recipient: 
client[0] - time to live = 0 for message: message from client[1] to stanza(client[2], 4)
client[2] - stanza(client[2], 4) - Displayed message: msg(313,client[1]) from user client[1]
client[2] - Room: stanza(client[2], 4) - Message received: msg(313,client[1])
client[2] - time to live = 0 for message: message from client[1] to stanza(client[2], 4)
client[2] - Sending message to room stanza(client[2], 1) - msg(254,client[2])
client[1] - stanza(client[2], 1) - Displayed message: msg(254,client[2]) from user client[2]
client[1] - Room: stanza(client[2], 1) - Message received: msg(254,client[2])
client[1] - time to live = 0 for message: message from client[2] to stanza(client[2], 1)
client[3] - Room: stanza(client[2], 1) - Message discarded for I'm not a recipient: 
client[3] - time to live = 0 for message: message from client[2] to stanza(client[2], 1)
client[3] - Sending message to room stanza(client[4], 3) - msg(272,client[3])
client[2] - Room: stanza(client[4], 3) - Message discarded for I'm not a recipient: 
client[2] - time to live = 0 for message: message from client[3] to stanza(client[4], 3)
client[4] - stanza(client[4], 3) - Displayed message: msg(272,client[3]) from user client[3]
client[4] - Room: stanza(client[4], 3) - Message received: msg(272,client[3])
client[4] - time to live = 0 for message: message from client[3] to stanza(client[4], 3)
client[4] - Sending message to room stanza(client[0], 2) - msg(297,client[4])
client[3] - Room: stanza(client[0], 2) - Message discarded for I'm not a recipient: 
client[3] - time to live = 0 for message: message from client[4] to stanza(client[0], 2)
client[0] - stanza(client[0], 2) - Displayed message: msg(297,client[4]) from user client[4]
client[0] - Room: stanza(client[0], 2) - Message received: msg(297,client[4])
client[0] - time to live = 0 for message: message from client[4] to stanza(client[0], 2)
client[1] - Sending message to room stanza(client[1], 3) - msg(314,client[1])
client[0] - stanza(client[1], 3) - Displayed message: msg(314,client[1]) from user client[1]
client[0] - Room: stanza(client[1], 3) - Message received: msg(314,client[1])
client[0] - time to live = 0 for message: message from client[1] to stanza(client[1], 3)
client[2] - Room: stanza(client[1], 3) - Message discarded for I'm not a recipient: 
client[2] - time to live = 0 for message: message from client[1] to stanza(client[1], 3)
client[0] - Sending message to room stanza(client[1], 1) - msg(277,client[0])
client[4] - Room: stanza(client[1], 1) - Message discarded for I'm not a recipient: 
client[4] - time to live = 0 for message: message from client[0] to stanza(client[1], 1)
client[1] - stanza(client[1], 1) - Displayed message: msg(277,client[0]) from user client[0]
client[1] - Room: stanza(client[1], 1) - Message received: msg(277,client[0])
client[1] - time to live = 0 for message: message from client[0] to stanza(client[1], 1)
client[1] - Sending message to room stanza(client[2], 1) - msg(315,client[1])
client[0] - Room: stanza(client[2], 1) - Message discarded for I'm not a recipient: 
client[0] - time to live = 0 for message: message from client[1] to stanza(client[2], 1)
client[2] - stanza(client[2], 1) - Displayed message: msg(315,client[1]) from user client[1]
client[2] - Room: stanza(client[2], 1) - Message received: msg(315,client[1])
client[2] - time to live = 0 for message: message from client[1] to stanza(client[2], 1)
client[0] - Sending message to room stanza(client[1], 2) - msg(278,client[0])
client[4] - Room: stanza(client[1], 2) - Message discarded for I'm not a recipient: 
client[4] - time to live = 0 for message: message from client[0] to stanza(client[1], 2)
client[1] - stanza(client[1], 2) - Displayed message: msg(278,client[0]) from user client[0]
client[1] - Room: stanza(client[1], 2) - Message received: msg(278,client[0])
client[1] - time to live = 0 for message: message from client[0] to stanza(client[1], 2)
client[3] - Sending message to room stanza(client[3], 5) - msg(273,client[3])
client[2] - Room: stanza(client[3], 5) - Message discarded for I'm not a recipient: 
client[2] - time to live = 0 for message: message from client[3] to stanza(client[3], 5)
client[4] - stanza(client[3], 5) - Displayed message: msg(273,client[3]) from user client[3]
client[4] - Room: stanza(client[3], 5) - Message received: msg(273,client[3])
client[4] - time to live = 0 for message: message from client[3] to stanza(client[3], 5)
client[1] - Sending message to room stanza(client[0], 1) - msg(316,client[1])
client[0] - stanza(client[0], 1) - Displayed message: msg(316,client[1]) from user client[1]
client[0] - Room: stanza(client[0], 1) - Message received: msg(316,client[1])
client[0] - time to live = 0 for message: message from client[1] to stanza(client[0], 1)
client[2] - Room: stanza(client[0], 1) - Message discarded for I'm not a recipient: 
client[2] - time to live = 0 for message: message from client[1] to stanza(client[0], 1)
client[4] - Sending message to room stanza(client[3], 4) - msg(298,client[4])
client[3] - stanza(client[3], 4) - Displayed message: msg(298,client[4]) from user client[4]
client[3] - Room: stanza(client[3], 4) - Message received: msg(298,client[4])
client[3] - time to live = 0 for message: message from client[4] to stanza(client[3], 4)
client[0] - Room: stanza(client[3], 4) - Message discarded for I'm not a recipient: 
client[0] - time to live = 0 for message: message from client[4] to stanza(client[3], 4)
client[2] - Sending message to room stanza(client[2], 1) - msg(255,client[2])
client[1] - stanza(client[2], 1) - Displayed message: msg(255,client[2]) from user client[2]
client[1] - Room: stanza(client[2], 1) - Message received: msg(255,client[2])
client[1] - time to live = 0 for message: message from client[2] to stanza(client[2], 1)
client[3] - Room: stanza(client[2], 1) - Message discarded for I'm not a recipient: 
client[3] - time to live = 0 for message: message from client[2] to stanza(client[2], 1)
client[0] - Sending message to room stanza(client[4], 2) - msg(279,client[0])
client[4] - stanza(client[4], 2) - Displayed message: msg(279,client[0]) from user client[0]
client[4] - Room: stanza(client[4], 2) - Message received: msg(279,client[0])
client[4] - time to live = 0 for message: message from client[0] to stanza(client[4], 2)
client[1] - Room: stanza(client[4], 2) - Message discarded for I'm not a recipient: 
client[1] - time to live = 0 for message: message from client[0] to stanza(client[4], 2)
client[1] - Sending message to room stanza(client[2], 1) - msg(317,client[1])
client[0] - Room: stanza(client[2], 1) - Message discarded for I'm not a recipient: 
client[0] - time to live = 0 for message: message from client[1] to stanza(client[2], 1)
client[2] - stanza(client[2], 1) - Displayed message: msg(317,client[1]) from user client[1]
client[2] - Room: stanza(client[2], 1) - Message received: msg(317,client[1])
client[2] - time to live = 0 for message: message from client[1] to stanza(client[2], 1)
client[4] - Sending message to room stanza(client[3], 7) - msg(299,client[4])
client[3] - stanza(client[3], 7) - Displayed message: msg(299,client[4]) from user client[4]
client[3] - Room: stanza(client[3], 7) - Message received: msg(299,client[4])
client[3] - time to live = 0 for message: message from client[4] to stanza(client[3], 7)
client[0] - Room: stanza(client[3], 7) - Message discarded for I'm not a recipient: 
client[0] - time to live = 0 for message: message from client[4] to stanza(client[3], 7)
client[0] - Sending message to room stanza(client[1], 1) - msg(280,client[0])
client[4] - Room: stanza(client[1], 1) - Message discarded for I'm not a recipient: 
client[4] - time to live = 0 for message: message from client[0] to stanza(client[1], 1)
client[1] - stanza(client[1], 1) - Displayed message: msg(280,client[0]) from user client[0]
client[1] - Room: stanza(client[1], 1) - Message received: msg(280,client[0])
client[1] - time to live = 0 for message: message from client[0] to stanza(client[1], 1)
client[1] - Sending message to room stanza(client[1], 2) - msg(318,client[1])
client[0] - Asked for message: 2 - Room: stanza(client[1], 2)
client[0] - Asked for message: 1 - Room: stanza(client[1], 2)
client[0] - Asked for message: 1 - Room: stanza(client[1], 2)
client[0] - Asked for message: 14 - Room: stanza(client[1], 2)
client[0] - Asked for message: 1 - Room: stanza(client[1], 2)
client[0] - time to live = 0 for message: message from client[1] to stanza(client[1], 2)
client[2] - Asked for message: 2 - Room: stanza(client[1], 2)
client[2] - Asked for message: 1 - Room: stanza(client[1], 2)
client[2] - Asked for message: 1 - Room: stanza(client[1], 2)
client[2] - Asked for message: 1 - Room: stanza(client[1], 2)
client[2] - Asked for message: 13 - Room: stanza(client[1], 2)
client[2] - time to live = 0 for message: message from client[1] to stanza(client[1], 2)
client[4] - Room: stanza(client[1], 2) - Message discarded for I'm not a recipient: 
client[4] - time to live = 0 for message: ask message for missing message 2
NOT IMPLEMENTED YET
client[1] - Room: stanza(client[1], 2) - Asked for message: 2
client[1] - time to live = 0 for message: ask message for missing message 2
client[4] - Room: stanza(client[1], 2) - Message discarded for I'm not a recipient: 
client[4] - time to live = 0 for message: ask message for missing message 1
NOT IMPLEMENTED YET
client[1] - Room: stanza(client[1], 2) - Asked for message: 1
client[1] - time to live = 0 for message: ask message for missing message 1
client[4] - Room: stanza(client[1], 2) - Message discarded for I'm not a recipient: 
client[4] - time to live = 0 for message: ask message for missing message 1
NOT IMPLEMENTED YET
client[1] - Room: stanza(client[1], 2) - Asked for message: 1
client[1] - time to live = 0 for message: ask message for missing message 1
client[4] - Room: stanza(client[1], 2) - Message discarded for I'm not a recipient: 
client[4] - time to live = 0 for message: ask message for missing message 14
NOT IMPLEMENTED YET
client[1] - Room: stanza(client[1], 2) - Asked for message: 14
client[1] - time to live = 0 for message: ask message for missing message 14
client[4] - Room: stanza(client[1], 2) - Message discarded for I'm not a recipient: 
client[4] - time to live = 0 for message: ask message for missing message 1
NOT IMPLEMENTED YET
client[1] - Room: stanza(client[1], 2) - Asked for message: 1
client[1] - time to live = 0 for message: ask message for missing message 1
NOT IMPLEMENTED YET
client[1] - Room: stanza(client[1], 2) - Asked for message: 2
client[1] - time to live = 0 for message: ask message for missing message 2
client[3] - Room: stanza(client[1], 2) - Message discarded for I'm not a recipient: 
client[3] - time to live = 0 for message: ask message for missing message 2
NOT IMPLEMENTED YET
client[1] - Room: stanza(client[1], 2) - Asked for message: 1
client[1] - time to live = 0 for message: ask message for missing message 1
client[3] - Room: stanza(client[1], 2) - Message discarded for I'm not a recipient: 
client[3] - time to live = 0 for message: ask message for missing message 1
NOT IMPLEMENTED YET
client[1] - Room: stanza(client[1], 2) - Asked for message: 1
client[1] - time to live = 0 for message: ask message for missing message 1
client[3] - Room: stanza(client[1], 2) - Message discarded for I'm not a recipient: 
client[3] - time to live = 0 for message: ask message for missing message 1
NOT IMPLEMENTED YET
client[1] - Room: stanza(client[1], 2) - Asked for message: 1
client[1] - time to live = 0 for message: ask message for missing message 1
client[3] - Room: stanza(client[1], 2) - Message discarded for I'm not a recipient: 
client[3] - time to live = 0 for message: ask message for missing message 1
NOT IMPLEMENTED YET
client[1] - Room: stanza(client[1], 2) - Asked for message: 13
client[1] - time to live = 0 for message: ask message for missing message 13
client[3] - Room: stanza(client[1], 2) - Message discarded for I'm not a recipient: 
client[3] - time to live = 0 for message: ask message for missing message 13
client[3] - Sending message to room stanza(client[3], 7) - msg(274,client[3])
client[2] - Room: stanza(client[3], 7) - Message received: msg(274,client[3])
client[2] - time to live = 0 for message: message from client[3] to stanza(client[3], 7)
client[4] - Room: stanza(client[3], 7) - Message received: msg(274,client[3])
client[4] - time to live = 0 for message: message from client[3] to stanza(client[3], 7)
client[4] - Sending message to room stanza(client[3], 1) - msg(300,client[4])
client[3] - stanza(client[3], 1) - Displayed message: msg(300,client[4]) from user client[4]
client[3] - Room: stanza(client[3], 1) - Message received: msg(300,client[4])
client[3] - time to live = 0 for message: message from client[4] to stanza(client[3], 1)
client[0] - Room: stanza(client[3], 1) - Message discarded for I'm not a recipient: 
client[0] - time to live = 0 for message: message from client[4] to stanza(client[3], 1)
client[3] - Sending message to room stanza(client[4], 1) - msg(275,client[3])
client[2] - Room: stanza(client[4], 1) - Message discarded for I'm not a recipient: 
client[2] - time to live = 0 for message: message from client[3] to stanza(client[4], 1)
client[4] - stanza(client[4], 1) - Displayed message: msg(275,client[3]) from user client[3]
client[4] - Room: stanza(client[4], 1) - Message received: msg(275,client[3])
client[4] - time to live = 0 for message: message from client[3] to stanza(client[4], 1)
client[2] - Sending message to room stanza(client[2], 4) - msg(256,client[2])
client[1] - Room: stanza(client[2], 4) - Message received: msg(256,client[2])
client[1] - time to live = 0 for message: message from client[2] to stanza(client[2], 4)
client[3] - Room: stanza(client[2], 4) - Message received: msg(256,client[2])
client[3] - time to live = 0 for message: message from client[2] to stanza(client[2], 4)
client[1] - Sending message to room stanza(client[1], 0) - msg(319,client[1])
client[0] - stanza(client[1], 0) - Displayed message: msg(319,client[1]) from user client[1]
client[0] - Room: stanza(client[1], 0) - Message received: msg(319,client[1])
client[0] - time to live = 0 for message: message from client[1] to stanza(client[1], 0)
client[2] - Room: stanza(client[1], 0) - Message discarded for I'm not a recipient: 
client[2] - time to live = 0 for message: message from client[1] to stanza(client[1], 0)
client[0] - Sending message to room stanza(client[0], 4) - msg(281,client[0])
client[4] - stanza(client[0], 4) - Displayed message: msg(281,client[0]) from user client[0]
client[4] - Room: stanza(client[0], 4) - Message received: msg(281,client[0])
client[4] - time to live = 0 for message: message from client[0] to stanza(client[0], 4)
client[1] - Room: stanza(client[0], 4) - Message discarded for I'm not a recipient: 
client[1] - time to live = 0 for message: message from client[0] to stanza(client[0], 4)
client[4] - Sending message to room stanza(client[4], 1) - msg(301,client[4])
client[3] - Asked for message: 2 - Room: stanza(client[4], 1)
client[3] - Asked for message: 1 - Room: stanza(client[4], 1)
client[3] - Asked for message: 1 - Room: stanza(client[4], 1)
client[3] - Asked for message: 30 - Room: stanza(client[4], 1)
client[3] - time to live = 0 for message: message from client[4] to stanza(client[4], 1)
client[0] - Asked for message: 2 - Room: stanza(client[4], 1)
client[0] - Asked for message: 1 - Room: stanza(client[4], 1)
client[0] - Asked for message: 16 - Room: stanza(client[4], 1)
client[0] - Asked for message: 1 - Room: stanza(client[4], 1)
client[0] - time to live = 0 for message: message from client[4] to stanza(client[4], 1)
client[2] - Room: stanza(client[4], 1) - Message discarded for I'm not a recipient: 
client[2] - time to live = 0 for message: ask message for missing message 2
NOT IMPLEMENTED YET
client[4] - Room: stanza(client[4], 1) - Asked for message: 2
client[4] - time to live = 0 for message: ask message for missing message 2
client[2] - Room: stanza(client[4], 1) - Message discarded for I'm not a recipient: 
client[2] - time to live = 0 for message: ask message for missing message 1
NOT IMPLEMENTED YET
client[4] - Room: stanza(client[4], 1) - Asked for message: 1
client[4] - time to live = 0 for message: ask message for missing message 1
client[2] - Room: stanza(client[4], 1) - Message discarded for I'm not a recipient: 
client[2] - time to live = 0 for message: ask message for missing message 1
NOT IMPLEMENTED YET
client[4] - Room: stanza(client[4], 1) - Asked for message: 1
client[4] - time to live = 0 for message: ask message for missing message 1
client[2] - Room: stanza(client[4], 1) - Message discarded for I'm not a recipient: 
client[2] - time to live = 0 for message: ask message for missing message 30
NOT IMPLEMENTED YET
client[4] - Room: stanza(client[4], 1) - Asked for message: 30
client[4] - time to live = 0 for message: ask message for missing message 30
NOT IMPLEMENTED YET
client[4] - Room: stanza(client[4], 1) - Asked for message: 2
client[4] - time to live = 0 for message: ask message for missing message 2
client[1] - Room: stanza(client[4], 1) - Message discarded for I'm not a recipient: 
client[1] - time to live = 0 for message: ask message for missing message 2
NOT IMPLEMENTED YET
client[4] - Room: stanza(client[4], 1) - Asked for message: 1
client[4] - time to live = 0 for message: ask message for missing message 1
client[1] - Room: stanza(client[4], 1) - Message discarded for I'm not a recipient: 
client[1] - time to live = 0 for message: ask message for missing message 1
NOT IMPLEMENTED YET
client[4] - Room: stanza(client[4], 1) - Asked for message: 16
client[4] - time to live = 0 for message: ask message for missing message 16
client[1] - Room: stanza(client[4], 1) - Message discarded for I'm not a recipient: 
client[1] - time to live = 0 for message: ask message for missing message 16
NOT IMPLEMENTED YET
client[4] - Room: stanza(client[4], 1) - Asked for message: 1
client[4] - time to live = 0 for message: ask message for missing message 1
client[1] - Room: stanza(client[4], 1) - Message discarded for I'm not a recipient: 
client[1] - time to live = 0 for message: ask message for missing message 1
client[1] - Sending message to room stanza(client[0], 1) - msg(320,client[1])
client[0] - stanza(client[0], 1) - Displayed message: msg(320,client[1]) from user client[1]
client[0] - Room: stanza(client[0], 1) - Message received: msg(320,client[1])
client[0] - time to live = 0 for message: message from client[1] to stanza(client[0], 1)
client[2] - Room: stanza(client[0], 1) - Message discarded for I'm not a recipient: 
client[2] - time to live = 0 for message: message from client[1] to stanza(client[0], 1)
client[0] - Sending message to room stanza(client[0], 3) - msg(282,client[0])
client[4] - Room: stanza(client[0], 3) - Message discarded for I'm not a recipient: 
client[4] - time to live = 0 for message: message from client[0] to stanza(client[0], 3)
client[1] - stanza(client[0], 3) - Displayed message: msg(282,client[0]) from user client[0]
client[1] - Room: stanza(client[0], 3) - Message received: msg(282,client[0])
client[1] - time to live = 0 for message: message from client[0] to stanza(client[0], 3)
client[4] - Sending message to room stanza(client[4], 1) - msg(302,client[4])
client[3] - Asked for message: 2 - Room: stanza(client[4], 1)
client[3] - Asked for message: 1 - Room: stanza(client[4], 1)
client[3] - Asked for message: 1 - Room: stanza(client[4], 1)
client[3] - Asked for message: 30 - Room: stanza(client[4], 1)
client[3] - time to live = 0 for message: message from client[4] to stanza(client[4], 1)
client[0] - Asked for message: 2 - Room: stanza(client[4], 1)
client[0] - Asked for message: 1 - Room: stanza(client[4], 1)
client[0] - Asked for message: 16 - Room: stanza(client[4], 1)
client[0] - Asked for message: 1 - Room: stanza(client[4], 1)
client[0] - time to live = 0 for message: message from client[4] to stanza(client[4], 1)
client[2] - Room: stanza(client[4], 1) - Message discarded for I'm not a recipient: 
client[2] - time to live = 0 for message: ask message for missing message 2
NOT IMPLEMENTED YET
client[4] - Room: stanza(client[4], 1) - Asked for message: 2
client[4] - time to live = 0 for message: ask message for missing message 2
client[2] - Room: stanza(client[4], 1) - Message discarded for I'm not a recipient: 
client[2] - time to live = 0 for message: ask message for missing message 1
NOT IMPLEMENTED YET
client[4] - Room: stanza(client[4], 1) - Asked for message: 1
client[4] - time to live = 0 for message: ask message for missing message 1
client[2] - Room: stanza(client[4], 1) - Message discarded for I'm not a recipient: 
client[2] - time to live = 0 for message: ask message for missing message 1
NOT IMPLEMENTED YET
client[4] - Room: stanza(client[4], 1) - Asked for message: 1
client[4] - time to live = 0 for message: ask message for missing message 1
client[2] - Room: stanza(client[4], 1) - Message discarded for I'm not a recipient: 
client[2] - time to live = 0 for message: ask message for missing message 30
NOT IMPLEMENTED YET
client[4] - Room: stanza(client[4], 1) - Asked for message: 30
client[4] - time to live = 0 for message: ask message for missing message 30
NOT IMPLEMENTED YET
client[4] - Room: stanza(client[4], 1) - Asked for message: 2
client[4] - time to live = 0 for message: ask message for missing message 2
client[1] - Room: stanza(client[4], 1) - Message discarded for I'm not a recipient: 
client[1] - time to live = 0 for message: ask message for missing message 2
NOT IMPLEMENTED YET
client[4] - Room: stanza(client[4], 1) - Asked for message: 1
client[4] - time to live = 0 for message: ask message for missing message 1
client[1] - Room: stanza(client[4], 1) - Message discarded for I'm not a recipient: 
client[1] - time to live = 0 for message: ask message for missing message 1
NOT IMPLEMENTED YET
client[4] - Room: stanza(client[4], 1) - Asked for message: 16
client[4] - time to live = 0 for message: ask message for missing message 16
client[1] - Room: stanza(client[4], 1) - Message discarded for I'm not a recipient: 
client[1] - time to live = 0 for message: ask message for missing message 16
NOT IMPLEMENTED YET
client[4] - Room: stanza(client[4], 1) - Asked for message: 1
client[4] - time to live = 0 for message: ask message for missing message 1
client[1] - Room: stanza(client[4], 1) - Message discarded for I'm not a recipient: 
client[1] - time to live = 0 for message: ask message for missing message 1
client[0] - Sending message to room stanza(client[0], 0) - msg(283,client[0])
client[4] - Room: stanza(client[0], 0) - Message discarded for I'm not a recipient: 
client[4] - time to live = 0 for message: message from client[0] to stanza(client[0], 0)
client[1] - Room: stanza(client[0], 0) - Message discarded for I'm not a recipient: 
client[1] - time to live = 0 for message: message from client[0] to stanza(client[0], 0)
client[4] - Sending message to room stanza(client[4], 1) - msg(303,client[4])
client[3] - Asked for message: 2 - Room: stanza(client[4], 1)
client[3] - Asked for message: 1 - Room: stanza(client[4], 1)
client[3] - Asked for message: 1 - Room: stanza(client[4], 1)
client[3] - Asked for message: 30 - Room: stanza(client[4], 1)
client[3] - time to live = 0 for message: message from client[4] to stanza(client[4], 1)
client[0] - Asked for message: 2 - Room: stanza(client[4], 1)
client[0] - Asked for message: 1 - Room: stanza(client[4], 1)
client[0] - Asked for message: 16 - Room: stanza(client[4], 1)
client[0] - Asked for message: 1 - Room: stanza(client[4], 1)
client[0] - time to live = 0 for message: message from client[4] to stanza(client[4], 1)
client[2] - Room: stanza(client[4], 1) - Message discarded for I'm not a recipient: 
client[2] - time to live = 0 for message: ask message for missing message 2
NOT IMPLEMENTED YET
client[4] - Room: stanza(client[4], 1) - Asked for message: 2
client[4] - time to live = 0 for message: ask message for missing message 2
client[2] - Room: stanza(client[4], 1) - Message discarded for I'm not a recipient: 
client[2] - time to live = 0 for message: ask message for missing message 1
NOT IMPLEMENTED YET
client[4] - Room: stanza(client[4], 1) - Asked for message: 1
client[4] - time to live = 0 for message: ask message for missing message 1
client[2] - Room: stanza(client[4], 1) - Message discarded for I'm not a recipient: 
client[2] - time to live = 0 for message: ask message for missing message 1
NOT IMPLEMENTED YET
client[4] - Room: stanza(client[4], 1) - Asked for message: 1
client[4] - time to live = 0 for message: ask message for missing message 1
client[2] - Room: stanza(client[4], 1) - Message discarded for I'm not a recipient: 
client[2] - time to live = 0 for message: ask message for missing message 30
NOT IMPLEMENTED YET
client[4] - Room: stanza(client[4], 1) - Asked for message: 30
client[4] - time to live = 0 for message: ask message for missing message 30
NOT IMPLEMENTED YET
client[4] - Room: stanza(client[4], 1) - Asked for message: 2
client[4] - time to live = 0 for message: ask message for missing message 2
client[1] - Room: stanza(client[4], 1) - Message discarded for I'm not a recipient: 
client[1] - time to live = 0 for message: ask message for missing message 2
NOT IMPLEMENTED YET
client[4] - Room: stanza(client[4], 1) - Asked for message: 1
client[4] - time to live = 0 for message: ask message for missing message 1
client[1] - Room: stanza(client[4], 1) - Message discarded for I'm not a recipient: 
client[1] - time to live = 0 for message: ask message for missing message 1
NOT IMPLEMENTED YET
client[4] - Room: stanza(client[4], 1) - Asked for message: 16
client[4] - time to live = 0 for message: ask message for missing message 16
client[1] - Room: stanza(client[4], 1) - Message discarded for I'm not a recipient: 
client[1] - time to live = 0 for message: ask message for missing message 16
NOT IMPLEMENTED YET
client[4] - Room: stanza(client[4], 1) - Asked for message: 1
client[4] - time to live = 0 for message: ask message for missing message 1
client[1] - Room: stanza(client[4], 1) - Message discarded for I'm not a recipient: 
client[1] - time to live = 0 for message: ask message for missing message 1
client[1] - Sending message to room stanza(client[2], 5) - msg(321,client[1])
client[0] - Room: stanza(client[2], 5) - Message discarded for I'm not a recipient: 
client[0] - time to live = 0 for message: message from client[1] to stanza(client[2], 5)
client[2] - stanza(client[2], 5) - Displayed message: msg(321,client[1]) from user client[1]
client[2] - Room: stanza(client[2], 5) - Message received: msg(321,client[1])
client[2] - time to live = 0 for message: message from client[1] to stanza(client[2], 5)
client[3] - Sending message to room stanza(client[4], 3) - msg(276,client[3])
client[2] - Room: stanza(client[4], 3) - Message discarded for I'm not a recipient: 
client[2] - time to live = 0 for message: message from client[3] to stanza(client[4], 3)
client[4] - stanza(client[4], 3) - Displayed message: msg(276,client[3]) from user client[3]
client[4] - Room: stanza(client[4], 3) - Message received: msg(276,client[3])
client[4] - time to live = 0 for message: message from client[3] to stanza(client[4], 3)
client[0] - Sending message to room stanza(client[4], 0) - msg(284,client[0])
client[4] - stanza(client[4], 0) - Displayed message: msg(284,client[0]) from user client[0]
client[4] - Room: stanza(client[4], 0) - Message received: msg(284,client[0])
client[4] - time to live = 0 for message: message from client[0] to stanza(client[4], 0)
client[1] - Room: stanza(client[4], 0) - Message discarded for I'm not a recipient: 
client[1] - time to live = 0 for message: message from client[0] to stanza(client[4], 0)
client[4] - Sending message to room stanza(client[3], 1) - msg(304,client[4])
client[3] - stanza(client[3], 1) - Displayed message: msg(304,client[4]) from user client[4]
client[3] - Room: stanza(client[3], 1) - Message received: msg(304,client[4])
client[3] - time to live = 0 for message: message from client[4] to stanza(client[3], 1)
client[0] - Room: stanza(client[3], 1) - Message discarded for I'm not a recipient: 
client[0] - time to live = 0 for message: message from client[4] to stanza(client[3], 1)
client[0] - Sending message to room stanza(client[4], 3) - msg(285,client[0])
client[4] - stanza(client[4], 3) - Displayed message: msg(285,client[0]) from user client[0]
client[4] - Room: stanza(client[4], 3) - Message received: msg(285,client[0])
client[4] - time to live = 0 for message: message from client[0] to stanza(client[4], 3)
client[1] - Room: stanza(client[4], 3) - Message discarded for I'm not a recipient: 
client[1] - time to live = 0 for message: message from client[0] to stanza(client[4], 3)
client[3] - Sending message to room stanza(client[3], 5) - msg(277,client[3])
client[2] - Room: stanza(client[3], 5) - Message discarded for I'm not a recipient: 
client[2] - time to live = 0 for message: message from client[3] to stanza(client[3], 5)
client[4] - stanza(client[3], 5) - Displayed message: msg(277,client[3]) from user client[3]
client[4] - Room: stanza(client[3], 5) - Message received: msg(277,client[3])
client[4] - time to live = 0 for message: message from client[3] to stanza(client[3], 5)
client[0] - Sending message to room stanza(client[4], 3) - msg(286,client[0])
client[4] - stanza(client[4], 3) - Displayed message: msg(286,client[0]) from user client[0]
client[4] - Room: stanza(client[4], 3) - Message received: msg(286,client[0])
client[4] - time to live = 0 for message: message from client[0] to stanza(client[4], 3)
client[1] - Room: stanza(client[4], 3) - Message discarded for I'm not a recipient: 
client[1] - time to live = 0 for message: message from client[0] to stanza(client[4], 3)
client[1] - Sending message to room stanza(client[2], 4) - msg(322,client[1])
client[0] - Room: stanza(client[2], 4) - Message discarded for I'm not a recipient: 
client[0] - time to live = 0 for message: message from client[1] to stanza(client[2], 4)
client[2] - stanza(client[2], 4) - Displayed message: msg(322,client[1]) from user client[1]
client[2] - Room: stanza(client[2], 4) - Message received: msg(322,client[1])
client[2] - time to live = 0 for message: message from client[1] to stanza(client[2], 4)
client[3] - Sending message to room stanza(client[3], 5) - msg(278,client[3])
client[2] - Room: stanza(client[3], 5) - Message discarded for I'm not a recipient: 
client[2] - time to live = 0 for message: message from client[3] to stanza(client[3], 5)
client[4] - stanza(client[3], 5) - Displayed message: msg(278,client[3]) from user client[3]
client[4] - Room: stanza(client[3], 5) - Message received: msg(278,client[3])
client[4] - time to live = 0 for message: message from client[3] to stanza(client[3], 5)
client[2] - Sending message to room stanza(client[2], 4) - msg(257,client[2])
client[1] - Room: stanza(client[2], 4) - Message received: msg(257,client[2])
client[1] - time to live = 0 for message: message from client[2] to stanza(client[2], 4)
client[3] - Room: stanza(client[2], 4) - Message received: msg(257,client[2])
client[3] - time to live = 0 for message: message from client[2] to stanza(client[2], 4)
client[0] - Sending message to room stanza(client[4], 2) - msg(287,client[0])
client[4] - stanza(client[4], 2) - Displayed message: msg(287,client[0]) from user client[0]
client[4] - Room: stanza(client[4], 2) - Message received: msg(287,client[0])
client[4] - time to live = 0 for message: message from client[0] to stanza(client[4], 2)
client[1] - Room: stanza(client[4], 2) - Message discarded for I'm not a recipient: 
client[1] - time to live = 0 for message: message from client[0] to stanza(client[4], 2)
client[1] - Sending message to room stanza(client[0], 1) - msg(323,client[1])
client[0] - stanza(client[0], 1) - Displayed message: msg(323,client[1]) from user client[1]
client[0] - Room: stanza(client[0], 1) - Message received: msg(323,client[1])
client[0] - time to live = 0 for message: message from client[1] to stanza(client[0], 1)
client[2] - Room: stanza(client[0], 1) - Message discarded for I'm not a recipient: 
client[2] - time to live = 0 for message: message from client[1] to stanza(client[0], 1)
client[2] - Sending message to room stanza(client[2], 3) - msg(258,client[2])
client[1] - Room: stanza(client[2], 3) - Message discarded for I'm not a recipient: 
client[1] - time to live = 0 for message: message from client[2] to stanza(client[2], 3)
client[3] - stanza(client[2], 3) - Displayed message: msg(258,client[2]) from user client[2]
client[3] - Room: stanza(client[2], 3) - Message received: msg(258,client[2])
client[3] - time to live = 0 for message: message from client[2] to stanza(client[2], 3)
client[3] - Sending message to room stanza(client[3], 11) - msg(279,client[3])
client[2] - stanza(client[3], 11) - Displayed message: msg(279,client[3]) from user client[3]
client[2] - Room: stanza(client[3], 11) - Message received: msg(279,client[3])
client[2] - time to live = 0 for message: message from client[3] to stanza(client[3], 11)
client[4] - Room: stanza(client[3], 11) - Message discarded for I'm not a recipient: 
client[4] - time to live = 0 for message: message from client[3] to stanza(client[3], 11)
client[0] - Sending message to room stanza(client[4], 3) - msg(288,client[0])
client[4] - stanza(client[4], 3) - Displayed message: msg(288,client[0]) from user client[0]
client[4] - Room: stanza(client[4], 3) - Message received: msg(288,client[0])
client[4] - time to live = 0 for message: message from client[0] to stanza(client[4], 3)
client[1] - Room: stanza(client[4], 3) - Message discarded for I'm not a recipient: 
client[1] - time to live = 0 for message: message from client[0] to stanza(client[4], 3)
client[1] - Sending message to room stanza(client[1], 1) - msg(324,client[1])
client[0] - Asked for message: 2 - Room: stanza(client[1], 1)
client[0] - Asked for message: 21 - Room: stanza(client[1], 1)
client[0] - Asked for message: 1 - Room: stanza(client[1], 1)
client[0] - Asked for message: 1 - Room: stanza(client[1], 1)
client[0] - time to live = 0 for message: message from client[1] to stanza(client[1], 1)
client[2] - Asked for message: 2 - Room: stanza(client[1], 1)
client[2] - Asked for message: 1 - Room: stanza(client[1], 1)
client[2] - Asked for message: 33 - Room: stanza(client[1], 1)
client[2] - Asked for message: 1 - Room: stanza(client[1], 1)
client[2] - time to live = 0 for message: message from client[1] to stanza(client[1], 1)
client[4] - Room: stanza(client[1], 1) - Message discarded for I'm not a recipient: 
client[4] - time to live = 0 for message: ask message for missing message 2
NOT IMPLEMENTED YET
client[1] - Room: stanza(client[1], 1) - Asked for message: 2
client[1] - time to live = 0 for message: ask message for missing message 2
client[4] - Room: stanza(client[1], 1) - Message discarded for I'm not a recipient: 
client[4] - time to live = 0 for message: ask message for missing message 21
NOT IMPLEMENTED YET
client[1] - Room: stanza(client[1], 1) - Asked for message: 21
client[1] - time to live = 0 for message: ask message for missing message 21
client[4] - Room: stanza(client[1], 1) - Message discarded for I'm not a recipient: 
client[4] - time to live = 0 for message: ask message for missing message 1
NOT IMPLEMENTED YET
client[1] - Room: stanza(client[1], 1) - Asked for message: 1
client[1] - time to live = 0 for message: ask message for missing message 1
client[4] - Room: stanza(client[1], 1) - Message discarded for I'm not a recipient: 
client[4] - time to live = 0 for message: ask message for missing message 1
NOT IMPLEMENTED YET
client[1] - Room: stanza(client[1], 1) - Asked for message: 1
client[1] - time to live = 0 for message: ask message for missing message 1
NOT IMPLEMENTED YET
client[1] - Room: stanza(client[1], 1) - Asked for message: 2
client[1] - time to live = 0 for message: ask message for missing message 2
client[3] - Room: stanza(client[1], 1) - Message discarded for I'm not a recipient: 
client[3] - time to live = 0 for message: ask message for missing message 2
NOT IMPLEMENTED YET
client[1] - Room: stanza(client[1], 1) - Asked for message: 1
client[1] - time to live = 0 for message: ask message for missing message 1
client[3] - Room: stanza(client[1], 1) - Message discarded for I'm not a recipient: 
client[3] - time to live = 0 for message: ask message for missing message 1
NOT IMPLEMENTED YET
client[1] - Room: stanza(client[1], 1) - Asked for message: 33
client[1] - time to live = 0 for message: ask message for missing message 33
client[3] - Room: stanza(client[1], 1) - Message discarded for I'm not a recipient: 
client[3] - time to live = 0 for message: ask message for missing message 33
NOT IMPLEMENTED YET
client[1] - Room: stanza(client[1], 1) - Asked for message: 1
client[1] - time to live = 0 for message: ask message for missing message 1
client[3] - Room: stanza(client[1], 1) - Message discarded for I'm not a recipient: 
client[3] - time to live = 0 for message: ask message for missing message 1
client[4] - Sending message to room stanza(client[4], 5) - msg(305,client[4])
client[3] - Room: stanza(client[4], 5) - Message discarded for I'm not a recipient: 
client[3] - time to live = 0 for message: message from client[4] to stanza(client[4], 5)
client[0] - stanza(client[4], 5) - Displayed message: msg(305,client[4]) from user client[4]
client[0] - Room: stanza(client[4], 5) - Message received: msg(305,client[4])
client[0] - time to live = 0 for message: message from client[4] to stanza(client[4], 5)
client[3] - Sending message to room stanza(client[3], 5) - msg(280,client[3])
client[2] - Room: stanza(client[3], 5) - Message discarded for I'm not a recipient: 
client[2] - time to live = 0 for message: message from client[3] to stanza(client[3], 5)
client[4] - stanza(client[3], 5) - Displayed message: msg(280,client[3]) from user client[3]
client[4] - Room: stanza(client[3], 5) - Message received: msg(280,client[3])
client[4] - time to live = 0 for message: message from client[3] to stanza(client[3], 5)
client[0] - Sending message to room stanza(client[0], 1) - msg(289,client[0])
client[4] - Asked for message: 1 - Room: stanza(client[0], 1)
client[4] - Asked for message: 1 - Room: stanza(client[0], 1)
client[4] - Asked for message: 1 - Room: stanza(client[0], 1)
client[4] - Asked for message: 61 - Room: stanza(client[0], 1)
client[4] - Asked for message: 1 - Room: stanza(client[0], 1)
client[4] - time to live = 0 for message: message from client[0] to stanza(client[0], 1)
client[1] - Asked for message: 1 - Room: stanza(client[0], 1)
client[1] - Asked for message: 1 - Room: stanza(client[0], 1)
client[1] - Asked for message: 1 - Room: stanza(client[0], 1)
client[1] - Asked for message: 1 - Room: stanza(client[0], 1)
client[1] - Asked for message: 74 - Room: stanza(client[0], 1)
client[1] - time to live = 0 for message: message from client[0] to stanza(client[0], 1)
client[3] - Room: stanza(client[0], 1) - Message discarded for I'm not a recipient: 
client[3] - time to live = 0 for message: ask message for missing message 1
NOT IMPLEMENTED YET
client[0] - Room: stanza(client[0], 1) - Asked for message: 1
client[0] - time to live = 0 for message: ask message for missing message 1
client[3] - Room: stanza(client[0], 1) - Message discarded for I'm not a recipient: 
client[3] - time to live = 0 for message: ask message for missing message 1
NOT IMPLEMENTED YET
client[0] - Room: stanza(client[0], 1) - Asked for message: 1
client[0] - time to live = 0 for message: ask message for missing message 1
client[3] - Room: stanza(client[0], 1) - Message discarded for I'm not a recipient: 
client[3] - time to live = 0 for message: ask message for missing message 1
NOT IMPLEMENTED YET
client[0] - Room: stanza(client[0], 1) - Asked for message: 1
client[0] - time to live = 0 for message: ask message for missing message 1
client[3] - Room: stanza(client[0], 1) - Message discarded for I'm not a recipient: 
client[3] - time to live = 0 for message: ask message for missing message 61
NOT IMPLEMENTED YET
client[0] - Room: stanza(client[0], 1) - Asked for message: 61
client[0] - time to live = 0 for message: ask message for missing message 61
client[3] - Room: stanza(client[0], 1) - Message discarded for I'm not a recipient: 
client[3] - time to live = 0 for message: ask message for missing message 1
NOT IMPLEMENTED YET
client[0] - Room: stanza(client[0], 1) - Asked for message: 1
client[0] - time to live = 0 for message: ask message for missing message 1
NOT IMPLEMENTED YET
client[0] - Room: stanza(client[0], 1) - Asked for message: 1
client[0] - time to live = 0 for message: ask message for missing message 1
client[2] - Room: stanza(client[0], 1) - Message discarded for I'm not a recipient: 
client[2] - time to live = 0 for message: ask message for missing message 1
NOT IMPLEMENTED YET
client[0] - Room: stanza(client[0], 1) - Asked for message: 1
client[0] - time to live = 0 for message: ask message for missing message 1
client[2] - Room: stanza(client[0], 1) - Message discarded for I'm not a recipient: 
client[2] - time to live = 0 for message: ask message for missing message 1
NOT IMPLEMENTED YET
client[0] - Room: stanza(client[0], 1) - Asked for message: 1
client[0] - time to live = 0 for message: ask message for missing message 1
client[2] - Room: stanza(client[0], 1) - Message discarded for I'm not a recipient: 
client[2] - time to live = 0 for message: ask message for missing message 1
NOT IMPLEMENTED YET
client[0] - Room: stanza(client[0], 1) - Asked for message: 1
client[0] - time to live = 0 for message: ask message for missing message 1
client[2] - Room: stanza(client[0], 1) - Message discarded for I'm not a recipient: 
client[2] - time to live = 0 for message: ask message for missing message 1
NOT IMPLEMENTED YET
client[0] - Room: stanza(client[0], 1) - Asked for message: 74
client[0] - time to live = 0 for message: ask message for missing message 74
client[2] - Room: stanza(client[0], 1) - Message discarded for I'm not a recipient: 
client[2] - time to live = 0 for message: ask message for missing message 74
client[2] - Sending message to room stanza(client[2], 1) - msg(259,client[2])
client[1] - stanza(client[2], 1) - Displayed message: msg(259,client[2]) from user client[2]
client[1] - Room: stanza(client[2], 1) - Message received: msg(259,client[2])
client[1] - time to live = 0 for message: message from client[2] to stanza(client[2], 1)
client[3] - Room: stanza(client[2], 1) - Message discarded for I'm not a recipient: 
client[3] - time to live = 0 for message: message from client[2] to stanza(client[2], 1)
client[2] - Sending message to room stanza(client[3], 9) - msg(260,client[2])
client[1] - Room: stanza(client[3], 9) - Message discarded for I'm not a recipient: 
client[1] - time to live = 0 for message: message from client[2] to stanza(client[3], 9)
client[3] - stanza(client[3], 9) - Displayed message: msg(260,client[2]) from user client[2]
client[3] - Room: stanza(client[3], 9) - Message received: msg(260,client[2])
client[3] - time to live = 0 for message: message from client[2] to stanza(client[3], 9)
client[4] - Sending message to room stanza(client[4], 3) - msg(306,client[4])
client[3] - Room: stanza(client[4], 3) - Message received: msg(306,client[4])
client[3] - time to live = 0 for message: message from client[4] to stanza(client[4], 3)
client[0] - Room: stanza(client[4], 3) - Message received: msg(306,client[4])
client[0] - time to live = 0 for message: message from client[4] to stanza(client[4], 3)
client[0] - Sending message to room stanza(client[4], 5) - msg(290,client[0])
client[4] - stanza(client[4], 5) - Displayed message: msg(290,client[0]) from user client[0]
client[4] - Room: stanza(client[4], 5) - Message received: msg(290,client[0])
client[4] - time to live = 0 for message: message from client[0] to stanza(client[4], 5)
client[1] - Room: stanza(client[4], 5) - Message discarded for I'm not a recipient: 
client[1] - time to live = 0 for message: message from client[0] to stanza(client[4], 5)
client[0] - Sending message to room stanza(client[4], 0) - msg(291,client[0])
client[4] - stanza(client[4], 0) - Displayed message: msg(291,client[0]) from user client[0]
client[4] - Room: stanza(client[4], 0) - Message received: msg(291,client[0])
client[4] - time to live = 0 for message: message from client[0] to stanza(client[4], 0)
client[1] - Room: stanza(client[4], 0) - Message discarded for I'm not a recipient: 
client[1] - time to live = 0 for message: message from client[0] to stanza(client[4], 0)
client[4] - Sending message to room stanza(client[4], 5) - msg(307,client[4])
client[3] - Room: stanza(client[4], 5) - Message discarded for I'm not a recipient: 
client[3] - time to live = 0 for message: message from client[4] to stanza(client[4], 5)
client[0] - stanza(client[4], 5) - Displayed message: msg(307,client[4]) from user client[4]
client[0] - Room: stanza(client[4], 5) - Message received: msg(307,client[4])
client[0] - time to live = 0 for message: message from client[4] to stanza(client[4], 5)
client[2] - Sending message to room stanza(client[2], 1) - msg(261,client[2])
client[1] - stanza(client[2], 1) - Displayed message: msg(261,client[2]) from user client[2]
client[1] - Room: stanza(client[2], 1) - Message received: msg(261,client[2])
client[1] - time to live = 0 for message: message from client[2] to stanza(client[2], 1)
client[3] - Room: stanza(client[2], 1) - Message discarded for I'm not a recipient: 
client[3] - time to live = 0 for message: message from client[2] to stanza(client[2], 1)
client[3] - Sending message to room stanza(client[3], 6) - msg(281,client[3])
client[2] - Room: stanza(client[3], 6) - Message discarded for I'm not a recipient: 
client[2] - time to live = 0 for message: message from client[3] to stanza(client[3], 6)
client[4] - stanza(client[3], 6) - Displayed message: msg(281,client[3]) from user client[3]
client[4] - Room: stanza(client[3], 6) - Message received: msg(281,client[3])
client[4] - time to live = 0 for message: message from client[3] to stanza(client[3], 6)
client[0] - Sending message to room stanza(client[4], 3) - msg(292,client[0])
client[4] - stanza(client[4], 3) - Displayed message: msg(292,client[0]) from user client[0]
client[4] - Room: stanza(client[4], 3) - Message received: msg(292,client[0])
client[4] - time to live = 0 for message: message from client[0] to stanza(client[4], 3)
client[1] - Room: stanza(client[4], 3) - Message discarded for I'm not a recipient: 
client[1] - time to live = 0 for message: message from client[0] to stanza(client[4], 3)
client[3] - Sending message to room stanza(client[4], 1) - msg(282,client[3])
client[2] - Room: stanza(client[4], 1) - Message discarded for I'm not a recipient: 
client[2] - time to live = 0 for message: message from client[3] to stanza(client[4], 1)
client[4] - stanza(client[4], 1) - Displayed message: msg(282,client[3]) from user client[3]
client[4] - Room: stanza(client[4], 1) - Message received: msg(282,client[3])
client[4] - time to live = 0 for message: message from client[3] to stanza(client[4], 1)
client[4] - Sending message to room stanza(client[0], 2) - msg(308,client[4])
client[3] - Room: stanza(client[0], 2) - Message discarded for I'm not a recipient: 
client[3] - time to live = 0 for message: message from client[4] to stanza(client[0], 2)
client[0] - stanza(client[0], 2) - Displayed message: msg(308,client[4]) from user client[4]
client[0] - Room: stanza(client[0], 2) - Message received: msg(308,client[4])
client[0] - time to live = 0 for message: message from client[4] to stanza(client[0], 2)
client[2] - Sending message to room stanza(client[3], 1) - msg(262,client[2])
client[1] - Room: stanza(client[3], 1) - Message discarded for I'm not a recipient: 
client[1] - time to live = 0 for message: message from client[2] to stanza(client[3], 1)
client[3] - stanza(client[3], 1) - Displayed message: msg(262,client[2]) from user client[2]
client[3] - Room: stanza(client[3], 1) - Message received: msg(262,client[2])
client[3] - time to live = 0 for message: message from client[2] to stanza(client[3], 1)
client[3] - Sending message to room stanza(client[3], 6) - msg(283,client[3])
client[2] - Room: stanza(client[3], 6) - Message discarded for I'm not a recipient: 
client[2] - time to live = 0 for message: message from client[3] to stanza(client[3], 6)
client[4] - stanza(client[3], 6) - Displayed message: msg(283,client[3]) from user client[3]
client[4] - Room: stanza(client[3], 6) - Message received: msg(283,client[3])
client[4] - time to live = 0 for message: message from client[3] to stanza(client[3], 6)
client[1] - Sending message to room stanza(client[1], 0) - msg(325,client[1])
client[0] - stanza(client[1], 0) - Displayed message: msg(325,client[1]) from user client[1]
client[0] - Room: stanza(client[1], 0) - Message received: msg(325,client[1])
client[0] - time to live = 0 for message: message from client[1] to stanza(client[1], 0)
client[2] - Room: stanza(client[1], 0) - Message discarded for I'm not a recipient: 
client[2] - time to live = 0 for message: message from client[1] to stanza(client[1], 0)
client[4] - Sending message to room stanza(client[4], 5) - msg(309,client[4])
client[3] - Room: stanza(client[4], 5) - Message discarded for I'm not a recipient: 
client[3] - time to live = 0 for message: message from client[4] to stanza(client[4], 5)
client[0] - stanza(client[4], 5) - Displayed message: msg(309,client[4]) from user client[4]
client[0] - Room: stanza(client[4], 5) - Message received: msg(309,client[4])
client[0] - time to live = 0 for message: message from client[4] to stanza(client[4], 5)
client[1] - Sending message to room stanza(client[1], 1) - msg(326,client[1])
client[0] - Asked for message: 2 - Room: stanza(client[1], 1)
client[0] - Asked for message: 21 - Room: stanza(client[1], 1)
client[0] - Asked for message: 1 - Room: stanza(client[1], 1)
client[0] - Asked for message: 1 - Room: stanza(client[1], 1)
client[0] - time to live = 0 for message: message from client[1] to stanza(client[1], 1)
client[2] - Asked for message: 2 - Room: stanza(client[1], 1)
client[2] - Asked for message: 1 - Room: stanza(client[1], 1)
client[2] - Asked for message: 33 - Room: stanza(client[1], 1)
client[2] - Asked for message: 1 - Room: stanza(client[1], 1)
client[2] - time to live = 0 for message: message from client[1] to stanza(client[1], 1)
client[4] - Room: stanza(client[1], 1) - Message discarded for I'm not a recipient: 
client[4] - time to live = 0 for message: ask message for missing message 2
NOT IMPLEMENTED YET
client[1] - Room: stanza(client[1], 1) - Asked for message: 2
client[1] - time to live = 0 for message: ask message for missing message 2
client[4] - Room: stanza(client[1], 1) - Message discarded for I'm not a recipient: 
client[4] - time to live = 0 for message: ask message for missing message 21
NOT IMPLEMENTED YET
client[1] - Room: stanza(client[1], 1) - Asked for message: 21
client[1] - time to live = 0 for message: ask message for missing message 21
client[4] - Room: stanza(client[1], 1) - Message discarded for I'm not a recipient: 
client[4] - time to live = 0 for message: ask message for missing message 1
NOT IMPLEMENTED YET
client[1] - Room: stanza(client[1], 1) - Asked for message: 1
client[1] - time to live = 0 for message: ask message for missing message 1
client[4] - Room: stanza(client[1], 1) - Message discarded for I'm not a recipient: 
client[4] - time to live = 0 for message: ask message for missing message 1
NOT IMPLEMENTED YET
client[1] - Room: stanza(client[1], 1) - Asked for message: 1
client[1] - time to live = 0 for message: ask message for missing message 1
NOT IMPLEMENTED YET
client[1] - Room: stanza(client[1], 1) - Asked for message: 2
client[1] - time to live = 0 for message: ask message for missing message 2
client[3] - Room: stanza(client[1], 1) - Message discarded for I'm not a recipient: 
client[3] - time to live = 0 for message: ask message for missing message 2
NOT IMPLEMENTED YET
client[1] - Room: stanza(client[1], 1) - Asked for message: 1
client[1] - time to live = 0 for message: ask message for missing message 1
client[3] - Room: stanza(client[1], 1) - Message discarded for I'm not a recipient: 
client[3] - time to live = 0 for message: ask message for missing message 1
NOT IMPLEMENTED YET
client[1] - Room: stanza(client[1], 1) - Asked for message: 33
client[1] - time to live = 0 for message: ask message for missing message 33
client[3] - Room: stanza(client[1], 1) - Message discarded for I'm not a recipient: 
client[3] - time to live = 0 for message: ask message for missing message 33
NOT IMPLEMENTED YET
client[1] - Room: stanza(client[1], 1) - Asked for message: 1
client[1] - time to live = 0 for message: ask message for missing message 1
client[3] - Room: stanza(client[1], 1) - Message discarded for I'm not a recipient: 
client[3] - time to live = 0 for message: ask message for missing message 1
client[1] - Sending message to room stanza(client[2], 4) - msg(327,client[1])
client[0] - Room: stanza(client[2], 4) - Message discarded for I'm not a recipient: 
client[0] - time to live = 0 for message: message from client[1] to stanza(client[2], 4)
client[2] - stanza(client[2], 4) - Displayed message: msg(327,client[1]) from user client[1]
client[2] - Room: stanza(client[2], 4) - Message received: msg(327,client[1])
client[2] - time to live = 0 for message: message from client[1] to stanza(client[2], 4)
client[3] - Sending message to room stanza(client[3], 5) - msg(284,client[3])
client[2] - Room: stanza(client[3], 5) - Message discarded for I'm not a recipient: 
client[2] - time to live = 0 for message: message from client[3] to stanza(client[3], 5)
client[4] - stanza(client[3], 5) - Displayed message: msg(284,client[3]) from user client[3]
client[4] - Room: stanza(client[3], 5) - Message received: msg(284,client[3])
client[4] - time to live = 0 for message: message from client[3] to stanza(client[3], 5)
client[4] - Sending message to room stanza(client[4], 4) - msg(310,client[4])
client[3] - stanza(client[4], 4) - Displayed message: msg(310,client[4]) from user client[4]
client[3] - Room: stanza(client[4], 4) - Message received: msg(310,client[4])
client[3] - time to live = 0 for message: message from client[4] to stanza(client[4], 4)
client[0] - Room: stanza(client[4], 4) - Message discarded for I'm not a recipient: 
client[0] - time to live = 0 for message: message from client[4] to stanza(client[4], 4)
client[0] - Sending message to room stanza(client[4], 3) - msg(293,client[0])
client[4] - stanza(client[4], 3) - Displayed message: msg(293,client[0]) from user client[0]
client[4] - Room: stanza(client[4], 3) - Message received: msg(293,client[0])
client[4] - time to live = 0 for message: message from client[0] to stanza(client[4], 3)
client[1] - Room: stanza(client[4], 3) - Message discarded for I'm not a recipient: 
client[1] - time to live = 0 for message: message from client[0] to stanza(client[4], 3)
client[3] - Sending message to room stanza(client[4], 1) - msg(285,client[3])
client[2] - Room: stanza(client[4], 1) - Message discarded for I'm not a recipient: 
client[2] - time to live = 0 for message: message from client[3] to stanza(client[4], 1)
client[4] - stanza(client[4], 1) - Displayed message: msg(285,client[3]) from user client[3]
client[4] - Room: stanza(client[4], 1) - Message received: msg(285,client[3])
client[4] - time to live = 0 for message: message from client[3] to stanza(client[4], 1)
client[4] - Sending message to room stanza(client[4], 0) - msg(311,client[4])
client[3] - Room: stanza(client[4], 0) - Message discarded for I'm not a recipient: 
client[3] - time to live = 0 for message: message from client[4] to stanza(client[4], 0)
client[0] - stanza(client[4], 0) - Displayed message: msg(311,client[4]) from user client[4]
client[0] - Room: stanza(client[4], 0) - Message received: msg(311,client[4])
client[0] - time to live = 0 for message: message from client[4] to stanza(client[4], 0)
client[0] - Sending message to room stanza(client[0], 4) - msg(294,client[0])
client[4] - stanza(client[0], 4) - Displayed message: msg(294,client[0]) from user client[0]
client[4] - Room: stanza(client[0], 4) - Message received: msg(294,client[0])
client[4] - time to live = 0 for message: message from client[0] to stanza(client[0], 4)
client[1] - Room: stanza(client[0], 4) - Message discarded for I'm not a recipient: 
client[1] - time to live = 0 for message: message from client[0] to stanza(client[0], 4)
client[2] - Sending message to room stanza(client[3], 1) - msg(263,client[2])
client[1] - Room: stanza(client[3], 1) - Message discarded for I'm not a recipient: 
client[1] - time to live = 0 for message: message from client[2] to stanza(client[3], 1)
client[3] - stanza(client[3], 1) - Displayed message: msg(263,client[2]) from user client[2]
client[3] - Room: stanza(client[3], 1) - Message received: msg(263,client[2])
client[3] - time to live = 0 for message: message from client[2] to stanza(client[3], 1)
client[4] - Sending message to room stanza(client[4], 3) - msg(312,client[4])
client[3] - Room: stanza(client[4], 3) - Message received: msg(312,client[4])
client[3] - time to live = 0 for message: message from client[4] to stanza(client[4], 3)
client[0] - Room: stanza(client[4], 3) - Message received: msg(312,client[4])
client[0] - time to live = 0 for message: message from client[4] to stanza(client[4], 3)
client[1] - Sending message to room stanza(client[0], 1) - msg(328,client[1])
client[0] - stanza(client[0], 1) - Displayed message: msg(328,client[1]) from user client[1]
client[0] - Room: stanza(client[0], 1) - Message received: msg(328,client[1])
client[0] - time to live = 0 for message: message from client[1] to stanza(client[0], 1)
client[2] - Room: stanza(client[0], 1) - Message discarded for I'm not a recipient: 
client[2] - time to live = 0 for message: message from client[1] to stanza(client[0], 1)
client[1] - Sending message to room stanza(client[2], 4) - msg(329,client[1])
client[0] - Room: stanza(client[2], 4) - Message discarded for I'm not a recipient: 
client[0] - time to live = 0 for message: message from client[1] to stanza(client[2], 4)
client[2] - stanza(client[2], 4) - Displayed message: msg(329,client[1]) from user client[1]
client[2] - Room: stanza(client[2], 4) - Message received: msg(329,client[1])
client[2] - time to live = 0 for message: message from client[1] to stanza(client[2], 4)
client[4] - Sending message to room stanza(client[3], 4) - msg(313,client[4])
client[3] - stanza(client[3], 4) - Displayed message: msg(313,client[4]) from user client[4]
client[3] - Room: stanza(client[3], 4) - Message received: msg(313,client[4])
client[3] - time to live = 0 for message: message from client[4] to stanza(client[3], 4)
client[0] - Room: stanza(client[3], 4) - Message discarded for I'm not a recipient: 
client[0] - time to live = 0 for message: message from client[4] to stanza(client[3], 4)
client[1] - Sending message to room stanza(client[2], 4) - msg(330,client[1])
client[0] - Room: stanza(client[2], 4) - Message discarded for I'm not a recipient: 
client[0] - time to live = 0 for message: message from client[1] to stanza(client[2], 4)
client[2] - stanza(client[2], 4) - Displayed message: msg(330,client[1]) from user client[1]
client[2] - Room: stanza(client[2], 4) - Message received: msg(330,client[1])
client[2] - time to live = 0 for message: message from client[1] to stanza(client[2], 4)
client[0] - Sending message to room stanza(client[1], 2) - msg(295,client[0])
client[4] - Room: stanza(client[1], 2) - Message discarded for I'm not a recipient: 
client[4] - time to live = 0 for message: message from client[0] to stanza(client[1], 2)
client[1] - stanza(client[1], 2) - Displayed message: msg(295,client[0]) from user client[0]
client[1] - Room: stanza(client[1], 2) - Message received: msg(295,client[0])
client[1] - time to live = 0 for message: message from client[0] to stanza(client[1], 2)
client[3] - Sent room creation: stanza(client[3], 12) with: client[3],client[4],client[0],client[2]
client[2] - Room created: stanza(client[3], 12)
client[2] - time to live = 0 for message: creation of room stanza(client[3], 12)
client[4] - Room created: stanza(client[3], 12)
client[4] - time to live = 0 for message: creation of room stanza(client[3], 12)
client[4] - Sending message to room stanza(client[0], 2) - msg(314,client[4])
client[3] - Room: stanza(client[0], 2) - Message discarded for I'm not a recipient: 
client[3] - time to live = 0 for message: message from client[4] to stanza(client[0], 2)
client[0] - stanza(client[0], 2) - Displayed message: msg(314,client[4]) from user client[4]
client[0] - Room: stanza(client[0], 2) - Message received: msg(314,client[4])
client[0] - time to live = 0 for message: message from client[4] to stanza(client[0], 2)
client[3] - Sending message to room stanza(client[2], 2) - msg(286,client[3])
client[2] - stanza(client[2], 2) - Displayed message: msg(286,client[3]) from user client[3]
client[2] - Room: stanza(client[2], 2) - Message received: msg(286,client[3])
client[2] - time to live = 0 for message: message from client[3] to stanza(client[2], 2)
client[4] - Room: stanza(client[2], 2) - Message discarded for I'm not a recipient: 
client[4] - time to live = 0 for message: message from client[3] to stanza(client[2], 2)
client[1] - Sending message to room stanza(client[1], 2) - msg(331,client[1])
client[0] - Asked for message: 2 - Room: stanza(client[1], 2)
client[0] - Asked for message: 1 - Room: stanza(client[1], 2)
client[0] - Asked for message: 1 - Room: stanza(client[1], 2)
client[0] - Asked for message: 15 - Room: stanza(client[1], 2)
client[0] - Asked for message: 1 - Room: stanza(client[1], 2)
client[0] - time to live = 0 for message: message from client[1] to stanza(client[1], 2)
client[2] - Asked for message: 2 - Room: stanza(client[1], 2)
client[2] - Asked for message: 1 - Room: stanza(client[1], 2)
client[2] - Asked for message: 1 - Room: stanza(client[1], 2)
client[2] - Asked for message: 1 - Room: stanza(client[1], 2)
client[2] - Asked for message: 13 - Room: stanza(client[1], 2)
client[2] - time to live = 0 for message: message from client[1] to stanza(client[1], 2)
client[4] - Room: stanza(client[1], 2) - Message discarded for I'm not a recipient: 
client[4] - time to live = 0 for message: ask message for missing message 2
NOT IMPLEMENTED YET
client[1] - Room: stanza(client[1], 2) - Asked for message: 2
client[1] - time to live = 0 for message: ask message for missing message 2
client[4] - Room: stanza(client[1], 2) - Message discarded for I'm not a recipient: 
client[4] - time to live = 0 for message: ask message for missing message 1
NOT IMPLEMENTED YET
client[1] - Room: stanza(client[1], 2) - Asked for message: 1
client[1] - time to live = 0 for message: ask message for missing message 1
client[4] - Room: stanza(client[1], 2) - Message discarded for I'm not a recipient: 
client[4] - time to live = 0 for message: ask message for missing message 1
NOT IMPLEMENTED YET
client[1] - Room: stanza(client[1], 2) - Asked for message: 1
client[1] - time to live = 0 for message: ask message for missing message 1
client[4] - Room: stanza(client[1], 2) - Message discarded for I'm not a recipient: 
client[4] - time to live = 0 for message: ask message for missing message 15
NOT IMPLEMENTED YET
client[1] - Room: stanza(client[1], 2) - Asked for message: 15
client[1] - time to live = 0 for message: ask message for missing message 15
client[4] - Room: stanza(client[1], 2) - Message discarded for I'm not a recipient: 
client[4] - time to live = 0 for message: ask message for missing message 1
NOT IMPLEMENTED YET
client[1] - Room: stanza(client[1], 2) - Asked for message: 1
client[1] - time to live = 0 for message: ask message for missing message 1
NOT IMPLEMENTED YET
client[1] - Room: stanza(client[1], 2) - Asked for message: 2
client[1] - time to live = 0 for message: ask message for missing message 2
client[3] - Room: stanza(client[1], 2) - Message discarded for I'm not a recipient: 
client[3] - time to live = 0 for message: ask message for missing message 2
NOT IMPLEMENTED YET
client[1] - Room: stanza(client[1], 2) - Asked for message: 1
client[1] - time to live = 0 for message: ask message for missing message 1
client[3] - Room: stanza(client[1], 2) - Message discarded for I'm not a recipient: 
client[3] - time to live = 0 for message: ask message for missing message 1
NOT IMPLEMENTED YET
client[1] - Room: stanza(client[1], 2) - Asked for message: 1
client[1] - time to live = 0 for message: ask message for missing message 1
client[3] - Room: stanza(client[1], 2) - Message discarded for I'm not a recipient: 
client[3] - time to live = 0 for message: ask message for missing message 1
NOT IMPLEMENTED YET
client[1] - Room: stanza(client[1], 2) - Asked for message: 1
client[1] - time to live = 0 for message: ask message for missing message 1
client[3] - Room: stanza(client[1], 2) - Message discarded for I'm not a recipient: 
client[3] - time to live = 0 for message: ask message for missing message 1
NOT IMPLEMENTED YET
client[1] - Room: stanza(client[1], 2) - Asked for message: 13
client[1] - time to live = 0 for message: ask message for missing message 13
client[3] - Room: stanza(client[1], 2) - Message discarded for I'm not a recipient: 
client[3] - time to live = 0 for message: ask message for missing message 13
client[4] - Sending message to room stanza(client[4], 5) - msg(315,client[4])
client[3] - Room: stanza(client[4], 5) - Message discarded for I'm not a recipient: 
client[3] - time to live = 0 for message: message from client[4] to stanza(client[4], 5)
client[0] - stanza(client[4], 5) - Displayed message: msg(315,client[4]) from user client[4]
client[0] - Room: stanza(client[4], 5) - Message received: msg(315,client[4])
client[0] - time to live = 0 for message: message from client[4] to stanza(client[4], 5)
client[3] - Sending message to room stanza(client[3], 8) - msg(287,client[3])
client[2] - Room: stanza(client[3], 8) - Message discarded for I'm not a recipient: 
client[2] - time to live = 0 for message: message from client[3] to stanza(client[3], 8)
client[4] - Room: stanza(client[3], 8) - Message discarded for I'm not a recipient: 
client[4] - time to live = 0 for message: message from client[3] to stanza(client[3], 8)
client[1] - Sending message to room stanza(client[2], 4) - msg(332,client[1])
client[0] - Room: stanza(client[2], 4) - Message discarded for I'm not a recipient: 
client[0] - time to live = 0 for message: message from client[1] to stanza(client[2], 4)
client[2] - stanza(client[2], 4) - Displayed message: msg(332,client[1]) from user client[1]
client[2] - Room: stanza(client[2], 4) - Message received: msg(332,client[1])
client[2] - time to live = 0 for message: message from client[1] to stanza(client[2], 4)
client[4] - Sending message to room stanza(client[3], 6) - msg(316,client[4])
client[3] - stanza(client[3], 6) - Displayed message: msg(316,client[4]) from user client[4]
client[3] - Room: stanza(client[3], 6) - Message received: msg(316,client[4])
client[3] - time to live = 0 for message: message from client[4] to stanza(client[3], 6)
client[0] - Room: stanza(client[3], 6) - Message discarded for I'm not a recipient: 
client[0] - time to live = 0 for message: message from client[4] to stanza(client[3], 6)
client[0] - Sending message to room stanza(client[4], 1) - msg(296,client[0])
client[4] - stanza(client[4], 1) - Displayed message: msg(296,client[0]) from user client[0]
client[4] - Room: stanza(client[4], 1) - Message received: msg(296,client[0])
client[4] - time to live = 0 for message: message from client[0] to stanza(client[4], 1)
client[1] - Room: stanza(client[4], 1) - Message discarded for I'm not a recipient: 
client[1] - time to live = 0 for message: message from client[0] to stanza(client[4], 1)
client[2] - Sending message to room stanza(client[1], 1) - msg(264,client[2])
client[1] - stanza(client[1], 1) - Displayed message: msg(264,client[2]) from user client[2]
client[1] - Room: stanza(client[1], 1) - Message received: msg(264,client[2])
client[1] - time to live = 0 for message: message from client[2] to stanza(client[1], 1)
client[3] - Room: stanza(client[1], 1) - Message discarded for I'm not a recipient: 
client[3] - time to live = 0 for message: message from client[2] to stanza(client[1], 1)
client[4] - Sending message to room stanza(client[3], 10) - msg(317,client[4])
client[3] - stanza(client[3], 10) - Displayed message: msg(317,client[4]) from user client[4]
client[3] - Room: stanza(client[3], 10) - Message received: msg(317,client[4])
client[3] - time to live = 0 for message: message from client[4] to stanza(client[3], 10)
client[0] - Room: stanza(client[3], 10) - Message discarded for I'm not a recipient: 
client[0] - time to live = 0 for message: message from client[4] to stanza(client[3], 10)
client[3] - Sending message to room stanza(client[3], 9) - msg(288,client[3])
client[2] - Room: stanza(client[3], 9) - Message received: msg(288,client[3])
client[2] - time to live = 0 for message: message from client[3] to stanza(client[3], 9)
client[4] - Room: stanza(client[3], 9) - Message received: msg(288,client[3])
client[4] - time to live = 0 for message: message from client[3] to stanza(client[3], 9)
client[2] - Sending message to room stanza(client[2], 5) - msg(265,client[2])
client[1] - stanza(client[2], 5) - Displayed message: msg(265,client[2]) from user client[2]
client[1] - Room: stanza(client[2], 5) - Message received: msg(265,client[2])
client[1] - time to live = 0 for message: message from client[2] to stanza(client[2], 5)
client[3] - Room: stanza(client[2], 5) - Message discarded for I'm not a recipient: 
client[3] - time to live = 0 for message: message from client[2] to stanza(client[2], 5)
client[4] - Sending message to room stanza(client[3], 6) - msg(318,client[4])
client[3] - stanza(client[3], 6) - Displayed message: msg(318,client[4]) from user client[4]
client[3] - Room: stanza(client[3], 6) - Message received: msg(318,client[4])
client[3] - time to live = 0 for message: message from client[4] to stanza(client[3], 6)
client[0] - Room: stanza(client[3], 6) - Message discarded for I'm not a recipient: 
client[0] - time to live = 0 for message: message from client[4] to stanza(client[3], 6)
client[1] - Sending message to room stanza(client[2], 5) - msg(333,client[1])
client[0] - Room: stanza(client[2], 5) - Message discarded for I'm not a recipient: 
client[0] - time to live = 0 for message: message from client[1] to stanza(client[2], 5)
client[2] - stanza(client[2], 5) - Displayed message: msg(333,client[1]) from user client[1]
client[2] - Room: stanza(client[2], 5) - Message received: msg(333,client[1])
client[2] - time to live = 0 for message: message from client[1] to stanza(client[2], 5)
client[3] - Sending message to room stanza(client[4], 1) - msg(289,client[3])
client[2] - Room: stanza(client[4], 1) - Message discarded for I'm not a recipient: 
client[2] - time to live = 0 for message: message from client[3] to stanza(client[4], 1)
client[4] - stanza(client[4], 1) - Displayed message: msg(289,client[3]) from user client[3]
client[4] - Room: stanza(client[4], 1) - Message received: msg(289,client[3])
client[4] - time to live = 0 for message: message from client[3] to stanza(client[4], 1)
client[0] - Sending message to room stanza(client[1], 3) - msg(297,client[0])
client[4] - Room: stanza(client[1], 3) - Message discarded for I'm not a recipient: 
client[4] - time to live = 0 for message: message from client[0] to stanza(client[1], 3)
client[1] - stanza(client[1], 3) - Displayed message: msg(297,client[0]) from user client[0]
client[1] - Room: stanza(client[1], 3) - Message received: msg(297,client[0])
client[1] - time to live = 0 for message: message from client[0] to stanza(client[1], 3)
client[3] - Sending message to room stanza(client[2], 2) - msg(290,client[3])
client[2] - stanza(client[2], 2) - Displayed message: msg(290,client[3]) from user client[3]
client[2] - Room: stanza(client[2], 2) - Message received: msg(290,client[3])
client[2] - time to live = 0 for message: message from client[3] to stanza(client[2], 2)
client[4] - Room: stanza(client[2], 2) - Message discarded for I'm not a recipient: 
client[4] - time to live = 0 for message: message from client[3] to stanza(client[2], 2)
client[0] - Sending message to room stanza(client[4], 0) - msg(298,client[0])
client[4] - stanza(client[4], 0) - Displayed message: msg(298,client[0]) from user client[0]
client[4] - Room: stanza(client[4], 0) - Message received: msg(298,client[0])
client[4] - time to live = 0 for message: message from client[0] to stanza(client[4], 0)
client[1] - Room: stanza(client[4], 0) - Message discarded for I'm not a recipient: 
client[1] - time to live = 0 for message: message from client[0] to stanza(client[4], 0)
client[2] - Sending message to room stanza(client[2], 5) - msg(266,client[2])
client[1] - stanza(client[2], 5) - Displayed message: msg(266,client[2]) from user client[2]
client[1] - Room: stanza(client[2], 5) - Message received: msg(266,client[2])
client[1] - time to live = 0 for message: message from client[2] to stanza(client[2], 5)
client[3] - Room: stanza(client[2], 5) - Message discarded for I'm not a recipient: 
client[3] - time to live = 0 for message: message from client[2] to stanza(client[2], 5)
client[1] - Sending message to room stanza(client[1], 1) - msg(334,client[1])
client[0] - Asked for message: 2 - Room: stanza(client[1], 1)
client[0] - Asked for message: 21 - Room: stanza(client[1], 1)
client[0] - Asked for message: 1 - Room: stanza(client[1], 1)
client[0] - Asked for message: 1 - Room: stanza(client[1], 1)
client[0] - time to live = 0 for message: message from client[1] to stanza(client[1], 1)
client[2] - Asked for message: 2 - Room: stanza(client[1], 1)
client[2] - Asked for message: 1 - Room: stanza(client[1], 1)
client[2] - Asked for message: 34 - Room: stanza(client[1], 1)
client[2] - Asked for message: 1 - Room: stanza(client[1], 1)
client[2] - time to live = 0 for message: message from client[1] to stanza(client[1], 1)
client[4] - Room: stanza(client[1], 1) - Message discarded for I'm not a recipient: 
client[4] - time to live = 0 for message: ask message for missing message 2
NOT IMPLEMENTED YET
client[1] - Room: stanza(client[1], 1) - Asked for message: 2
client[1] - time to live = 0 for message: ask message for missing message 2
client[4] - Room: stanza(client[1], 1) - Message discarded for I'm not a recipient: 
client[4] - time to live = 0 for message: ask message for missing message 21
NOT IMPLEMENTED YET
client[1] - Room: stanza(client[1], 1) - Asked for message: 21
client[1] - time to live = 0 for message: ask message for missing message 21
client[4] - Room: stanza(client[1], 1) - Message discarded for I'm not a recipient: 
client[4] - time to live = 0 for message: ask message for missing message 1
NOT IMPLEMENTED YET
client[1] - Room: stanza(client[1], 1) - Asked for message: 1
client[1] - time to live = 0 for message: ask message for missing message 1
client[4] - Room: stanza(client[1], 1) - Message discarded for I'm not a recipient: 
client[4] - time to live = 0 for message: ask message for missing message 1
NOT IMPLEMENTED YET
client[1] - Room: stanza(client[1], 1) - Asked for message: 1
client[1] - time to live = 0 for message: ask message for missing message 1
NOT IMPLEMENTED YET
client[1] - Room: stanza(client[1], 1) - Asked for message: 2
client[1] - time to live = 0 for message: ask message for missing message 2
client[3] - Room: stanza(client[1], 1) - Message discarded for I'm not a recipient: 
client[3] - time to live = 0 for message: ask message for missing message 2
NOT IMPLEMENTED YET
client[1] - Room: stanza(client[1], 1) - Asked for message: 1
client[1] - time to live = 0 for message: ask message for missing message 1
client[3] - Room: stanza(client[1], 1) - Message discarded for I'm not a recipient: 
client[3] - time to live = 0 for message: ask message for missing message 1
NOT IMPLEMENTED YET
client[1] - Room: stanza(client[1], 1) - Asked for message: 34
client[1] - time to live = 0 for message: ask message for missing message 34
client[3] - Room: stanza(client[1], 1) - Message discarded for I'm not a recipient: 
client[3] - time to live = 0 for message: ask message for missing message 34
NOT IMPLEMENTED YET
client[1] - Room: stanza(client[1], 1) - Asked for message: 1
client[1] - time to live = 0 for message: ask message for missing message 1
client[3] - Room: stanza(client[1], 1) - Message discarded for I'm not a recipient: 
client[3] - time to live = 0 for message: ask message for missing message 1
client[0] - Sending message to room stanza(client[0], 4) - msg(299,client[0])
client[4] - stanza(client[0], 4) - Displayed message: msg(299,client[0]) from user client[0]
client[4] - Room: stanza(client[0], 4) - Message received: msg(299,client[0])
client[4] - time to live = 0 for message: message from client[0] to stanza(client[0], 4)
client[1] - Room: stanza(client[0], 4) - Message discarded for I'm not a recipient: 
client[1] - time to live = 0 for message: message from client[0] to stanza(client[0], 4)
client[4] - Sending message to room stanza(client[3], 6) - msg(319,client[4])
client[3] - stanza(client[3], 6) - Displayed message: msg(319,client[4]) from user client[4]
client[3] - Room: stanza(client[3], 6) - Message received: msg(319,client[4])
client[3] - time to live = 0 for message: message from client[4] to stanza(client[3], 6)
client[0] - Room: stanza(client[3], 6) - Message discarded for I'm not a recipient: 
client[0] - time to live = 0 for message: message from client[4] to stanza(client[3], 6)
client[3] - Sending message to room stanza(client[4], 3) - msg(291,client[3])
client[2] - Room: stanza(client[4], 3) - Message discarded for I'm not a recipient: 
client[2] - time to live = 0 for message: message from client[3] to stanza(client[4], 3)
client[4] - stanza(client[4], 3) - Displayed message: msg(291,client[3]) from user client[3]
client[4] - Room: stanza(client[4], 3) - Message received: msg(291,client[3])
client[4] - time to live = 0 for message: message from client[3] to stanza(client[4], 3)
client[1] - Sending message to room stanza(client[1], 1) - msg(335,client[1])
client[0] - Asked for message: 2 - Room: stanza(client[1], 1)
client[0] - Asked for message: 21 - Room: stanza(client[1], 1)
client[0] - Asked for message: 1 - Room: stanza(client[1], 1)
client[0] - Asked for message: 1 - Room: stanza(client[1], 1)
client[0] - time to live = 0 for message: message from client[1] to stanza(client[1], 1)
client[2] - Asked for message: 2 - Room: stanza(client[1], 1)
client[2] - Asked for message: 1 - Room: stanza(client[1], 1)
client[2] - Asked for message: 34 - Room: stanza(client[1], 1)
client[2] - Asked for message: 1 - Room: stanza(client[1], 1)
client[2] - time to live = 0 for message: message from client[1] to stanza(client[1], 1)
client[4] - Room: stanza(client[1], 1) - Message discarded for I'm not a recipient: 
client[4] - time to live = 0 for message: ask message for missing message 2
NOT IMPLEMENTED YET
client[1] - Room: stanza(client[1], 1) - Asked for message: 2
client[1] - time to live = 0 for message: ask message for missing message 2
client[4] - Room: stanza(client[1], 1) - Message discarded for I'm not a recipient: 
client[4] - time to live = 0 for message: ask message for missing message 21
NOT IMPLEMENTED YET
client[1] - Room: stanza(client[1], 1) - Asked for message: 21
client[1] - time to live = 0 for message: ask message for missing message 21
client[4] - Room: stanza(client[1], 1) - Message discarded for I'm not a recipient: 
client[4] - time to live = 0 for message: ask message for missing message 1
NOT IMPLEMENTED YET
client[1] - Room: stanza(client[1], 1) - Asked for message: 1
client[1] - time to live = 0 for message: ask message for missing message 1
client[4] - Room: stanza(client[1], 1) - Message discarded for I'm not a recipient: 
client[4] - time to live = 0 for message: ask message for missing message 1
NOT IMPLEMENTED YET
client[1] - Room: stanza(client[1], 1) - Asked for message: 1
client[1] - time to live = 0 for message: ask message for missing message 1
NOT IMPLEMENTED YET
client[1] - Room: stanza(client[1], 1) - Asked for message: 2
client[1] - time to live = 0 for message: ask message for missing message 2
client[3] - Room: stanza(client[1], 1) - Message discarded for I'm not a recipient: 
client[3] - time to live = 0 for message: ask message for missing message 2
NOT IMPLEMENTED YET
client[1] - Room: stanza(client[1], 1) - Asked for message: 1
client[1] - time to live = 0 for message: ask message for missing message 1
client[3] - Room: stanza(client[1], 1) - Message discarded for I'm not a recipient: 
client[3] - time to live = 0 for message: ask message for missing message 1
NOT IMPLEMENTED YET
client[1] - Room: stanza(client[1], 1) - Asked for message: 34
client[1] - time to live = 0 for message: ask message for missing message 34
client[3] - Room: stanza(client[1], 1) - Message discarded for I'm not a recipient: 
client[3] - time to live = 0 for message: ask message for missing message 34
NOT IMPLEMENTED YET
client[1] - Room: stanza(client[1], 1) - Asked for message: 1
client[1] - time to live = 0 for message: ask message for missing message 1
client[3] - Room: stanza(client[1], 1) - Message discarded for I'm not a recipient: 
client[3] - time to live = 0 for message: ask message for missing message 1
client[0] - Sending message to room stanza(client[1], 2) - msg(300,client[0])
client[4] - Room: stanza(client[1], 2) - Message discarded for I'm not a recipient: 
client[4] - time to live = 0 for message: message from client[0] to stanza(client[1], 2)
client[1] - stanza(client[1], 2) - Displayed message: msg(300,client[0]) from user client[0]
client[1] - Room: stanza(client[1], 2) - Message received: msg(300,client[0])
client[1] - time to live = 0 for message: message from client[0] to stanza(client[1], 2)
client[4] - Sending message to room stanza(client[3], 7) - msg(320,client[4])
client[3] - stanza(client[3], 7) - Displayed message: msg(320,client[4]) from user client[4]
client[3] - Room: stanza(client[3], 7) - Message received: msg(320,client[4])
client[3] - time to live = 0 for message: message from client[4] to stanza(client[3], 7)
client[0] - Room: stanza(client[3], 7) - Message discarded for I'm not a recipient: 
client[0] - time to live = 0 for message: message from client[4] to stanza(client[3], 7)
client[1] - Sending message to room stanza(client[1], 2) - msg(336,client[1])
client[0] - Asked for message: 2 - Room: stanza(client[1], 2)
client[0] - Asked for message: 1 - Room: stanza(client[1], 2)
client[0] - Asked for message: 1 - Room: stanza(client[1], 2)
client[0] - Asked for message: 16 - Room: stanza(client[1], 2)
client[0] - Asked for message: 1 - Room: stanza(client[1], 2)
client[0] - time to live = 0 for message: message from client[1] to stanza(client[1], 2)
client[2] - Asked for message: 2 - Room: stanza(client[1], 2)
client[2] - Asked for message: 1 - Room: stanza(client[1], 2)
client[2] - Asked for message: 1 - Room: stanza(client[1], 2)
client[2] - Asked for message: 1 - Room: stanza(client[1], 2)
client[2] - Asked for message: 13 - Room: stanza(client[1], 2)
client[2] - time to live = 0 for message: message from client[1] to stanza(client[1], 2)
client[4] - Room: stanza(client[1], 2) - Message discarded for I'm not a recipient: 
client[4] - time to live = 0 for message: ask message for missing message 2
NOT IMPLEMENTED YET
client[1] - Room: stanza(client[1], 2) - Asked for message: 2
client[1] - time to live = 0 for message: ask message for missing message 2
client[4] - Room: stanza(client[1], 2) - Message discarded for I'm not a recipient: 
client[4] - time to live = 0 for message: ask message for missing message 1
NOT IMPLEMENTED YET
client[1] - Room: stanza(client[1], 2) - Asked for message: 1
client[1] - time to live = 0 for message: ask message for missing message 1
client[4] - Room: stanza(client[1], 2) - Message discarded for I'm not a recipient: 
client[4] - time to live = 0 for message: ask message for missing message 1
NOT IMPLEMENTED YET
client[1] - Room: stanza(client[1], 2) - Asked for message: 1
client[1] - time to live = 0 for message: ask message for missing message 1
client[4] - Room: stanza(client[1], 2) - Message discarded for I'm not a recipient: 
client[4] - time to live = 0 for message: ask message for missing message 16
NOT IMPLEMENTED YET
client[1] - Room: stanza(client[1], 2) - Asked for message: 16
client[1] - time to live = 0 for message: ask message for missing message 16
client[4] - Room: stanza(client[1], 2) - Message discarded for I'm not a recipient: 
client[4] - time to live = 0 for message: ask message for missing message 1
NOT IMPLEMENTED YET
client[1] - Room: stanza(client[1], 2) - Asked for message: 1
client[1] - time to live = 0 for message: ask message for missing message 1
NOT IMPLEMENTED YET
client[1] - Room: stanza(client[1], 2) - Asked for message: 2
client[1] - time to live = 0 for message: ask message for missing message 2
client[3] - Room: stanza(client[1], 2) - Message discarded for I'm not a recipient: 
client[3] - time to live = 0 for message: ask message for missing message 2
NOT IMPLEMENTED YET
client[1] - Room: stanza(client[1], 2) - Asked for message: 1
client[1] - time to live = 0 for message: ask message for missing message 1
client[3] - Room: stanza(client[1], 2) - Message discarded for I'm not a recipient: 
client[3] - time to live = 0 for message: ask message for missing message 1
NOT IMPLEMENTED YET
client[1] - Room: stanza(client[1], 2) - Asked for message: 1
client[1] - time to live = 0 for message: ask message for missing message 1
client[3] - Room: stanza(client[1], 2) - Message discarded for I'm not a recipient: 
client[3] - time to live = 0 for message: ask message for missing message 1
NOT IMPLEMENTED YET
client[1] - Room: stanza(client[1], 2) - Asked for message: 1
client[1] - time to live = 0 for message: ask message for missing message 1
client[3] - Room: stanza(client[1], 2) - Message discarded for I'm not a recipient: 
client[3] - time to live = 0 for message: ask message for missing message 1
NOT IMPLEMENTED YET
client[1] - Room: stanza(client[1], 2) - Asked for message: 13
client[1] - time to live = 0 for message: ask message for missing message 13
client[3] - Room: stanza(client[1], 2) - Message discarded for I'm not a recipient: 
client[3] - time to live = 0 for message: ask message for missing message 13
client[2] - Sending message to room stanza(client[3], 7) - msg(267,client[2])
client[1] - Room: stanza(client[3], 7) - Message discarded for I'm not a recipient: 
client[1] - time to live = 0 for message: message from client[2] to stanza(client[3], 7)
client[3] - stanza(client[3], 7) - Displayed message: msg(267,client[2]) from user client[2]
client[3] - Room: stanza(client[3], 7) - Message received: msg(267,client[2])
client[3] - time to live = 0 for message: message from client[2] to stanza(client[3], 7)
client[3] - Sending message to room stanza(client[3], 4) - msg(292,client[3])
client[2] - Room: stanza(client[3], 4) - Message discarded for I'm not a recipient: 
client[2] - time to live = 0 for message: message from client[3] to stanza(client[3], 4)
client[4] - stanza(client[3], 4) - Displayed message: msg(292,client[3]) from user client[3]
client[4] - Room: stanza(client[3], 4) - Message received: msg(292,client[3])
client[4] - time to live = 0 for message: message from client[3] to stanza(client[3], 4)
client[0] - Sending message to room stanza(client[4], 1) - msg(301,client[0])
client[4] - stanza(client[4], 1) - Displayed message: msg(301,client[0]) from user client[0]
client[4] - Room: stanza(client[4], 1) - Message received: msg(301,client[0])
client[4] - time to live = 0 for message: message from client[0] to stanza(client[4], 1)
client[1] - Room: stanza(client[4], 1) - Message discarded for I'm not a recipient: 
client[1] - time to live = 0 for message: message from client[0] to stanza(client[4], 1)
client[4] - Sending message to room stanza(client[3], 1) - msg(321,client[4])
client[3] - stanza(client[3], 1) - Displayed message: msg(321,client[4]) from user client[4]
client[3] - Room: stanza(client[3], 1) - Message received: msg(321,client[4])
client[3] - time to live = 0 for message: message from client[4] to stanza(client[3], 1)
client[0] - Room: stanza(client[3], 1) - Message discarded for I'm not a recipient: 
client[0] - time to live = 0 for message: message from client[4] to stanza(client[3], 1)
client[0] - Sending message to room stanza(client[1], 3) - msg(302,client[0])
client[4] - Room: stanza(client[1], 3) - Message discarded for I'm not a recipient: 
client[4] - time to live = 0 for message: message from client[0] to stanza(client[1], 3)
client[1] - stanza(client[1], 3) - Displayed message: msg(302,client[0]) from user client[0]
client[1] - Room: stanza(client[1], 3) - Message received: msg(302,client[0])
client[1] - time to live = 0 for message: message from client[0] to stanza(client[1], 3)
client[3] - Sending message to room stanza(client[3], 12) - msg(293,client[3])
client[2] - stanza(client[3], 12) - Displayed message: msg(293,client[3]) from user client[3]
client[2] - Room: stanza(client[3], 12) - Message received: msg(293,client[3])
client[2] - time to live = 0 for message: message from client[3] to stanza(client[3], 12)
client[4] - stanza(client[3], 12) - Displayed message: msg(293,client[3]) from user client[3]
client[4] - Room: stanza(client[3], 12) - Message received: msg(293,client[3])
client[4] - time to live = 0 for message: message from client[3] to stanza(client[3], 12)
client[4] - Sending message to room stanza(client[3], 1) - msg(322,client[4])
client[3] - stanza(client[3], 1) - Displayed message: msg(322,client[4]) from user client[4]
client[3] - Room: stanza(client[3], 1) - Message received: msg(322,client[4])
client[3] - time to live = 0 for message: message from client[4] to stanza(client[3], 1)
client[0] - Room: stanza(client[3], 1) - Message discarded for I'm not a recipient: 
client[0] - time to live = 0 for message: message from client[4] to stanza(client[3], 1)
client[3] - Sending message to room stanza(client[3], 7) - msg(294,client[3])
client[2] - Room: stanza(client[3], 7) - Message received: msg(294,client[3])
client[2] - time to live = 0 for message: message from client[3] to stanza(client[3], 7)
client[4] - Room: stanza(client[3], 7) - Message received: msg(294,client[3])
client[4] - time to live = 0 for message: message from client[3] to stanza(client[3], 7)
client[1] - Sending message to room stanza(client[0], 3) - msg(337,client[1])
client[0] - stanza(client[0], 3) - Displayed message: msg(337,client[1]) from user client[1]
client[0] - Room: stanza(client[0], 3) - Message received: msg(337,client[1])
client[0] - time to live = 0 for message: message from client[1] to stanza(client[0], 3)
client[2] - Room: stanza(client[0], 3) - Message discarded for I'm not a recipient: 
client[2] - time to live = 0 for message: message from client[1] to stanza(client[0], 3)
client[4] - Sending message to room stanza(client[4], 4) - msg(323,client[4])
client[3] - stanza(client[4], 4) - Displayed message: msg(323,client[4]) from user client[4]
client[3] - Room: stanza(client[4], 4) - Message received: msg(323,client[4])
client[3] - time to live = 0 for message: message from client[4] to stanza(client[4], 4)
client[0] - Room: stanza(client[4], 4) - Message discarded for I'm not a recipient: 
client[0] - time to live = 0 for message: message from client[4] to stanza(client[4], 4)
client[3] - Sending message to room stanza(client[3], 0) - msg(295,client[3])
client[2] - Room: stanza(client[3], 0) - Message discarded for I'm not a recipient: 
client[2] - time to live = 0 for message: message from client[3] to stanza(client[3], 0)
client[4] - stanza(client[3], 0) - Displayed message: msg(295,client[3]) from user client[3]
client[4] - Room: stanza(client[3], 0) - Message received: msg(295,client[3])
client[4] - time to live = 0 for message: message from client[3] to stanza(client[3], 0)
client[1] - Sending message to room stanza(client[2], 4) - msg(338,client[1])
client[0] - Room: stanza(client[2], 4) - Message discarded for I'm not a recipient: 
client[0] - time to live = 0 for message: message from client[1] to stanza(client[2], 4)
client[2] - stanza(client[2], 4) - Displayed message: msg(338,client[1]) from user client[1]
client[2] - Room: stanza(client[2], 4) - Message received: msg(338,client[1])
client[2] - time to live = 0 for message: message from client[1] to stanza(client[2], 4)
client[4] - Sending message to room stanza(client[4], 0) - msg(324,client[4])
client[3] - Room: stanza(client[4], 0) - Message discarded for I'm not a recipient: 
client[3] - time to live = 0 for message: message from client[4] to stanza(client[4], 0)
client[0] - stanza(client[4], 0) - Displayed message: msg(324,client[4]) from user client[4]
client[0] - Room: stanza(client[4], 0) - Message received: msg(324,client[4])
client[0] - time to live = 0 for message: message from client[4] to stanza(client[4], 0)
client[0] - Sending message to room stanza(client[4], 3) - msg(303,client[0])
client[4] - stanza(client[4], 3) - Displayed message: msg(303,client[0]) from user client[0]
client[4] - Room: stanza(client[4], 3) - Message received: msg(303,client[0])
client[4] - time to live = 0 for message: message from client[0] to stanza(client[4], 3)
client[1] - Room: stanza(client[4], 3) - Message discarded for I'm not a recipient: 
client[1] - time to live = 0 for message: message from client[0] to stanza(client[4], 3)
client[2] - Sending message to room stanza(client[2], 1) - msg(268,client[2])
client[1] - stanza(client[2], 1) - Displayed message: msg(268,client[2]) from user client[2]
client[1] - Room: stanza(client[2], 1) - Message received: msg(268,client[2])
client[1] - time to live = 0 for message: message from client[2] to stanza(client[2], 1)
client[3] - Room: stanza(client[2], 1) - Message discarded for I'm not a recipient: 
client[3] - time to live = 0 for message: message from client[2] to stanza(client[2], 1)
client[4] - Sending message to room stanza(client[0], 1) - msg(325,client[4])
client[3] - Room: stanza(client[0], 1) - Message discarded for I'm not a recipient: 
client[3] - time to live = 0 for message: message from client[4] to stanza(client[0], 1)
client[0] - stanza(client[0], 1) - Displayed message: msg(325,client[4]) from user client[4]
client[0] - Room: stanza(client[0], 1) - Message received: msg(325,client[4])
client[0] - time to live = 0 for message: message from client[4] to stanza(client[0], 1)
client[3] - Sending message to room stanza(client[3], 9) - msg(296,client[3])
client[2] - Room: stanza(client[3], 9) - Message received: msg(296,client[3])
client[2] - time to live = 0 for message: message from client[3] to stanza(client[3], 9)
client[4] - Room: stanza(client[3], 9) - Message received: msg(296,client[3])
client[4] - time to live = 0 for message: message from client[3] to stanza(client[3], 9)
client[2] - Sending message to room stanza(client[2], 4) - msg(269,client[2])
client[1] - Room: stanza(client[2], 4) - Message received: msg(269,client[2])
client[1] - time to live = 0 for message: message from client[2] to stanza(client[2], 4)
client[3] - Asked for message: 2 - Room: stanza(client[2], 4)
client[3] - Asked for message: 8 - Room: stanza(client[2], 4)
client[3] - Asked for message: 1 - Room: stanza(client[2], 4)
client[3] - Asked for message: 1 - Room: stanza(client[2], 4)
client[3] - Asked for message: 1 - Room: stanza(client[2], 4)
client[3] - time to live = 0 for message: message from client[2] to stanza(client[2], 4)
NOT IMPLEMENTED YET
client[2] - Room: stanza(client[2], 4) - Asked for message: 2
client[2] - time to live = 0 for message: ask message for missing message 2
client[4] - Room: stanza(client[2], 4) - Message discarded for I'm not a recipient: 
client[4] - time to live = 0 for message: ask message for missing message 2
NOT IMPLEMENTED YET
client[2] - Room: stanza(client[2], 4) - Asked for message: 8
client[2] - time to live = 0 for message: ask message for missing message 8
client[4] - Room: stanza(client[2], 4) - Message discarded for I'm not a recipient: 
client[4] - time to live = 0 for message: ask message for missing message 8
NOT IMPLEMENTED YET
client[2] - Room: stanza(client[2], 4) - Asked for message: 1
client[2] - time to live = 0 for message: ask message for missing message 1
client[4] - Room: stanza(client[2], 4) - Message discarded for I'm not a recipient: 
client[4] - time to live = 0 for message: ask message for missing message 1
NOT IMPLEMENTED YET
client[2] - Room: stanza(client[2], 4) - Asked for message: 1
client[2] - time to live = 0 for message: ask message for missing message 1
client[4] - Room: stanza(client[2], 4) - Message discarded for I'm not a recipient: 
client[4] - time to live = 0 for message: ask message for missing message 1
NOT IMPLEMENTED YET
client[2] - Room: stanza(client[2], 4) - Asked for message: 1
client[2] - time to live = 0 for message: ask message for missing message 1
client[4] - Room: stanza(client[2], 4) - Message discarded for I'm not a recipient: 
client[4] - time to live = 0 for message: ask message for missing message 1
client[3] - Sending message to room stanza(client[3], 3) - msg(297,client[3])
client[2] - Room: stanza(client[3], 3) - Message discarded for I'm not a recipient: 
client[2] - time to live = 0 for message: message from client[3] to stanza(client[3], 3)
client[4] - stanza(client[3], 3) - Displayed message: msg(297,client[3]) from user client[3]
client[4] - Room: stanza(client[3], 3) - Message received: msg(297,client[3])
client[4] - time to live = 0 for message: message from client[3] to stanza(client[3], 3)
client[4] - Sending message to room stanza(client[3], 4) - msg(326,client[4])
client[3] - stanza(client[3], 4) - Displayed message: msg(326,client[4]) from user client[4]
client[3] - Room: stanza(client[3], 4) - Message received: msg(326,client[4])
client[3] - time to live = 0 for message: message from client[4] to stanza(client[3], 4)
client[0] - Room: stanza(client[3], 4) - Message discarded for I'm not a recipient: 
client[0] - time to live = 0 for message: message from client[4] to stanza(client[3], 4)
client[0] - Sending message to room stanza(client[4], 3) - msg(304,client[0])
client[4] - stanza(client[4], 3) - Displayed message: msg(304,client[0]) from user client[0]
client[4] - Room: stanza(client[4], 3) - Message received: msg(304,client[0])
client[4] - time to live = 0 for message: message from client[0] to stanza(client[4], 3)
client[1] - Room: stanza(client[4], 3) - Message discarded for I'm not a recipient: 
client[1] - time to live = 0 for message: message from client[0] to stanza(client[4], 3)
client[3] - Sending message to room stanza(client[2], 3) - msg(298,client[3])
client[2] - stanza(client[2], 3) - Displayed message: msg(298,client[3]) from user client[3]
client[2] - Room: stanza(client[2], 3) - Message received: msg(298,client[3])
client[2] - time to live = 0 for message: message from client[3] to stanza(client[2], 3)
client[4] - Room: stanza(client[2], 3) - Message discarded for I'm not a recipient: 
client[4] - time to live = 0 for message: message from client[3] to stanza(client[2], 3)
client[1] - Sending message to room stanza(client[1], 0) - msg(339,client[1])
client[0] - stanza(client[1], 0) - Displayed message: msg(339,client[1]) from user client[1]
client[0] - Room: stanza(client[1], 0) - Message received: msg(339,client[1])
client[0] - time to live = 0 for message: message from client[1] to stanza(client[1], 0)
client[2] - Room: stanza(client[1], 0) - Message discarded for I'm not a recipient: 
client[2] - time to live = 0 for message: message from client[1] to stanza(client[1], 0)
client[0] - Sent room creation: stanza(client[0], 5) with: client[0],client[4],client[3]
client[4] - Room created: stanza(client[0], 5)
client[4] - time to live = 0 for message: creation of room stanza(client[0], 5)
client[1] - Room: stanza(client[0], 5) - Message discarded for I'm not a recipient: 
client[1] - time to live = 0 for message: creation of room stanza(client[0], 5)
client[2] - Sending message to room stanza(client[3], 7) - msg(270,client[2])
client[1] - Room: stanza(client[3], 7) - Message discarded for I'm not a recipient: 
client[1] - time to live = 0 for message: message from client[2] to stanza(client[3], 7)
client[3] - stanza(client[3], 7) - Displayed message: msg(270,client[2]) from user client[2]
client[3] - Room: stanza(client[3], 7) - Message received: msg(270,client[2])
client[3] - time to live = 0 for message: message from client[2] to stanza(client[3], 7)
client[3] - Sending message to room stanza(client[3], 1) - msg(299,client[3])
client[2] - Asked for message: 3 - Room: stanza(client[3], 1)
client[2] - Asked for message: 1 - Room: stanza(client[3], 1)
client[2] - Asked for message: 44 - Room: stanza(client[3], 1)
client[2] - Asked for message: 1 - Room: stanza(client[3], 1)
client[2] - Asked for message: 1 - Room: stanza(client[3], 1)
client[2] - time to live = 0 for message: message from client[3] to stanza(client[3], 1)
client[4] - Asked for message: 1 - Room: stanza(client[3], 1)
client[4] - Asked for message: 1 - Room: stanza(client[3], 1)
client[4] - Asked for message: 1 - Room: stanza(client[3], 1)
client[4] - Asked for message: 1 - Room: stanza(client[3], 1)
client[4] - Asked for message: 35 - Room: stanza(client[3], 1)
client[4] - time to live = 0 for message: message from client[3] to stanza(client[3], 1)
client[1] - Room: stanza(client[3], 1) - Message discarded for I'm not a recipient: 
client[1] - time to live = 0 for message: ask message for missing message 3
NOT IMPLEMENTED YET
client[3] - Room: stanza(client[3], 1) - Asked for message: 3
client[3] - time to live = 0 for message: ask message for missing message 3
client[1] - Room: stanza(client[3], 1) - Message discarded for I'm not a recipient: 
client[1] - time to live = 0 for message: ask message for missing message 1
NOT IMPLEMENTED YET
client[3] - Room: stanza(client[3], 1) - Asked for message: 1
client[3] - time to live = 0 for message: ask message for missing message 1
client[1] - Room: stanza(client[3], 1) - Message discarded for I'm not a recipient: 
client[1] - time to live = 0 for message: ask message for missing message 44
NOT IMPLEMENTED YET
client[3] - Room: stanza(client[3], 1) - Asked for message: 44
client[3] - time to live = 0 for message: ask message for missing message 44
client[1] - Room: stanza(client[3], 1) - Message discarded for I'm not a recipient: 
client[1] - time to live = 0 for message: ask message for missing message 1
NOT IMPLEMENTED YET
client[3] - Room: stanza(client[3], 1) - Asked for message: 1
client[3] - time to live = 0 for message: ask message for missing message 1
client[1] - Room: stanza(client[3], 1) - Message discarded for I'm not a recipient: 
client[1] - time to live = 0 for message: ask message for missing message 1
NOT IMPLEMENTED YET
client[3] - Room: stanza(client[3], 1) - Asked for message: 1
client[3] - time to live = 0 for message: ask message for missing message 1
NOT IMPLEMENTED YET
client[3] - Room: stanza(client[3], 1) - Asked for message: 1
client[3] - time to live = 0 for message: ask message for missing message 1
client[0] - Room: stanza(client[3], 1) - Message discarded for I'm not a recipient: 
client[0] - time to live = 0 for message: ask message for missing message 1
NOT IMPLEMENTED YET
client[3] - Room: stanza(client[3], 1) - Asked for message: 1
client[3] - time to live = 0 for message: ask message for missing message 1
client[0] - Room: stanza(client[3], 1) - Message discarded for I'm not a recipient: 
client[0] - time to live = 0 for message: ask message for missing message 1
NOT IMPLEMENTED YET
client[3] - Room: stanza(client[3], 1) - Asked for message: 1
client[3] - time to live = 0 for message: ask message for missing message 1
client[0] - Room: stanza(client[3], 1) - Message discarded for I'm not a recipient: 
client[0] - time to live = 0 for message: ask message for missing message 1
NOT IMPLEMENTED YET
client[3] - Room: stanza(client[3], 1) - Asked for message: 1
client[3] - time to live = 0 for message: ask message for missing message 1
client[0] - Room: stanza(client[3], 1) - Message discarded for I'm not a recipient: 
client[0] - time to live = 0 for message: ask message for missing message 1
NOT IMPLEMENTED YET
client[3] - Room: stanza(client[3], 1) - Asked for message: 35
client[3] - time to live = 0 for message: ask message for missing message 35
client[0] - Room: stanza(client[3], 1) - Message discarded for I'm not a recipient: 
client[0] - time to live = 0 for message: ask message for missing message 35
client[1] - Sending message to room stanza(client[0], 2) - msg(340,client[1])
client[0] - stanza(client[0], 2) - Displayed message: msg(340,client[1]) from user client[1]
client[0] - Room: stanza(client[0], 2) - Message received: msg(340,client[1])
client[0] - time to live = 0 for message: message from client[1] to stanza(client[0], 2)
client[2] - Room: stanza(client[0], 2) - Message discarded for I'm not a recipient: 
client[2] - time to live = 0 for message: message from client[1] to stanza(client[0], 2)
client[0] - Sending message to room stanza(client[4], 3) - msg(305,client[0])
client[4] - stanza(client[4], 3) - Displayed message: msg(305,client[0]) from user client[0]
client[4] - Room: stanza(client[4], 3) - Message received: msg(305,client[0])
client[4] - time to live = 0 for message: message from client[0] to stanza(client[4], 3)
client[1] - Room: stanza(client[4], 3) - Message discarded for I'm not a recipient: 
client[1] - time to live = 0 for message: message from client[0] to stanza(client[4], 3)
client[4] - Sending message to room stanza(client[4], 2) - msg(327,client[4])
client[3] - Room: stanza(client[4], 2) - Message discarded for I'm not a recipient: 
client[3] - time to live = 0 for message: message from client[4] to stanza(client[4], 2)
client[0] - stanza(client[4], 2) - Displayed message: msg(327,client[4]) from user client[4]
client[0] - Room: stanza(client[4], 2) - Message received: msg(327,client[4])
client[0] - time to live = 0 for message: message from client[4] to stanza(client[4], 2)
client[0] - Sending message to room stanza(client[1], 3) - msg(306,client[0])
client[4] - Room: stanza(client[1], 3) - Message discarded for I'm not a recipient: 
client[4] - time to live = 0 for message: message from client[0] to stanza(client[1], 3)
client[1] - stanza(client[1], 3) - Displayed message: msg(306,client[0]) from user client[0]
client[1] - Room: stanza(client[1], 3) - Message received: msg(306,client[0])
client[1] - time to live = 0 for message: message from client[0] to stanza(client[1], 3)
client[4] - Sending message to room stanza(client[0], 5) - msg(328,client[4])
client[3] - Room: stanza(client[0], 5) - Message discarded for I'm not a recipient: 
client[3] - time to live = 0 for message: message from client[4] to stanza(client[0], 5)
client[0] - stanza(client[0], 5) - Displayed message: msg(328,client[4]) from user client[4]
client[0] - Room: stanza(client[0], 5) - Message received: msg(328,client[4])
client[0] - time to live = 0 for message: message from client[4] to stanza(client[0], 5)
client[1] - Sending message to room stanza(client[0], 2) - msg(341,client[1])
client[0] - stanza(client[0], 2) - Displayed message: msg(341,client[1]) from user client[1]
client[0] - Room: stanza(client[0], 2) - Message received: msg(341,client[1])
client[0] - time to live = 0 for message: message from client[1] to stanza(client[0], 2)
client[2] - Room: stanza(client[0], 2) - Message discarded for I'm not a recipient: 
client[2] - time to live = 0 for message: message from client[1] to stanza(client[0], 2)
client[3] - Sending message to room stanza(client[3], 11) - msg(300,client[3])
client[2] - stanza(client[3], 11) - Displayed message: msg(300,client[3]) from user client[3]
client[2] - Room: stanza(client[3], 11) - Message received: msg(300,client[3])
client[2] - time to live = 0 for message: message from client[3] to stanza(client[3], 11)
client[4] - Room: stanza(client[3], 11) - Message discarded for I'm not a recipient: 
client[4] - time to live = 0 for message: message from client[3] to stanza(client[3], 11)
client[1] - Sending message to room stanza(client[1], 1) - msg(342,client[1])
client[0] - Asked for message: 2 - Room: stanza(client[1], 1)
client[0] - Asked for message: 21 - Room: stanza(client[1], 1)
client[0] - Asked for message: 1 - Room: stanza(client[1], 1)
client[0] - Asked for message: 1 - Room: stanza(client[1], 1)
client[0] - time to live = 0 for message: message from client[1] to stanza(client[1], 1)
client[2] - Asked for message: 2 - Room: stanza(client[1], 1)
client[2] - Asked for message: 1 - Room: stanza(client[1], 1)
client[2] - Asked for message: 34 - Room: stanza(client[1], 1)
client[2] - Asked for message: 1 - Room: stanza(client[1], 1)
client[2] - time to live = 0 for message: message from client[1] to stanza(client[1], 1)
client[4] - Room: stanza(client[1], 1) - Message discarded for I'm not a recipient: 
client[4] - time to live = 0 for message: ask message for missing message 2
NOT IMPLEMENTED YET
client[1] - Room: stanza(client[1], 1) - Asked for message: 2
client[1] - time to live = 0 for message: ask message for missing message 2
client[4] - Room: stanza(client[1], 1) - Message discarded for I'm not a recipient: 
client[4] - time to live = 0 for message: ask message for missing message 21
NOT IMPLEMENTED YET
client[1] - Room: stanza(client[1], 1) - Asked for message: 21
client[1] - time to live = 0 for message: ask message for missing message 21
client[4] - Room: stanza(client[1], 1) - Message discarded for I'm not a recipient: 
client[4] - time to live = 0 for message: ask message for missing message 1
NOT IMPLEMENTED YET
client[1] - Room: stanza(client[1], 1) - Asked for message: 1
client[1] - time to live = 0 for message: ask message for missing message 1
client[4] - Room: stanza(client[1], 1) - Message discarded for I'm not a recipient: 
client[4] - time to live = 0 for message: ask message for missing message 1
NOT IMPLEMENTED YET
client[1] - Room: stanza(client[1], 1) - Asked for message: 1
client[1] - time to live = 0 for message: ask message for missing message 1
NOT IMPLEMENTED YET
client[1] - Room: stanza(client[1], 1) - Asked for message: 2
client[1] - time to live = 0 for message: ask message for missing message 2
client[3] - Room: stanza(client[1], 1) - Message discarded for I'm not a recipient: 
client[3] - time to live = 0 for message: ask message for missing message 2
NOT IMPLEMENTED YET
client[1] - Room: stanza(client[1], 1) - Asked for message: 1
client[1] - time to live = 0 for message: ask message for missing message 1
client[3] - Room: stanza(client[1], 1) - Message discarded for I'm not a recipient: 
client[3] - time to live = 0 for message: ask message for missing message 1
NOT IMPLEMENTED YET
client[1] - Room: stanza(client[1], 1) - Asked for message: 34
client[1] - time to live = 0 for message: ask message for missing message 34
client[3] - Room: stanza(client[1], 1) - Message discarded for I'm not a recipient: 
client[3] - time to live = 0 for message: ask message for missing message 34
NOT IMPLEMENTED YET
client[1] - Room: stanza(client[1], 1) - Asked for message: 1
client[1] - time to live = 0 for message: ask message for missing message 1
client[3] - Room: stanza(client[1], 1) - Message discarded for I'm not a recipient: 
client[3] - time to live = 0 for message: ask message for missing message 1
client[0] - Sending message to room stanza(client[1], 2) - msg(307,client[0])
client[4] - Room: stanza(client[1], 2) - Message discarded for I'm not a recipient: 
client[4] - time to live = 0 for message: message from client[0] to stanza(client[1], 2)
client[1] - stanza(client[1], 2) - Displayed message: msg(307,client[0]) from user client[0]
client[1] - Room: stanza(client[1], 2) - Message received: msg(307,client[0])
client[1] - time to live = 0 for message: message from client[0] to stanza(client[1], 2)
client[4] - Sending message to room stanza(client[0], 5) - msg(329,client[4])
client[3] - Room: stanza(client[0], 5) - Message discarded for I'm not a recipient: 
client[3] - time to live = 0 for message: message from client[4] to stanza(client[0], 5)
client[0] - stanza(client[0], 5) - Displayed message: msg(329,client[4]) from user client[4]
client[0] - Room: stanza(client[0], 5) - Message received: msg(329,client[4])
client[0] - time to live = 0 for message: message from client[4] to stanza(client[0], 5)
client[4] - Sending message to room stanza(client[3], 0) - msg(330,client[4])
client[3] - stanza(client[3], 0) - Displayed message: msg(330,client[4]) from user client[4]
client[3] - Room: stanza(client[3], 0) - Message received: msg(330,client[4])
client[3] - time to live = 0 for message: message from client[4] to stanza(client[3], 0)
client[0] - Room: stanza(client[3], 0) - Message discarded for I'm not a recipient: 
client[0] - time to live = 0 for message: message from client[4] to stanza(client[3], 0)
client[0] - Sending message to room stanza(client[0], 1) - msg(308,client[0])
client[4] - Asked for message: 1 - Room: stanza(client[0], 1)
client[4] - Asked for message: 1 - Room: stanza(client[0], 1)
client[4] - Asked for message: 1 - Room: stanza(client[0], 1)
client[4] - Asked for message: 62 - Room: stanza(client[0], 1)
client[4] - Asked for message: 1 - Room: stanza(client[0], 1)
client[4] - time to live = 0 for message: message from client[0] to stanza(client[0], 1)
client[1] - Asked for message: 1 - Room: stanza(client[0], 1)
client[1] - Asked for message: 1 - Room: stanza(client[0], 1)
client[1] - Asked for message: 1 - Room: stanza(client[0], 1)
client[1] - Asked for message: 1 - Room: stanza(client[0], 1)
client[1] - Asked for message: 75 - Room: stanza(client[0], 1)
client[1] - time to live = 0 for message: message from client[0] to stanza(client[0], 1)
client[3] - Room: stanza(client[0], 1) - Message discarded for I'm not a recipient: 
client[3] - time to live = 0 for message: ask message for missing message 1
NOT IMPLEMENTED YET
client[0] - Room: stanza(client[0], 1) - Asked for message: 1
client[0] - time to live = 0 for message: ask message for missing message 1
client[3] - Room: stanza(client[0], 1) - Message discarded for I'm not a recipient: 
client[3] - time to live = 0 for message: ask message for missing message 1
NOT IMPLEMENTED YET
client[0] - Room: stanza(client[0], 1) - Asked for message: 1
client[0] - time to live = 0 for message: ask message for missing message 1
client[3] - Room: stanza(client[0], 1) - Message discarded for I'm not a recipient: 
client[3] - time to live = 0 for message: ask message for missing message 1
NOT IMPLEMENTED YET
client[0] - Room: stanza(client[0], 1) - Asked for message: 1
client[0] - time to live = 0 for message: ask message for missing message 1
client[3] - Room: stanza(client[0], 1) - Message discarded for I'm not a recipient: 
client[3] - time to live = 0 for message: ask message for missing message 62
NOT IMPLEMENTED YET
client[0] - Room: stanza(client[0], 1) - Asked for message: 62
client[0] - time to live = 0 for message: ask message for missing message 62
client[3] - Room: stanza(client[0], 1) - Message discarded for I'm not a recipient: 
client[3] - time to live = 0 for message: ask message for missing message 1
NOT IMPLEMENTED YET
client[0] - Room: stanza(client[0], 1) - Asked for message: 1
client[0] - time to live = 0 for message: ask message for missing message 1
NOT IMPLEMENTED YET
client[0] - Room: stanza(client[0], 1) - Asked for message: 1
client[0] - time to live = 0 for message: ask message for missing message 1
client[2] - Room: stanza(client[0], 1) - Message discarded for I'm not a recipient: 
client[2] - time to live = 0 for message: ask message for missing message 1
NOT IMPLEMENTED YET
client[0] - Room: stanza(client[0], 1) - Asked for message: 1
client[0] - time to live = 0 for message: ask message for missing message 1
client[2] - Room: stanza(client[0], 1) - Message discarded for I'm not a recipient: 
client[2] - time to live = 0 for message: ask message for missing message 1
NOT IMPLEMENTED YET
client[0] - Room: stanza(client[0], 1) - Asked for message: 1
client[0] - time to live = 0 for message: ask message for missing message 1
client[2] - Room: stanza(client[0], 1) - Message discarded for I'm not a recipient: 
client[2] - time to live = 0 for message: ask message for missing message 1
NOT IMPLEMENTED YET
client[0] - Room: stanza(client[0], 1) - Asked for message: 1
client[0] - time to live = 0 for message: ask message for missing message 1
client[2] - Room: stanza(client[0], 1) - Message discarded for I'm not a recipient: 
client[2] - time to live = 0 for message: ask message for missing message 1
NOT IMPLEMENTED YET
client[0] - Room: stanza(client[0], 1) - Asked for message: 75
client[0] - time to live = 0 for message: ask message for missing message 75
client[2] - Room: stanza(client[0], 1) - Message discarded for I'm not a recipient: 
client[2] - time to live = 0 for message: ask message for missing message 75
client[2] - Sending message to room stanza(client[3], 1) - msg(271,client[2])
client[1] - Room: stanza(client[3], 1) - Message discarded for I'm not a recipient: 
client[1] - time to live = 0 for message: message from client[2] to stanza(client[3], 1)
client[3] - stanza(client[3], 1) - Displayed message: msg(271,client[2]) from user client[2]
client[3] - Room: stanza(client[3], 1) - Message received: msg(271,client[2])
client[3] - time to live = 0 for message: message from client[2] to stanza(client[3], 1)
client[1] - Sending message to room stanza(client[0], 1) - msg(343,client[1])
client[0] - stanza(client[0], 1) - Displayed message: msg(343,client[1]) from user client[1]
client[0] - Room: stanza(client[0], 1) - Message received: msg(343,client[1])
client[0] - time to live = 0 for message: message from client[1] to stanza(client[0], 1)
client[2] - Room: stanza(client[0], 1) - Message discarded for I'm not a recipient: 
client[2] - time to live = 0 for message: message from client[1] to stanza(client[0], 1)
client[0] - Sending message to room stanza(client[0], 5) - msg(309,client[0])
client[4] - stanza(client[0], 5) - Displayed message: msg(309,client[0]) from user client[0]
client[4] - Room: stanza(client[0], 5) - Message received: msg(309,client[0])
client[4] - time to live = 0 for message: message from client[0] to stanza(client[0], 5)
client[1] - Room: stanza(client[0], 5) - Message discarded for I'm not a recipient: 
client[1] - time to live = 0 for message: message from client[0] to stanza(client[0], 5)
client[3] - Sending message to room stanza(client[3], 4) - msg(301,client[3])
client[2] - Room: stanza(client[3], 4) - Message discarded for I'm not a recipient: 
client[2] - time to live = 0 for message: message from client[3] to stanza(client[3], 4)
client[4] - stanza(client[3], 4) - Displayed message: msg(301,client[3]) from user client[3]
client[4] - Room: stanza(client[3], 4) - Message received: msg(301,client[3])
client[4] - time to live = 0 for message: message from client[3] to stanza(client[3], 4)
client[1] - Sending message to room stanza(client[2], 1) - msg(344,client[1])
client[0] - Room: stanza(client[2], 1) - Message discarded for I'm not a recipient: 
client[0] - time to live = 0 for message: message from client[1] to stanza(client[2], 1)
client[2] - stanza(client[2], 1) - Displayed message: msg(344,client[1]) from user client[1]
client[2] - Room: stanza(client[2], 1) - Message received: msg(344,client[1])
client[2] - time to live = 0 for message: message from client[1] to stanza(client[2], 1)
client[0] - Sending message to room stanza(client[1], 0) - msg(310,client[0])
client[4] - Room: stanza(client[1], 0) - Message discarded for I'm not a recipient: 
client[4] - time to live = 0 for message: message from client[0] to stanza(client[1], 0)
client[1] - stanza(client[1], 0) - Displayed message: msg(310,client[0]) from user client[0]
client[1] - Room: stanza(client[1], 0) - Message received: msg(310,client[0])
client[1] - time to live = 0 for message: message from client[0] to stanza(client[1], 0)
client[1] - Sending message to room stanza(client[1], 0) - msg(345,client[1])
client[0] - stanza(client[1], 0) - Displayed message: msg(345,client[1]) from user client[1]
client[0] - Room: stanza(client[1], 0) - Message received: msg(345,client[1])
client[0] - time to live = 0 for message: message from client[1] to stanza(client[1], 0)
client[2] - Room: stanza(client[1], 0) - Message discarded for I'm not a recipient: 
client[2] - time to live = 0 for message: message from client[1] to stanza(client[1], 0)
client[4] - Sending message to room stanza(client[3], 5) - msg(331,client[4])
client[3] - stanza(client[3], 5) - Displayed message: msg(331,client[4]) from user client[4]
client[3] - Room: stanza(client[3], 5) - Message received: msg(331,client[4])
client[3] - time to live = 0 for message: message from client[4] to stanza(client[3], 5)
client[0] - Room: stanza(client[3], 5) - Message discarded for I'm not a recipient: 
client[0] - time to live = 0 for message: message from client[4] to stanza(client[3], 5)
client[3] - Sending message to room stanza(client[3], 7) - msg(302,client[3])
client[2] - Room: stanza(client[3], 7) - Message received: msg(302,client[3])
client[2] - time to live = 0 for message: message from client[3] to stanza(client[3], 7)
client[4] - Room: stanza(client[3], 7) - Message received: msg(302,client[3])
client[4] - time to live = 0 for message: message from client[3] to stanza(client[3], 7)
client[0] - Sending message to room stanza(client[0], 5) - msg(311,client[0])
client[4] - stanza(client[0], 5) - Displayed message: msg(311,client[0]) from user client[0]
client[4] - Room: stanza(client[0], 5) - Message received: msg(311,client[0])
client[4] - time to live = 0 for message: message from client[0] to stanza(client[0], 5)
client[1] - Room: stanza(client[0], 5) - Message discarded for I'm not a recipient: 
client[1] - time to live = 0 for message: message from client[0] to stanza(client[0], 5)
client[4] - Sending message to room stanza(client[0], 2) - msg(332,client[4])
client[3] - Room: stanza(client[0], 2) - Message discarded for I'm not a recipient: 
client[3] - time to live = 0 for message: message from client[4] to stanza(client[0], 2)
client[0] - stanza(client[0], 2) - Displayed message: msg(332,client[4]) from user client[4]
client[0] - Room: stanza(client[0], 2) - Message received: msg(332,client[4])
client[0] - time to live = 0 for message: message from client[4] to stanza(client[0], 2)
client[1] - Sending message to room stanza(client[2], 0) - msg(346,client[1])
client[0] - Room: stanza(client[2], 0) - Message discarded for I'm not a recipient: 
client[0] - time to live = 0 for message: message from client[1] to stanza(client[2], 0)
client[2] - stanza(client[2], 0) - Displayed message: msg(346,client[1]) from user client[1]
client[2] - Room: stanza(client[2], 0) - Message received: msg(346,client[1])
client[2] - time to live = 0 for message: message from client[1] to stanza(client[2], 0)
client[4] - Sending message to room stanza(client[0], 1) - msg(333,client[4])
client[3] - Room: stanza(client[0], 1) - Message discarded for I'm not a recipient: 
client[3] - time to live = 0 for message: message from client[4] to stanza(client[0], 1)
client[0] - stanza(client[0], 1) - Displayed message: msg(333,client[4]) from user client[4]
client[0] - Room: stanza(client[0], 1) - Message received: msg(333,client[4])
client[0] - time to live = 0 for message: message from client[4] to stanza(client[0], 1)
client[0] - Sending message to room stanza(client[0], 0) - msg(312,client[0])
client[4] - Room: stanza(client[0], 0) - Message discarded for I'm not a recipient: 
client[4] - time to live = 0 for message: message from client[0] to stanza(client[0], 0)
client[1] - Room: stanza(client[0], 0) - Message discarded for I'm not a recipient: 
client[1] - time to live = 0 for message: message from client[0] to stanza(client[0], 0)
client[4] - Sending message to room stanza(client[3], 1) - msg(334,client[4])
client[3] - stanza(client[3], 1) - Displayed message: msg(334,client[4]) from user client[4]
client[3] - Room: stanza(client[3], 1) - Message received: msg(334,client[4])
client[3] - time to live = 0 for message: message from client[4] to stanza(client[3], 1)
client[0] - Room: stanza(client[3], 1) - Message discarded for I'm not a recipient: 
client[0] - time to live = 0 for message: message from client[4] to stanza(client[3], 1)
client[1] - Sending message to room stanza(client[1], 3) - msg(347,client[1])
client[0] - stanza(client[1], 3) - Displayed message: msg(347,client[1]) from user client[1]
client[0] - Room: stanza(client[1], 3) - Message received: msg(347,client[1])
client[0] - time to live = 0 for message: message from client[1] to stanza(client[1], 3)
client[2] - Room: stanza(client[1], 3) - Message discarded for I'm not a recipient: 
client[2] - time to live = 0 for message: message from client[1] to stanza(client[1], 3)
client[0] - Sending message to room stanza(client[1], 0) - msg(313,client[0])
client[4] - Room: stanza(client[1], 0) - Message discarded for I'm not a recipient: 
client[4] - time to live = 0 for message: message from client[0] to stanza(client[1], 0)
client[1] - stanza(client[1], 0) - Displayed message: msg(313,client[0]) from user client[0]
client[1] - Room: stanza(client[1], 0) - Message received: msg(313,client[0])
client[1] - time to live = 0 for message: message from client[0] to stanza(client[1], 0)
client[2] - Sending message to room stanza(client[1], 1) - msg(272,client[2])
client[1] - stanza(client[1], 1) - Displayed message: msg(272,client[2]) from user client[2]
client[1] - Room: stanza(client[1], 1) - Message received: msg(272,client[2])
client[1] - time to live = 0 for message: message from client[2] to stanza(client[1], 1)
client[3] - Room: stanza(client[1], 1) - Message discarded for I'm not a recipient: 
client[3] - time to live = 0 for message: message from client[2] to stanza(client[1], 1)
client[1] - Sending message to room stanza(client[2], 5) - msg(348,client[1])
client[0] - Room: stanza(client[2], 5) - Message discarded for I'm not a recipient: 
client[0] - time to live = 0 for message: message from client[1] to stanza(client[2], 5)
client[2] - stanza(client[2], 5) - Displayed message: msg(348,client[1]) from user client[1]
client[2] - Room: stanza(client[2], 5) - Message received: msg(348,client[1])
client[2] - time to live = 0 for message: message from client[1] to stanza(client[2], 5)
client[3] - Sending message to room stanza(client[3], 1) - msg(303,client[3])
client[2] - Asked for message: 3 - Room: stanza(client[3], 1)
client[2] - Asked for message: 1 - Room: stanza(client[3], 1)
client[2] - Asked for message: 45 - Room: stanza(client[3], 1)
client[2] - Asked for message: 1 - Room: stanza(client[3], 1)
client[2] - Asked for message: 1 - Room: stanza(client[3], 1)
client[2] - time to live = 0 for message: message from client[3] to stanza(client[3], 1)
client[4] - Asked for message: 1 - Room: stanza(client[3], 1)
client[4] - Asked for message: 1 - Room: stanza(client[3], 1)
client[4] - Asked for message: 1 - Room: stanza(client[3], 1)
client[4] - Asked for message: 1 - Room: stanza(client[3], 1)
client[4] - Asked for message: 36 - Room: stanza(client[3], 1)
client[4] - time to live = 0 for message: message from client[3] to stanza(client[3], 1)
client[1] - Room: stanza(client[3], 1) - Message discarded for I'm not a recipient: 
client[1] - time to live = 0 for message: ask message for missing message 3
NOT IMPLEMENTED YET
client[3] - Room: stanza(client[3], 1) - Asked for message: 3
client[3] - time to live = 0 for message: ask message for missing message 3
client[1] - Room: stanza(client[3], 1) - Message discarded for I'm not a recipient: 
client[1] - time to live = 0 for message: ask message for missing message 1
NOT IMPLEMENTED YET
client[3] - Room: stanza(client[3], 1) - Asked for message: 1
client[3] - time to live = 0 for message: ask message for missing message 1
client[1] - Room: stanza(client[3], 1) - Message discarded for I'm not a recipient: 
client[1] - time to live = 0 for message: ask message for missing message 45
NOT IMPLEMENTED YET
client[3] - Room: stanza(client[3], 1) - Asked for message: 45
client[3] - time to live = 0 for message: ask message for missing message 45
client[1] - Room: stanza(client[3], 1) - Message discarded for I'm not a recipient: 
client[1] - time to live = 0 for message: ask message for missing message 1
NOT IMPLEMENTED YET
client[3] - Room: stanza(client[3], 1) - Asked for message: 1
client[3] - time to live = 0 for message: ask message for missing message 1
client[1] - Room: stanza(client[3], 1) - Message discarded for I'm not a recipient: 
client[1] - time to live = 0 for message: ask message for missing message 1
NOT IMPLEMENTED YET
client[3] - Room: stanza(client[3], 1) - Asked for message: 1
client[3] - time to live = 0 for message: ask message for missing message 1
NOT IMPLEMENTED YET
client[3] - Room: stanza(client[3], 1) - Asked for message: 1
client[3] - time to live = 0 for message: ask message for missing message 1
client[0] - Room: stanza(client[3], 1) - Message discarded for I'm not a recipient: 
client[0] - time to live = 0 for message: ask message for missing message 1
NOT IMPLEMENTED YET
client[3] - Room: stanza(client[3], 1) - Asked for message: 1
client[3] - time to live = 0 for message: ask message for missing message 1
client[0] - Room: stanza(client[3], 1) - Message discarded for I'm not a recipient: 
client[0] - time to live = 0 for message: ask message for missing message 1
NOT IMPLEMENTED YET
client[3] - Room: stanza(client[3], 1) - Asked for message: 1
client[3] - time to live = 0 for message: ask message for missing message 1
client[0] - Room: stanza(client[3], 1) - Message discarded for I'm not a recipient: 
client[0] - time to live = 0 for message: ask message for missing message 1
NOT IMPLEMENTED YET
client[3] - Room: stanza(client[3], 1) - Asked for message: 1
client[3] - time to live = 0 for message: ask message for missing message 1
client[0] - Room: stanza(client[3], 1) - Message discarded for I'm not a recipient: 
client[0] - time to live = 0 for message: ask message for missing message 1
NOT IMPLEMENTED YET
client[3] - Room: stanza(client[3], 1) - Asked for message: 36
client[3] - time to live = 0 for message: ask message for missing message 36
client[0] - Room: stanza(client[3], 1) - Message discarded for I'm not a recipient: 
client[0] - time to live = 0 for message: ask message for missing message 36
client[2] - Sending message to room stanza(client[1], 2) - msg(273,client[2])
client[1] - stanza(client[1], 2) - Displayed message: msg(273,client[2]) from user client[2]
client[1] - Room: stanza(client[1], 2) - Message received: msg(273,client[2])
client[1] - time to live = 0 for message: message from client[2] to stanza(client[1], 2)
client[3] - Room: stanza(client[1], 2) - Message discarded for I'm not a recipient: 
client[3] - time to live = 0 for message: message from client[2] to stanza(client[1], 2)
client[1] - Sending message to room stanza(client[1], 2) - msg(349,client[1])
client[0] - Asked for message: 2 - Room: stanza(client[1], 2)
client[0] - Asked for message: 1 - Room: stanza(client[1], 2)
client[0] - Asked for message: 1 - Room: stanza(client[1], 2)
client[0] - Asked for message: 17 - Room: stanza(client[1], 2)
client[0] - Asked for message: 1 - Room: stanza(client[1], 2)
client[0] - time to live = 0 for message: message from client[1] to stanza(client[1], 2)
client[2] - Asked for message: 2 - Room: stanza(client[1], 2)
client[2] - Asked for message: 1 - Room: stanza(client[1], 2)
client[2] - Asked for message: 1 - Room: stanza(client[1], 2)
client[2] - Asked for message: 1 - Room: stanza(client[1], 2)
client[2] - Asked for message: 14 - Room: stanza(client[1], 2)
client[2] - time to live = 0 for message: message from client[1] to stanza(client[1], 2)
client[4] - Room: stanza(client[1], 2) - Message discarded for I'm not a recipient: 
client[4] - time to live = 0 for message: ask message for missing message 2
NOT IMPLEMENTED YET
client[1] - Room: stanza(client[1], 2) - Asked for message: 2
client[1] - time to live = 0 for message: ask message for missing message 2
client[4] - Room: stanza(client[1], 2) - Message discarded for I'm not a recipient: 
client[4] - time to live = 0 for message: ask message for missing message 1
NOT IMPLEMENTED YET
client[1] - Room: stanza(client[1], 2) - Asked for message: 1
client[1] - time to live = 0 for message: ask message for missing message 1
client[4] - Room: stanza(client[1], 2) - Message discarded for I'm not a recipient: 
client[4] - time to live = 0 for message: ask message for missing message 1
NOT IMPLEMENTED YET
client[1] - Room: stanza(client[1], 2) - Asked for message: 1
client[1] - time to live = 0 for message: ask message for missing message 1
client[4] - Room: stanza(client[1], 2) - Message discarded for I'm not a recipient: 
client[4] - time to live = 0 for message: ask message for missing message 17
NOT IMPLEMENTED YET
client[1] - Room: stanza(client[1], 2) - Asked for message: 17
client[1] - time to live = 0 for message: ask message for missing message 17
client[4] - Room: stanza(client[1], 2) - Message discarded for I'm not a recipient: 
client[4] - time to live = 0 for message: ask message for missing message 1
NOT IMPLEMENTED YET
client[1] - Room: stanza(client[1], 2) - Asked for message: 1
client[1] - time to live = 0 for message: ask message for missing message 1
NOT IMPLEMENTED YET
client[1] - Room: stanza(client[1], 2) - Asked for message: 2
client[1] - time to live = 0 for message: ask message for missing message 2
client[3] - Room: stanza(client[1], 2) - Message discarded for I'm not a recipient: 
client[3] - time to live = 0 for message: ask message for missing message 2
NOT IMPLEMENTED YET
client[1] - Room: stanza(client[1], 2) - Asked for message: 1
client[1] - time to live = 0 for message: ask message for missing message 1
client[3] - Room: stanza(client[1], 2) - Message discarded for I'm not a recipient: 
client[3] - time to live = 0 for message: ask message for missing message 1
NOT IMPLEMENTED YET
client[1] - Room: stanza(client[1], 2) - Asked for message: 1
client[1] - time to live = 0 for message: ask message for missing message 1
client[3] - Room: stanza(client[1], 2) - Message discarded for I'm not a recipient: 
client[3] - time to live = 0 for message: ask message for missing message 1
NOT IMPLEMENTED YET
client[1] - Room: stanza(client[1], 2) - Asked for message: 1
client[1] - time to live = 0 for message: ask message for missing message 1
client[3] - Room: stanza(client[1], 2) - Message discarded for I'm not a recipient: 
client[3] - time to live = 0 for message: ask message for missing message 1
NOT IMPLEMENTED YET
client[1] - Room: stanza(client[1], 2) - Asked for message: 14
client[1] - time to live = 0 for message: ask message for missing message 14
client[3] - Room: stanza(client[1], 2) - Message discarded for I'm not a recipient: 
client[3] - time to live = 0 for message: ask message for missing message 14
client[2] - Sending message to room stanza(client[2], 0) - msg(274,client[2])
client[1] - stanza(client[2], 0) - Displayed message: msg(274,client[2]) from user client[2]
client[1] - Room: stanza(client[2], 0) - Message received: msg(274,client[2])
client[1] - time to live = 0 for message: message from client[2] to stanza(client[2], 0)
client[3] - Room: stanza(client[2], 0) - Message discarded for I'm not a recipient: 
client[3] - time to live = 0 for message: message from client[2] to stanza(client[2], 0)
client[3] - Sending message to room stanza(client[3], 0) - msg(304,client[3])
client[2] - Room: stanza(client[3], 0) - Message discarded for I'm not a recipient: 
client[2] - time to live = 0 for message: message from client[3] to stanza(client[3], 0)
client[4] - stanza(client[3], 0) - Displayed message: msg(304,client[3]) from user client[3]
client[4] - Room: stanza(client[3], 0) - Message received: msg(304,client[3])
client[4] - time to live = 0 for message: message from client[3] to stanza(client[3], 0)
client[2] - Sent room creation: stanza(client[2], 6) with: client[2],client[3],client[4]
client[1] - Room: stanza(client[2], 6) - Message discarded for I'm not a recipient: 
client[1] - time to live = 0 for message: creation of room stanza(client[2], 6)
client[3] - Room created: stanza(client[2], 6)
client[3] - time to live = 0 for message: creation of room stanza(client[2], 6)
client[0] - Sending message to room stanza(client[0], 1) - msg(314,client[0])
client[4] - Asked for message: 1 - Room: stanza(client[0], 1)
client[4] - Asked for message: 1 - Room: stanza(client[0], 1)
client[4] - Asked for message: 1 - Room: stanza(client[0], 1)
client[4] - Asked for message: 63 - Room: stanza(client[0], 1)
client[4] - Asked for message: 1 - Room: stanza(client[0], 1)
client[4] - time to live = 0 for message: message from client[0] to stanza(client[0], 1)
client[1] - Asked for message: 1 - Room: stanza(client[0], 1)
client[1] - Asked for message: 1 - Room: stanza(client[0], 1)
client[1] - Asked for message: 1 - Room: stanza(client[0], 1)
client[1] - Asked for message: 1 - Room: stanza(client[0], 1)
client[1] - Asked for message: 76 - Room: stanza(client[0], 1)
client[1] - time to live = 0 for message: message from client[0] to stanza(client[0], 1)
client[3] - Room: stanza(client[0], 1) - Message discarded for I'm not a recipient: 
client[3] - time to live = 0 for message: ask message for missing message 1
NOT IMPLEMENTED YET
client[0] - Room: stanza(client[0], 1) - Asked for message: 1
client[0] - time to live = 0 for message: ask message for missing message 1
client[3] - Room: stanza(client[0], 1) - Message discarded for I'm not a recipient: 
client[3] - time to live = 0 for message: ask message for missing message 1
NOT IMPLEMENTED YET
client[0] - Room: stanza(client[0], 1) - Asked for message: 1
client[0] - time to live = 0 for message: ask message for missing message 1
client[3] - Room: stanza(client[0], 1) - Message discarded for I'm not a recipient: 
client[3] - time to live = 0 for message: ask message for missing message 1
NOT IMPLEMENTED YET
client[0] - Room: stanza(client[0], 1) - Asked for message: 1
client[0] - time to live = 0 for message: ask message for missing message 1
client[3] - Room: stanza(client[0], 1) - Message discarded for I'm not a recipient: 
client[3] - time to live = 0 for message: ask message for missing message 63
NOT IMPLEMENTED YET
client[0] - Room: stanza(client[0], 1) - Asked for message: 63
client[0] - time to live = 0 for message: ask message for missing message 63
client[3] - Room: stanza(client[0], 1) - Message discarded for I'm not a recipient: 
client[3] - time to live = 0 for message: ask message for missing message 1
NOT IMPLEMENTED YET
client[0] - Room: stanza(client[0], 1) - Asked for message: 1
client[0] - time to live = 0 for message: ask message for missing message 1
NOT IMPLEMENTED YET
client[0] - Room: stanza(client[0], 1) - Asked for message: 1
client[0] - time to live = 0 for message: ask message for missing message 1
client[2] - Room: stanza(client[0], 1) - Message discarded for I'm not a recipient: 
client[2] - time to live = 0 for message: ask message for missing message 1
NOT IMPLEMENTED YET
client[0] - Room: stanza(client[0], 1) - Asked for message: 1
client[0] - time to live = 0 for message: ask message for missing message 1
client[2] - Room: stanza(client[0], 1) - Message discarded for I'm not a recipient: 
client[2] - time to live = 0 for message: ask message for missing message 1
NOT IMPLEMENTED YET
client[0] - Room: stanza(client[0], 1) - Asked for message: 1
client[0] - time to live = 0 for message: ask message for missing message 1
client[2] - Room: stanza(client[0], 1) - Message discarded for I'm not a recipient: 
client[2] - time to live = 0 for message: ask message for missing message 1
NOT IMPLEMENTED YET
client[0] - Room: stanza(client[0], 1) - Asked for message: 1
client[0] - time to live = 0 for message: ask message for missing message 1
client[2] - Room: stanza(client[0], 1) - Message discarded for I'm not a recipient: 
client[2] - time to live = 0 for message: ask message for missing message 1
NOT IMPLEMENTED YET
client[0] - Room: stanza(client[0], 1) - Asked for message: 76
client[0] - time to live = 0 for message: ask message for missing message 76
client[2] - Room: stanza(client[0], 1) - Message discarded for I'm not a recipient: 
client[2] - time to live = 0 for message: ask message for missing message 76
client[2] - Sending message to room stanza(client[2], 4) - msg(275,client[2])
client[1] - Room: stanza(client[2], 4) - Message received: msg(275,client[2])
client[1] - time to live = 0 for message: message from client[2] to stanza(client[2], 4)
client[3] - Asked for message: 2 - Room: stanza(client[2], 4)
client[3] - Asked for message: 8 - Room: stanza(client[2], 4)
client[3] - Asked for message: 1 - Room: stanza(client[2], 4)
client[3] - Asked for message: 1 - Room: stanza(client[2], 4)
client[3] - Asked for message: 1 - Room: stanza(client[2], 4)
client[3] - time to live = 0 for message: message from client[2] to stanza(client[2], 4)
NOT IMPLEMENTED YET
client[2] - Room: stanza(client[2], 4) - Asked for message: 2
client[2] - time to live = 0 for message: ask message for missing message 2
client[4] - Room: stanza(client[2], 4) - Message discarded for I'm not a recipient: 
client[4] - time to live = 0 for message: ask message for missing message 2
NOT IMPLEMENTED YET
client[2] - Room: stanza(client[2], 4) - Asked for message: 8
client[2] - time to live = 0 for message: ask message for missing message 8
client[4] - Room: stanza(client[2], 4) - Message discarded for I'm not a recipient: 
client[4] - time to live = 0 for message: ask message for missing message 8
NOT IMPLEMENTED YET
client[2] - Room: stanza(client[2], 4) - Asked for message: 1
client[2] - time to live = 0 for message: ask message for missing message 1
client[4] - Room: stanza(client[2], 4) - Message discarded for I'm not a recipient: 
client[4] - time to live = 0 for message: ask message for missing message 1
NOT IMPLEMENTED YET
client[2] - Room: stanza(client[2], 4) - Asked for message: 1
client[2] - time to live = 0 for message: ask message for missing message 1
client[4] - Room: stanza(client[2], 4) - Message discarded for I'm not a recipient: 
client[4] - time to live = 0 for message: ask message for missing message 1
NOT IMPLEMENTED YET
client[2] - Room: stanza(client[2], 4) - Asked for message: 1
client[2] - time to live = 0 for message: ask message for missing message 1
client[4] - Room: stanza(client[2], 4) - Message discarded for I'm not a recipient: 
client[4] - time to live = 0 for message: ask message for missing message 1
client[3] - Sending message to room stanza(client[3], 12) - msg(305,client[3])
client[2] - stanza(client[3], 12) - Displayed message: msg(305,client[3]) from user client[3]
client[2] - Room: stanza(client[3], 12) - Message received: msg(305,client[3])
client[2] - time to live = 0 for message: message from client[3] to stanza(client[3], 12)
client[4] - stanza(client[3], 12) - Displayed message: msg(305,client[3]) from user client[3]
client[4] - Room: stanza(client[3], 12) - Message received: msg(305,client[3])
client[4] - time to live = 0 for message: message from client[3] to stanza(client[3], 12)
client[1] - Sending message to room stanza(client[2], 1) - msg(350,client[1])
client[0] - Room: stanza(client[2], 1) - Message discarded for I'm not a recipient: 
client[0] - time to live = 0 for message: message from client[1] to stanza(client[2], 1)
client[2] - stanza(client[2], 1) - Displayed message: msg(350,client[1]) from user client[1]
client[2] - Room: stanza(client[2], 1) - Message received: msg(350,client[1])
client[2] - time to live = 0 for message: message from client[1] to stanza(client[2], 1)
client[2] - Sending message to room stanza(client[3], 2) - msg(276,client[2])
client[1] - Room: stanza(client[3], 2) - Message discarded for I'm not a recipient: 
client[1] - time to live = 0 for message: message from client[2] to stanza(client[3], 2)
client[3] - stanza(client[3], 2) - Displayed message: msg(276,client[2]) from user client[2]
client[3] - Room: stanza(client[3], 2) - Message received: msg(276,client[2])
client[3] - time to live = 0 for message: message from client[2] to stanza(client[3], 2)
client[3] - Sent room creation: stanza(client[3], 13) with: client[3],client[1],client[0],client[2]
client[2] - Room created: stanza(client[3], 13)
client[2] - time to live = 0 for message: creation of room stanza(client[3], 13)
client[4] - Room: stanza(client[3], 13) - Message discarded for I'm not a recipient: 
client[4] - time to live = 0 for message: creation of room stanza(client[3], 13)
client[1] - Sending message to room stanza(client[2], 4) - msg(351,client[1])
client[0] - Room: stanza(client[2], 4) - Message discarded for I'm not a recipient: 
client[0] - time to live = 0 for message: message from client[1] to stanza(client[2], 4)
client[2] - stanza(client[2], 4) - Displayed message: msg(351,client[1]) from user client[1]
client[2] - Room: stanza(client[2], 4) - Message received: msg(351,client[1])
client[2] - time to live = 0 for message: message from client[1] to stanza(client[2], 4)
client[4] - Sending message to room stanza(client[3], 1) - msg(335,client[4])
client[3] - stanza(client[3], 1) - Displayed message: msg(335,client[4]) from user client[4]
client[3] - Room: stanza(client[3], 1) - Message received: msg(335,client[4])
client[3] - time to live = 0 for message: message from client[4] to stanza(client[3], 1)
client[0] - Room: stanza(client[3], 1) - Message discarded for I'm not a recipient: 
client[0] - time to live = 0 for message: message from client[4] to stanza(client[3], 1)
client[1] - Sent room creation: stanza(client[1], 4) with: client[1],client[2],client[0],client[3],client[4]
client[0] - Room created: stanza(client[1], 4)
client[0] - time to live = 0 for message: creation of room stanza(client[1], 4)
client[2] - Room created: stanza(client[1], 4)
client[2] - time to live = 0 for message: creation of room stanza(client[1], 4)
client[2] - Sending message to room stanza(client[3], 1) - msg(277,client[2])
client[1] - Room: stanza(client[3], 1) - Message discarded for I'm not a recipient: 
client[1] - time to live = 0 for message: message from client[2] to stanza(client[3], 1)
client[3] - stanza(client[3], 1) - Displayed message: msg(277,client[2]) from user client[2]
client[3] - Room: stanza(client[3], 1) - Message received: msg(277,client[2])
client[3] - time to live = 0 for message: message from client[2] to stanza(client[3], 1)
client[3] - Sending message to room stanza(client[2], 6) - msg(306,client[3])
client[2] - stanza(client[2], 6) - Displayed message: msg(306,client[3]) from user client[3]
client[2] - Room: stanza(client[2], 6) - Message received: msg(306,client[3])
client[2] - time to live = 0 for message: message from client[3] to stanza(client[2], 6)
client[4] - Room: stanza(client[2], 6) - Message discarded for I'm not a recipient: 
client[4] - time to live = 0 for message: message from client[3] to stanza(client[2], 6)
client[4] - Sending message to room stanza(client[3], 7) - msg(336,client[4])
client[3] - stanza(client[3], 7) - Displayed message: msg(336,client[4]) from user client[4]
client[3] - Room: stanza(client[3], 7) - Message received: msg(336,client[4])
client[3] - time to live = 0 for message: message from client[4] to stanza(client[3], 7)
client[0] - Room: stanza(client[3], 7) - Message discarded for I'm not a recipient: 
client[0] - time to live = 0 for message: message from client[4] to stanza(client[3], 7)
client[1] - Sending message to room stanza(client[2], 5) - msg(352,client[1])
client[0] - Room: stanza(client[2], 5) - Message discarded for I'm not a recipient: 
client[0] - time to live = 0 for message: message from client[1] to stanza(client[2], 5)
client[2] - stanza(client[2], 5) - Displayed message: msg(352,client[1]) from user client[1]
client[2] - Room: stanza(client[2], 5) - Message received: msg(352,client[1])
client[2] - time to live = 0 for message: message from client[1] to stanza(client[2], 5)
client[0] - Sending message to room stanza(client[0], 0) - msg(315,client[0])
client[4] - Room: stanza(client[0], 0) - Message discarded for I'm not a recipient: 
client[4] - time to live = 0 for message: message from client[0] to stanza(client[0], 0)
client[1] - Room: stanza(client[0], 0) - Message discarded for I'm not a recipient: 
client[1] - time to live = 0 for message: message from client[0] to stanza(client[0], 0)
client[2] - Sending message to room stanza(client[2], 6) - msg(278,client[2])
client[1] - Room: stanza(client[2], 6) - Message discarded for I'm not a recipient: 
client[1] - time to live = 0 for message: message from client[2] to stanza(client[2], 6)
client[3] - stanza(client[2], 6) - Displayed message: msg(278,client[2]) from user client[2]
client[3] - Room: stanza(client[2], 6) - Message received: msg(278,client[2])
client[3] - time to live = 0 for message: message from client[2] to stanza(client[2], 6)
client[3] - Sending message to room stanza(client[2], 6) - msg(307,client[3])
client[2] - stanza(client[2], 6) - Displayed message: msg(307,client[3]) from user client[3]
client[2] - Room: stanza(client[2], 6) - Message received: msg(307,client[3])
client[2] - time to live = 0 for message: message from client[3] to stanza(client[2], 6)
client[4] - Room: stanza(client[2], 6) - Message discarded for I'm not a recipient: 
client[4] - time to live = 0 for message: message from client[3] to stanza(client[2], 6)
client[0] - Sending message to room stanza(client[4], 0) - msg(316,client[0])
client[4] - stanza(client[4], 0) - Displayed message: msg(316,client[0]) from user client[0]
client[4] - Room: stanza(client[4], 0) - Message received: msg(316,client[0])
client[4] - time to live = 0 for message: message from client[0] to stanza(client[4], 0)
client[1] - Room: stanza(client[4], 0) - Message discarded for I'm not a recipient: 
client[1] - time to live = 0 for message: message from client[0] to stanza(client[4], 0)
client[3] - Sending message to room stanza(client[4], 3) - msg(308,client[3])
client[2] - Room: stanza(client[4], 3) - Message discarded for I'm not a recipient: 
client[2] - time to live = 0 for message: message from client[3] to stanza(client[4], 3)
client[4] - stanza(client[4], 3) - Displayed message: msg(308,client[3]) from user client[3]
client[4] - Room: stanza(client[4], 3) - Message received: msg(308,client[3])
client[4] - time to live = 0 for message: message from client[3] to stanza(client[4], 3)
client[1] - Sending message to room stanza(client[1], 4) - msg(353,client[1])
client[0] - stanza(client[1], 4) - Displayed message: msg(353,client[1]) from user client[1]
client[0] - Room: stanza(client[1], 4) - Message received: msg(353,client[1])
client[0] - time to live = 0 for message: message from client[1] to stanza(client[1], 4)
client[2] - stanza(client[1], 4) - Displayed message: msg(353,client[1]) from user client[1]
client[2] - Room: stanza(client[1], 4) - Message received: msg(353,client[1])
client[2] - time to live = 0 for message: message from client[1] to stanza(client[1], 4)
client[0] - Sending message to room stanza(client[4], 5) - msg(317,client[0])
client[4] - stanza(client[4], 5) - Displayed message: msg(317,client[0]) from user client[0]
client[4] - Room: stanza(client[4], 5) - Message received: msg(317,client[0])
client[4] - time to live = 0 for message: message from client[0] to stanza(client[4], 5)
client[1] - Room: stanza(client[4], 5) - Message discarded for I'm not a recipient: 
client[1] - time to live = 0 for message: message from client[0] to stanza(client[4], 5)
client[4] - Sending message to room stanza(client[0], 4) - msg(337,client[4])
client[3] - Room: stanza(client[0], 4) - Message discarded for I'm not a recipient: 
client[3] - time to live = 0 for message: message from client[4] to stanza(client[0], 4)
client[0] - stanza(client[0], 4) - Displayed message: msg(337,client[4]) from user client[4]
client[0] - Room: stanza(client[0], 4) - Message received: msg(337,client[4])
client[0] - time to live = 0 for message: message from client[4] to stanza(client[0], 4)
client[2] - Sending message to room stanza(client[2], 5) - msg(279,client[2])
client[1] - stanza(client[2], 5) - Displayed message: msg(279,client[2]) from user client[2]
client[1] - Room: stanza(client[2], 5) - Message received: msg(279,client[2])
client[1] - time to live = 0 for message: message from client[2] to stanza(client[2], 5)
client[3] - Room: stanza(client[2], 5) - Message discarded for I'm not a recipient: 
client[3] - time to live = 0 for message: message from client[2] to stanza(client[2], 5)
client[3] - Sending message to room stanza(client[3], 5) - msg(309,client[3])
client[2] - Room: stanza(client[3], 5) - Message discarded for I'm not a recipient: 
client[2] - time to live = 0 for message: message from client[3] to stanza(client[3], 5)
client[4] - stanza(client[3], 5) - Displayed message: msg(309,client[3]) from user client[3]
client[4] - Room: stanza(client[3], 5) - Message received: msg(309,client[3])
client[4] - time to live = 0 for message: message from client[3] to stanza(client[3], 5)
client[1] - Sending message to room stanza(client[1], 0) - msg(354,client[1])
client[0] - stanza(client[1], 0) - Displayed message: msg(354,client[1]) from user client[1]
client[0] - Room: stanza(client[1], 0) - Message received: msg(354,client[1])
client[0] - time to live = 0 for message: message from client[1] to stanza(client[1], 0)
client[2] - Room: stanza(client[1], 0) - Message discarded for I'm not a recipient: 
client[2] - time to live = 0 for message: message from client[1] to stanza(client[1], 0)
client[2] - Sending message to room stanza(client[3], 13) - msg(280,client[2])
client[1] - Room: stanza(client[3], 13) - Message discarded for I'm not a recipient: 
client[1] - time to live = 0 for message: message from client[2] to stanza(client[3], 13)
client[3] - stanza(client[3], 13) - Displayed message: msg(280,client[2]) from user client[2]
client[3] - Room: stanza(client[3], 13) - Message received: msg(280,client[2])
client[3] - time to live = 0 for message: message from client[2] to stanza(client[3], 13)
client[4] - Sending message to room stanza(client[3], 0) - msg(338,client[4])
client[3] - stanza(client[3], 0) - Displayed message: msg(338,client[4]) from user client[4]
client[3] - Room: stanza(client[3], 0) - Message received: msg(338,client[4])
client[3] - time to live = 0 for message: message from client[4] to stanza(client[3], 0)
client[0] - Room: stanza(client[3], 0) - Message discarded for I'm not a recipient: 
client[0] - time to live = 0 for message: message from client[4] to stanza(client[3], 0)
client[1] - Sending message to room stanza(client[1], 0) - msg(355,client[1])
client[0] - stanza(client[1], 0) - Displayed message: msg(355,client[1]) from user client[1]
client[0] - Room: stanza(client[1], 0) - Message received: msg(355,client[1])
client[0] - time to live = 0 for message: message from client[1] to stanza(client[1], 0)
client[2] - Room: stanza(client[1], 0) - Message discarded for I'm not a recipient: 
client[2] - time to live = 0 for message: message from client[1] to stanza(client[1], 0)
client[4] - Sending message to room stanza(client[4], 1) - msg(339,client[4])
client[3] - Asked for message: 2 - Room: stanza(client[4], 1)
client[3] - Asked for message: 1 - Room: stanza(client[4], 1)
client[3] - Asked for message: 1 - Room: stanza(client[4], 1)
client[3] - Asked for message: 33 - Room: stanza(client[4], 1)
client[3] - time to live = 0 for message: message from client[4] to stanza(client[4], 1)
client[0] - Asked for message: 2 - Room: stanza(client[4], 1)
client[0] - Asked for message: 1 - Room: stanza(client[4], 1)
client[0] - Asked for message: 18 - Room: stanza(client[4], 1)
client[0] - Asked for message: 1 - Room: stanza(client[4], 1)
client[0] - time to live = 0 for message: message from client[4] to stanza(client[4], 1)
client[2] - Room: stanza(client[4], 1) - Message discarded for I'm not a recipient: 
client[2] - time to live = 0 for message: ask message for missing message 2
NOT IMPLEMENTED YET
client[4] - Room: stanza(client[4], 1) - Asked for message: 2
client[4] - time to live = 0 for message: ask message for missing message 2
client[2] - Room: stanza(client[4], 1) - Message discarded for I'm not a recipient: 
client[2] - time to live = 0 for message: ask message for missing message 1
NOT IMPLEMENTED YET
client[4] - Room: stanza(client[4], 1) - Asked for message: 1
client[4] - time to live = 0 for message: ask message for missing message 1
client[2] - Room: stanza(client[4], 1) - Message discarded for I'm not a recipient: 
client[2] - time to live = 0 for message: ask message for missing message 1
NOT IMPLEMENTED YET
client[4] - Room: stanza(client[4], 1) - Asked for message: 1
client[4] - time to live = 0 for message: ask message for missing message 1
client[2] - Room: stanza(client[4], 1) - Message discarded for I'm not a recipient: 
client[2] - time to live = 0 for message: ask message for missing message 33
NOT IMPLEMENTED YET
client[4] - Room: stanza(client[4], 1) - Asked for message: 33
client[4] - time to live = 0 for message: ask message for missing message 33
NOT IMPLEMENTED YET
client[4] - Room: stanza(client[4], 1) - Asked for message: 2
client[4] - time to live = 0 for message: ask message for missing message 2
client[1] - Room: stanza(client[4], 1) - Message discarded for I'm not a recipient: 
client[1] - time to live = 0 for message: ask message for missing message 2
NOT IMPLEMENTED YET
client[4] - Room: stanza(client[4], 1) - Asked for message: 1
client[4] - time to live = 0 for message: ask message for missing message 1
client[1] - Room: stanza(client[4], 1) - Message discarded for I'm not a recipient: 
client[1] - time to live = 0 for message: ask message for missing message 1
NOT IMPLEMENTED YET
client[4] - Room: stanza(client[4], 1) - Asked for message: 18
client[4] - time to live = 0 for message: ask message for missing message 18
client[1] - Room: stanza(client[4], 1) - Message discarded for I'm not a recipient: 
client[1] - time to live = 0 for message: ask message for missing message 18
NOT IMPLEMENTED YET
client[4] - Room: stanza(client[4], 1) - Asked for message: 1
client[4] - time to live = 0 for message: ask message for missing message 1
client[1] - Room: stanza(client[4], 1) - Message discarded for I'm not a recipient: 
client[1] - time to live = 0 for message: ask message for missing message 1
client[2] - Sending message to room stanza(client[1], 4) - msg(281,client[2])
client[1] - stanza(client[1], 4) - Displayed message: msg(281,client[2]) from user client[2]
client[1] - Room: stanza(client[1], 4) - Message received: msg(281,client[2])
client[1] - time to live = 0 for message: message from client[2] to stanza(client[1], 4)
client[3] - Room: stanza(client[1], 4) - Message discarded for I'm not a recipient: 
client[3] - time to live = 0 for message: message from client[2] to stanza(client[1], 4)
client[0] - Sending message to room stanza(client[1], 3) - msg(318,client[0])
client[4] - Room: stanza(client[1], 3) - Message discarded for I'm not a recipient: 
client[4] - time to live = 0 for message: message from client[0] to stanza(client[1], 3)
client[1] - stanza(client[1], 3) - Displayed message: msg(318,client[0]) from user client[0]
client[1] - Room: stanza(client[1], 3) - Message received: msg(318,client[0])
client[1] - time to live = 0 for message: message from client[0] to stanza(client[1], 3)
client[3] - Sending message to room stanza(client[3], 1) - msg(310,client[3])
client[2] - Asked for message: 3 - Room: stanza(client[3], 1)
client[2] - Asked for message: 1 - Room: stanza(client[3], 1)
client[2] - Asked for message: 46 - Room: stanza(client[3], 1)
client[2] - Asked for message: 1 - Room: stanza(client[3], 1)
client[2] - Asked for message: 1 - Room: stanza(client[3], 1)
client[2] - time to live = 0 for message: message from client[3] to stanza(client[3], 1)
client[4] - Asked for message: 1 - Room: stanza(client[3], 1)
client[4] - Asked for message: 1 - Room: stanza(client[3], 1)
client[4] - Asked for message: 1 - Room: stanza(client[3], 1)
client[4] - Asked for message: 1 - Room: stanza(client[3], 1)
client[4] - Asked for message: 37 - Room: stanza(client[3], 1)
client[4] - time to live = 0 for message: message from client[3] to stanza(client[3], 1)
client[1] - Room: stanza(client[3], 1) - Message discarded for I'm not a recipient: 
client[1] - time to live = 0 for message: ask message for missing message 3
NOT IMPLEMENTED YET
client[3] - Room: stanza(client[3], 1) - Asked for message: 3
client[3] - time to live = 0 for message: ask message for missing message 3
client[1] - Room: stanza(client[3], 1) - Message discarded for I'm not a recipient: 
client[1] - time to live = 0 for message: ask message for missing message 1
NOT IMPLEMENTED YET
client[3] - Room: stanza(client[3], 1) - Asked for message: 1
client[3] - time to live = 0 for message: ask message for missing message 1
client[1] - Room: stanza(client[3], 1) - Message discarded for I'm not a recipient: 
client[1] - time to live = 0 for message: ask message for missing message 46
NOT IMPLEMENTED YET
client[3] - Room: stanza(client[3], 1) - Asked for message: 46
client[3] - time to live = 0 for message: ask message for missing message 46
client[1] - Room: stanza(client[3], 1) - Message discarded for I'm not a recipient: 
client[1] - time to live = 0 for message: ask message for missing message 1
NOT IMPLEMENTED YET
client[3] - Room: stanza(client[3], 1) - Asked for message: 1
client[3] - time to live = 0 for message: ask message for missing message 1
client[1] - Room: stanza(client[3], 1) - Message discarded for I'm not a recipient: 
client[1] - time to live = 0 for message: ask message for missing message 1
NOT IMPLEMENTED YET
client[3] - Room: stanza(client[3], 1) - Asked for message: 1
client[3] - time to live = 0 for message: ask message for missing message 1
NOT IMPLEMENTED YET
client[3] - Room: stanza(client[3], 1) - Asked for message: 1
client[3] - time to live = 0 for message: ask message for missing message 1
client[0] - Room: stanza(client[3], 1) - Message discarded for I'm not a recipient: 
client[0] - time to live = 0 for message: ask message for missing message 1
NOT IMPLEMENTED YET
client[3] - Room: stanza(client[3], 1) - Asked for message: 1
client[3] - time to live = 0 for message: ask message for missing message 1
client[0] - Room: stanza(client[3], 1) - Message discarded for I'm not a recipient: 
client[0] - time to live = 0 for message: ask message for missing message 1
NOT IMPLEMENTED YET
client[3] - Room: stanza(client[3], 1) - Asked for message: 1
client[3] - time to live = 0 for message: ask message for missing message 1
client[0] - Room: stanza(client[3], 1) - Message discarded for I'm not a recipient: 
client[0] - time to live = 0 for message: ask message for missing message 1
NOT IMPLEMENTED YET
client[3] - Room: stanza(client[3], 1) - Asked for message: 1
client[3] - time to live = 0 for message: ask message for missing message 1
client[0] - Room: stanza(client[3], 1) - Message discarded for I'm not a recipient: 
client[0] - time to live = 0 for message: ask message for missing message 1
NOT IMPLEMENTED YET
client[3] - Room: stanza(client[3], 1) - Asked for message: 37
client[3] - time to live = 0 for message: ask message for missing message 37
client[0] - Room: stanza(client[3], 1) - Message discarded for I'm not a recipient: 
client[0] - time to live = 0 for message: ask message for missing message 37
client[0] - Sending message to room stanza(client[4], 5) - msg(319,client[0])
client[4] - stanza(client[4], 5) - Displayed message: msg(319,client[0]) from user client[0]
client[4] - Room: stanza(client[4], 5) - Message received: msg(319,client[0])
client[4] - time to live = 0 for message: message from client[0] to stanza(client[4], 5)
client[1] - Room: stanza(client[4], 5) - Message discarded for I'm not a recipient: 
client[1] - time to live = 0 for message: message from client[0] to stanza(client[4], 5)
client[2] - Sending message to room stanza(client[2], 6) - msg(282,client[2])
client[1] - Room: stanza(client[2], 6) - Message discarded for I'm not a recipient: 
client[1] - time to live = 0 for message: message from client[2] to stanza(client[2], 6)
client[3] - stanza(client[2], 6) - Displayed message: msg(282,client[2]) from user client[2]
client[3] - Room: stanza(client[2], 6) - Message received: msg(282,client[2])
client[3] - time to live = 0 for message: message from client[2] to stanza(client[2], 6)
client[3] - Sending message to room stanza(client[3], 1) - msg(311,client[3])
client[2] - Asked for message: 3 - Room: stanza(client[3], 1)
client[2] - Asked for message: 1 - Room: stanza(client[3], 1)
client[2] - Asked for message: 46 - Room: stanza(client[3], 1)
client[2] - Asked for message: 1 - Room: stanza(client[3], 1)
client[2] - Asked for message: 1 - Room: stanza(client[3], 1)
client[2] - time to live = 0 for message: message from client[3] to stanza(client[3], 1)
client[4] - Asked for message: 1 - Room: stanza(client[3], 1)
client[4] - Asked for message: 1 - Room: stanza(client[3], 1)
client[4] - Asked for message: 1 - Room: stanza(client[3], 1)
client[4] - Asked for message: 1 - Room: stanza(client[3], 1)
client[4] - Asked for message: 37 - Room: stanza(client[3], 1)
client[4] - time to live = 0 for message: message from client[3] to stanza(client[3], 1)
client[1] - Room: stanza(client[3], 1) - Message discarded for I'm not a recipient: 
client[1] - time to live = 0 for message: ask message for missing message 3
NOT IMPLEMENTED YET
client[3] - Room: stanza(client[3], 1) - Asked for message: 3
client[3] - time to live = 0 for message: ask message for missing message 3
client[1] - Room: stanza(client[3], 1) - Message discarded for I'm not a recipient: 
client[1] - time to live = 0 for message: ask message for missing message 1
NOT IMPLEMENTED YET
client[3] - Room: stanza(client[3], 1) - Asked for message: 1
client[3] - time to live = 0 for message: ask message for missing message 1
client[1] - Room: stanza(client[3], 1) - Message discarded for I'm not a recipient: 
client[1] - time to live = 0 for message: ask message for missing message 46
NOT IMPLEMENTED YET
client[3] - Room: stanza(client[3], 1) - Asked for message: 46
client[3] - time to live = 0 for message: ask message for missing message 46
client[1] - Room: stanza(client[3], 1) - Message discarded for I'm not a recipient: 
client[1] - time to live = 0 for message: ask message for missing message 1
NOT IMPLEMENTED YET
client[3] - Room: stanza(client[3], 1) - Asked for message: 1
client[3] - time to live = 0 for message: ask message for missing message 1
client[1] - Room: stanza(client[3], 1) - Message discarded for I'm not a recipient: 
client[1] - time to live = 0 for message: ask message for missing message 1
NOT IMPLEMENTED YET
client[3] - Room: stanza(client[3], 1) - Asked for message: 1
client[3] - time to live = 0 for message: ask message for missing message 1
NOT IMPLEMENTED YET
client[3] - Room: stanza(client[3], 1) - Asked for message: 1
client[3] - time to live = 0 for message: ask message for missing message 1
client[0] - Room: stanza(client[3], 1) - Message discarded for I'm not a recipient: 
client[0] - time to live = 0 for message: ask message for missing message 1
NOT IMPLEMENTED YET
client[3] - Room: stanza(client[3], 1) - Asked for message: 1
client[3] - time to live = 0 for message: ask message for missing message 1
client[0] - Room: stanza(client[3], 1) - Message discarded for I'm not a recipient: 
client[0] - time to live = 0 for message: ask message for missing message 1
NOT IMPLEMENTED YET
client[3] - Room: stanza(client[3], 1) - Asked for message: 1
client[3] - time to live = 0 for message: ask message for missing message 1
client[0] - Room: stanza(client[3], 1) - Message discarded for I'm not a recipient: 
client[0] - time to live = 0 for message: ask message for missing message 1
NOT IMPLEMENTED YET
client[3] - Room: stanza(client[3], 1) - Asked for message: 1
client[3] - time to live = 0 for message: ask message for missing message 1
client[0] - Room: stanza(client[3], 1) - Message discarded for I'm not a recipient: 
client[0] - time to live = 0 for message: ask message for missing message 1
NOT IMPLEMENTED YET
client[3] - Room: stanza(client[3], 1) - Asked for message: 37
client[3] - time to live = 0 for message: ask message for missing message 37
client[0] - Room: stanza(client[3], 1) - Message discarded for I'm not a recipient: 
client[0] - time to live = 0 for message: ask message for missing message 37
client[4] - Sending message to room stanza(client[0], 4) - msg(340,client[4])
client[3] - Room: stanza(client[0], 4) - Message discarded for I'm not a recipient: 
client[3] - time to live = 0 for message: message from client[4] to stanza(client[0], 4)
client[0] - stanza(client[0], 4) - Displayed message: msg(340,client[4]) from user client[4]
client[0] - Room: stanza(client[0], 4) - Message received: msg(340,client[4])
client[0] - time to live = 0 for message: message from client[4] to stanza(client[0], 4)
client[4] - Sending message to room stanza(client[3], 1) - msg(341,client[4])
client[3] - stanza(client[3], 1) - Displayed message: msg(341,client[4]) from user client[4]
client[3] - Room: stanza(client[3], 1) - Message received: msg(341,client[4])
client[3] - time to live = 0 for message: message from client[4] to stanza(client[3], 1)
client[0] - Room: stanza(client[3], 1) - Message discarded for I'm not a recipient: 
client[0] - time to live = 0 for message: message from client[4] to stanza(client[3], 1)
client[0] - Sending message to room stanza(client[4], 3) - msg(320,client[0])
client[4] - stanza(client[4], 3) - Displayed message: msg(320,client[0]) from user client[0]
client[4] - Room: stanza(client[4], 3) - Message received: msg(320,client[0])
client[4] - time to live = 0 for message: message from client[0] to stanza(client[4], 3)
client[1] - Room: stanza(client[4], 3) - Message discarded for I'm not a recipient: 
client[1] - time to live = 0 for message: message from client[0] to stanza(client[4], 3)
client[1] - Sending message to room stanza(client[2], 5) - msg(356,client[1])
client[0] - Room: stanza(client[2], 5) - Message discarded for I'm not a recipient: 
client[0] - time to live = 0 for message: message from client[1] to stanza(client[2], 5)
client[2] - stanza(client[2], 5) - Displayed message: msg(356,client[1]) from user client[1]
client[2] - Room: stanza(client[2], 5) - Message received: msg(356,client[1])
client[2] - time to live = 0 for message: message from client[1] to stanza(client[2], 5)
client[3] - Sending message to room stanza(client[2], 6) - msg(312,client[3])
client[2] - stanza(client[2], 6) - Displayed message: msg(312,client[3]) from user client[3]
client[2] - Room: stanza(client[2], 6) - Message received: msg(312,client[3])
client[2] - time to live = 0 for message: message from client[3] to stanza(client[2], 6)
client[4] - Room: stanza(client[2], 6) - Message discarded for I'm not a recipient: 
client[4] - time to live = 0 for message: message from client[3] to stanza(client[2], 6)
client[2] - Sending message to room stanza(client[3], 2) - msg(283,client[2])
client[1] - Room: stanza(client[3], 2) - Message discarded for I'm not a recipient: 
client[1] - time to live = 0 for message: message from client[2] to stanza(client[3], 2)
client[3] - stanza(client[3], 2) - Displayed message: msg(283,client[2]) from user client[2]
client[3] - Room: stanza(client[3], 2) - Message received: msg(283,client[2])
client[3] - time to live = 0 for message: message from client[2] to stanza(client[3], 2)
client[4] - Sending message to room stanza(client[3], 6) - msg(342,client[4])
client[3] - stanza(client[3], 6) - Displayed message: msg(342,client[4]) from user client[4]
client[3] - Room: stanza(client[3], 6) - Message received: msg(342,client[4])
client[3] - time to live = 0 for message: message from client[4] to stanza(client[3], 6)
client[0] - Room: stanza(client[3], 6) - Message discarded for I'm not a recipient: 
client[0] - time to live = 0 for message: message from client[4] to stanza(client[3], 6)
client[0] - Sending message to room stanza(client[4], 3) - msg(321,client[0])
client[4] - stanza(client[4], 3) - Displayed message: msg(321,client[0]) from user client[0]
client[4] - Room: stanza(client[4], 3) - Message received: msg(321,client[0])
client[4] - time to live = 0 for message: message from client[0] to stanza(client[4], 3)
client[1] - Room: stanza(client[4], 3) - Message discarded for I'm not a recipient: 
client[1] - time to live = 0 for message: message from client[0] to stanza(client[4], 3)
client[3] - Sending message to room stanza(client[3], 4) - msg(313,client[3])
client[2] - Room: stanza(client[3], 4) - Message discarded for I'm not a recipient: 
client[2] - time to live = 0 for message: message from client[3] to stanza(client[3], 4)
client[4] - stanza(client[3], 4) - Displayed message: msg(313,client[3]) from user client[3]
client[4] - Room: stanza(client[3], 4) - Message received: msg(313,client[3])
client[4] - time to live = 0 for message: message from client[3] to stanza(client[3], 4)
client[4] - Sending message to room stanza(client[4], 3) - msg(343,client[4])
client[3] - Room: stanza(client[4], 3) - Message received: msg(343,client[4])
client[3] - time to live = 0 for message: message from client[4] to stanza(client[4], 3)
client[0] - Room: stanza(client[4], 3) - Message received: msg(343,client[4])
client[0] - time to live = 0 for message: message from client[4] to stanza(client[4], 3)
client[3] - Sending message to room stanza(client[3], 6) - msg(314,client[3])
client[2] - Room: stanza(client[3], 6) - Message discarded for I'm not a recipient: 
client[2] - time to live = 0 for message: message from client[3] to stanza(client[3], 6)
client[4] - stanza(client[3], 6) - Displayed message: msg(314,client[3]) from user client[3]
client[4] - Room: stanza(client[3], 6) - Message received: msg(314,client[3])
client[4] - time to live = 0 for message: message from client[3] to stanza(client[3], 6)
client[4] - Sending message to room stanza(client[3], 1) - msg(344,client[4])
client[3] - stanza(client[3], 1) - Displayed message: msg(344,client[4]) from user client[4]
client[3] - Room: stanza(client[3], 1) - Message received: msg(344,client[4])
client[3] - time to live = 0 for message: message from client[4] to stanza(client[3], 1)
client[0] - Room: stanza(client[3], 1) - Message discarded for I'm not a recipient: 
client[0] - time to live = 0 for message: message from client[4] to stanza(client[3], 1)
client[2] - Sending message to room stanza(client[2], 2) - msg(284,client[2])
client[1] - Room: stanza(client[2], 2) - Message discarded for I'm not a recipient: 
client[1] - time to live = 0 for message: message from client[2] to stanza(client[2], 2)
client[3] - stanza(client[2], 2) - Displayed message: msg(284,client[2]) from user client[2]
client[3] - Room: stanza(client[2], 2) - Message received: msg(284,client[2])
client[3] - time to live = 0 for message: message from client[2] to stanza(client[2], 2)
client[1] - Sending message to room stanza(client[1], 4) - msg(357,client[1])
client[0] - Room: stanza(client[1], 4) - Message received: msg(357,client[1])
client[0] - time to live = 0 for message: message from client[1] to stanza(client[1], 4)
client[2] - stanza(client[1], 4) - Displayed message: msg(357,client[1]) from user client[1]
client[2] - Room: stanza(client[1], 4) - Message received: msg(357,client[1])
client[2] - time to live = 0 for message: message from client[1] to stanza(client[1], 4)
client[1] - Sending message to room stanza(client[0], 3) - msg(358,client[1])
client[0] - stanza(client[0], 3) - Displayed message: msg(358,client[1]) from user client[1]
client[0] - Room: stanza(client[0], 3) - Message received: msg(358,client[1])
client[0] - time to live = 0 for message: message from client[1] to stanza(client[0], 3)
client[2] - Room: stanza(client[0], 3) - Message discarded for I'm not a recipient: 
client[2] - time to live = 0 for message: message from client[1] to stanza(client[0], 3)
client[2] - Sending message to room stanza(client[1], 2) - msg(285,client[2])
client[1] - stanza(client[1], 2) - Displayed message: msg(285,client[2]) from user client[2]
client[1] - Room: stanza(client[1], 2) - Message received: msg(285,client[2])
client[1] - time to live = 0 for message: message from client[2] to stanza(client[1], 2)
client[3] - Room: stanza(client[1], 2) - Message discarded for I'm not a recipient: 
client[3] - time to live = 0 for message: message from client[2] to stanza(client[1], 2)
client[4] - Sending message to room stanza(client[3], 12) - msg(345,client[4])
client[3] - stanza(client[3], 12) - Displayed message: msg(345,client[4]) from user client[4]
client[3] - Room: stanza(client[3], 12) - Message received: msg(345,client[4])
client[3] - time to live = 0 for message: message from client[4] to stanza(client[3], 12)
client[0] - Room: stanza(client[3], 12) - Message discarded for I'm not a recipient: 
client[0] - time to live = 0 for message: message from client[4] to stanza(client[3], 12)
client[1] - Sending message to room stanza(client[1], 1) - msg(359,client[1])
client[0] - Asked for message: 2 - Room: stanza(client[1], 1)
client[0] - Asked for message: 21 - Room: stanza(client[1], 1)
client[0] - Asked for message: 1 - Room: stanza(client[1], 1)
client[0] - Asked for message: 1 - Room: stanza(client[1], 1)
client[0] - time to live = 0 for message: message from client[1] to stanza(client[1], 1)
client[2] - Asked for message: 2 - Room: stanza(client[1], 1)
client[2] - Asked for message: 1 - Room: stanza(client[1], 1)
client[2] - Asked for message: 35 - Room: stanza(client[1], 1)
client[2] - Asked for message: 1 - Room: stanza(client[1], 1)
client[2] - time to live = 0 for message: message from client[1] to stanza(client[1], 1)
client[4] - Room: stanza(client[1], 1) - Message discarded for I'm not a recipient: 
client[4] - time to live = 0 for message: ask message for missing message 2
NOT IMPLEMENTED YET
client[1] - Room: stanza(client[1], 1) - Asked for message: 2
client[1] - time to live = 0 for message: ask message for missing message 2
client[4] - Room: stanza(client[1], 1) - Message discarded for I'm not a recipient: 
client[4] - time to live = 0 for message: ask message for missing message 21
NOT IMPLEMENTED YET
client[1] - Room: stanza(client[1], 1) - Asked for message: 21
client[1] - time to live = 0 for message: ask message for missing message 21
client[4] - Room: stanza(client[1], 1) - Message discarded for I'm not a recipient: 
client[4] - time to live = 0 for message: ask message for missing message 1
NOT IMPLEMENTED YET
client[1] - Room: stanza(client[1], 1) - Asked for message: 1
client[1] - time to live = 0 for message: ask message for missing message 1
client[4] - Room: stanza(client[1], 1) - Message discarded for I'm not a recipient: 
client[4] - time to live = 0 for message: ask message for missing message 1
NOT IMPLEMENTED YET
client[1] - Room: stanza(client[1], 1) - Asked for message: 1
client[1] - time to live = 0 for message: ask message for missing message 1
NOT IMPLEMENTED YET
client[1] - Room: stanza(client[1], 1) - Asked for message: 2
client[1] - time to live = 0 for message: ask message for missing message 2
client[3] - Room: stanza(client[1], 1) - Message discarded for I'm not a recipient: 
client[3] - time to live = 0 for message: ask message for missing message 2
NOT IMPLEMENTED YET
client[1] - Room: stanza(client[1], 1) - Asked for message: 1
client[1] - time to live = 0 for message: ask message for missing message 1
client[3] - Room: stanza(client[1], 1) - Message discarded for I'm not a recipient: 
client[3] - time to live = 0 for message: ask message for missing message 1
NOT IMPLEMENTED YET
client[1] - Room: stanza(client[1], 1) - Asked for message: 35
client[1] - time to live = 0 for message: ask message for missing message 35
client[3] - Room: stanza(client[1], 1) - Message discarded for I'm not a recipient: 
client[3] - time to live = 0 for message: ask message for missing message 35
NOT IMPLEMENTED YET
client[1] - Room: stanza(client[1], 1) - Asked for message: 1
client[1] - time to live = 0 for message: ask message for missing message 1
client[3] - Room: stanza(client[1], 1) - Message discarded for I'm not a recipient: 
client[3] - time to live = 0 for message: ask message for missing message 1
client[2] - Sending message to room stanza(client[1], 4) - msg(286,client[2])
client[1] - stanza(client[1], 4) - Displayed message: msg(286,client[2]) from user client[2]
client[1] - Room: stanza(client[1], 4) - Message received: msg(286,client[2])
client[1] - time to live = 0 for message: message from client[2] to stanza(client[1], 4)
client[3] - Room: stanza(client[1], 4) - Message discarded for I'm not a recipient: 
client[3] - time to live = 0 for message: message from client[2] to stanza(client[1], 4)
client[4] - Sending message to room stanza(client[4], 2) - msg(346,client[4])
client[3] - Room: stanza(client[4], 2) - Message discarded for I'm not a recipient: 
client[3] - time to live = 0 for message: message from client[4] to stanza(client[4], 2)
client[0] - stanza(client[4], 2) - Displayed message: msg(346,client[4]) from user client[4]
client[0] - Room: stanza(client[4], 2) - Message received: msg(346,client[4])
client[0] - time to live = 0 for message: message from client[4] to stanza(client[4], 2)
client[1] - Sending message to room stanza(client[1], 4) - msg(360,client[1])
client[0] - Room: stanza(client[1], 4) - Message received: msg(360,client[1])
client[0] - time to live = 0 for message: message from client[1] to stanza(client[1], 4)
client[2] - stanza(client[1], 4) - Displayed message: msg(360,client[1]) from user client[1]
client[2] - Room: stanza(client[1], 4) - Message received: msg(360,client[1])
client[2] - time to live = 0 for message: message from client[1] to stanza(client[1], 4)
client[3] - Sending message to room stanza(client[3], 0) - msg(315,client[3])
client[2] - Room: stanza(client[3], 0) - Message discarded for I'm not a recipient: 
client[2] - time to live = 0 for message: message from client[3] to stanza(client[3], 0)
client[4] - stanza(client[3], 0) - Displayed message: msg(315,client[3]) from user client[3]
client[4] - Room: stanza(client[3], 0) - Message received: msg(315,client[3])
client[4] - time to live = 0 for message: message from client[3] to stanza(client[3], 0)
client[4] - Sending message to room stanza(client[3], 4) - msg(347,client[4])
client[3] - stanza(client[3], 4) - Displayed message: msg(347,client[4]) from user client[4]
client[3] - Room: stanza(client[3], 4) - Message received: msg(347,client[4])
client[3] - time to live = 0 for message: message from client[4] to stanza(client[3], 4)
client[0] - Room: stanza(client[3], 4) - Message discarded for I'm not a recipient: 
client[0] - time to live = 0 for message: message from client[4] to stanza(client[3], 4)
client[4] - Sending message to room stanza(client[0], 1) - msg(348,client[4])
client[3] - Room: stanza(client[0], 1) - Message discarded for I'm not a recipient: 
client[3] - time to live = 0 for message: message from client[4] to stanza(client[0], 1)
client[0] - stanza(client[0], 1) - Displayed message: msg(348,client[4]) from user client[4]
client[0] - Room: stanza(client[0], 1) - Message received: msg(348,client[4])
client[0] - time to live = 0 for message: message from client[4] to stanza(client[0], 1)
client[0] - Sending message to room stanza(client[4], 3) - msg(322,client[0])
client[4] - stanza(client[4], 3) - Displayed message: msg(322,client[0]) from user client[0]
client[4] - Room: stanza(client[4], 3) - Message received: msg(322,client[0])
client[4] - time to live = 0 for message: message from client[0] to stanza(client[4], 3)
client[1] - Room: stanza(client[4], 3) - Message discarded for I'm not a recipient: 
client[1] - time to live = 0 for message: message from client[0] to stanza(client[4], 3)
client[3] - Sending message to room stanza(client[3], 1) - msg(316,client[3])
client[2] - Asked for message: 3 - Room: stanza(client[3], 1)
client[2] - Asked for message: 1 - Room: stanza(client[3], 1)
client[2] - Asked for message: 46 - Room: stanza(client[3], 1)
client[2] - Asked for message: 1 - Room: stanza(client[3], 1)
client[2] - Asked for message: 1 - Room: stanza(client[3], 1)
client[2] - time to live = 0 for message: message from client[3] to stanza(client[3], 1)
client[4] - Asked for message: 1 - Room: stanza(client[3], 1)
client[4] - Asked for message: 1 - Room: stanza(client[3], 1)
client[4] - Asked for message: 1 - Room: stanza(client[3], 1)
client[4] - Asked for message: 1 - Room: stanza(client[3], 1)
client[4] - Asked for message: 39 - Room: stanza(client[3], 1)
client[4] - time to live = 0 for message: message from client[3] to stanza(client[3], 1)
client[1] - Room: stanza(client[3], 1) - Message discarded for I'm not a recipient: 
client[1] - time to live = 0 for message: ask message for missing message 3
NOT IMPLEMENTED YET
client[3] - Room: stanza(client[3], 1) - Asked for message: 3
client[3] - time to live = 0 for message: ask message for missing message 3
client[1] - Room: stanza(client[3], 1) - Message discarded for I'm not a recipient: 
client[1] - time to live = 0 for message: ask message for missing message 1
NOT IMPLEMENTED YET
client[3] - Room: stanza(client[3], 1) - Asked for message: 1
client[3] - time to live = 0 for message: ask message for missing message 1
client[1] - Room: stanza(client[3], 1) - Message discarded for I'm not a recipient: 
client[1] - time to live = 0 for message: ask message for missing message 46
NOT IMPLEMENTED YET
client[3] - Room: stanza(client[3], 1) - Asked for message: 46
client[3] - time to live = 0 for message: ask message for missing message 46
client[1] - Room: stanza(client[3], 1) - Message discarded for I'm not a recipient: 
client[1] - time to live = 0 for message: ask message for missing message 1
NOT IMPLEMENTED YET
client[3] - Room: stanza(client[3], 1) - Asked for message: 1
client[3] - time to live = 0 for message: ask message for missing message 1
client[1] - Room: stanza(client[3], 1) - Message discarded for I'm not a recipient: 
client[1] - time to live = 0 for message: ask message for missing message 1
NOT IMPLEMENTED YET
client[3] - Room: stanza(client[3], 1) - Asked for message: 1
client[3] - time to live = 0 for message: ask message for missing message 1
NOT IMPLEMENTED YET
client[3] - Room: stanza(client[3], 1) - Asked for message: 1
client[3] - time to live = 0 for message: ask message for missing message 1
client[0] - Room: stanza(client[3], 1) - Message discarded for I'm not a recipient: 
client[0] - time to live = 0 for message: ask message for missing message 1
NOT IMPLEMENTED YET
client[3] - Room: stanza(client[3], 1) - Asked for message: 1
client[3] - time to live = 0 for message: ask message for missing message 1
client[0] - Room: stanza(client[3], 1) - Message discarded for I'm not a recipient: 
client[0] - time to live = 0 for message: ask message for missing message 1
NOT IMPLEMENTED YET
client[3] - Room: stanza(client[3], 1) - Asked for message: 1
client[3] - time to live = 0 for message: ask message for missing message 1
client[0] - Room: stanza(client[3], 1) - Message discarded for I'm not a recipient: 
client[0] - time to live = 0 for message: ask message for missing message 1
NOT IMPLEMENTED YET
client[3] - Room: stanza(client[3], 1) - Asked for message: 1
client[3] - time to live = 0 for message: ask message for missing message 1
client[0] - Room: stanza(client[3], 1) - Message discarded for I'm not a recipient: 
client[0] - time to live = 0 for message: ask message for missing message 1
NOT IMPLEMENTED YET
client[3] - Room: stanza(client[3], 1) - Asked for message: 39
client[3] - time to live = 0 for message: ask message for missing message 39
client[0] - Room: stanza(client[3], 1) - Message discarded for I'm not a recipient: 
client[0] - time to live = 0 for message: ask message for missing message 39
client[2] - Sending message to room stanza(client[3], 7) - msg(287,client[2])
client[1] - Room: stanza(client[3], 7) - Message discarded for I'm not a recipient: 
client[1] - time to live = 0 for message: message from client[2] to stanza(client[3], 7)
client[3] - stanza(client[3], 7) - Displayed message: msg(287,client[2]) from user client[2]
client[3] - Room: stanza(client[3], 7) - Message received: msg(287,client[2])
client[3] - time to live = 0 for message: message from client[2] to stanza(client[3], 7)
client[4] - Sending message to room stanza(client[3], 10) - msg(349,client[4])
client[3] - stanza(client[3], 10) - Displayed message: msg(349,client[4]) from user client[4]
client[3] - Room: stanza(client[3], 10) - Message received: msg(349,client[4])
client[3] - time to live = 0 for message: message from client[4] to stanza(client[3], 10)
client[0] - Room: stanza(client[3], 10) - Message discarded for I'm not a recipient: 
client[0] - time to live = 0 for message: message from client[4] to stanza(client[3], 10)
client[1] - Sending message to room stanza(client[0], 2) - msg(361,client[1])
client[0] - stanza(client[0], 2) - Displayed message: msg(361,client[1]) from user client[1]
client[0] - Room: stanza(client[0], 2) - Message received: msg(361,client[1])
client[0] - time to live = 0 for message: message from client[1] to stanza(client[0], 2)
client[2] - Room: stanza(client[0], 2) - Message discarded for I'm not a recipient: 
client[2] - time to live = 0 for message: message from client[1] to stanza(client[0], 2)
client[4] - Sending message to room stanza(client[3], 5) - msg(350,client[4])
client[3] - stanza(client[3], 5) - Displayed message: msg(350,client[4]) from user client[4]
client[3] - Room: stanza(client[3], 5) - Message received: msg(350,client[4])
client[3] - time to live = 0 for message: message from client[4] to stanza(client[3], 5)
client[0] - Room: stanza(client[3], 5) - Message discarded for I'm not a recipient: 
client[0] - time to live = 0 for message: message from client[4] to stanza(client[3], 5)
client[0] - Sending message to room stanza(client[0], 5) - msg(323,client[0])
client[4] - stanza(client[0], 5) - Displayed message: msg(323,client[0]) from user client[0]
client[4] - Room: stanza(client[0], 5) - Message received: msg(323,client[0])
client[4] - time to live = 0 for message: message from client[0] to stanza(client[0], 5)
client[1] - Room: stanza(client[0], 5) - Message discarded for I'm not a recipient: 
client[1] - time to live = 0 for message: message from client[0] to stanza(client[0], 5)
client[4] - Sending message to room stanza(client[4], 0) - msg(351,client[4])
client[3] - Room: stanza(client[4], 0) - Message discarded for I'm not a recipient: 
client[3] - time to live = 0 for message: message from client[4] to stanza(client[4], 0)
client[0] - stanza(client[4], 0) - Displayed message: msg(351,client[4]) from user client[4]
client[0] - Room: stanza(client[4], 0) - Message received: msg(351,client[4])
client[0] - time to live = 0 for message: message from client[4] to stanza(client[4], 0)
client[1] - Sending message to room stanza(client[0], 2) - msg(362,client[1])
client[0] - stanza(client[0], 2) - Displayed message: msg(362,client[1]) from user client[1]
client[0] - Room: stanza(client[0], 2) - Message received: msg(362,client[1])
client[0] - time to live = 0 for message: message from client[1] to stanza(client[0], 2)
client[2] - Room: stanza(client[0], 2) - Message discarded for I'm not a recipient: 
client[2] - time to live = 0 for message: message from client[1] to stanza(client[0], 2)
client[2] - Sending message to room stanza(client[3], 13) - msg(288,client[2])
client[1] - Room: stanza(client[3], 13) - Message discarded for I'm not a recipient: 
client[1] - time to live = 0 for message: message from client[2] to stanza(client[3], 13)
client[3] - stanza(client[3], 13) - Displayed message: msg(288,client[2]) from user client[2]
client[3] - Room: stanza(client[3], 13) - Message received: msg(288,client[2])
client[3] - time to live = 0 for message: message from client[2] to stanza(client[3], 13)
client[3] - Sending message to room stanza(client[3], 10) - msg(317,client[3])
client[2] - Room: stanza(client[3], 10) - Message discarded for I'm not a recipient: 
client[2] - time to live = 0 for message: message from client[3] to stanza(client[3], 10)
client[4] - stanza(client[3], 10) - Displayed message: msg(317,client[3]) from user client[3]
client[4] - Room: stanza(client[3], 10) - Message received: msg(317,client[3])
client[4] - time to live = 0 for message: message from client[3] to stanza(client[3], 10)
client[1] - Sent room creation: stanza(client[1], 5) with: client[1],client[3]
client[0] - Room: stanza(client[1], 5) - Message discarded for I'm not a recipient: 
client[0] - time to live = 0 for message: creation of room stanza(client[1], 5)
client[2] - Room: stanza(client[1], 5) - Message discarded for I'm not a recipient: 
client[2] - time to live = 0 for message: creation of room stanza(client[1], 5)
client[0] - Sending message to room stanza(client[0], 1) - msg(324,client[0])
client[4] - Asked for message: 1 - Room: stanza(client[0], 1)
client[4] - Asked for message: 1 - Room: stanza(client[0], 1)
client[4] - Asked for message: 1 - Room: stanza(client[0], 1)
client[4] - Asked for message: 64 - Room: stanza(client[0], 1)
client[4] - Asked for message: 1 - Room: stanza(client[0], 1)
client[4] - time to live = 0 for message: message from client[0] to stanza(client[0], 1)
client[1] - Asked for message: 1 - Room: stanza(client[0], 1)
client[1] - Asked for message: 1 - Room: stanza(client[0], 1)
client[1] - Asked for message: 1 - Room: stanza(client[0], 1)
client[1] - Asked for message: 1 - Room: stanza(client[0], 1)
client[1] - Asked for message: 76 - Room: stanza(client[0], 1)
client[1] - time to live = 0 for message: message from client[0] to stanza(client[0], 1)
client[3] - Room: stanza(client[0], 1) - Message discarded for I'm not a recipient: 
client[3] - time to live = 0 for message: ask message for missing message 1
NOT IMPLEMENTED YET
client[0] - Room: stanza(client[0], 1) - Asked for message: 1
client[0] - time to live = 0 for message: ask message for missing message 1
client[3] - Room: stanza(client[0], 1) - Message discarded for I'm not a recipient: 
client[3] - time to live = 0 for message: ask message for missing message 1
NOT IMPLEMENTED YET
client[0] - Room: stanza(client[0], 1) - Asked for message: 1
client[0] - time to live = 0 for message: ask message for missing message 1
client[3] - Room: stanza(client[0], 1) - Message discarded for I'm not a recipient: 
client[3] - time to live = 0 for message: ask message for missing message 1
NOT IMPLEMENTED YET
client[0] - Room: stanza(client[0], 1) - Asked for message: 1
client[0] - time to live = 0 for message: ask message for missing message 1
client[3] - Room: stanza(client[0], 1) - Message discarded for I'm not a recipient: 
client[3] - time to live = 0 for message: ask message for missing message 64
NOT IMPLEMENTED YET
client[0] - Room: stanza(client[0], 1) - Asked for message: 64
client[0] - time to live = 0 for message: ask message for missing message 64
client[3] - Room: stanza(client[0], 1) - Message discarded for I'm not a recipient: 
client[3] - time to live = 0 for message: ask message for missing message 1
NOT IMPLEMENTED YET
client[0] - Room: stanza(client[0], 1) - Asked for message: 1
client[0] - time to live = 0 for message: ask message for missing message 1
NOT IMPLEMENTED YET
client[0] - Room: stanza(client[0], 1) - Asked for message: 1
client[0] - time to live = 0 for message: ask message for missing message 1
client[2] - Room: stanza(client[0], 1) - Message discarded for I'm not a recipient: 
client[2] - time to live = 0 for message: ask message for missing message 1
NOT IMPLEMENTED YET
client[0] - Room: stanza(client[0], 1) - Asked for message: 1
client[0] - time to live = 0 for message: ask message for missing message 1
client[2] - Room: stanza(client[0], 1) - Message discarded for I'm not a recipient: 
client[2] - time to live = 0 for message: ask message for missing message 1
NOT IMPLEMENTED YET
client[0] - Room: stanza(client[0], 1) - Asked for message: 1
client[0] - time to live = 0 for message: ask message for missing message 1
client[2] - Room: stanza(client[0], 1) - Message discarded for I'm not a recipient: 
client[2] - time to live = 0 for message: ask message for missing message 1
NOT IMPLEMENTED YET
client[0] - Room: stanza(client[0], 1) - Asked for message: 1
client[0] - time to live = 0 for message: ask message for missing message 1
client[2] - Room: stanza(client[0], 1) - Message discarded for I'm not a recipient: 
client[2] - time to live = 0 for message: ask message for missing message 1
NOT IMPLEMENTED YET
client[0] - Room: stanza(client[0], 1) - Asked for message: 76
client[0] - time to live = 0 for message: ask message for missing message 76
client[2] - Room: stanza(client[0], 1) - Message discarded for I'm not a recipient: 
client[2] - time to live = 0 for message: ask message for missing message 76
client[4] - Sending message to room stanza(client[0], 5) - msg(352,client[4])
client[3] - Room: stanza(client[0], 5) - Message discarded for I'm not a recipient: 
client[3] - time to live = 0 for message: message from client[4] to stanza(client[0], 5)
client[0] - stanza(client[0], 5) - Displayed message: msg(352,client[4]) from user client[4]
client[0] - Room: stanza(client[0], 5) - Message received: msg(352,client[4])
client[0] - time to live = 0 for message: message from client[4] to stanza(client[0], 5)
client[1] - Sending message to room stanza(client[1], 5) - msg(363,client[1])
client[0] - Room: stanza(client[1], 5) - Message discarded for I'm not a recipient: 
client[0] - time to live = 0 for message: message from client[1] to stanza(client[1], 5)
client[2] - Room: stanza(client[1], 5) - Message discarded for I'm not a recipient: 
client[2] - time to live = 0 for message: message from client[1] to stanza(client[1], 5)
client[4] - Sending message to room stanza(client[3], 1) - msg(353,client[4])
client[3] - stanza(client[3], 1) - Displayed message: msg(353,client[4]) from user client[4]
client[3] - Room: stanza(client[3], 1) - Message received: msg(353,client[4])
client[3] - time to live = 0 for message: message from client[4] to stanza(client[3], 1)
client[0] - Room: stanza(client[3], 1) - Message discarded for I'm not a recipient: 
client[0] - time to live = 0 for message: message from client[4] to stanza(client[3], 1)
client[3] - Sending message to room stanza(client[3], 7) - msg(318,client[3])
client[2] - Room: stanza(client[3], 7) - Message received: msg(318,client[3])
client[2] - time to live = 0 for message: message from client[3] to stanza(client[3], 7)
client[4] - Room: stanza(client[3], 7) - Message received: msg(318,client[3])
client[4] - time to live = 0 for message: message from client[3] to stanza(client[3], 7)
client[2] - Sent room creation: stanza(client[2], 7) with: client[2],client[1],client[4],client[3]
client[1] - Room created: stanza(client[2], 7)
client[1] - time to live = 0 for message: creation of room stanza(client[2], 7)
client[3] - Room created: stanza(client[2], 7)
client[3] - time to live = 0 for message: creation of room stanza(client[2], 7)
client[3] - Sending message to room stanza(client[3], 6) - msg(319,client[3])
client[2] - Room: stanza(client[3], 6) - Message discarded for I'm not a recipient: 
client[2] - time to live = 0 for message: message from client[3] to stanza(client[3], 6)
client[4] - stanza(client[3], 6) - Displayed message: msg(319,client[3]) from user client[3]
client[4] - Room: stanza(client[3], 6) - Message received: msg(319,client[3])
client[4] - time to live = 0 for message: message from client[3] to stanza(client[3], 6)
client[3] - Sending message to room stanza(client[3], 7) - msg(320,client[3])
client[2] - Room: stanza(client[3], 7) - Message received: msg(320,client[3])
client[2] - time to live = 0 for message: message from client[3] to stanza(client[3], 7)
client[4] - Room: stanza(client[3], 7) - Message received: msg(320,client[3])
client[4] - time to live = 0 for message: message from client[3] to stanza(client[3], 7)
client[4] - Sending message to room stanza(client[4], 1) - msg(354,client[4])
client[3] - Asked for message: 2 - Room: stanza(client[4], 1)
client[3] - Asked for message: 1 - Room: stanza(client[4], 1)
client[3] - Asked for message: 1 - Room: stanza(client[4], 1)
client[3] - Asked for message: 33 - Room: stanza(client[4], 1)
client[3] - time to live = 0 for message: message from client[4] to stanza(client[4], 1)
client[0] - Asked for message: 2 - Room: stanza(client[4], 1)
client[0] - Asked for message: 1 - Room: stanza(client[4], 1)
client[0] - Asked for message: 18 - Room: stanza(client[4], 1)
client[0] - Asked for message: 1 - Room: stanza(client[4], 1)
client[0] - time to live = 0 for message: message from client[4] to stanza(client[4], 1)
client[2] - Room: stanza(client[4], 1) - Message discarded for I'm not a recipient: 
client[2] - time to live = 0 for message: ask message for missing message 2
NOT IMPLEMENTED YET
client[4] - Room: stanza(client[4], 1) - Asked for message: 2
client[4] - time to live = 0 for message: ask message for missing message 2
client[2] - Room: stanza(client[4], 1) - Message discarded for I'm not a recipient: 
client[2] - time to live = 0 for message: ask message for missing message 1
NOT IMPLEMENTED YET
client[4] - Room: stanza(client[4], 1) - Asked for message: 1
client[4] - time to live = 0 for message: ask message for missing message 1
client[2] - Room: stanza(client[4], 1) - Message discarded for I'm not a recipient: 
client[2] - time to live = 0 for message: ask message for missing message 1
NOT IMPLEMENTED YET
client[4] - Room: stanza(client[4], 1) - Asked for message: 1
client[4] - time to live = 0 for message: ask message for missing message 1
client[2] - Room: stanza(client[4], 1) - Message discarded for I'm not a recipient: 
client[2] - time to live = 0 for message: ask message for missing message 33
NOT IMPLEMENTED YET
client[4] - Room: stanza(client[4], 1) - Asked for message: 33
client[4] - time to live = 0 for message: ask message for missing message 33
NOT IMPLEMENTED YET
client[4] - Room: stanza(client[4], 1) - Asked for message: 2
client[4] - time to live = 0 for message: ask message for missing message 2
client[1] - Room: stanza(client[4], 1) - Message discarded for I'm not a recipient: 
client[1] - time to live = 0 for message: ask message for missing message 2
NOT IMPLEMENTED YET
client[4] - Room: stanza(client[4], 1) - Asked for message: 1
client[4] - time to live = 0 for message: ask message for missing message 1
client[1] - Room: stanza(client[4], 1) - Message discarded for I'm not a recipient: 
client[1] - time to live = 0 for message: ask message for missing message 1
NOT IMPLEMENTED YET
client[4] - Room: stanza(client[4], 1) - Asked for message: 18
client[4] - time to live = 0 for message: ask message for missing message 18
client[1] - Room: stanza(client[4], 1) - Message discarded for I'm not a recipient: 
client[1] - time to live = 0 for message: ask message for missing message 18
NOT IMPLEMENTED YET
client[4] - Room: stanza(client[4], 1) - Asked for message: 1
client[4] - time to live = 0 for message: ask message for missing message 1
client[1] - Room: stanza(client[4], 1) - Message discarded for I'm not a recipient: 
client[1] - time to live = 0 for message: ask message for missing message 1
client[2] - Sending message to room stanza(client[2], 3) - msg(289,client[2])
client[1] - Room: stanza(client[2], 3) - Message discarded for I'm not a recipient: 
client[1] - time to live = 0 for message: message from client[2] to stanza(client[2], 3)
client[3] - stanza(client[2], 3) - Displayed message: msg(289,client[2]) from user client[2]
client[3] - Room: stanza(client[2], 3) - Message received: msg(289,client[2])
client[3] - time to live = 0 for message: message from client[2] to stanza(client[2], 3)
client[3] - Sending message to room stanza(client[4], 1) - msg(321,client[3])
client[2] - Room: stanza(client[4], 1) - Message discarded for I'm not a recipient: 
client[2] - time to live = 0 for message: message from client[3] to stanza(client[4], 1)
client[4] - stanza(client[4], 1) - Displayed message: msg(321,client[3]) from user client[3]
client[4] - Room: stanza(client[4], 1) - Message received: msg(321,client[3])
client[4] - time to live = 0 for message: message from client[3] to stanza(client[4], 1)
client[0] - Sending message to room stanza(client[0], 5) - msg(325,client[0])
client[4] - stanza(client[0], 5) - Displayed message: msg(325,client[0]) from user client[0]
client[4] - Room: stanza(client[0], 5) - Message received: msg(325,client[0])
client[4] - time to live = 0 for message: message from client[0] to stanza(client[0], 5)
client[1] - Room: stanza(client[0], 5) - Message discarded for I'm not a recipient: 
client[1] - time to live = 0 for message: message from client[0] to stanza(client[0], 5)
client[1] - Sending message to room stanza(client[2], 1) - msg(364,client[1])
client[0] - Room: stanza(client[2], 1) - Message discarded for I'm not a recipient: 
client[0] - time to live = 0 for message: message from client[1] to stanza(client[2], 1)
client[2] - stanza(client[2], 1) - Displayed message: msg(364,client[1]) from user client[1]
client[2] - Room: stanza(client[2], 1) - Message received: msg(364,client[1])
client[2] - time to live = 0 for message: message from client[1] to stanza(client[2], 1)
client[2] - Sending message to room stanza(client[1], 2) - msg(290,client[2])
client[1] - stanza(client[1], 2) - Displayed message: msg(290,client[2]) from user client[2]
client[1] - Room: stanza(client[1], 2) - Message received: msg(290,client[2])
client[1] - time to live = 0 for message: message from client[2] to stanza(client[1], 2)
client[3] - Room: stanza(client[1], 2) - Message discarded for I'm not a recipient: 
client[3] - time to live = 0 for message: message from client[2] to stanza(client[1], 2)
client[3] - Sending message to room stanza(client[2], 2) - msg(322,client[3])
client[2] - stanza(client[2], 2) - Displayed message: msg(322,client[3]) from user client[3]
client[2] - Room: stanza(client[2], 2) - Message received: msg(322,client[3])
client[2] - time to live = 0 for message: message from client[3] to stanza(client[2], 2)
client[4] - Room: stanza(client[2], 2) - Message discarded for I'm not a recipient: 
client[4] - time to live = 0 for message: message from client[3] to stanza(client[2], 2)
client[2] - Sending message to room stanza(client[2], 5) - msg(291,client[2])
client[1] - stanza(client[2], 5) - Displayed message: msg(291,client[2]) from user client[2]
client[1] - Room: stanza(client[2], 5) - Message received: msg(291,client[2])
client[1] - time to live = 0 for message: message from client[2] to stanza(client[2], 5)
client[3] - Room: stanza(client[2], 5) - Message discarded for I'm not a recipient: 
client[3] - time to live = 0 for message: message from client[2] to stanza(client[2], 5)
client[4] - Sending message to room stanza(client[0], 1) - msg(355,client[4])
client[3] - Room: stanza(client[0], 1) - Message discarded for I'm not a recipient: 
client[3] - time to live = 0 for message: message from client[4] to stanza(client[0], 1)
client[0] - stanza(client[0], 1) - Displayed message: msg(355,client[4]) from user client[4]
client[0] - Room: stanza(client[0], 1) - Message received: msg(355,client[4])
client[0] - time to live = 0 for message: message from client[4] to stanza(client[0], 1)
client[2] - Sent room creation: stanza(client[2], 8) with: client[2],client[1],client[4],client[3],client[0]
client[1] - Room created: stanza(client[2], 8)
client[1] - time to live = 0 for message: creation of room stanza(client[2], 8)
client[3] - Room created: stanza(client[2], 8)
client[3] - time to live = 0 for message: creation of room stanza(client[2], 8)
client[2] - Sending message to room stanza(client[3], 13) - msg(292,client[2])
client[1] - Room: stanza(client[3], 13) - Message discarded for I'm not a recipient: 
client[1] - time to live = 0 for message: message from client[2] to stanza(client[3], 13)
client[3] - stanza(client[3], 13) - Displayed message: msg(292,client[2]) from user client[2]
client[3] - Room: stanza(client[3], 13) - Message received: msg(292,client[2])
client[3] - time to live = 0 for message: message from client[2] to stanza(client[3], 13)
client[4] - Sending message to room stanza(client[4], 2) - msg(356,client[4])
client[3] - Room: stanza(client[4], 2) - Message discarded for I'm not a recipient: 
client[3] - time to live = 0 for message: message from client[4] to stanza(client[4], 2)
client[0] - stanza(client[4], 2) - Displayed message: msg(356,client[4]) from user client[4]
client[0] - Room: stanza(client[4], 2) - Message received: msg(356,client[4])
client[0] - time to live = 0 for message: message from client[4] to stanza(client[4], 2)
client[3] - Sending message to room stanza(client[2], 2) - msg(323,client[3])
client[2] - stanza(client[2], 2) - Displayed message: msg(323,client[3]) from user client[3]
client[2] - Room: stanza(client[2], 2) - Message received: msg(323,client[3])
client[2] - time to live = 0 for message: message from client[3] to stanza(client[2], 2)
client[4] - Room: stanza(client[2], 2) - Message discarded for I'm not a recipient: 
client[4] - time to live = 0 for message: message from client[3] to stanza(client[2], 2)
client[4] - Sent room creation: stanza(client[4], 6) with: client[4],client[1],client[0],client[2]
client[3] - Room: stanza(client[4], 6) - Message discarded for I'm not a recipient: 
client[3] - time to live = 0 for message: creation of room stanza(client[4], 6)
client[0] - Room created: stanza(client[4], 6)
client[0] - time to live = 0 for message: creation of room stanza(client[4], 6)
client[3] - Sending message to room stanza(client[3], 3) - msg(324,client[3])
client[2] - Room: stanza(client[3], 3) - Message discarded for I'm not a recipient: 
client[2] - time to live = 0 for message: message from client[3] to stanza(client[3], 3)
client[4] - stanza(client[3], 3) - Displayed message: msg(324,client[3]) from user client[3]
client[4] - Room: stanza(client[3], 3) - Message received: msg(324,client[3])
client[4] - time to live = 0 for message: message from client[3] to stanza(client[3], 3)
client[0] - Sending message to room stanza(client[0], 3) - msg(326,client[0])
client[4] - Room: stanza(client[0], 3) - Message discarded for I'm not a recipient: 
client[4] - time to live = 0 for message: message from client[0] to stanza(client[0], 3)
client[1] - stanza(client[0], 3) - Displayed message: msg(326,client[0]) from user client[0]
client[1] - Room: stanza(client[0], 3) - Message received: msg(326,client[0])
client[1] - time to live = 0 for message: message from client[0] to stanza(client[0], 3)
client[2] - Sending message to room stanza(client[2], 1) - msg(293,client[2])
client[1] - stanza(client[2], 1) - Displayed message: msg(293,client[2]) from user client[2]
client[1] - Room: stanza(client[2], 1) - Message received: msg(293,client[2])
client[1] - time to live = 0 for message: message from client[2] to stanza(client[2], 1)
client[3] - Room: stanza(client[2], 1) - Message discarded for I'm not a recipient: 
client[3] - time to live = 0 for message: message from client[2] to stanza(client[2], 1)
client[1] - Sending message to room stanza(client[1], 1) - msg(365,client[1])
client[0] - Asked for message: 2 - Room: stanza(client[1], 1)
client[0] - Asked for message: 21 - Room: stanza(client[1], 1)
client[0] - Asked for message: 1 - Room: stanza(client[1], 1)
client[0] - Asked for message: 1 - Room: stanza(client[1], 1)
client[0] - time to live = 0 for message: message from client[1] to stanza(client[1], 1)
client[2] - Asked for message: 2 - Room: stanza(client[1], 1)
client[2] - Asked for message: 1 - Room: stanza(client[1], 1)
client[2] - Asked for message: 35 - Room: stanza(client[1], 1)
client[2] - Asked for message: 1 - Room: stanza(client[1], 1)
client[2] - time to live = 0 for message: message from client[1] to stanza(client[1], 1)
client[4] - Room: stanza(client[1], 1) - Message discarded for I'm not a recipient: 
client[4] - time to live = 0 for message: ask message for missing message 2
NOT IMPLEMENTED YET
client[1] - Room: stanza(client[1], 1) - Asked for message: 2
client[1] - time to live = 0 for message: ask message for missing message 2
client[4] - Room: stanza(client[1], 1) - Message discarded for I'm not a recipient: 
client[4] - time to live = 0 for message: ask message for missing message 21
NOT IMPLEMENTED YET
client[1] - Room: stanza(client[1], 1) - Asked for message: 21
client[1] - time to live = 0 for message: ask message for missing message 21
client[4] - Room: stanza(client[1], 1) - Message discarded for I'm not a recipient: 
client[4] - time to live = 0 for message: ask message for missing message 1
NOT IMPLEMENTED YET
client[1] - Room: stanza(client[1], 1) - Asked for message: 1
client[1] - time to live = 0 for message: ask message for missing message 1
client[4] - Room: stanza(client[1], 1) - Message discarded for I'm not a recipient: 
client[4] - time to live = 0 for message: ask message for missing message 1
NOT IMPLEMENTED YET
client[1] - Room: stanza(client[1], 1) - Asked for message: 1
client[1] - time to live = 0 for message: ask message for missing message 1
NOT IMPLEMENTED YET
client[1] - Room: stanza(client[1], 1) - Asked for message: 2
client[1] - time to live = 0 for message: ask message for missing message 2
client[3] - Room: stanza(client[1], 1) - Message discarded for I'm not a recipient: 
client[3] - time to live = 0 for message: ask message for missing message 2
NOT IMPLEMENTED YET
client[1] - Room: stanza(client[1], 1) - Asked for message: 1
client[1] - time to live = 0 for message: ask message for missing message 1
client[3] - Room: stanza(client[1], 1) - Message discarded for I'm not a recipient: 
client[3] - time to live = 0 for message: ask message for missing message 1
NOT IMPLEMENTED YET
client[1] - Room: stanza(client[1], 1) - Asked for message: 35
client[1] - time to live = 0 for message: ask message for missing message 35
client[3] - Room: stanza(client[1], 1) - Message discarded for I'm not a recipient: 
client[3] - time to live = 0 for message: ask message for missing message 35
NOT IMPLEMENTED YET
client[1] - Room: stanza(client[1], 1) - Asked for message: 1
client[1] - time to live = 0 for message: ask message for missing message 1
client[3] - Room: stanza(client[1], 1) - Message discarded for I'm not a recipient: 
client[3] - time to live = 0 for message: ask message for missing message 1
client[1] - Sending message to room stanza(client[1], 5) - msg(366,client[1])
client[0] - Room: stanza(client[1], 5) - Message discarded for I'm not a recipient: 
client[0] - time to live = 0 for message: message from client[1] to stanza(client[1], 5)
client[2] - Room: stanza(client[1], 5) - Message discarded for I'm not a recipient: 
client[2] - time to live = 0 for message: message from client[1] to stanza(client[1], 5)
client[0] - Sending message to room stanza(client[1], 3) - msg(327,client[0])
client[4] - Room: stanza(client[1], 3) - Message discarded for I'm not a recipient: 
client[4] - time to live = 0 for message: message from client[0] to stanza(client[1], 3)
client[1] - stanza(client[1], 3) - Displayed message: msg(327,client[0]) from user client[0]
client[1] - Room: stanza(client[1], 3) - Message received: msg(327,client[0])
client[1] - time to live = 0 for message: message from client[0] to stanza(client[1], 3)
client[4] - Sending message to room stanza(client[3], 5) - msg(357,client[4])
client[3] - stanza(client[3], 5) - Displayed message: msg(357,client[4]) from user client[4]
client[3] - Room: stanza(client[3], 5) - Message received: msg(357,client[4])
client[3] - time to live = 0 for message: message from client[4] to stanza(client[3], 5)
client[0] - Room: stanza(client[3], 5) - Message discarded for I'm not a recipient: 
client[0] - time to live = 0 for message: message from client[4] to stanza(client[3], 5)
client[4] - Sending message to room stanza(client[3], 5) - msg(358,client[4])
client[3] - stanza(client[3], 5) - Displayed message: msg(358,client[4]) from user client[4]
client[3] - Room: stanza(client[3], 5) - Message received: msg(358,client[4])
client[3] - time to live = 0 for message: message from client[4] to stanza(client[3], 5)
client[0] - Room: stanza(client[3], 5) - Message discarded for I'm not a recipient: 
client[0] - time to live = 0 for message: message from client[4] to stanza(client[3], 5)
client[2] - Sending message to room stanza(client[3], 1) - msg(294,client[2])
client[1] - Room: stanza(client[3], 1) - Message discarded for I'm not a recipient: 
client[1] - time to live = 0 for message: message from client[2] to stanza(client[3], 1)
client[3] - stanza(client[3], 1) - Displayed message: msg(294,client[2]) from user client[2]
client[3] - Room: stanza(client[3], 1) - Message received: msg(294,client[2])
client[3] - time to live = 0 for message: message from client[2] to stanza(client[3], 1)
client[1] - Sending message to room stanza(client[2], 1) - msg(367,client[1])
client[0] - Room: stanza(client[2], 1) - Message discarded for I'm not a recipient: 
client[0] - time to live = 0 for message: message from client[1] to stanza(client[2], 1)
client[2] - stanza(client[2], 1) - Displayed message: msg(367,client[1]) from user client[1]
client[2] - Room: stanza(client[2], 1) - Message received: msg(367,client[1])
client[2] - time to live = 0 for message: message from client[1] to stanza(client[2], 1)
client[0] - Sending message to room stanza(client[1], 4) - msg(328,client[0])
client[4] - Room: stanza(client[1], 4) - Message discarded for I'm not a recipient: 
client[4] - time to live = 0 for message: message from client[0] to stanza(client[1], 4)
client[1] - stanza(client[1], 4) - Displayed message: msg(328,client[0]) from user client[0]
client[1] - Room: stanza(client[1], 4) - Message received: msg(328,client[0])
client[1] - time to live = 0 for message: message from client[0] to stanza(client[1], 4)
client[4] - Sending message to room stanza(client[3], 3) - msg(359,client[4])
client[3] - stanza(client[3], 3) - Displayed message: msg(359,client[4]) from user client[4]
client[3] - Room: stanza(client[3], 3) - Message received: msg(359,client[4])
client[3] - time to live = 0 for message: message from client[4] to stanza(client[3], 3)
client[0] - Room: stanza(client[3], 3) - Message discarded for I'm not a recipient: 
client[0] - time to live = 0 for message: message from client[4] to stanza(client[3], 3)
client[1] - Sending message to room stanza(client[0], 3) - msg(368,client[1])
client[0] - stanza(client[0], 3) - Displayed message: msg(368,client[1]) from user client[1]
client[0] - Room: stanza(client[0], 3) - Message received: msg(368,client[1])
client[0] - time to live = 0 for message: message from client[1] to stanza(client[0], 3)
client[2] - Room: stanza(client[0], 3) - Message discarded for I'm not a recipient: 
client[2] - time to live = 0 for message: message from client[1] to stanza(client[0], 3)
client[3] - Sending message to room stanza(client[3], 10) - msg(325,client[3])
client[2] - Room: stanza(client[3], 10) - Message discarded for I'm not a recipient: 
client[2] - time to live = 0 for message: message from client[3] to stanza(client[3], 10)
client[4] - stanza(client[3], 10) - Displayed message: msg(325,client[3]) from user client[3]
client[4] - Room: stanza(client[3], 10) - Message received: msg(325,client[3])
client[4] - time to live = 0 for message: message from client[3] to stanza(client[3], 10)
client[2] - Sending message to room stanza(client[1], 4) - msg(295,client[2])
client[1] - stanza(client[1], 4) - Displayed message: msg(295,client[2]) from user client[2]
client[1] - Room: stanza(client[1], 4) - Message received: msg(295,client[2])
client[1] - time to live = 0 for message: message from client[2] to stanza(client[1], 4)
client[3] - Room: stanza(client[1], 4) - Message discarded for I'm not a recipient: 
client[3] - time to live = 0 for message: message from client[2] to stanza(client[1], 4)
client[0] - Sending message to room stanza(client[4], 1) - msg(329,client[0])
client[4] - stanza(client[4], 1) - Displayed message: msg(329,client[0]) from user client[0]
client[4] - Room: stanza(client[4], 1) - Message received: msg(329,client[0])
client[4] - time to live = 0 for message: message from client[0] to stanza(client[4], 1)
client[1] - Room: stanza(client[4], 1) - Message discarded for I'm not a recipient: 
client[1] - time to live = 0 for message: message from client[0] to stanza(client[4], 1)
client[4] - Sending message to room stanza(client[4], 3) - msg(360,client[4])
client[3] - Asked for message: 1 - Room: stanza(client[4], 3)
client[3] - Asked for message: 1 - Room: stanza(client[4], 3)
client[3] - Asked for message: 1 - Room: stanza(client[4], 3)
client[3] - Asked for message: 14 - Room: stanza(client[4], 3)
client[3] - Asked for message: 1 - Room: stanza(client[4], 3)
client[3] - time to live = 0 for message: message from client[4] to stanza(client[4], 3)
client[0] - Asked for message: 1 - Room: stanza(client[4], 3)
client[0] - Asked for message: 19 - Room: stanza(client[4], 3)
client[0] - Asked for message: 1 - Room: stanza(client[4], 3)
client[0] - Asked for message: 1 - Room: stanza(client[4], 3)
client[0] - Asked for message: 1 - Room: stanza(client[4], 3)
client[0] - time to live = 0 for message: message from client[4] to stanza(client[4], 3)
client[2] - Room: stanza(client[4], 3) - Message discarded for I'm not a recipient: 
client[2] - time to live = 0 for message: ask message for missing message 1
NOT IMPLEMENTED YET
client[4] - Room: stanza(client[4], 3) - Asked for message: 1
client[4] - time to live = 0 for message: ask message for missing message 1
client[2] - Room: stanza(client[4], 3) - Message discarded for I'm not a recipient: 
client[2] - time to live = 0 for message: ask message for missing message 1
NOT IMPLEMENTED YET
client[4] - Room: stanza(client[4], 3) - Asked for message: 1
client[4] - time to live = 0 for message: ask message for missing message 1
client[2] - Room: stanza(client[4], 3) - Message discarded for I'm not a recipient: 
client[2] - time to live = 0 for message: ask message for missing message 1
NOT IMPLEMENTED YET
client[4] - Room: stanza(client[4], 3) - Asked for message: 1
client[4] - time to live = 0 for message: ask message for missing message 1
client[2] - Room: stanza(client[4], 3) - Message discarded for I'm not a recipient: 
client[2] - time to live = 0 for message: ask message for missing message 14
NOT IMPLEMENTED YET
client[4] - Room: stanza(client[4], 3) - Asked for message: 14
client[4] - time to live = 0 for message: ask message for missing message 14
client[2] - Room: stanza(client[4], 3) - Message discarded for I'm not a recipient: 
client[2] - time to live = 0 for message: ask message for missing message 1
NOT IMPLEMENTED YET
client[4] - Room: stanza(client[4], 3) - Asked for message: 1
client[4] - time to live = 0 for message: ask message for missing message 1
NOT IMPLEMENTED YET
client[4] - Room: stanza(client[4], 3) - Asked for message: 1
client[4] - time to live = 0 for message: ask message for missing message 1
client[1] - Room: stanza(client[4], 3) - Message discarded for I'm not a recipient: 
client[1] - time to live = 0 for message: ask message for missing message 1
NOT IMPLEMENTED YET
client[4] - Room: stanza(client[4], 3) - Asked for message: 19
client[4] - time to live = 0 for message: ask message for missing message 19
client[1] - Room: stanza(client[4], 3) - Message discarded for I'm not a recipient: 
client[1] - time to live = 0 for message: ask message for missing message 19
NOT IMPLEMENTED YET
client[4] - Room: stanza(client[4], 3) - Asked for message: 1
client[4] - time to live = 0 for message: ask message for missing message 1
client[1] - Room: stanza(client[4], 3) - Message discarded for I'm not a recipient: 
client[1] - time to live = 0 for message: ask message for missing message 1
NOT IMPLEMENTED YET
client[4] - Room: stanza(client[4], 3) - Asked for message: 1
client[4] - time to live = 0 for message: ask message for missing message 1
client[1] - Room: stanza(client[4], 3) - Message discarded for I'm not a recipient: 
client[1] - time to live = 0 for message: ask message for missing message 1
NOT IMPLEMENTED YET
client[4] - Room: stanza(client[4], 3) - Asked for message: 1
client[4] - time to live = 0 for message: ask message for missing message 1
client[1] - Room: stanza(client[4], 3) - Message discarded for I'm not a recipient: 
client[1] - time to live = 0 for message: ask message for missing message 1
client[2] - Sending message to room stanza(client[3], 2) - msg(296,client[2])
client[1] - Room: stanza(client[3], 2) - Message discarded for I'm not a recipient: 
client[1] - time to live = 0 for message: message from client[2] to stanza(client[3], 2)
client[3] - stanza(client[3], 2) - Displayed message: msg(296,client[2]) from user client[2]
client[3] - Room: stanza(client[3], 2) - Message received: msg(296,client[2])
client[3] - time to live = 0 for message: message from client[2] to stanza(client[3], 2)
client[0] - Sending message to room stanza(client[4], 3) - msg(330,client[0])
client[4] - stanza(client[4], 3) - Displayed message: msg(330,client[0]) from user client[0]
client[4] - Room: stanza(client[4], 3) - Message received: msg(330,client[0])
client[4] - time to live = 0 for message: message from client[0] to stanza(client[4], 3)
client[1] - Room: stanza(client[4], 3) - Message discarded for I'm not a recipient: 
client[1] - time to live = 0 for message: message from client[0] to stanza(client[4], 3)
client[0] - Sending message to room stanza(client[4], 1) - msg(331,client[0])
client[4] - stanza(client[4], 1) - Displayed message: msg(331,client[0]) from user client[0]
client[4] - Room: stanza(client[4], 1) - Message received: msg(331,client[0])
client[4] - time to live = 0 for message: message from client[0] to stanza(client[4], 1)
client[1] - Room: stanza(client[4], 1) - Message discarded for I'm not a recipient: 
client[1] - time to live = 0 for message: message from client[0] to stanza(client[4], 1)
client[4] - Sending message to room stanza(client[4], 5) - msg(361,client[4])
client[3] - Room: stanza(client[4], 5) - Message discarded for I'm not a recipient: 
client[3] - time to live = 0 for message: message from client[4] to stanza(client[4], 5)
client[0] - stanza(client[4], 5) - Displayed message: msg(361,client[4]) from user client[4]
client[0] - Room: stanza(client[4], 5) - Message received: msg(361,client[4])
client[0] - time to live = 0 for message: message from client[4] to stanza(client[4], 5)
client[2] - Sending message to room stanza(client[1], 1) - msg(297,client[2])
client[1] - stanza(client[1], 1) - Displayed message: msg(297,client[2]) from user client[2]
client[1] - Room: stanza(client[1], 1) - Message received: msg(297,client[2])
client[1] - time to live = 0 for message: message from client[2] to stanza(client[1], 1)
client[3] - Room: stanza(client[1], 1) - Message discarded for I'm not a recipient: 
client[3] - time to live = 0 for message: message from client[2] to stanza(client[1], 1)
client[3] - Sending message to room stanza(client[3], 9) - msg(326,client[3])
client[2] - Room: stanza(client[3], 9) - Message received: msg(326,client[3])
client[2] - time to live = 0 for message: message from client[3] to stanza(client[3], 9)
client[4] - Room: stanza(client[3], 9) - Message received: msg(326,client[3])
client[4] - time to live = 0 for message: message from client[3] to stanza(client[3], 9)
client[0] - Sending message to room stanza(client[0], 2) - msg(332,client[0])
client[4] - Asked for message: 1 - Room: stanza(client[0], 2)
client[4] - Asked for message: 1 - Room: stanza(client[0], 2)
client[4] - Asked for message: 46 - Room: stanza(client[0], 2)
client[4] - Asked for message: 1 - Room: stanza(client[0], 2)
client[4] - Asked for message: 1 - Room: stanza(client[0], 2)
client[4] - time to live = 0 for message: message from client[0] to stanza(client[0], 2)
client[1] - Asked for message: 1 - Room: stanza(client[0], 2)
client[1] - Asked for message: 1 - Room: stanza(client[0], 2)
client[1] - Asked for message: 1 - Room: stanza(client[0], 2)
client[1] - Asked for message: 46 - Room: stanza(client[0], 2)
client[1] - Asked for message: 1 - Room: stanza(client[0], 2)
client[1] - time to live = 0 for message: message from client[0] to stanza(client[0], 2)
client[3] - Room: stanza(client[0], 2) - Message discarded for I'm not a recipient: 
client[3] - time to live = 0 for message: ask message for missing message 1
NOT IMPLEMENTED YET
client[0] - Room: stanza(client[0], 2) - Asked for message: 1
client[0] - time to live = 0 for message: ask message for missing message 1
client[3] - Room: stanza(client[0], 2) - Message discarded for I'm not a recipient: 
client[3] - time to live = 0 for message: ask message for missing message 1
NOT IMPLEMENTED YET
client[0] - Room: stanza(client[0], 2) - Asked for message: 1
client[0] - time to live = 0 for message: ask message for missing message 1
client[3] - Room: stanza(client[0], 2) - Message discarded for I'm not a recipient: 
client[3] - time to live = 0 for message: ask message for missing message 46
NOT IMPLEMENTED YET
client[0] - Room: stanza(client[0], 2) - Asked for message: 46
client[0] - time to live = 0 for message: ask message for missing message 46
client[3] - Room: stanza(client[0], 2) - Message discarded for I'm not a recipient: 
client[3] - time to live = 0 for message: ask message for missing message 1
NOT IMPLEMENTED YET
client[0] - Room: stanza(client[0], 2) - Asked for message: 1
client[0] - time to live = 0 for message: ask message for missing message 1
client[3] - Room: stanza(client[0], 2) - Message discarded for I'm not a recipient: 
client[3] - time to live = 0 for message: ask message for missing message 1
NOT IMPLEMENTED YET
client[0] - Room: stanza(client[0], 2) - Asked for message: 1
client[0] - time to live = 0 for message: ask message for missing message 1
NOT IMPLEMENTED YET
client[0] - Room: stanza(client[0], 2) - Asked for message: 1
client[0] - time to live = 0 for message: ask message for missing message 1
client[2] - Room: stanza(client[0], 2) - Message discarded for I'm not a recipient: 
client[2] - time to live = 0 for message: ask message for missing message 1
NOT IMPLEMENTED YET
client[0] - Room: stanza(client[0], 2) - Asked for message: 1
client[0] - time to live = 0 for message: ask message for missing message 1
client[2] - Room: stanza(client[0], 2) - Message discarded for I'm not a recipient: 
client[2] - time to live = 0 for message: ask message for missing message 1
NOT IMPLEMENTED YET
client[0] - Room: stanza(client[0], 2) - Asked for message: 1
client[0] - time to live = 0 for message: ask message for missing message 1
client[2] - Room: stanza(client[0], 2) - Message discarded for I'm not a recipient: 
client[2] - time to live = 0 for message: ask message for missing message 1
NOT IMPLEMENTED YET
client[0] - Room: stanza(client[0], 2) - Asked for message: 46
client[0] - time to live = 0 for message: ask message for missing message 46
client[2] - Room: stanza(client[0], 2) - Message discarded for I'm not a recipient: 
client[2] - time to live = 0 for message: ask message for missing message 46
NOT IMPLEMENTED YET
client[0] - Room: stanza(client[0], 2) - Asked for message: 1
client[0] - time to live = 0 for message: ask message for missing message 1
client[2] - Room: stanza(client[0], 2) - Message discarded for I'm not a recipient: 
client[2] - time to live = 0 for message: ask message for missing message 1
client[3] - Sending message to room stanza(client[3], 12) - msg(327,client[3])
client[2] - Room: stanza(client[3], 12) - Message received: msg(327,client[3])
client[2] - time to live = 0 for message: message from client[3] to stanza(client[3], 12)
client[4] - stanza(client[3], 12) - Displayed message: msg(327,client[3]) from user client[3]
client[4] - Room: stanza(client[3], 12) - Message received: msg(327,client[3])
client[4] - time to live = 0 for message: message from client[3] to stanza(client[3], 12)
client[4] - Sending message to room stanza(client[4], 3) - msg(362,client[4])
client[3] - Asked for message: 1 - Room: stanza(client[4], 3)
client[3] - Asked for message: 1 - Room: stanza(client[4], 3)
client[3] - Asked for message: 1 - Room: stanza(client[4], 3)
client[3] - Asked for message: 14 - Room: stanza(client[4], 3)
client[3] - Asked for message: 1 - Room: stanza(client[4], 3)
client[3] - time to live = 0 for message: message from client[4] to stanza(client[4], 3)
client[0] - Asked for message: 1 - Room: stanza(client[4], 3)
client[0] - Asked for message: 20 - Room: stanza(client[4], 3)
client[0] - Asked for message: 1 - Room: stanza(client[4], 3)
client[0] - Asked for message: 1 - Room: stanza(client[4], 3)
client[0] - Asked for message: 1 - Room: stanza(client[4], 3)
client[0] - time to live = 0 for message: message from client[4] to stanza(client[4], 3)
client[2] - Room: stanza(client[4], 3) - Message discarded for I'm not a recipient: 
client[2] - time to live = 0 for message: ask message for missing message 1
NOT IMPLEMENTED YET
client[4] - Room: stanza(client[4], 3) - Asked for message: 1
client[4] - time to live = 0 for message: ask message for missing message 1
client[2] - Room: stanza(client[4], 3) - Message discarded for I'm not a recipient: 
client[2] - time to live = 0 for message: ask message for missing message 1
NOT IMPLEMENTED YET
client[4] - Room: stanza(client[4], 3) - Asked for message: 1
client[4] - time to live = 0 for message: ask message for missing message 1
client[2] - Room: stanza(client[4], 3) - Message discarded for I'm not a recipient: 
client[2] - time to live = 0 for message: ask message for missing message 1
NOT IMPLEMENTED YET
client[4] - Room: stanza(client[4], 3) - Asked for message: 1
client[4] - time to live = 0 for message: ask message for missing message 1
client[2] - Room: stanza(client[4], 3) - Message discarded for I'm not a recipient: 
client[2] - time to live = 0 for message: ask message for missing message 14
NOT IMPLEMENTED YET
client[4] - Room: stanza(client[4], 3) - Asked for message: 14
client[4] - time to live = 0 for message: ask message for missing message 14
client[2] - Room: stanza(client[4], 3) - Message discarded for I'm not a recipient: 
client[2] - time to live = 0 for message: ask message for missing message 1
NOT IMPLEMENTED YET
client[4] - Room: stanza(client[4], 3) - Asked for message: 1
client[4] - time to live = 0 for message: ask message for missing message 1
NOT IMPLEMENTED YET
client[4] - Room: stanza(client[4], 3) - Asked for message: 1
client[4] - time to live = 0 for message: ask message for missing message 1
client[1] - Room: stanza(client[4], 3) - Message discarded for I'm not a recipient: 
client[1] - time to live = 0 for message: ask message for missing message 1
NOT IMPLEMENTED YET
client[4] - Room: stanza(client[4], 3) - Asked for message: 20
client[4] - time to live = 0 for message: ask message for missing message 20
client[1] - Room: stanza(client[4], 3) - Message discarded for I'm not a recipient: 
client[1] - time to live = 0 for message: ask message for missing message 20
NOT IMPLEMENTED YET
client[4] - Room: stanza(client[4], 3) - Asked for message: 1
client[4] - time to live = 0 for message: ask message for missing message 1
client[1] - Room: stanza(client[4], 3) - Message discarded for I'm not a recipient: 
client[1] - time to live = 0 for message: ask message for missing message 1
NOT IMPLEMENTED YET
client[4] - Room: stanza(client[4], 3) - Asked for message: 1
client[4] - time to live = 0 for message: ask message for missing message 1
client[1] - Room: stanza(client[4], 3) - Message discarded for I'm not a recipient: 
client[1] - time to live = 0 for message: ask message for missing message 1
NOT IMPLEMENTED YET
client[4] - Room: stanza(client[4], 3) - Asked for message: 1
client[4] - time to live = 0 for message: ask message for missing message 1
client[1] - Room: stanza(client[4], 3) - Message discarded for I'm not a recipient: 
client[1] - time to live = 0 for message: ask message for missing message 1
client[1] - Sending message to room stanza(client[1], 2) - msg(369,client[1])
client[0] - Asked for message: 2 - Room: stanza(client[1], 2)
client[0] - Asked for message: 1 - Room: stanza(client[1], 2)
client[0] - Asked for message: 1 - Room: stanza(client[1], 2)
client[0] - Asked for message: 17 - Room: stanza(client[1], 2)
client[0] - Asked for message: 1 - Room: stanza(client[1], 2)
client[0] - time to live = 0 for message: message from client[1] to stanza(client[1], 2)
client[2] - Asked for message: 2 - Room: stanza(client[1], 2)
client[2] - Asked for message: 1 - Room: stanza(client[1], 2)
client[2] - Asked for message: 1 - Room: stanza(client[1], 2)
client[2] - Asked for message: 1 - Room: stanza(client[1], 2)
client[2] - Asked for message: 16 - Room: stanza(client[1], 2)
client[2] - time to live = 0 for message: message from client[1] to stanza(client[1], 2)
client[4] - Room: stanza(client[1], 2) - Message discarded for I'm not a recipient: 
client[4] - time to live = 0 for message: ask message for missing message 2
NOT IMPLEMENTED YET
client[1] - Room: stanza(client[1], 2) - Asked for message: 2
client[1] - time to live = 0 for message: ask message for missing message 2
client[4] - Room: stanza(client[1], 2) - Message discarded for I'm not a recipient: 
client[4] - time to live = 0 for message: ask message for missing message 1
NOT IMPLEMENTED YET
client[1] - Room: stanza(client[1], 2) - Asked for message: 1
client[1] - time to live = 0 for message: ask message for missing message 1
client[4] - Room: stanza(client[1], 2) - Message discarded for I'm not a recipient: 
client[4] - time to live = 0 for message: ask message for missing message 1
NOT IMPLEMENTED YET
client[1] - Room: stanza(client[1], 2) - Asked for message: 1
client[1] - time to live = 0 for message: ask message for missing message 1
client[4] - Room: stanza(client[1], 2) - Message discarded for I'm not a recipient: 
client[4] - time to live = 0 for message: ask message for missing message 17
NOT IMPLEMENTED YET
client[1] - Room: stanza(client[1], 2) - Asked for message: 17
client[1] - time to live = 0 for message: ask message for missing message 17
client[4] - Room: stanza(client[1], 2) - Message discarded for I'm not a recipient: 
client[4] - time to live = 0 for message: ask message for missing message 1
NOT IMPLEMENTED YET
client[1] - Room: stanza(client[1], 2) - Asked for message: 1
client[1] - time to live = 0 for message: ask message for missing message 1
NOT IMPLEMENTED YET
client[1] - Room: stanza(client[1], 2) - Asked for message: 2
client[1] - time to live = 0 for message: ask message for missing message 2
client[3] - Room: stanza(client[1], 2) - Message discarded for I'm not a recipient: 
client[3] - time to live = 0 for message: ask message for missing message 2
NOT IMPLEMENTED YET
client[1] - Room: stanza(client[1], 2) - Asked for message: 1
client[1] - time to live = 0 for message: ask message for missing message 1
client[3] - Room: stanza(client[1], 2) - Message discarded for I'm not a recipient: 
client[3] - time to live = 0 for message: ask message for missing message 1
NOT IMPLEMENTED YET
client[1] - Room: stanza(client[1], 2) - Asked for message: 1
client[1] - time to live = 0 for message: ask message for missing message 1
client[3] - Room: stanza(client[1], 2) - Message discarded for I'm not a recipient: 
client[3] - time to live = 0 for message: ask message for missing message 1
NOT IMPLEMENTED YET
client[1] - Room: stanza(client[1], 2) - Asked for message: 1
client[1] - time to live = 0 for message: ask message for missing message 1
client[3] - Room: stanza(client[1], 2) - Message discarded for I'm not a recipient: 
client[3] - time to live = 0 for message: ask message for missing message 1
NOT IMPLEMENTED YET
client[1] - Room: stanza(client[1], 2) - Asked for message: 16
client[1] - time to live = 0 for message: ask message for missing message 16
client[3] - Room: stanza(client[1], 2) - Message discarded for I'm not a recipient: 
client[3] - time to live = 0 for message: ask message for missing message 16
client[2] - Sending message to room stanza(client[3], 9) - msg(298,client[2])
client[1] - Room: stanza(client[3], 9) - Message discarded for I'm not a recipient: 
client[1] - time to live = 0 for message: message from client[2] to stanza(client[3], 9)
client[3] - stanza(client[3], 9) - Displayed message: msg(298,client[2]) from user client[2]
client[3] - Room: stanza(client[3], 9) - Message received: msg(298,client[2])
client[3] - time to live = 0 for message: message from client[2] to stanza(client[3], 9)
client[0] - Sending message to room stanza(client[0], 4) - msg(333,client[0])
client[4] - stanza(client[0], 4) - Displayed message: msg(333,client[0]) from user client[0]
client[4] - Room: stanza(client[0], 4) - Message received: msg(333,client[0])
client[4] - time to live = 0 for message: message from client[0] to stanza(client[0], 4)
client[1] - Room: stanza(client[0], 4) - Message discarded for I'm not a recipient: 
client[1] - time to live = 0 for message: message from client[0] to stanza(client[0], 4)
client[2] - Sent room creation: stanza(client[2], 9) with: client[2],client[1],client[3],client[4],client[0]
client[1] - Room created: stanza(client[2], 9)
client[1] - time to live = 0 for message: creation of room stanza(client[2], 9)
client[3] - Room created: stanza(client[2], 9)
client[3] - time to live = 0 for message: creation of room stanza(client[2], 9)
client[2] - Sending message to room stanza(client[3], 7) - msg(299,client[2])
client[1] - Room: stanza(client[3], 7) - Message discarded for I'm not a recipient: 
client[1] - time to live = 0 for message: message from client[2] to stanza(client[3], 7)
client[3] - stanza(client[3], 7) - Displayed message: msg(299,client[2]) from user client[2]
client[3] - Room: stanza(client[3], 7) - Message received: msg(299,client[2])
client[3] - time to live = 0 for message: message from client[2] to stanza(client[3], 7)
client[4] - Sending message to room stanza(client[3], 1) - msg(363,client[4])
client[3] - stanza(client[3], 1) - Displayed message: msg(363,client[4]) from user client[4]
client[3] - Room: stanza(client[3], 1) - Message received: msg(363,client[4])
client[3] - time to live = 0 for message: message from client[4] to stanza(client[3], 1)
client[0] - Room: stanza(client[3], 1) - Message discarded for I'm not a recipient: 
client[0] - time to live = 0 for message: message from client[4] to stanza(client[3], 1)
client[0] - Sending message to room stanza(client[1], 1) - msg(334,client[0])
client[4] - Room: stanza(client[1], 1) - Message discarded for I'm not a recipient: 
client[4] - time to live = 0 for message: message from client[0] to stanza(client[1], 1)
client[1] - stanza(client[1], 1) - Displayed message: msg(334,client[0]) from user client[0]
client[1] - Room: stanza(client[1], 1) - Message received: msg(334,client[0])
client[1] - time to live = 0 for message: message from client[0] to stanza(client[1], 1)
client[4] - Sending message to room stanza(client[4], 2) - msg(364,client[4])
client[3] - Room: stanza(client[4], 2) - Message discarded for I'm not a recipient: 
client[3] - time to live = 0 for message: message from client[4] to stanza(client[4], 2)
client[0] - stanza(client[4], 2) - Displayed message: msg(364,client[4]) from user client[4]
client[0] - Room: stanza(client[4], 2) - Message received: msg(364,client[4])
client[0] - time to live = 0 for message: message from client[4] to stanza(client[4], 2)
client[2] - Sending message to room stanza(client[2], 8) - msg(300,client[2])
client[1] - stanza(client[2], 8) - Displayed message: msg(300,client[2]) from user client[2]
client[1] - Room: stanza(client[2], 8) - Message received: msg(300,client[2])
client[1] - time to live = 0 for message: message from client[2] to stanza(client[2], 8)
client[3] - stanza(client[2], 8) - Displayed message: msg(300,client[2]) from user client[2]
client[3] - Room: stanza(client[2], 8) - Message received: msg(300,client[2])
client[3] - time to live = 0 for message: message from client[2] to stanza(client[2], 8)
client[4] - Sending message to room stanza(client[3], 3) - msg(365,client[4])
client[3] - stanza(client[3], 3) - Displayed message: msg(365,client[4]) from user client[4]
client[3] - Room: stanza(client[3], 3) - Message received: msg(365,client[4])
client[3] - time to live = 0 for message: message from client[4] to stanza(client[3], 3)
client[0] - Room: stanza(client[3], 3) - Message discarded for I'm not a recipient: 
client[0] - time to live = 0 for message: message from client[4] to stanza(client[3], 3)
client[4] - Sending message to room stanza(client[4], 1) - msg(366,client[4])
client[3] - Asked for message: 2 - Room: stanza(client[4], 1)
client[3] - Asked for message: 1 - Room: stanza(client[4], 1)
client[3] - Asked for message: 1 - Room: stanza(client[4], 1)
client[3] - Asked for message: 34 - Room: stanza(client[4], 1)
client[3] - time to live = 0 for message: message from client[4] to stanza(client[4], 1)
client[0] - Asked for message: 2 - Room: stanza(client[4], 1)
client[0] - Asked for message: 1 - Room: stanza(client[4], 1)
client[0] - Asked for message: 20 - Room: stanza(client[4], 1)
client[0] - Asked for message: 1 - Room: stanza(client[4], 1)
client[0] - time to live = 0 for message: message from client[4] to stanza(client[4], 1)
client[2] - Room: stanza(client[4], 1) - Message discarded for I'm not a recipient: 
client[2] - time to live = 0 for message: ask message for missing message 2
NOT IMPLEMENTED YET
client[4] - Room: stanza(client[4], 1) - Asked for message: 2
client[4] - time to live = 0 for message: ask message for missing message 2
client[2] - Room: stanza(client[4], 1) - Message discarded for I'm not a recipient: 
client[2] - time to live = 0 for message: ask message for missing message 1
NOT IMPLEMENTED YET
client[4] - Room: stanza(client[4], 1) - Asked for message: 1
client[4] - time to live = 0 for message: ask message for missing message 1
client[2] - Room: stanza(client[4], 1) - Message discarded for I'm not a recipient: 
client[2] - time to live = 0 for message: ask message for missing message 1
NOT IMPLEMENTED YET
client[4] - Room: stanza(client[4], 1) - Asked for message: 1
client[4] - time to live = 0 for message: ask message for missing message 1
client[2] - Room: stanza(client[4], 1) - Message discarded for I'm not a recipient: 
client[2] - time to live = 0 for message: ask message for missing message 34
NOT IMPLEMENTED YET
client[4] - Room: stanza(client[4], 1) - Asked for message: 34
client[4] - time to live = 0 for message: ask message for missing message 34
NOT IMPLEMENTED YET
client[4] - Room: stanza(client[4], 1) - Asked for message: 2
client[4] - time to live = 0 for message: ask message for missing message 2
client[1] - Room: stanza(client[4], 1) - Message discarded for I'm not a recipient: 
client[1] - time to live = 0 for message: ask message for missing message 2
NOT IMPLEMENTED YET
client[4] - Room: stanza(client[4], 1) - Asked for message: 1
client[4] - time to live = 0 for message: ask message for missing message 1
client[1] - Room: stanza(client[4], 1) - Message discarded for I'm not a recipient: 
client[1] - time to live = 0 for message: ask message for missing message 1
NOT IMPLEMENTED YET
client[4] - Room: stanza(client[4], 1) - Asked for message: 20
client[4] - time to live = 0 for message: ask message for missing message 20
client[1] - Room: stanza(client[4], 1) - Message discarded for I'm not a recipient: 
client[1] - time to live = 0 for message: ask message for missing message 20
NOT IMPLEMENTED YET
client[4] - Room: stanza(client[4], 1) - Asked for message: 1
client[4] - time to live = 0 for message: ask message for missing message 1
client[1] - Room: stanza(client[4], 1) - Message discarded for I'm not a recipient: 
client[1] - time to live = 0 for message: ask message for missing message 1
client[0] - Sending message to room stanza(client[4], 1) - msg(335,client[0])
client[4] - stanza(client[4], 1) - Displayed message: msg(335,client[0]) from user client[0]
client[4] - Room: stanza(client[4], 1) - Message received: msg(335,client[0])
client[4] - time to live = 0 for message: message from client[0] to stanza(client[4], 1)
client[1] - Room: stanza(client[4], 1) - Message discarded for I'm not a recipient: 
client[1] - time to live = 0 for message: message from client[0] to stanza(client[4], 1)
client[2] - Sending message to room stanza(client[2], 0) - msg(301,client[2])
client[1] - stanza(client[2], 0) - Displayed message: msg(301,client[2]) from user client[2]
client[1] - Room: stanza(client[2], 0) - Message received: msg(301,client[2])
client[1] - time to live = 0 for message: message from client[2] to stanza(client[2], 0)
client[3] - Room: stanza(client[2], 0) - Message discarded for I'm not a recipient: 
client[3] - time to live = 0 for message: message from client[2] to stanza(client[2], 0)
client[4] - Sending message to room stanza(client[0], 2) - msg(367,client[4])
client[3] - Room: stanza(client[0], 2) - Message discarded for I'm not a recipient: 
client[3] - time to live = 0 for message: message from client[4] to stanza(client[0], 2)
client[0] - stanza(client[0], 2) - Displayed message: msg(367,client[4]) from user client[4]
client[0] - Room: stanza(client[0], 2) - Message received: msg(367,client[4])
client[0] - time to live = 0 for message: message from client[4] to stanza(client[0], 2)
client[0] - Sending message to room stanza(client[1], 2) - msg(336,client[0])
client[4] - Room: stanza(client[1], 2) - Message discarded for I'm not a recipient: 
client[4] - time to live = 0 for message: message from client[0] to stanza(client[1], 2)
client[1] - stanza(client[1], 2) - Displayed message: msg(336,client[0]) from user client[0]
client[1] - Room: stanza(client[1], 2) - Message received: msg(336,client[0])
client[1] - time to live = 0 for message: message from client[0] to stanza(client[1], 2)
client[3] - Sending message to room stanza(client[2], 3) - msg(328,client[3])
client[2] - stanza(client[2], 3) - Displayed message: msg(328,client[3]) from user client[3]
client[2] - Room: stanza(client[2], 3) - Message received: msg(328,client[3])
client[2] - time to live = 0 for message: message from client[3] to stanza(client[2], 3)
client[4] - Room: stanza(client[2], 3) - Message discarded for I'm not a recipient: 
client[4] - time to live = 0 for message: message from client[3] to stanza(client[2], 3)
client[4] - Sending message to room stanza(client[4], 3) - msg(368,client[4])
client[3] - Asked for message: 1 - Room: stanza(client[4], 3)
client[3] - Asked for message: 1 - Room: stanza(client[4], 3)
client[3] - Asked for message: 1 - Room: stanza(client[4], 3)
client[3] - Asked for message: 14 - Room: stanza(client[4], 3)
client[3] - Asked for message: 1 - Room: stanza(client[4], 3)
client[3] - time to live = 0 for message: message from client[4] to stanza(client[4], 3)
client[0] - Asked for message: 1 - Room: stanza(client[4], 3)
client[0] - Asked for message: 20 - Room: stanza(client[4], 3)
client[0] - Asked for message: 1 - Room: stanza(client[4], 3)
client[0] - Asked for message: 1 - Room: stanza(client[4], 3)
client[0] - Asked for message: 1 - Room: stanza(client[4], 3)
client[0] - time to live = 0 for message: message from client[4] to stanza(client[4], 3)
client[2] - Room: stanza(client[4], 3) - Message discarded for I'm not a recipient: 
client[2] - time to live = 0 for message: ask message for missing message 1
NOT IMPLEMENTED YET
client[4] - Room: stanza(client[4], 3) - Asked for message: 1
client[4] - time to live = 0 for message: ask message for missing message 1
client[2] - Room: stanza(client[4], 3) - Message discarded for I'm not a recipient: 
client[2] - time to live = 0 for message: ask message for missing message 1
NOT IMPLEMENTED YET
client[4] - Room: stanza(client[4], 3) - Asked for message: 1
client[4] - time to live = 0 for message: ask message for missing message 1
client[2] - Room: stanza(client[4], 3) - Message discarded for I'm not a recipient: 
client[2] - time to live = 0 for message: ask message for missing message 1
NOT IMPLEMENTED YET
client[4] - Room: stanza(client[4], 3) - Asked for message: 1
client[4] - time to live = 0 for message: ask message for missing message 1
client[2] - Room: stanza(client[4], 3) - Message discarded for I'm not a recipient: 
client[2] - time to live = 0 for message: ask message for missing message 14
NOT IMPLEMENTED YET
client[4] - Room: stanza(client[4], 3) - Asked for message: 14
client[4] - time to live = 0 for message: ask message for missing message 14
client[2] - Room: stanza(client[4], 3) - Message discarded for I'm not a recipient: 
client[2] - time to live = 0 for message: ask message for missing message 1
NOT IMPLEMENTED YET
client[4] - Room: stanza(client[4], 3) - Asked for message: 1
client[4] - time to live = 0 for message: ask message for missing message 1
NOT IMPLEMENTED YET
client[4] - Room: stanza(client[4], 3) - Asked for message: 1
client[4] - time to live = 0 for message: ask message for missing message 1
client[1] - Room: stanza(client[4], 3) - Message discarded for I'm not a recipient: 
client[1] - time to live = 0 for message: ask message for missing message 1
NOT IMPLEMENTED YET
client[4] - Room: stanza(client[4], 3) - Asked for message: 20
client[4] - time to live = 0 for message: ask message for missing message 20
client[1] - Room: stanza(client[4], 3) - Message discarded for I'm not a recipient: 
client[1] - time to live = 0 for message: ask message for missing message 20
NOT IMPLEMENTED YET
client[4] - Room: stanza(client[4], 3) - Asked for message: 1
client[4] - time to live = 0 for message: ask message for missing message 1
client[1] - Room: stanza(client[4], 3) - Message discarded for I'm not a recipient: 
client[1] - time to live = 0 for message: ask message for missing message 1
NOT IMPLEMENTED YET
client[4] - Room: stanza(client[4], 3) - Asked for message: 1
client[4] - time to live = 0 for message: ask message for missing message 1
client[1] - Room: stanza(client[4], 3) - Message discarded for I'm not a recipient: 
client[1] - time to live = 0 for message: ask message for missing message 1
NOT IMPLEMENTED YET
client[4] - Room: stanza(client[4], 3) - Asked for message: 1
client[4] - time to live = 0 for message: ask message for missing message 1
client[1] - Room: stanza(client[4], 3) - Message discarded for I'm not a recipient: 
client[1] - time to live = 0 for message: ask message for missing message 1
client[1] - Sending message to room stanza(client[1], 4) - msg(370,client[1])
client[0] - Room: stanza(client[1], 4) - Message received: msg(370,client[1])
client[0] - time to live = 0 for message: message from client[1] to stanza(client[1], 4)
client[2] - Room: stanza(client[1], 4) - Message received: msg(370,client[1])
client[2] - time to live = 0 for message: message from client[1] to stanza(client[1], 4)
client[4] - Sending message to room stanza(client[4], 1) - msg(369,client[4])
client[3] - Asked for message: 2 - Room: stanza(client[4], 1)
client[3] - Asked for message: 1 - Room: stanza(client[4], 1)
client[3] - Asked for message: 1 - Room: stanza(client[4], 1)
client[3] - Asked for message: 34 - Room: stanza(client[4], 1)
client[3] - time to live = 0 for message: message from client[4] to stanza(client[4], 1)
client[0] - Asked for message: 2 - Room: stanza(client[4], 1)
client[0] - Asked for message: 1 - Room: stanza(client[4], 1)
client[0] - Asked for message: 21 - Room: stanza(client[4], 1)
client[0] - Asked for message: 1 - Room: stanza(client[4], 1)
client[0] - time to live = 0 for message: message from client[4] to stanza(client[4], 1)
client[2] - Room: stanza(client[4], 1) - Message discarded for I'm not a recipient: 
client[2] - time to live = 0 for message: ask message for missing message 2
NOT IMPLEMENTED YET
client[4] - Room: stanza(client[4], 1) - Asked for message: 2
client[4] - time to live = 0 for message: ask message for missing message 2
client[2] - Room: stanza(client[4], 1) - Message discarded for I'm not a recipient: 
client[2] - time to live = 0 for message: ask message for missing message 1
NOT IMPLEMENTED YET
client[4] - Room: stanza(client[4], 1) - Asked for message: 1
client[4] - time to live = 0 for message: ask message for missing message 1
client[2] - Room: stanza(client[4], 1) - Message discarded for I'm not a recipient: 
client[2] - time to live = 0 for message: ask message for missing message 1
NOT IMPLEMENTED YET
client[4] - Room: stanza(client[4], 1) - Asked for message: 1
client[4] - time to live = 0 for message: ask message for missing message 1
client[2] - Room: stanza(client[4], 1) - Message discarded for I'm not a recipient: 
client[2] - time to live = 0 for message: ask message for missing message 34
NOT IMPLEMENTED YET
client[4] - Room: stanza(client[4], 1) - Asked for message: 34
client[4] - time to live = 0 for message: ask message for missing message 34
NOT IMPLEMENTED YET
client[4] - Room: stanza(client[4], 1) - Asked for message: 2
client[4] - time to live = 0 for message: ask message for missing message 2
client[1] - Room: stanza(client[4], 1) - Message discarded for I'm not a recipient: 
client[1] - time to live = 0 for message: ask message for missing message 2
NOT IMPLEMENTED YET
client[4] - Room: stanza(client[4], 1) - Asked for message: 1
client[4] - time to live = 0 for message: ask message for missing message 1
client[1] - Room: stanza(client[4], 1) - Message discarded for I'm not a recipient: 
client[1] - time to live = 0 for message: ask message for missing message 1
NOT IMPLEMENTED YET
client[4] - Room: stanza(client[4], 1) - Asked for message: 21
client[4] - time to live = 0 for message: ask message for missing message 21
client[1] - Room: stanza(client[4], 1) - Message discarded for I'm not a recipient: 
client[1] - time to live = 0 for message: ask message for missing message 21
NOT IMPLEMENTED YET
client[4] - Room: stanza(client[4], 1) - Asked for message: 1
client[4] - time to live = 0 for message: ask message for missing message 1
client[1] - Room: stanza(client[4], 1) - Message discarded for I'm not a recipient: 
client[1] - time to live = 0 for message: ask message for missing message 1
client[3] - Sending message to room stanza(client[3], 12) - msg(329,client[3])
client[2] - Room: stanza(client[3], 12) - Message received: msg(329,client[3])
client[2] - time to live = 0 for message: message from client[3] to stanza(client[3], 12)
client[4] - stanza(client[3], 12) - Displayed message: msg(329,client[3]) from user client[3]
client[4] - Room: stanza(client[3], 12) - Message received: msg(329,client[3])
client[4] - time to live = 0 for message: message from client[3] to stanza(client[3], 12)
client[0] - Sending message to room stanza(client[1], 4) - msg(337,client[0])
client[4] - Room: stanza(client[1], 4) - Message discarded for I'm not a recipient: 
client[4] - time to live = 0 for message: message from client[0] to stanza(client[1], 4)
client[1] - stanza(client[1], 4) - Displayed message: msg(337,client[0]) from user client[0]
client[1] - Room: stanza(client[1], 4) - Message received: msg(337,client[0])
client[1] - time to live = 0 for message: message from client[0] to stanza(client[1], 4)
client[2] - Sending message to room stanza(client[1], 1) - msg(302,client[2])
client[1] - stanza(client[1], 1) - Displayed message: msg(302,client[2]) from user client[2]
client[1] - Room: stanza(client[1], 1) - Message received: msg(302,client[2])
client[1] - time to live = 0 for message: message from client[2] to stanza(client[1], 1)
client[3] - Room: stanza(client[1], 1) - Message discarded for I'm not a recipient: 
client[3] - time to live = 0 for message: message from client[2] to stanza(client[1], 1)
client[3] - Sending message to room stanza(client[3], 11) - msg(330,client[3])
client[2] - stanza(client[3], 11) - Displayed message: msg(330,client[3]) from user client[3]
client[2] - Room: stanza(client[3], 11) - Message received: msg(330,client[3])
client[2] - time to live = 0 for message: message from client[3] to stanza(client[3], 11)
client[4] - Room: stanza(client[3], 11) - Message discarded for I'm not a recipient: 
client[4] - time to live = 0 for message: message from client[3] to stanza(client[3], 11)
client[0] - Sent room creation: stanza(client[0], 6) with: client[0],client[1]
client[4] - Room: stanza(client[0], 6) - Message discarded for I'm not a recipient: 
client[4] - time to live = 0 for message: creation of room stanza(client[0], 6)
client[1] - Room created: stanza(client[0], 6)
client[1] - time to live = 0 for message: creation of room stanza(client[0], 6)
client[1] - Sending message to room stanza(client[1], 0) - msg(371,client[1])
client[0] - stanza(client[1], 0) - Displayed message: msg(371,client[1]) from user client[1]
client[0] - Room: stanza(client[1], 0) - Message received: msg(371,client[1])
client[0] - time to live = 0 for message: message from client[1] to stanza(client[1], 0)
client[2] - Room: stanza(client[1], 0) - Message discarded for I'm not a recipient: 
client[2] - time to live = 0 for message: message from client[1] to stanza(client[1], 0)
client[2] - Sending message to room stanza(client[2], 2) - msg(303,client[2])
client[1] - Room: stanza(client[2], 2) - Message discarded for I'm not a recipient: 
client[1] - time to live = 0 for message: message from client[2] to stanza(client[2], 2)
client[3] - stanza(client[2], 2) - Displayed message: msg(303,client[2]) from user client[2]
client[3] - Room: stanza(client[2], 2) - Message received: msg(303,client[2])
client[3] - time to live = 0 for message: message from client[2] to stanza(client[2], 2)
client[3] - Sending message to room stanza(client[3], 5) - msg(331,client[3])
client[2] - Room: stanza(client[3], 5) - Message discarded for I'm not a recipient: 
client[2] - time to live = 0 for message: message from client[3] to stanza(client[3], 5)
client[4] - stanza(client[3], 5) - Displayed message: msg(331,client[3]) from user client[3]
client[4] - Room: stanza(client[3], 5) - Message received: msg(331,client[3])
client[4] - time to live = 0 for message: message from client[3] to stanza(client[3], 5)
client[1] - Sending message to room stanza(client[0], 2) - msg(372,client[1])
client[0] - stanza(client[0], 2) - Displayed message: msg(372,client[1]) from user client[1]
client[0] - Room: stanza(client[0], 2) - Message received: msg(372,client[1])
client[0] - time to live = 0 for message: message from client[1] to stanza(client[0], 2)
client[2] - Room: stanza(client[0], 2) - Message discarded for I'm not a recipient: 
client[2] - time to live = 0 for message: message from client[1] to stanza(client[0], 2)
client[0] - Sending message to room stanza(client[4], 5) - msg(338,client[0])
client[4] - stanza(client[4], 5) - Displayed message: msg(338,client[0]) from user client[0]
client[4] - Room: stanza(client[4], 5) - Message received: msg(338,client[0])
client[4] - time to live = 0 for message: message from client[0] to stanza(client[4], 5)
client[1] - Room: stanza(client[4], 5) - Message discarded for I'm not a recipient: 
client[1] - time to live = 0 for message: message from client[0] to stanza(client[4], 5)
client[4] - Sending message to room stanza(client[3], 7) - msg(370,client[4])
client[3] - stanza(client[3], 7) - Displayed message: msg(370,client[4]) from user client[4]
client[3] - Room: stanza(client[3], 7) - Message received: msg(370,client[4])
client[3] - time to live = 0 for message: message from client[4] to stanza(client[3], 7)
client[0] - Room: stanza(client[3], 7) - Message discarded for I'm not a recipient: 
client[0] - time to live = 0 for message: message from client[4] to stanza(client[3], 7)
client[3] - Sending message to room stanza(client[3], 7) - msg(332,client[3])
client[2] - Room: stanza(client[3], 7) - Message received: msg(332,client[3])
client[2] - time to live = 0 for message: message from client[3] to stanza(client[3], 7)
client[4] - Room: stanza(client[3], 7) - Message received: msg(332,client[3])
client[4] - time to live = 0 for message: message from client[3] to stanza(client[3], 7)
client[1] - Sending message to room stanza(client[1], 0) - msg(373,client[1])
client[0] - stanza(client[1], 0) - Displayed message: msg(373,client[1]) from user client[1]
client[0] - Room: stanza(client[1], 0) - Message received: msg(373,client[1])
client[0] - time to live = 0 for message: message from client[1] to stanza(client[1], 0)
client[2] - Room: stanza(client[1], 0) - Message discarded for I'm not a recipient: 
client[2] - time to live = 0 for message: message from client[1] to stanza(client[1], 0)
client[0] - Sending message to room stanza(client[0], 3) - msg(339,client[0])
client[4] - Room: stanza(client[0], 3) - Message discarded for I'm not a recipient: 
client[4] - time to live = 0 for message: message from client[0] to stanza(client[0], 3)
client[1] - stanza(client[0], 3) - Displayed message: msg(339,client[0]) from user client[0]
client[1] - Room: stanza(client[0], 3) - Message received: msg(339,client[0])
client[1] - time to live = 0 for message: message from client[0] to stanza(client[0], 3)
client[2] - Sending message to room stanza(client[3], 7) - msg(304,client[2])
client[1] - Room: stanza(client[3], 7) - Message discarded for I'm not a recipient: 
client[1] - time to live = 0 for message: message from client[2] to stanza(client[3], 7)
client[3] - stanza(client[3], 7) - Displayed message: msg(304,client[2]) from user client[2]
client[3] - Room: stanza(client[3], 7) - Message received: msg(304,client[2])
client[3] - time to live = 0 for message: message from client[2] to stanza(client[3], 7)
client[2] - Sent room creation: stanza(client[2], 10) with: client[2],client[3]
client[1] - Room: stanza(client[2], 10) - Message discarded for I'm not a recipient: 
client[1] - time to live = 0 for message: creation of room stanza(client[2], 10)
client[3] - Room created: stanza(client[2], 10)
client[3] - time to live = 0 for message: creation of room stanza(client[2], 10)
client[1] - Sending message to room stanza(client[2], 1) - msg(374,client[1])
client[0] - Room: stanza(client[2], 1) - Message discarded for I'm not a recipient: 
client[0] - time to live = 0 for message: message from client[1] to stanza(client[2], 1)
client[2] - stanza(client[2], 1) - Displayed message: msg(374,client[1]) from user client[1]
client[2] - Room: stanza(client[2], 1) - Message received: msg(374,client[1])
client[2] - time to live = 0 for message: message from client[1] to stanza(client[2], 1)
client[3] - Sending message to room stanza(client[3], 7) - msg(333,client[3])
client[2] - Room: stanza(client[3], 7) - Message received: msg(333,client[3])
client[2] - time to live = 0 for message: message from client[3] to stanza(client[3], 7)
client[4] - Room: stanza(client[3], 7) - Message received: msg(333,client[3])
client[4] - time to live = 0 for message: message from client[3] to stanza(client[3], 7)
client[3] - Sending message to room stanza(client[2], 10) - msg(334,client[3])
client[2] - stanza(client[2], 10) - Displayed message: msg(334,client[3]) from user client[3]
client[2] - Room: stanza(client[2], 10) - Message received: msg(334,client[3])
client[2] - time to live = 0 for message: message from client[3] to stanza(client[2], 10)
client[4] - Room: stanza(client[2], 10) - Message discarded for I'm not a recipient: 
client[4] - time to live = 0 for message: message from client[3] to stanza(client[2], 10)
client[0] - Sending message to room stanza(client[4], 3) - msg(340,client[0])
client[4] - stanza(client[4], 3) - Displayed message: msg(340,client[0]) from user client[0]
client[4] - Room: stanza(client[4], 3) - Message received: msg(340,client[0])
client[4] - time to live = 0 for message: message from client[0] to stanza(client[4], 3)
client[1] - Room: stanza(client[4], 3) - Message discarded for I'm not a recipient: 
client[1] - time to live = 0 for message: message from client[0] to stanza(client[4], 3)
client[0] - Sending message to room stanza(client[0], 3) - msg(341,client[0])
client[4] - Room: stanza(client[0], 3) - Message discarded for I'm not a recipient: 
client[4] - time to live = 0 for message: message from client[0] to stanza(client[0], 3)
client[1] - stanza(client[0], 3) - Displayed message: msg(341,client[0]) from user client[0]
client[1] - Room: stanza(client[0], 3) - Message received: msg(341,client[0])
client[1] - time to live = 0 for message: message from client[0] to stanza(client[0], 3)
client[0] - Sending message to room stanza(client[1], 1) - msg(342,client[0])
client[4] - Room: stanza(client[1], 1) - Message discarded for I'm not a recipient: 
client[4] - time to live = 0 for message: message from client[0] to stanza(client[1], 1)
client[1] - stanza(client[1], 1) - Displayed message: msg(342,client[0]) from user client[0]
client[1] - Room: stanza(client[1], 1) - Message received: msg(342,client[0])
client[1] - time to live = 0 for message: message from client[0] to stanza(client[1], 1)
client[4] - Sending message to room stanza(client[3], 5) - msg(371,client[4])
client[3] - stanza(client[3], 5) - Displayed message: msg(371,client[4]) from user client[4]
client[3] - Room: stanza(client[3], 5) - Message received: msg(371,client[4])
client[3] - time to live = 0 for message: message from client[4] to stanza(client[3], 5)
client[0] - Room: stanza(client[3], 5) - Message discarded for I'm not a recipient: 
client[0] - time to live = 0 for message: message from client[4] to stanza(client[3], 5)
client[2] - Sending message to room stanza(client[2], 3) - msg(305,client[2])
client[1] - Room: stanza(client[2], 3) - Message discarded for I'm not a recipient: 
client[1] - time to live = 0 for message: message from client[2] to stanza(client[2], 3)
client[3] - stanza(client[2], 3) - Displayed message: msg(305,client[2]) from user client[2]
client[3] - Room: stanza(client[2], 3) - Message received: msg(305,client[2])
client[3] - time to live = 0 for message: message from client[2] to stanza(client[2], 3)
client[4] - Sending message to room stanza(client[3], 1) - msg(372,client[4])
client[3] - stanza(client[3], 1) - Displayed message: msg(372,client[4]) from user client[4]
client[3] - Room: stanza(client[3], 1) - Message received: msg(372,client[4])
client[3] - time to live = 0 for message: message from client[4] to stanza(client[3], 1)
client[0] - Room: stanza(client[3], 1) - Message discarded for I'm not a recipient: 
client[0] - time to live = 0 for message: message from client[4] to stanza(client[3], 1)
client[0] - Sending message to room stanza(client[1], 4) - msg(343,client[0])
client[4] - Room: stanza(client[1], 4) - Message discarded for I'm not a recipient: 
client[4] - time to live = 0 for message: message from client[0] to stanza(client[1], 4)
client[1] - stanza(client[1], 4) - Displayed message: msg(343,client[0]) from user client[0]
client[1] - Room: stanza(client[1], 4) - Message received: msg(343,client[0])
client[1] - time to live = 0 for message: message from client[0] to stanza(client[1], 4)
client[2] - Sending message to room stanza(client[2], 1) - msg(306,client[2])
client[1] - stanza(client[2], 1) - Displayed message: msg(306,client[2]) from user client[2]
client[1] - Room: stanza(client[2], 1) - Message received: msg(306,client[2])
client[1] - time to live = 0 for message: message from client[2] to stanza(client[2], 1)
client[3] - Room: stanza(client[2], 1) - Message discarded for I'm not a recipient: 
client[3] - time to live = 0 for message: message from client[2] to stanza(client[2], 1)
client[4] - Sending message to room stanza(client[0], 2) - msg(373,client[4])
client[3] - Room: stanza(client[0], 2) - Message discarded for I'm not a recipient: 
client[3] - time to live = 0 for message: message from client[4] to stanza(client[0], 2)
client[0] - stanza(client[0], 2) - Displayed message: msg(373,client[4]) from user client[4]
client[0] - Room: stanza(client[0], 2) - Message received: msg(373,client[4])
client[0] - time to live = 0 for message: message from client[4] to stanza(client[0], 2)
client[2] - Sending message to room stanza(client[2], 3) - msg(307,client[2])
client[1] - Room: stanza(client[2], 3) - Message discarded for I'm not a recipient: 
client[1] - time to live = 0 for message: message from client[2] to stanza(client[2], 3)
client[3] - stanza(client[2], 3) - Displayed message: msg(307,client[2]) from user client[2]
client[3] - Room: stanza(client[2], 3) - Message received: msg(307,client[2])
client[3] - time to live = 0 for message: message from client[2] to stanza(client[2], 3)
client[3] - Sending message to room stanza(client[3], 1) - msg(335,client[3])
client[2] - Asked for message: 3 - Room: stanza(client[3], 1)
client[2] - Asked for message: 1 - Room: stanza(client[3], 1)
client[2] - Asked for message: 47 - Room: stanza(client[3], 1)
client[2] - Asked for message: 1 - Room: stanza(client[3], 1)
client[2] - Asked for message: 1 - Room: stanza(client[3], 1)
client[2] - time to live = 0 for message: message from client[3] to stanza(client[3], 1)
client[4] - Asked for message: 1 - Room: stanza(client[3], 1)
client[4] - Asked for message: 1 - Room: stanza(client[3], 1)
client[4] - Asked for message: 1 - Room: stanza(client[3], 1)
client[4] - Asked for message: 1 - Room: stanza(client[3], 1)
client[4] - Asked for message: 42 - Room: stanza(client[3], 1)
client[4] - time to live = 0 for message: message from client[3] to stanza(client[3], 1)
client[1] - Room: stanza(client[3], 1) - Message discarded for I'm not a recipient: 
client[1] - time to live = 0 for message: ask message for missing message 3
NOT IMPLEMENTED YET
client[3] - Room: stanza(client[3], 1) - Asked for message: 3
client[3] - time to live = 0 for message: ask message for missing message 3
client[1] - Room: stanza(client[3], 1) - Message discarded for I'm not a recipient: 
client[1] - time to live = 0 for message: ask message for missing message 1
NOT IMPLEMENTED YET
client[3] - Room: stanza(client[3], 1) - Asked for message: 1
client[3] - time to live = 0 for message: ask message for missing message 1
client[1] - Room: stanza(client[3], 1) - Message discarded for I'm not a recipient: 
client[1] - time to live = 0 for message: ask message for missing message 47
NOT IMPLEMENTED YET
client[3] - Room: stanza(client[3], 1) - Asked for message: 47
client[3] - time to live = 0 for message: ask message for missing message 47
client[1] - Room: stanza(client[3], 1) - Message discarded for I'm not a recipient: 
client[1] - time to live = 0 for message: ask message for missing message 1
NOT IMPLEMENTED YET
client[3] - Room: stanza(client[3], 1) - Asked for message: 1
client[3] - time to live = 0 for message: ask message for missing message 1
client[1] - Room: stanza(client[3], 1) - Message discarded for I'm not a recipient: 
client[1] - time to live = 0 for message: ask message for missing message 1
NOT IMPLEMENTED YET
client[3] - Room: stanza(client[3], 1) - Asked for message: 1
client[3] - time to live = 0 for message: ask message for missing message 1
NOT IMPLEMENTED YET
client[3] - Room: stanza(client[3], 1) - Asked for message: 1
client[3] - time to live = 0 for message: ask message for missing message 1
client[0] - Room: stanza(client[3], 1) - Message discarded for I'm not a recipient: 
client[0] - time to live = 0 for message: ask message for missing message 1
NOT IMPLEMENTED YET
client[3] - Room: stanza(client[3], 1) - Asked for message: 1
client[3] - time to live = 0 for message: ask message for missing message 1
client[0] - Room: stanza(client[3], 1) - Message discarded for I'm not a recipient: 
client[0] - time to live = 0 for message: ask message for missing message 1
NOT IMPLEMENTED YET
client[3] - Room: stanza(client[3], 1) - Asked for message: 1
client[3] - time to live = 0 for message: ask message for missing message 1
client[0] - Room: stanza(client[3], 1) - Message discarded for I'm not a recipient: 
client[0] - time to live = 0 for message: ask message for missing message 1
NOT IMPLEMENTED YET
client[3] - Room: stanza(client[3], 1) - Asked for message: 1
client[3] - time to live = 0 for message: ask message for missing message 1
client[0] - Room: stanza(client[3], 1) - Message discarded for I'm not a recipient: 
client[0] - time to live = 0 for message: ask message for missing message 1
NOT IMPLEMENTED YET
client[3] - Room: stanza(client[3], 1) - Asked for message: 42
client[3] - time to live = 0 for message: ask message for missing message 42
client[0] - Room: stanza(client[3], 1) - Message discarded for I'm not a recipient: 
client[0] - time to live = 0 for message: ask message for missing message 42
client[1] - Sending message to room stanza(client[2], 8) - msg(375,client[1])
client[0] - Room: stanza(client[2], 8) - Message discarded for I'm not a recipient: 
client[0] - time to live = 0 for message: message from client[1] to stanza(client[2], 8)
client[2] - stanza(client[2], 8) - Displayed message: msg(375,client[1]) from user client[1]
client[2] - Room: stanza(client[2], 8) - Message received: msg(375,client[1])
client[2] - time to live = 0 for message: message from client[1] to stanza(client[2], 8)
client[4] - Sending message to room stanza(client[3], 3) - msg(374,client[4])
client[3] - stanza(client[3], 3) - Displayed message: msg(374,client[4]) from user client[4]
client[3] - Room: stanza(client[3], 3) - Message received: msg(374,client[4])
client[3] - time to live = 0 for message: message from client[4] to stanza(client[3], 3)
client[0] - Room: stanza(client[3], 3) - Message discarded for I'm not a recipient: 
client[0] - time to live = 0 for message: message from client[4] to stanza(client[3], 3)
client[1] - Sending message to room stanza(client[2], 8) - msg(376,client[1])
client[0] - Room: stanza(client[2], 8) - Message discarded for I'm not a recipient: 
client[0] - time to live = 0 for message: message from client[1] to stanza(client[2], 8)
client[2] - stanza(client[2], 8) - Displayed message: msg(376,client[1]) from user client[1]
client[2] - Room: stanza(client[2], 8) - Message received: msg(376,client[1])
client[2] - time to live = 0 for message: message from client[1] to stanza(client[2], 8)
client[1] - Sent room creation: stanza(client[1], 6) with: client[1],client[4],client[3],client[2],client[0]
client[0] - Room created: stanza(client[1], 6)
client[0] - time to live = 0 for message: creation of room stanza(client[1], 6)
client[2] - Room created: stanza(client[1], 6)
client[2] - time to live = 0 for message: creation of room stanza(client[1], 6)
client[4] - Sending message to room stanza(client[3], 4) - msg(375,client[4])
client[3] - stanza(client[3], 4) - Displayed message: msg(375,client[4]) from user client[4]
client[3] - Room: stanza(client[3], 4) - Message received: msg(375,client[4])
client[3] - time to live = 0 for message: message from client[4] to stanza(client[3], 4)
client[0] - Room: stanza(client[3], 4) - Message discarded for I'm not a recipient: 
client[0] - time to live = 0 for message: message from client[4] to stanza(client[3], 4)
client[3] - Sending message to room stanza(client[2], 4) - msg(336,client[3])
client[2] - stanza(client[2], 4) - Displayed message: msg(336,client[3]) from user client[3]
client[2] - Room: stanza(client[2], 4) - Message received: msg(336,client[3])
client[2] - time to live = 0 for message: message from client[3] to stanza(client[2], 4)
client[4] - Room: stanza(client[2], 4) - Message discarded for I'm not a recipient: 
client[4] - time to live = 0 for message: message from client[3] to stanza(client[2], 4)
client[4] - Sending message to room stanza(client[3], 7) - msg(376,client[4])
client[3] - stanza(client[3], 7) - Displayed message: msg(376,client[4]) from user client[4]
client[3] - Room: stanza(client[3], 7) - Message received: msg(376,client[4])
client[3] - time to live = 0 for message: message from client[4] to stanza(client[3], 7)
client[0] - Room: stanza(client[3], 7) - Message discarded for I'm not a recipient: 
client[0] - time to live = 0 for message: message from client[4] to stanza(client[3], 7)
client[2] - Sending message to room stanza(client[3], 1) - msg(308,client[2])
client[1] - Room: stanza(client[3], 1) - Message discarded for I'm not a recipient: 
client[1] - time to live = 0 for message: message from client[2] to stanza(client[3], 1)
client[3] - stanza(client[3], 1) - Displayed message: msg(308,client[2]) from user client[2]
client[3] - Room: stanza(client[3], 1) - Message received: msg(308,client[2])
client[3] - time to live = 0 for message: message from client[2] to stanza(client[3], 1)
client[4] - Sending message to room stanza(client[3], 9) - msg(377,client[4])
client[3] - stanza(client[3], 9) - Displayed message: msg(377,client[4]) from user client[4]
client[3] - Room: stanza(client[3], 9) - Message received: msg(377,client[4])
client[3] - time to live = 0 for message: message from client[4] to stanza(client[3], 9)
client[0] - Room: stanza(client[3], 9) - Message discarded for I'm not a recipient: 
client[0] - time to live = 0 for message: message from client[4] to stanza(client[3], 9)
client[2] - Sending message to room stanza(client[3], 7) - msg(309,client[2])
client[1] - Room: stanza(client[3], 7) - Message discarded for I'm not a recipient: 
client[1] - time to live = 0 for message: message from client[2] to stanza(client[3], 7)
client[3] - stanza(client[3], 7) - Displayed message: msg(309,client[2]) from user client[2]
client[3] - Room: stanza(client[3], 7) - Message received: msg(309,client[2])
client[3] - time to live = 0 for message: message from client[2] to stanza(client[3], 7)
client[2] - Sending message to room stanza(client[1], 2) - msg(310,client[2])
client[1] - stanza(client[1], 2) - Displayed message: msg(310,client[2]) from user client[2]
client[1] - Room: stanza(client[1], 2) - Message received: msg(310,client[2])
client[1] - time to live = 0 for message: message from client[2] to stanza(client[1], 2)
client[3] - Room: stanza(client[1], 2) - Message discarded for I'm not a recipient: 
client[3] - time to live = 0 for message: message from client[2] to stanza(client[1], 2)
client[4] - Sending message to room stanza(client[4], 1) - msg(378,client[4])
client[3] - Asked for message: 2 - Room: stanza(client[4], 1)
client[3] - Asked for message: 1 - Room: stanza(client[4], 1)
client[3] - Asked for message: 1 - Room: stanza(client[4], 1)
client[3] - Asked for message: 34 - Room: stanza(client[4], 1)
client[3] - time to live = 0 for message: message from client[4] to stanza(client[4], 1)
client[0] - Asked for message: 2 - Room: stanza(client[4], 1)
client[0] - Asked for message: 1 - Room: stanza(client[4], 1)
client[0] - Asked for message: 21 - Room: stanza(client[4], 1)
client[0] - Asked for message: 1 - Room: stanza(client[4], 1)
client[0] - time to live = 0 for message: message from client[4] to stanza(client[4], 1)
client[2] - Room: stanza(client[4], 1) - Message discarded for I'm not a recipient: 
client[2] - time to live = 0 for message: ask message for missing message 2
NOT IMPLEMENTED YET
client[4] - Room: stanza(client[4], 1) - Asked for message: 2
client[4] - time to live = 0 for message: ask message for missing message 2
client[2] - Room: stanza(client[4], 1) - Message discarded for I'm not a recipient: 
client[2] - time to live = 0 for message: ask message for missing message 1
NOT IMPLEMENTED YET
client[4] - Room: stanza(client[4], 1) - Asked for message: 1
client[4] - time to live = 0 for message: ask message for missing message 1
client[2] - Room: stanza(client[4], 1) - Message discarded for I'm not a recipient: 
client[2] - time to live = 0 for message: ask message for missing message 1
NOT IMPLEMENTED YET
client[4] - Room: stanza(client[4], 1) - Asked for message: 1
client[4] - time to live = 0 for message: ask message for missing message 1
client[2] - Room: stanza(client[4], 1) - Message discarded for I'm not a recipient: 
client[2] - time to live = 0 for message: ask message for missing message 34
NOT IMPLEMENTED YET
client[4] - Room: stanza(client[4], 1) - Asked for message: 34
client[4] - time to live = 0 for message: ask message for missing message 34
NOT IMPLEMENTED YET
client[4] - Room: stanza(client[4], 1) - Asked for message: 2
client[4] - time to live = 0 for message: ask message for missing message 2
client[1] - Room: stanza(client[4], 1) - Message discarded for I'm not a recipient: 
client[1] - time to live = 0 for message: ask message for missing message 2
NOT IMPLEMENTED YET
client[4] - Room: stanza(client[4], 1) - Asked for message: 1
client[4] - time to live = 0 for message: ask message for missing message 1
client[1] - Room: stanza(client[4], 1) - Message discarded for I'm not a recipient: 
client[1] - time to live = 0 for message: ask message for missing message 1
NOT IMPLEMENTED YET
client[4] - Room: stanza(client[4], 1) - Asked for message: 21
client[4] - time to live = 0 for message: ask message for missing message 21
client[1] - Room: stanza(client[4], 1) - Message discarded for I'm not a recipient: 
client[1] - time to live = 0 for message: ask message for missing message 21
NOT IMPLEMENTED YET
client[4] - Room: stanza(client[4], 1) - Asked for message: 1
client[4] - time to live = 0 for message: ask message for missing message 1
client[1] - Room: stanza(client[4], 1) - Message discarded for I'm not a recipient: 
client[1] - time to live = 0 for message: ask message for missing message 1
client[4] - Sending message to room stanza(client[4], 6) - msg(379,client[4])
client[3] - Room: stanza(client[4], 6) - Message discarded for I'm not a recipient: 
client[3] - time to live = 0 for message: message from client[4] to stanza(client[4], 6)
client[0] - stanza(client[4], 6) - Displayed message: msg(379,client[4]) from user client[4]
client[0] - Room: stanza(client[4], 6) - Message received: msg(379,client[4])
client[0] - time to live = 0 for message: message from client[4] to stanza(client[4], 6)
client[1] - Sent room creation: stanza(client[1], 7) with: client[1],client[2],client[3],client[4],client[0]
client[0] - Room created: stanza(client[1], 7)
client[0] - time to live = 0 for message: creation of room stanza(client[1], 7)
client[2] - Room created: stanza(client[1], 7)
client[2] - time to live = 0 for message: creation of room stanza(client[1], 7)
client[4] - Sending message to room stanza(client[4], 4) - msg(380,client[4])
client[3] - stanza(client[4], 4) - Displayed message: msg(380,client[4]) from user client[4]
client[3] - Room: stanza(client[4], 4) - Message received: msg(380,client[4])
client[3] - time to live = 0 for message: message from client[4] to stanza(client[4], 4)
client[0] - Room: stanza(client[4], 4) - Message discarded for I'm not a recipient: 
client[0] - time to live = 0 for message: message from client[4] to stanza(client[4], 4)
client[3] - Sending message to room stanza(client[4], 3) - msg(337,client[3])
client[2] - Room: stanza(client[4], 3) - Message discarded for I'm not a recipient: 
client[2] - time to live = 0 for message: message from client[3] to stanza(client[4], 3)
client[4] - stanza(client[4], 3) - Displayed message: msg(337,client[3]) from user client[3]
client[4] - Room: stanza(client[4], 3) - Message received: msg(337,client[3])
client[4] - time to live = 0 for message: message from client[3] to stanza(client[4], 3)
client[1] - Sending message to room stanza(client[1], 5) - msg(377,client[1])
client[0] - Room: stanza(client[1], 5) - Message discarded for I'm not a recipient: 
client[0] - time to live = 0 for message: message from client[1] to stanza(client[1], 5)
client[2] - Room: stanza(client[1], 5) - Message discarded for I'm not a recipient: 
client[2] - time to live = 0 for message: message from client[1] to stanza(client[1], 5)
client[0] - Sending message to room stanza(client[0], 3) - msg(344,client[0])
client[4] - Room: stanza(client[0], 3) - Message discarded for I'm not a recipient: 
client[4] - time to live = 0 for message: message from client[0] to stanza(client[0], 3)
client[1] - stanza(client[0], 3) - Displayed message: msg(344,client[0]) from user client[0]
client[1] - Room: stanza(client[0], 3) - Message received: msg(344,client[0])
client[1] - time to live = 0 for message: message from client[0] to stanza(client[0], 3)
client[0] - Sending message to room stanza(client[0], 5) - msg(345,client[0])
client[4] - stanza(client[0], 5) - Displayed message: msg(345,client[0]) from user client[0]
client[4] - Room: stanza(client[0], 5) - Message received: msg(345,client[0])
client[4] - time to live = 0 for message: message from client[0] to stanza(client[0], 5)
client[1] - Room: stanza(client[0], 5) - Message discarded for I'm not a recipient: 
client[1] - time to live = 0 for message: message from client[0] to stanza(client[0], 5)
client[2] - Sending message to room stanza(client[2], 7) - msg(311,client[2])
client[1] - stanza(client[2], 7) - Displayed message: msg(311,client[2]) from user client[2]
client[1] - Room: stanza(client[2], 7) - Message received: msg(311,client[2])
client[1] - time to live = 0 for message: message from client[2] to stanza(client[2], 7)
client[3] - stanza(client[2], 7) - Displayed message: msg(311,client[2]) from user client[2]
client[3] - Room: stanza(client[2], 7) - Message received: msg(311,client[2])
client[3] - time to live = 0 for message: message from client[2] to stanza(client[2], 7)
client[4] - Sending message to room stanza(client[0], 2) - msg(381,client[4])
client[3] - Room: stanza(client[0], 2) - Message discarded for I'm not a recipient: 
client[3] - time to live = 0 for message: message from client[4] to stanza(client[0], 2)
client[0] - stanza(client[0], 2) - Displayed message: msg(381,client[4]) from user client[4]
client[0] - Room: stanza(client[0], 2) - Message received: msg(381,client[4])
client[0] - time to live = 0 for message: message from client[4] to stanza(client[0], 2)
client[3] - Sending message to room stanza(client[4], 3) - msg(338,client[3])
client[2] - Room: stanza(client[4], 3) - Message discarded for I'm not a recipient: 
client[2] - time to live = 0 for message: message from client[3] to stanza(client[4], 3)
client[4] - stanza(client[4], 3) - Displayed message: msg(338,client[3]) from user client[3]
client[4] - Room: stanza(client[4], 3) - Message received: msg(338,client[3])
client[4] - time to live = 0 for message: message from client[3] to stanza(client[4], 3)
client[4] - Sent room creation: stanza(client[4], 7) with: client[4],client[3],client[2]
client[3] - Room created: stanza(client[4], 7)
client[3] - time to live = 0 for message: creation of room stanza(client[4], 7)
client[0] - Room: stanza(client[4], 7) - Message discarded for I'm not a recipient: 
client[0] - time to live = 0 for message: creation of room stanza(client[4], 7)
client[4] - Sending message to room stanza(client[0], 1) - msg(382,client[4])
client[3] - Room: stanza(client[0], 1) - Message discarded for I'm not a recipient: 
client[3] - time to live = 0 for message: message from client[4] to stanza(client[0], 1)
client[0] - stanza(client[0], 1) - Displayed message: msg(382,client[4]) from user client[4]
client[0] - Room: stanza(client[0], 1) - Message received: msg(382,client[4])
client[0] - time to live = 0 for message: message from client[4] to stanza(client[0], 1)
client[4] - Sending message to room stanza(client[4], 7) - msg(383,client[4])
client[3] - stanza(client[4], 7) - Displayed message: msg(383,client[4]) from user client[4]
client[3] - Room: stanza(client[4], 7) - Message received: msg(383,client[4])
client[3] - time to live = 0 for message: message from client[4] to stanza(client[4], 7)
client[0] - Room: stanza(client[4], 7) - Message discarded for I'm not a recipient: 
client[0] - time to live = 0 for message: message from client[4] to stanza(client[4], 7)
client[2] - Sending message to room stanza(client[2], 0) - msg(312,client[2])
client[1] - stanza(client[2], 0) - Displayed message: msg(312,client[2]) from user client[2]
client[1] - Room: stanza(client[2], 0) - Message received: msg(312,client[2])
client[1] - time to live = 0 for message: message from client[2] to stanza(client[2], 0)
client[3] - Room: stanza(client[2], 0) - Message discarded for I'm not a recipient: 
client[3] - time to live = 0 for message: message from client[2] to stanza(client[2], 0)
client[3] - Sending message to room stanza(client[2], 9) - msg(339,client[3])
client[2] - stanza(client[2], 9) - Displayed message: msg(339,client[3]) from user client[3]
client[2] - Room: stanza(client[2], 9) - Message received: msg(339,client[3])
client[2] - time to live = 0 for message: message from client[3] to stanza(client[2], 9)
client[4] - Room: stanza(client[2], 9) - Message discarded for I'm not a recipient: 
client[4] - time to live = 0 for message: message from client[3] to stanza(client[2], 9)
client[1] - Sending message to room stanza(client[0], 2) - msg(378,client[1])
client[0] - stanza(client[0], 2) - Displayed message: msg(378,client[1]) from user client[1]
client[0] - Room: stanza(client[0], 2) - Message received: msg(378,client[1])
client[0] - time to live = 0 for message: message from client[1] to stanza(client[0], 2)
client[2] - Room: stanza(client[0], 2) - Message discarded for I'm not a recipient: 
client[2] - time to live = 0 for message: message from client[1] to stanza(client[0], 2)
client[0] - Sending message to room stanza(client[0], 4) - msg(346,client[0])
client[4] - stanza(client[0], 4) - Displayed message: msg(346,client[0]) from user client[0]
client[4] - Room: stanza(client[0], 4) - Message received: msg(346,client[0])
client[4] - time to live = 0 for message: message from client[0] to stanza(client[0], 4)
client[1] - Room: stanza(client[0], 4) - Message discarded for I'm not a recipient: 
client[1] - time to live = 0 for message: message from client[0] to stanza(client[0], 4)
client[2] - Sending message to room stanza(client[2], 3) - msg(313,client[2])
client[1] - Room: stanza(client[2], 3) - Message discarded for I'm not a recipient: 
client[1] - time to live = 0 for message: message from client[2] to stanza(client[2], 3)
client[3] - stanza(client[2], 3) - Displayed message: msg(313,client[2]) from user client[2]
client[3] - Room: stanza(client[2], 3) - Message received: msg(313,client[2])
client[3] - time to live = 0 for message: message from client[2] to stanza(client[2], 3)
client[1] - Sending message to room stanza(client[1], 3) - msg(379,client[1])
client[0] - stanza(client[1], 3) - Displayed message: msg(379,client[1]) from user client[1]
client[0] - Room: stanza(client[1], 3) - Message received: msg(379,client[1])
client[0] - time to live = 0 for message: message from client[1] to stanza(client[1], 3)
client[2] - Room: stanza(client[1], 3) - Message discarded for I'm not a recipient: 
client[2] - time to live = 0 for message: message from client[1] to stanza(client[1], 3)
client[3] - Sending message to room stanza(client[3], 0) - msg(340,client[3])
client[2] - Room: stanza(client[3], 0) - Message discarded for I'm not a recipient: 
client[2] - time to live = 0 for message: message from client[3] to stanza(client[3], 0)
client[4] - stanza(client[3], 0) - Displayed message: msg(340,client[3]) from user client[3]
client[4] - Room: stanza(client[3], 0) - Message received: msg(340,client[3])
client[4] - time to live = 0 for message: message from client[3] to stanza(client[3], 0)
client[0] - Sending message to room stanza(client[4], 1) - msg(347,client[0])
client[4] - stanza(client[4], 1) - Displayed message: msg(347,client[0]) from user client[0]
client[4] - Room: stanza(client[4], 1) - Message received: msg(347,client[0])
client[4] - time to live = 0 for message: message from client[0] to stanza(client[4], 1)
client[1] - Room: stanza(client[4], 1) - Message discarded for I'm not a recipient: 
client[1] - time to live = 0 for message: message from client[0] to stanza(client[4], 1)
client[4] - Sending message to room stanza(client[3], 10) - msg(384,client[4])
client[3] - stanza(client[3], 10) - Displayed message: msg(384,client[4]) from user client[4]
client[3] - Room: stanza(client[3], 10) - Message received: msg(384,client[4])
client[3] - time to live = 0 for message: message from client[4] to stanza(client[3], 10)
client[0] - Room: stanza(client[3], 10) - Message discarded for I'm not a recipient: 
client[0] - time to live = 0 for message: message from client[4] to stanza(client[3], 10)
client[1] - Sending message to room stanza(client[2], 0) - msg(380,client[1])
client[0] - Room: stanza(client[2], 0) - Message discarded for I'm not a recipient: 
client[0] - time to live = 0 for message: message from client[1] to stanza(client[2], 0)
client[2] - stanza(client[2], 0) - Displayed message: msg(380,client[1]) from user client[1]
client[2] - Room: stanza(client[2], 0) - Message received: msg(380,client[1])
client[2] - time to live = 0 for message: message from client[1] to stanza(client[2], 0)
client[0] - Sending message to room stanza(client[1], 6) - msg(348,client[0])
client[4] - Room: stanza(client[1], 6) - Message discarded for I'm not a recipient: 
client[4] - time to live = 0 for message: message from client[0] to stanza(client[1], 6)
client[1] - stanza(client[1], 6) - Displayed message: msg(348,client[0]) from user client[0]
client[1] - Room: stanza(client[1], 6) - Message received: msg(348,client[0])
client[1] - time to live = 0 for message: message from client[0] to stanza(client[1], 6)
client[2] - Sending message to room stanza(client[1], 4) - msg(314,client[2])
client[1] - stanza(client[1], 4) - Displayed message: msg(314,client[2]) from user client[2]
client[1] - Room: stanza(client[1], 4) - Message received: msg(314,client[2])
client[1] - time to live = 0 for message: message from client[2] to stanza(client[1], 4)
client[3] - Room: stanza(client[1], 4) - Message discarded for I'm not a recipient: 
client[3] - time to live = 0 for message: message from client[2] to stanza(client[1], 4)
client[4] - Sending message to room stanza(client[3], 6) - msg(385,client[4])
client[3] - stanza(client[3], 6) - Displayed message: msg(385,client[4]) from user client[4]
client[3] - Room: stanza(client[3], 6) - Message received: msg(385,client[4])
client[3] - time to live = 0 for message: message from client[4] to stanza(client[3], 6)
client[0] - Room: stanza(client[3], 6) - Message discarded for I'm not a recipient: 
client[0] - time to live = 0 for message: message from client[4] to stanza(client[3], 6)
client[1] - Sending message to room stanza(client[1], 0) - msg(381,client[1])
client[0] - stanza(client[1], 0) - Displayed message: msg(381,client[1]) from user client[1]
client[0] - Room: stanza(client[1], 0) - Message received: msg(381,client[1])
client[0] - time to live = 0 for message: message from client[1] to stanza(client[1], 0)
client[2] - Room: stanza(client[1], 0) - Message discarded for I'm not a recipient: 
client[2] - time to live = 0 for message: message from client[1] to stanza(client[1], 0)
client[0] - Sending message to room stanza(client[0], 0) - msg(349,client[0])
client[4] - Room: stanza(client[0], 0) - Message discarded for I'm not a recipient: 
client[4] - time to live = 0 for message: message from client[0] to stanza(client[0], 0)
client[1] - Room: stanza(client[0], 0) - Message discarded for I'm not a recipient: 
client[1] - time to live = 0 for message: message from client[0] to stanza(client[0], 0)
client[0] - Sending message to room stanza(client[0], 3) - msg(350,client[0])
client[4] - Room: stanza(client[0], 3) - Message discarded for I'm not a recipient: 
client[4] - time to live = 0 for message: message from client[0] to stanza(client[0], 3)
client[1] - stanza(client[0], 3) - Displayed message: msg(350,client[0]) from user client[0]
client[1] - Room: stanza(client[0], 3) - Message received: msg(350,client[0])
client[1] - time to live = 0 for message: message from client[0] to stanza(client[0], 3)
client[2] - Sending message to room stanza(client[3], 2) - msg(315,client[2])
client[1] - Room: stanza(client[3], 2) - Message discarded for I'm not a recipient: 
client[1] - time to live = 0 for message: message from client[2] to stanza(client[3], 2)
client[3] - stanza(client[3], 2) - Displayed message: msg(315,client[2]) from user client[2]
client[3] - Room: stanza(client[3], 2) - Message received: msg(315,client[2])
client[3] - time to live = 0 for message: message from client[2] to stanza(client[3], 2)
client[3] - Sending message to room stanza(client[3], 4) - msg(341,client[3])
client[2] - Room: stanza(client[3], 4) - Message discarded for I'm not a recipient: 
client[2] - time to live = 0 for message: message from client[3] to stanza(client[3], 4)
client[4] - stanza(client[3], 4) - Displayed message: msg(341,client[3]) from user client[3]
client[4] - Room: stanza(client[3], 4) - Message received: msg(341,client[3])
client[4] - time to live = 0 for message: message from client[3] to stanza(client[3], 4)
client[4] - Sending message to room stanza(client[4], 4) - msg(386,client[4])
client[3] - stanza(client[4], 4) - Displayed message: msg(386,client[4]) from user client[4]
client[3] - Room: stanza(client[4], 4) - Message received: msg(386,client[4])
client[3] - time to live = 0 for message: message from client[4] to stanza(client[4], 4)
client[0] - Room: stanza(client[4], 4) - Message discarded for I'm not a recipient: 
client[0] - time to live = 0 for message: message from client[4] to stanza(client[4], 4)
client[1] - Sending message to room stanza(client[2], 7) - msg(382,client[1])
client[0] - Room: stanza(client[2], 7) - Message discarded for I'm not a recipient: 
client[0] - time to live = 0 for message: message from client[1] to stanza(client[2], 7)
client[2] - stanza(client[2], 7) - Displayed message: msg(382,client[1]) from user client[1]
client[2] - Room: stanza(client[2], 7) - Message received: msg(382,client[1])
client[2] - time to live = 0 for message: message from client[1] to stanza(client[2], 7)
client[0] - Sending message to room stanza(client[4], 5) - msg(351,client[0])
client[4] - stanza(client[4], 5) - Displayed message: msg(351,client[0]) from user client[0]
client[4] - Room: stanza(client[4], 5) - Message received: msg(351,client[0])
client[4] - time to live = 0 for message: message from client[0] to stanza(client[4], 5)
client[1] - Room: stanza(client[4], 5) - Message discarded for I'm not a recipient: 
client[1] - time to live = 0 for message: message from client[0] to stanza(client[4], 5)
client[3] - Sending message to room stanza(client[3], 13) - msg(342,client[3])
client[2] - stanza(client[3], 13) - Displayed message: msg(342,client[3]) from user client[3]
client[2] - Room: stanza(client[3], 13) - Message received: msg(342,client[3])
client[2] - time to live = 0 for message: message from client[3] to stanza(client[3], 13)
client[4] - Room: stanza(client[3], 13) - Message discarded for I'm not a recipient: 
client[4] - time to live = 0 for message: message from client[3] to stanza(client[3], 13)
client[0] - Sending message to room stanza(client[1], 7) - msg(352,client[0])
client[4] - Room: stanza(client[1], 7) - Message discarded for I'm not a recipient: 
client[4] - time to live = 0 for message: message from client[0] to stanza(client[1], 7)
client[1] - stanza(client[1], 7) - Displayed message: msg(352,client[0]) from user client[0]
client[1] - Room: stanza(client[1], 7) - Message received: msg(352,client[0])
client[1] - time to live = 0 for message: message from client[0] to stanza(client[1], 7)
client[3] - Sending message to room stanza(client[3], 4) - msg(343,client[3])
client[2] - Room: stanza(client[3], 4) - Message discarded for I'm not a recipient: 
client[2] - time to live = 0 for message: message from client[3] to stanza(client[3], 4)
client[4] - stanza(client[3], 4) - Displayed message: msg(343,client[3]) from user client[3]
client[4] - Room: stanza(client[3], 4) - Message received: msg(343,client[3])
client[4] - time to live = 0 for message: message from client[3] to stanza(client[3], 4)
client[4] - Sending message to room stanza(client[4], 5) - msg(387,client[4])
client[3] - Room: stanza(client[4], 5) - Message discarded for I'm not a recipient: 
client[3] - time to live = 0 for message: message from client[4] to stanza(client[4], 5)
client[0] - stanza(client[4], 5) - Displayed message: msg(387,client[4]) from user client[4]
client[0] - Room: stanza(client[4], 5) - Message received: msg(387,client[4])
client[0] - time to live = 0 for message: message from client[4] to stanza(client[4], 5)
client[1] - Sending message to room stanza(client[1], 7) - msg(383,client[1])
client[0] - stanza(client[1], 7) - Displayed message: msg(383,client[1]) from user client[1]
client[0] - Room: stanza(client[1], 7) - Message received: msg(383,client[1])
client[0] - time to live = 0 for message: message from client[1] to stanza(client[1], 7)
client[2] - Room: stanza(client[1], 7) - Message received: msg(383,client[1])
client[2] - time to live = 0 for message: message from client[1] to stanza(client[1], 7)
client[0] - Sending message to room stanza(client[0], 6) - msg(353,client[0])
client[4] - Room: stanza(client[0], 6) - Message discarded for I'm not a recipient: 
client[4] - time to live = 0 for message: message from client[0] to stanza(client[0], 6)
client[1] - stanza(client[0], 6) - Displayed message: msg(353,client[0]) from user client[0]
client[1] - Room: stanza(client[0], 6) - Message received: msg(353,client[0])
client[1] - time to live = 0 for message: message from client[0] to stanza(client[0], 6)
client[2] - Sending message to room stanza(client[2], 5) - msg(316,client[2])
client[1] - stanza(client[2], 5) - Displayed message: msg(316,client[2]) from user client[2]
client[1] - Room: stanza(client[2], 5) - Message received: msg(316,client[2])
client[1] - time to live = 0 for message: message from client[2] to stanza(client[2], 5)
client[3] - Room: stanza(client[2], 5) - Message discarded for I'm not a recipient: 
client[3] - time to live = 0 for message: message from client[2] to stanza(client[2], 5)
client[4] - Sending message to room stanza(client[3], 1) - msg(388,client[4])
client[3] - stanza(client[3], 1) - Displayed message: msg(388,client[4]) from user client[4]
client[3] - Room: stanza(client[3], 1) - Message received: msg(388,client[4])
client[3] - time to live = 0 for message: message from client[4] to stanza(client[3], 1)
client[0] - Room: stanza(client[3], 1) - Message discarded for I'm not a recipient: 
client[0] - time to live = 0 for message: message from client[4] to stanza(client[3], 1)
client[3] - Sending message to room stanza(client[4], 7) - msg(344,client[3])
client[2] - Room: stanza(client[4], 7) - Message discarded for I'm not a recipient: 
client[2] - time to live = 0 for message: message from client[3] to stanza(client[4], 7)
client[4] - stanza(client[4], 7) - Displayed message: msg(344,client[3]) from user client[3]
client[4] - Room: stanza(client[4], 7) - Message received: msg(344,client[3])
client[4] - time to live = 0 for message: message from client[3] to stanza(client[4], 7)
client[2] - Sending message to room stanza(client[2], 9) - msg(317,client[2])
client[1] - Room: stanza(client[2], 9) - Message received: msg(317,client[2])
client[1] - time to live = 0 for message: message from client[2] to stanza(client[2], 9)
client[3] - stanza(client[2], 9) - Displayed message: msg(317,client[2]) from user client[2]
client[3] - Room: stanza(client[2], 9) - Message received: msg(317,client[2])
client[3] - time to live = 0 for message: message from client[2] to stanza(client[2], 9)
client[3] - Sending message to room stanza(client[3], 0) - msg(345,client[3])
client[2] - Room: stanza(client[3], 0) - Message discarded for I'm not a recipient: 
client[2] - time to live = 0 for message: message from client[3] to stanza(client[3], 0)
client[4] - stanza(client[3], 0) - Displayed message: msg(345,client[3]) from user client[3]
client[4] - Room: stanza(client[3], 0) - Message received: msg(345,client[3])
client[4] - time to live = 0 for message: message from client[3] to stanza(client[3], 0)
client[2] - Sending message to room stanza(client[1], 6) - msg(318,client[2])
client[1] - stanza(client[1], 6) - Displayed message: msg(318,client[2]) from user client[2]
client[1] - Room: stanza(client[1], 6) - Message received: msg(318,client[2])
client[1] - time to live = 0 for message: message from client[2] to stanza(client[1], 6)
client[3] - Room: stanza(client[1], 6) - Message discarded for I'm not a recipient: 
client[3] - time to live = 0 for message: message from client[2] to stanza(client[1], 6)
client[4] - Sending message to room stanza(client[4], 2) - msg(389,client[4])
client[3] - Room: stanza(client[4], 2) - Message discarded for I'm not a recipient: 
client[3] - time to live = 0 for message: message from client[4] to stanza(client[4], 2)
client[0] - stanza(client[4], 2) - Displayed message: msg(389,client[4]) from user client[4]
client[0] - Room: stanza(client[4], 2) - Message received: msg(389,client[4])
client[0] - time to live = 0 for message: message from client[4] to stanza(client[4], 2)
client[2] - Sent room creation: stanza(client[2], 11) with: client[2],client[4],client[1],client[0]
client[1] - Room created: stanza(client[2], 11)
client[1] - time to live = 0 for message: creation of room stanza(client[2], 11)
client[3] - Room: stanza(client[2], 11) - Message discarded for I'm not a recipient: 
client[3] - time to live = 0 for message: creation of room stanza(client[2], 11)
client[0] - Sending message to room stanza(client[0], 0) - msg(354,client[0])
client[4] - Room: stanza(client[0], 0) - Message discarded for I'm not a recipient: 
client[4] - time to live = 0 for message: message from client[0] to stanza(client[0], 0)
client[1] - Room: stanza(client[0], 0) - Message discarded for I'm not a recipient: 
client[1] - time to live = 0 for message: message from client[0] to stanza(client[0], 0)
client[2] - Sending message to room stanza(client[3], 2) - msg(319,client[2])
client[1] - Room: stanza(client[3], 2) - Message discarded for I'm not a recipient: 
client[1] - time to live = 0 for message: message from client[2] to stanza(client[3], 2)
client[3] - stanza(client[3], 2) - Displayed message: msg(319,client[2]) from user client[2]
client[3] - Room: stanza(client[3], 2) - Message received: msg(319,client[2])
client[3] - time to live = 0 for message: message from client[2] to stanza(client[3], 2)
client[0] - Sending message to room stanza(client[0], 5) - msg(355,client[0])
client[4] - stanza(client[0], 5) - Displayed message: msg(355,client[0]) from user client[0]
client[4] - Room: stanza(client[0], 5) - Message received: msg(355,client[0])
client[4] - time to live = 0 for message: message from client[0] to stanza(client[0], 5)
client[1] - Room: stanza(client[0], 5) - Message discarded for I'm not a recipient: 
client[1] - time to live = 0 for message: message from client[0] to stanza(client[0], 5)
client[1] - Sending message to room stanza(client[1], 2) - msg(384,client[1])
client[0] - Asked for message: 2 - Room: stanza(client[1], 2)
client[0] - Asked for message: 1 - Room: stanza(client[1], 2)
client[0] - Asked for message: 1 - Room: stanza(client[1], 2)
client[0] - Asked for message: 18 - Room: stanza(client[1], 2)
client[0] - Asked for message: 1 - Room: stanza(client[1], 2)
client[0] - time to live = 0 for message: message from client[1] to stanza(client[1], 2)
client[2] - Asked for message: 2 - Room: stanza(client[1], 2)
client[2] - Asked for message: 1 - Room: stanza(client[1], 2)
client[2] - Asked for message: 1 - Room: stanza(client[1], 2)
client[2] - Asked for message: 1 - Room: stanza(client[1], 2)
client[2] - Asked for message: 17 - Room: stanza(client[1], 2)
client[2] - time to live = 0 for message: message from client[1] to stanza(client[1], 2)
client[4] - Room: stanza(client[1], 2) - Message discarded for I'm not a recipient: 
client[4] - time to live = 0 for message: ask message for missing message 2
NOT IMPLEMENTED YET
client[1] - Room: stanza(client[1], 2) - Asked for message: 2
client[1] - time to live = 0 for message: ask message for missing message 2
client[4] - Room: stanza(client[1], 2) - Message discarded for I'm not a recipient: 
client[4] - time to live = 0 for message: ask message for missing message 1
NOT IMPLEMENTED YET
client[1] - Room: stanza(client[1], 2) - Asked for message: 1
client[1] - time to live = 0 for message: ask message for missing message 1
client[4] - Room: stanza(client[1], 2) - Message discarded for I'm not a recipient: 
client[4] - time to live = 0 for message: ask message for missing message 1
NOT IMPLEMENTED YET
client[1] - Room: stanza(client[1], 2) - Asked for message: 1
client[1] - time to live = 0 for message: ask message for missing message 1
client[4] - Room: stanza(client[1], 2) - Message discarded for I'm not a recipient: 
client[4] - time to live = 0 for message: ask message for missing message 18
NOT IMPLEMENTED YET
client[1] - Room: stanza(client[1], 2) - Asked for message: 18
client[1] - time to live = 0 for message: ask message for missing message 18
client[4] - Room: stanza(client[1], 2) - Message discarded for I'm not a recipient: 
client[4] - time to live = 0 for message: ask message for missing message 1
NOT IMPLEMENTED YET
client[1] - Room: stanza(client[1], 2) - Asked for message: 1
client[1] - time to live = 0 for message: ask message for missing message 1
NOT IMPLEMENTED YET
client[1] - Room: stanza(client[1], 2) - Asked for message: 2
client[1] - time to live = 0 for message: ask message for missing message 2
client[3] - Room: stanza(client[1], 2) - Message discarded for I'm not a recipient: 
client[3] - time to live = 0 for message: ask message for missing message 2
NOT IMPLEMENTED YET
client[1] - Room: stanza(client[1], 2) - Asked for message: 1
client[1] - time to live = 0 for message: ask message for missing message 1
client[3] - Room: stanza(client[1], 2) - Message discarded for I'm not a recipient: 
client[3] - time to live = 0 for message: ask message for missing message 1
NOT IMPLEMENTED YET
client[1] - Room: stanza(client[1], 2) - Asked for message: 1
client[1] - time to live = 0 for message: ask message for missing message 1
client[3] - Room: stanza(client[1], 2) - Message discarded for I'm not a recipient: 
client[3] - time to live = 0 for message: ask message for missing message 1
NOT IMPLEMENTED YET
client[1] - Room: stanza(client[1], 2) - Asked for message: 1
client[1] - time to live = 0 for message: ask message for missing message 1
client[3] - Room: stanza(client[1], 2) - Message discarded for I'm not a recipient: 
client[3] - time to live = 0 for message: ask message for missing message 1
NOT IMPLEMENTED YET
client[1] - Room: stanza(client[1], 2) - Asked for message: 17
client[1] - time to live = 0 for message: ask message for missing message 17
client[3] - Room: stanza(client[1], 2) - Message discarded for I'm not a recipient: 
client[3] - time to live = 0 for message: ask message for missing message 17
client[4] - Sending message to room stanza(client[4], 5) - msg(390,client[4])
client[3] - Room: stanza(client[4], 5) - Message discarded for I'm not a recipient: 
client[3] - time to live = 0 for message: message from client[4] to stanza(client[4], 5)
client[0] - stanza(client[4], 5) - Displayed message: msg(390,client[4]) from user client[4]
client[0] - Room: stanza(client[4], 5) - Message received: msg(390,client[4])
client[0] - time to live = 0 for message: message from client[4] to stanza(client[4], 5)
client[2] - Sending message to room stanza(client[3], 9) - msg(320,client[2])
client[1] - Room: stanza(client[3], 9) - Message discarded for I'm not a recipient: 
client[1] - time to live = 0 for message: message from client[2] to stanza(client[3], 9)
client[3] - stanza(client[3], 9) - Displayed message: msg(320,client[2]) from user client[2]
client[3] - Room: stanza(client[3], 9) - Message received: msg(320,client[2])
client[3] - time to live = 0 for message: message from client[2] to stanza(client[3], 9)
client[2] - Sending message to room stanza(client[2], 2) - msg(321,client[2])
client[1] - Room: stanza(client[2], 2) - Message discarded for I'm not a recipient: 
client[1] - time to live = 0 for message: message from client[2] to stanza(client[2], 2)
client[3] - stanza(client[2], 2) - Displayed message: msg(321,client[2]) from user client[2]
client[3] - Room: stanza(client[2], 2) - Message received: msg(321,client[2])
client[3] - time to live = 0 for message: message from client[2] to stanza(client[2], 2)
client[0] - Sending message to room stanza(client[1], 1) - msg(356,client[0])
client[4] - Room: stanza(client[1], 1) - Message discarded for I'm not a recipient: 
client[4] - time to live = 0 for message: message from client[0] to stanza(client[1], 1)
client[1] - stanza(client[1], 1) - Displayed message: msg(356,client[0]) from user client[0]
client[1] - Room: stanza(client[1], 1) - Message received: msg(356,client[0])
client[1] - time to live = 0 for message: message from client[0] to stanza(client[1], 1)
client[3] - Sending message to room stanza(client[2], 3) - msg(346,client[3])
client[2] - stanza(client[2], 3) - Displayed message: msg(346,client[3]) from user client[3]
client[2] - Room: stanza(client[2], 3) - Message received: msg(346,client[3])
client[2] - time to live = 0 for message: message from client[3] to stanza(client[2], 3)
client[4] - Room: stanza(client[2], 3) - Message discarded for I'm not a recipient: 
client[4] - time to live = 0 for message: message from client[3] to stanza(client[2], 3)
client[4] - Sending message to room stanza(client[0], 2) - msg(391,client[4])
client[3] - Room: stanza(client[0], 2) - Message discarded for I'm not a recipient: 
client[3] - time to live = 0 for message: message from client[4] to stanza(client[0], 2)
client[0] - stanza(client[0], 2) - Displayed message: msg(391,client[4]) from user client[4]
client[0] - Room: stanza(client[0], 2) - Message received: msg(391,client[4])
client[0] - time to live = 0 for message: message from client[4] to stanza(client[0], 2)
client[0] - Sending message to room stanza(client[4], 6) - msg(357,client[0])
client[4] - stanza(client[4], 6) - Displayed message: msg(357,client[0]) from user client[0]
client[4] - Room: stanza(client[4], 6) - Message received: msg(357,client[0])
client[4] - time to live = 0 for message: message from client[0] to stanza(client[4], 6)
client[1] - Room: stanza(client[4], 6) - Message discarded for I'm not a recipient: 
client[1] - time to live = 0 for message: message from client[0] to stanza(client[4], 6)
client[1] - Sending message to room stanza(client[2], 4) - msg(385,client[1])
client[0] - Room: stanza(client[2], 4) - Message discarded for I'm not a recipient: 
client[0] - time to live = 0 for message: message from client[1] to stanza(client[2], 4)
client[2] - stanza(client[2], 4) - Displayed message: msg(385,client[1]) from user client[1]
client[2] - Room: stanza(client[2], 4) - Message received: msg(385,client[1])
client[2] - time to live = 0 for message: message from client[1] to stanza(client[2], 4)
client[1] - Sending message to room stanza(client[2], 8) - msg(386,client[1])
client[0] - Room: stanza(client[2], 8) - Message discarded for I'm not a recipient: 
client[0] - time to live = 0 for message: message from client[1] to stanza(client[2], 8)
client[2] - stanza(client[2], 8) - Displayed message: msg(386,client[1]) from user client[1]
client[2] - Room: stanza(client[2], 8) - Message received: msg(386,client[1])
client[2] - time to live = 0 for message: message from client[1] to stanza(client[2], 8)
client[2] - Sending message to room stanza(client[2], 4) - msg(322,client[2])
client[1] - Asked for message: 4 - Room: stanza(client[2], 4)
client[1] - Asked for message: 1 - Room: stanza(client[2], 4)
client[1] - Asked for message: 1 - Room: stanza(client[2], 4)
client[1] - Asked for message: 24 - Room: stanza(client[2], 4)
client[1] - Asked for message: 1 - Room: stanza(client[2], 4)
client[1] - time to live = 0 for message: message from client[2] to stanza(client[2], 4)
client[3] - Asked for message: 2 - Room: stanza(client[2], 4)
client[3] - Asked for message: 9 - Room: stanza(client[2], 4)
client[3] - Asked for message: 1 - Room: stanza(client[2], 4)
client[3] - Asked for message: 1 - Room: stanza(client[2], 4)
client[3] - Asked for message: 1 - Room: stanza(client[2], 4)
client[3] - time to live = 0 for message: message from client[2] to stanza(client[2], 4)
client[0] - Room: stanza(client[2], 4) - Message discarded for I'm not a recipient: 
client[0] - time to live = 0 for message: ask message for missing message 4
NOT IMPLEMENTED YET
client[2] - Room: stanza(client[2], 4) - Asked for message: 4
client[2] - time to live = 0 for message: ask message for missing message 4
client[0] - Room: stanza(client[2], 4) - Message discarded for I'm not a recipient: 
client[0] - time to live = 0 for message: ask message for missing message 1
NOT IMPLEMENTED YET
client[2] - Room: stanza(client[2], 4) - Asked for message: 1
client[2] - time to live = 0 for message: ask message for missing message 1
client[0] - Room: stanza(client[2], 4) - Message discarded for I'm not a recipient: 
client[0] - time to live = 0 for message: ask message for missing message 1
NOT IMPLEMENTED YET
client[2] - Room: stanza(client[2], 4) - Asked for message: 1
client[2] - time to live = 0 for message: ask message for missing message 1
client[0] - Room: stanza(client[2], 4) - Message discarded for I'm not a recipient: 
client[0] - time to live = 0 for message: ask message for missing message 24
NOT IMPLEMENTED YET
client[2] - Room: stanza(client[2], 4) - Asked for message: 24
client[2] - time to live = 0 for message: ask message for missing message 24
client[0] - Room: stanza(client[2], 4) - Message discarded for I'm not a recipient: 
client[0] - time to live = 0 for message: ask message for missing message 1
NOT IMPLEMENTED YET
client[2] - Room: stanza(client[2], 4) - Asked for message: 1
client[2] - time to live = 0 for message: ask message for missing message 1
NOT IMPLEMENTED YET
client[2] - Room: stanza(client[2], 4) - Asked for message: 2
client[2] - time to live = 0 for message: ask message for missing message 2
client[4] - Room: stanza(client[2], 4) - Message discarded for I'm not a recipient: 
client[4] - time to live = 0 for message: ask message for missing message 2
NOT IMPLEMENTED YET
client[2] - Room: stanza(client[2], 4) - Asked for message: 9
client[2] - time to live = 0 for message: ask message for missing message 9
client[4] - Room: stanza(client[2], 4) - Message discarded for I'm not a recipient: 
client[4] - time to live = 0 for message: ask message for missing message 9
NOT IMPLEMENTED YET
client[2] - Room: stanza(client[2], 4) - Asked for message: 1
client[2] - time to live = 0 for message: ask message for missing message 1
client[4] - Room: stanza(client[2], 4) - Message discarded for I'm not a recipient: 
client[4] - time to live = 0 for message: ask message for missing message 1
NOT IMPLEMENTED YET
client[2] - Room: stanza(client[2], 4) - Asked for message: 1
client[2] - time to live = 0 for message: ask message for missing message 1
client[4] - Room: stanza(client[2], 4) - Message discarded for I'm not a recipient: 
client[4] - time to live = 0 for message: ask message for missing message 1
NOT IMPLEMENTED YET
client[2] - Room: stanza(client[2], 4) - Asked for message: 1
client[2] - time to live = 0 for message: ask message for missing message 1
client[4] - Room: stanza(client[2], 4) - Message discarded for I'm not a recipient: 
client[4] - time to live = 0 for message: ask message for missing message 1
client[3] - Sending message to room stanza(client[2], 4) - msg(347,client[3])
client[2] - stanza(client[2], 4) - Displayed message: msg(347,client[3]) from user client[3]
client[2] - Room: stanza(client[2], 4) - Message received: msg(347,client[3])
client[2] - time to live = 0 for message: message from client[3] to stanza(client[2], 4)
client[4] - Room: stanza(client[2], 4) - Message discarded for I'm not a recipient: 
client[4] - time to live = 0 for message: message from client[3] to stanza(client[2], 4)
client[0] - Sending message to room stanza(client[1], 6) - msg(358,client[0])
client[4] - Room: stanza(client[1], 6) - Message discarded for I'm not a recipient: 
client[4] - time to live = 0 for message: message from client[0] to stanza(client[1], 6)
client[1] - stanza(client[1], 6) - Displayed message: msg(358,client[0]) from user client[0]
client[1] - Room: stanza(client[1], 6) - Message received: msg(358,client[0])
client[1] - time to live = 0 for message: message from client[0] to stanza(client[1], 6)
client[4] - Sending message to room stanza(client[3], 4) - msg(392,client[4])
client[3] - stanza(client[3], 4) - Displayed message: msg(392,client[4]) from user client[4]
client[3] - Room: stanza(client[3], 4) - Message received: msg(392,client[4])
client[3] - time to live = 0 for message: message from client[4] to stanza(client[3], 4)
client[0] - Room: stanza(client[3], 4) - Message discarded for I'm not a recipient: 
client[0] - time to live = 0 for message: message from client[4] to stanza(client[3], 4)
client[2] - Sending message to room stanza(client[2], 10) - msg(323,client[2])
client[1] - Room: stanza(client[2], 10) - Message discarded for I'm not a recipient: 
client[1] - time to live = 0 for message: message from client[2] to stanza(client[2], 10)
client[3] - stanza(client[2], 10) - Displayed message: msg(323,client[2]) from user client[2]
client[3] - Room: stanza(client[2], 10) - Message received: msg(323,client[2])
client[3] - time to live = 0 for message: message from client[2] to stanza(client[2], 10)
client[1] - Sending message to room stanza(client[2], 0) - msg(387,client[1])
client[0] - Room: stanza(client[2], 0) - Message discarded for I'm not a recipient: 
client[0] - time to live = 0 for message: message from client[1] to stanza(client[2], 0)
client[2] - stanza(client[2], 0) - Displayed message: msg(387,client[1]) from user client[1]
client[2] - Room: stanza(client[2], 0) - Message received: msg(387,client[1])
client[2] - time to live = 0 for message: message from client[1] to stanza(client[2], 0)
client[4] - Sending message to room stanza(client[4], 6) - msg(393,client[4])
client[3] - Room: stanza(client[4], 6) - Message discarded for I'm not a recipient: 
client[3] - time to live = 0 for message: message from client[4] to stanza(client[4], 6)
client[0] - stanza(client[4], 6) - Displayed message: msg(393,client[4]) from user client[4]
client[0] - Room: stanza(client[4], 6) - Message received: msg(393,client[4])
client[0] - time to live = 0 for message: message from client[4] to stanza(client[4], 6)
client[3] - Sending message to room stanza(client[3], 1) - msg(348,client[3])
client[2] - Asked for message: 3 - Room: stanza(client[3], 1)
client[2] - Asked for message: 1 - Room: stanza(client[3], 1)
client[2] - Asked for message: 48 - Room: stanza(client[3], 1)
client[2] - Asked for message: 1 - Room: stanza(client[3], 1)
client[2] - Asked for message: 1 - Room: stanza(client[3], 1)
client[2] - time to live = 0 for message: message from client[3] to stanza(client[3], 1)
client[4] - Asked for message: 1 - Room: stanza(client[3], 1)
client[4] - Asked for message: 1 - Room: stanza(client[3], 1)
client[4] - Asked for message: 1 - Room: stanza(client[3], 1)
client[4] - Asked for message: 1 - Room: stanza(client[3], 1)
client[4] - Asked for message: 43 - Room: stanza(client[3], 1)
client[4] - time to live = 0 for message: message from client[3] to stanza(client[3], 1)
client[1] - Room: stanza(client[3], 1) - Message discarded for I'm not a recipient: 
client[1] - time to live = 0 for message: ask message for missing message 3
NOT IMPLEMENTED YET
client[3] - Room: stanza(client[3], 1) - Asked for message: 3
client[3] - time to live = 0 for message: ask message for missing message 3
client[1] - Room: stanza(client[3], 1) - Message discarded for I'm not a recipient: 
client[1] - time to live = 0 for message: ask message for missing message 1
NOT IMPLEMENTED YET
client[3] - Room: stanza(client[3], 1) - Asked for message: 1
client[3] - time to live = 0 for message: ask message for missing message 1
client[1] - Room: stanza(client[3], 1) - Message discarded for I'm not a recipient: 
client[1] - time to live = 0 for message: ask message for missing message 48
NOT IMPLEMENTED YET
client[3] - Room: stanza(client[3], 1) - Asked for message: 48
client[3] - time to live = 0 for message: ask message for missing message 48
client[1] - Room: stanza(client[3], 1) - Message discarded for I'm not a recipient: 
client[1] - time to live = 0 for message: ask message for missing message 1
NOT IMPLEMENTED YET
client[3] - Room: stanza(client[3], 1) - Asked for message: 1
client[3] - time to live = 0 for message: ask message for missing message 1
client[1] - Room: stanza(client[3], 1) - Message discarded for I'm not a recipient: 
client[1] - time to live = 0 for message: ask message for missing message 1
NOT IMPLEMENTED YET
client[3] - Room: stanza(client[3], 1) - Asked for message: 1
client[3] - time to live = 0 for message: ask message for missing message 1
NOT IMPLEMENTED YET
client[3] - Room: stanza(client[3], 1) - Asked for message: 1
client[3] - time to live = 0 for message: ask message for missing message 1
client[0] - Room: stanza(client[3], 1) - Message discarded for I'm not a recipient: 
client[0] - time to live = 0 for message: ask message for missing message 1
NOT IMPLEMENTED YET
client[3] - Room: stanza(client[3], 1) - Asked for message: 1
client[3] - time to live = 0 for message: ask message for missing message 1
client[0] - Room: stanza(client[3], 1) - Message discarded for I'm not a recipient: 
client[0] - time to live = 0 for message: ask message for missing message 1
NOT IMPLEMENTED YET
client[3] - Room: stanza(client[3], 1) - Asked for message: 1
client[3] - time to live = 0 for message: ask message for missing message 1
client[0] - Room: stanza(client[3], 1) - Message discarded for I'm not a recipient: 
client[0] - time to live = 0 for message: ask message for missing message 1
NOT IMPLEMENTED YET
client[3] - Room: stanza(client[3], 1) - Asked for message: 1
client[3] - time to live = 0 for message: ask message for missing message 1
client[0] - Room: stanza(client[3], 1) - Message discarded for I'm not a recipient: 
client[0] - time to live = 0 for message: ask message for missing message 1
NOT IMPLEMENTED YET
client[3] - Room: stanza(client[3], 1) - Asked for message: 43
client[3] - time to live = 0 for message: ask message for missing message 43
client[0] - Room: stanza(client[3], 1) - Message discarded for I'm not a recipient: 
client[0] - time to live = 0 for message: ask message for missing message 43
client[0] - Sending message to room stanza(client[1], 6) - msg(359,client[0])
client[4] - Room: stanza(client[1], 6) - Message discarded for I'm not a recipient: 
client[4] - time to live = 0 for message: message from client[0] to stanza(client[1], 6)
client[1] - stanza(client[1], 6) - Displayed message: msg(359,client[0]) from user client[0]
client[1] - Room: stanza(client[1], 6) - Message received: msg(359,client[0])
client[1] - time to live = 0 for message: message from client[0] to stanza(client[1], 6)
client[4] - Sending message to room stanza(client[4], 5) - msg(394,client[4])
client[3] - Room: stanza(client[4], 5) - Message discarded for I'm not a recipient: 
client[3] - time to live = 0 for message: message from client[4] to stanza(client[4], 5)
client[0] - stanza(client[4], 5) - Displayed message: msg(394,client[4]) from user client[4]
client[0] - Room: stanza(client[4], 5) - Message received: msg(394,client[4])
client[0] - time to live = 0 for message: message from client[4] to stanza(client[4], 5)
client[2] - Sending message to room stanza(client[3], 11) - msg(324,client[2])
client[1] - Room: stanza(client[3], 11) - Message discarded for I'm not a recipient: 
client[1] - time to live = 0 for message: message from client[2] to stanza(client[3], 11)
client[3] - stanza(client[3], 11) - Displayed message: msg(324,client[2]) from user client[2]
client[3] - Room: stanza(client[3], 11) - Message received: msg(324,client[2])
client[3] - time to live = 0 for message: message from client[2] to stanza(client[3], 11)
client[1] - Sending message to room stanza(client[1], 0) - msg(388,client[1])
client[0] - stanza(client[1], 0) - Displayed message: msg(388,client[1]) from user client[1]
client[0] - Room: stanza(client[1], 0) - Message received: msg(388,client[1])
client[0] - time to live = 0 for message: message from client[1] to stanza(client[1], 0)
client[2] - Room: stanza(client[1], 0) - Message discarded for I'm not a recipient: 
client[2] - time to live = 0 for message: message from client[1] to stanza(client[1], 0)
client[0] - Sending message to room stanza(client[0], 4) - msg(360,client[0])
client[4] - stanza(client[0], 4) - Displayed message: msg(360,client[0]) from user client[0]
client[4] - Room: stanza(client[0], 4) - Message received: msg(360,client[0])
client[4] - time to live = 0 for message: message from client[0] to stanza(client[0], 4)
client[1] - Room: stanza(client[0], 4) - Message discarded for I'm not a recipient: 
client[1] - time to live = 0 for message: message from client[0] to stanza(client[0], 4)
client[1] - Sending message to room stanza(client[0], 3) - msg(389,client[1])
client[0] - stanza(client[0], 3) - Displayed message: msg(389,client[1]) from user client[1]
client[0] - Room: stanza(client[0], 3) - Message received: msg(389,client[1])
client[0] - time to live = 0 for message: message from client[1] to stanza(client[0], 3)
client[2] - Room: stanza(client[0], 3) - Message discarded for I'm not a recipient: 
client[2] - time to live = 0 for message: message from client[1] to stanza(client[0], 3)
client[1] - Sending message to room stanza(client[0], 1) - msg(390,client[1])
client[0] - stanza(client[0], 1) - Displayed message: msg(390,client[1]) from user client[1]
client[0] - Room: stanza(client[0], 1) - Message received: msg(390,client[1])
client[0] - time to live = 0 for message: message from client[1] to stanza(client[0], 1)
client[2] - Room: stanza(client[0], 1) - Message discarded for I'm not a recipient: 
client[2] - time to live = 0 for message: message from client[1] to stanza(client[0], 1)
client[2] - Sending message to room stanza(client[3], 9) - msg(325,client[2])
client[1] - Room: stanza(client[3], 9) - Message discarded for I'm not a recipient: 
client[1] - time to live = 0 for message: message from client[2] to stanza(client[3], 9)
client[3] - stanza(client[3], 9) - Displayed message: msg(325,client[2]) from user client[2]
client[3] - Room: stanza(client[3], 9) - Message received: msg(325,client[2])
client[3] - time to live = 0 for message: message from client[2] to stanza(client[3], 9)
client[4] - Sending message to room stanza(client[4], 3) - msg(395,client[4])
client[3] - Asked for message: 1 - Room: stanza(client[4], 3)
client[3] - Asked for message: 1 - Room: stanza(client[4], 3)
client[3] - Asked for message: 1 - Room: stanza(client[4], 3)
client[3] - Asked for message: 16 - Room: stanza(client[4], 3)
client[3] - Asked for message: 1 - Room: stanza(client[4], 3)
client[3] - time to live = 0 for message: message from client[4] to stanza(client[4], 3)
client[0] - Asked for message: 1 - Room: stanza(client[4], 3)
client[0] - Asked for message: 21 - Room: stanza(client[4], 3)
client[0] - Asked for message: 1 - Room: stanza(client[4], 3)
client[0] - Asked for message: 1 - Room: stanza(client[4], 3)
client[0] - Asked for message: 1 - Room: stanza(client[4], 3)
client[0] - time to live = 0 for message: message from client[4] to stanza(client[4], 3)
client[2] - Room: stanza(client[4], 3) - Message discarded for I'm not a recipient: 
client[2] - time to live = 0 for message: ask message for missing message 1
NOT IMPLEMENTED YET
client[4] - Room: stanza(client[4], 3) - Asked for message: 1
client[4] - time to live = 0 for message: ask message for missing message 1
client[2] - Room: stanza(client[4], 3) - Message discarded for I'm not a recipient: 
client[2] - time to live = 0 for message: ask message for missing message 1
NOT IMPLEMENTED YET
client[4] - Room: stanza(client[4], 3) - Asked for message: 1
client[4] - time to live = 0 for message: ask message for missing message 1
client[2] - Room: stanza(client[4], 3) - Message discarded for I'm not a recipient: 
client[2] - time to live = 0 for message: ask message for missing message 1
NOT IMPLEMENTED YET
client[4] - Room: stanza(client[4], 3) - Asked for message: 1
client[4] - time to live = 0 for message: ask message for missing message 1
client[2] - Room: stanza(client[4], 3) - Message discarded for I'm not a recipient: 
client[2] - time to live = 0 for message: ask message for missing message 16
NOT IMPLEMENTED YET
client[4] - Room: stanza(client[4], 3) - Asked for message: 16
client[4] - time to live = 0 for message: ask message for missing message 16
client[2] - Room: stanza(client[4], 3) - Message discarded for I'm not a recipient: 
client[2] - time to live = 0 for message: ask message for missing message 1
NOT IMPLEMENTED YET
client[4] - Room: stanza(client[4], 3) - Asked for message: 1
client[4] - time to live = 0 for message: ask message for missing message 1
NOT IMPLEMENTED YET
client[4] - Room: stanza(client[4], 3) - Asked for message: 1
client[4] - time to live = 0 for message: ask message for missing message 1
client[1] - Room: stanza(client[4], 3) - Message discarded for I'm not a recipient: 
client[1] - time to live = 0 for message: ask message for missing message 1
NOT IMPLEMENTED YET
client[4] - Room: stanza(client[4], 3) - Asked for message: 21
client[4] - time to live = 0 for message: ask message for missing message 21
client[1] - Room: stanza(client[4], 3) - Message discarded for I'm not a recipient: 
client[1] - time to live = 0 for message: ask message for missing message 21
NOT IMPLEMENTED YET
client[4] - Room: stanza(client[4], 3) - Asked for message: 1
client[4] - time to live = 0 for message: ask message for missing message 1
client[1] - Room: stanza(client[4], 3) - Message discarded for I'm not a recipient: 
client[1] - time to live = 0 for message: ask message for missing message 1
NOT IMPLEMENTED YET
client[4] - Room: stanza(client[4], 3) - Asked for message: 1
client[4] - time to live = 0 for message: ask message for missing message 1
client[1] - Room: stanza(client[4], 3) - Message discarded for I'm not a recipient: 
client[1] - time to live = 0 for message: ask message for missing message 1
NOT IMPLEMENTED YET
client[4] - Room: stanza(client[4], 3) - Asked for message: 1
client[4] - time to live = 0 for message: ask message for missing message 1
client[1] - Room: stanza(client[4], 3) - Message discarded for I'm not a recipient: 
client[1] - time to live = 0 for message: ask message for missing message 1
client[3] - Sending message to room stanza(client[4], 1) - msg(349,client[3])
client[2] - Room: stanza(client[4], 1) - Message discarded for I'm not a recipient: 
client[2] - time to live = 0 for message: message from client[3] to stanza(client[4], 1)
client[4] - stanza(client[4], 1) - Displayed message: msg(349,client[3]) from user client[3]
client[4] - Room: stanza(client[4], 1) - Message received: msg(349,client[3])
client[4] - time to live = 0 for message: message from client[3] to stanza(client[4], 1)
client[0] - Sending message to room stanza(client[4], 1) - msg(361,client[0])
client[4] - stanza(client[4], 1) - Displayed message: msg(361,client[0]) from user client[0]
client[4] - Room: stanza(client[4], 1) - Message received: msg(361,client[0])
client[4] - time to live = 0 for message: message from client[0] to stanza(client[4], 1)
client[1] - Room: stanza(client[4], 1) - Message discarded for I'm not a recipient: 
client[1] - time to live = 0 for message: message from client[0] to stanza(client[4], 1)
client[2] - Sending message to room stanza(client[3], 9) - msg(326,client[2])
client[1] - Room: stanza(client[3], 9) - Message discarded for I'm not a recipient: 
client[1] - time to live = 0 for message: message from client[2] to stanza(client[3], 9)
client[3] - stanza(client[3], 9) - Displayed message: msg(326,client[2]) from user client[2]
client[3] - Room: stanza(client[3], 9) - Message received: msg(326,client[2])
client[3] - time to live = 0 for message: message from client[2] to stanza(client[3], 9)
client[1] - Sending message to room stanza(client[2], 1) - msg(391,client[1])
client[0] - Room: stanza(client[2], 1) - Message discarded for I'm not a recipient: 
client[0] - time to live = 0 for message: message from client[1] to stanza(client[2], 1)
client[2] - stanza(client[2], 1) - Displayed message: msg(391,client[1]) from user client[1]
client[2] - Room: stanza(client[2], 1) - Message received: msg(391,client[1])
client[2] - time to live = 0 for message: message from client[1] to stanza(client[2], 1)
client[4] - Sending message to room stanza(client[4], 1) - msg(396,client[4])
client[3] - Asked for message: 2 - Room: stanza(client[4], 1)
client[3] - Asked for message: 1 - Room: stanza(client[4], 1)
client[3] - Asked for message: 1 - Room: stanza(client[4], 1)
client[3] - Asked for message: 35 - Room: stanza(client[4], 1)
client[3] - time to live = 0 for message: message from client[4] to stanza(client[4], 1)
client[0] - Asked for message: 2 - Room: stanza(client[4], 1)
client[0] - Asked for message: 1 - Room: stanza(client[4], 1)
client[0] - Asked for message: 23 - Room: stanza(client[4], 1)
client[0] - Asked for message: 1 - Room: stanza(client[4], 1)
client[0] - time to live = 0 for message: message from client[4] to stanza(client[4], 1)
client[2] - Room: stanza(client[4], 1) - Message discarded for I'm not a recipient: 
client[2] - time to live = 0 for message: ask message for missing message 2
NOT IMPLEMENTED YET
client[4] - Room: stanza(client[4], 1) - Asked for message: 2
client[4] - time to live = 0 for message: ask message for missing message 2
client[2] - Room: stanza(client[4], 1) - Message discarded for I'm not a recipient: 
client[2] - time to live = 0 for message: ask message for missing message 1
NOT IMPLEMENTED YET
client[4] - Room: stanza(client[4], 1) - Asked for message: 1
client[4] - time to live = 0 for message: ask message for missing message 1
client[2] - Room: stanza(client[4], 1) - Message discarded for I'm not a recipient: 
client[2] - time to live = 0 for message: ask message for missing message 1
NOT IMPLEMENTED YET
client[4] - Room: stanza(client[4], 1) - Asked for message: 1
client[4] - time to live = 0 for message: ask message for missing message 1
client[2] - Room: stanza(client[4], 1) - Message discarded for I'm not a recipient: 
client[2] - time to live = 0 for message: ask message for missing message 35
NOT IMPLEMENTED YET
client[4] - Room: stanza(client[4], 1) - Asked for message: 35
client[4] - time to live = 0 for message: ask message for missing message 35
NOT IMPLEMENTED YET
client[4] - Room: stanza(client[4], 1) - Asked for message: 2
client[4] - time to live = 0 for message: ask message for missing message 2
client[1] - Room: stanza(client[4], 1) - Message discarded for I'm not a recipient: 
client[1] - time to live = 0 for message: ask message for missing message 2
NOT IMPLEMENTED YET
client[4] - Room: stanza(client[4], 1) - Asked for message: 1
client[4] - time to live = 0 for message: ask message for missing message 1
client[1] - Room: stanza(client[4], 1) - Message discarded for I'm not a recipient: 
client[1] - time to live = 0 for message: ask message for missing message 1
NOT IMPLEMENTED YET
client[4] - Room: stanza(client[4], 1) - Asked for message: 23
client[4] - time to live = 0 for message: ask message for missing message 23
client[1] - Room: stanza(client[4], 1) - Message discarded for I'm not a recipient: 
client[1] - time to live = 0 for message: ask message for missing message 23
NOT IMPLEMENTED YET
client[4] - Room: stanza(client[4], 1) - Asked for message: 1
client[4] - time to live = 0 for message: ask message for missing message 1
client[1] - Room: stanza(client[4], 1) - Message discarded for I'm not a recipient: 
client[1] - time to live = 0 for message: ask message for missing message 1
client[0] - Sending message to room stanza(client[0], 6) - msg(362,client[0])
client[4] - Room: stanza(client[0], 6) - Message discarded for I'm not a recipient: 
client[4] - time to live = 0 for message: message from client[0] to stanza(client[0], 6)
client[1] - stanza(client[0], 6) - Displayed message: msg(362,client[0]) from user client[0]
client[1] - Room: stanza(client[0], 6) - Message received: msg(362,client[0])
client[1] - time to live = 0 for message: message from client[0] to stanza(client[0], 6)
client[3] - Sending message to room stanza(client[3], 4) - msg(350,client[3])
client[2] - Room: stanza(client[3], 4) - Message discarded for I'm not a recipient: 
client[2] - time to live = 0 for message: message from client[3] to stanza(client[3], 4)
client[4] - stanza(client[3], 4) - Displayed message: msg(350,client[3]) from user client[3]
client[4] - Room: stanza(client[3], 4) - Message received: msg(350,client[3])
client[4] - time to live = 0 for message: message from client[3] to stanza(client[3], 4)
client[0] - Sending message to room stanza(client[0], 0) - msg(363,client[0])
client[4] - Room: stanza(client[0], 0) - Message discarded for I'm not a recipient: 
client[4] - time to live = 0 for message: message from client[0] to stanza(client[0], 0)
client[1] - Room: stanza(client[0], 0) - Message discarded for I'm not a recipient: 
client[1] - time to live = 0 for message: message from client[0] to stanza(client[0], 0)
client[3] - Sending message to room stanza(client[3], 2) - msg(351,client[3])
client[2] - stanza(client[3], 2) - Displayed message: msg(351,client[3]) from user client[3]
client[2] - Room: stanza(client[3], 2) - Message received: msg(351,client[3])
client[2] - time to live = 0 for message: message from client[3] to stanza(client[3], 2)
client[4] - Room: stanza(client[3], 2) - Message discarded for I'm not a recipient: 
client[4] - time to live = 0 for message: message from client[3] to stanza(client[3], 2)
client[1] - Sending message to room stanza(client[2], 9) - msg(392,client[1])
client[0] - Room: stanza(client[2], 9) - Message discarded for I'm not a recipient: 
client[0] - time to live = 0 for message: message from client[1] to stanza(client[2], 9)
client[2] - stanza(client[2], 9) - Displayed message: msg(392,client[1]) from user client[1]
client[2] - Room: stanza(client[2], 9) - Message received: msg(392,client[1])
client[2] - time to live = 0 for message: message from client[1] to stanza(client[2], 9)
client[0] - Sending message to room stanza(client[1], 6) - msg(364,client[0])
client[4] - Room: stanza(client[1], 6) - Message discarded for I'm not a recipient: 
client[4] - time to live = 0 for message: message from client[0] to stanza(client[1], 6)
client[1] - stanza(client[1], 6) - Displayed message: msg(364,client[0]) from user client[0]
client[1] - Room: stanza(client[1], 6) - Message received: msg(364,client[0])
client[1] - time to live = 0 for message: message from client[0] to stanza(client[1], 6)
client[4] - Sending message to room stanza(client[4], 4) - msg(397,client[4])
client[3] - stanza(client[4], 4) - Displayed message: msg(397,client[4]) from user client[4]
client[3] - Room: stanza(client[4], 4) - Message received: msg(397,client[4])
client[3] - time to live = 0 for message: message from client[4] to stanza(client[4], 4)
client[0] - Room: stanza(client[4], 4) - Message discarded for I'm not a recipient: 
client[0] - time to live = 0 for message: message from client[4] to stanza(client[4], 4)
client[0] - Sending message to room stanza(client[4], 2) - msg(365,client[0])
client[4] - stanza(client[4], 2) - Displayed message: msg(365,client[0]) from user client[0]
client[4] - Room: stanza(client[4], 2) - Message received: msg(365,client[0])
client[4] - time to live = 0 for message: message from client[0] to stanza(client[4], 2)
client[1] - Room: stanza(client[4], 2) - Message discarded for I'm not a recipient: 
client[1] - time to live = 0 for message: message from client[0] to stanza(client[4], 2)
client[1] - Sending message to room stanza(client[0], 6) - msg(393,client[1])
client[0] - stanza(client[0], 6) - Displayed message: msg(393,client[1]) from user client[1]
client[0] - Room: stanza(client[0], 6) - Message received: msg(393,client[1])
client[0] - time to live = 0 for message: message from client[1] to stanza(client[0], 6)
client[2] - Room: stanza(client[0], 6) - Message discarded for I'm not a recipient: 
client[2] - time to live = 0 for message: message from client[1] to stanza(client[0], 6)
client[2] - Sending message to room stanza(client[2], 2) - msg(327,client[2])
client[1] - Room: stanza(client[2], 2) - Message discarded for I'm not a recipient: 
client[1] - time to live = 0 for message: message from client[2] to stanza(client[2], 2)
client[3] - stanza(client[2], 2) - Displayed message: msg(327,client[2]) from user client[2]
client[3] - Room: stanza(client[2], 2) - Message received: msg(327,client[2])
client[3] - time to live = 0 for message: message from client[2] to stanza(client[2], 2)
client[0] - Sending message to room stanza(client[1], 7) - msg(366,client[0])
client[4] - Room: stanza(client[1], 7) - Message discarded for I'm not a recipient: 
client[4] - time to live = 0 for message: message from client[0] to stanza(client[1], 7)
client[1] - stanza(client[1], 7) - Displayed message: msg(366,client[0]) from user client[0]
client[1] - Room: stanza(client[1], 7) - Message received: msg(366,client[0])
client[1] - time to live = 0 for message: message from client[0] to stanza(client[1], 7)
client[3] - Sending message to room stanza(client[2], 10) - msg(352,client[3])
client[2] - stanza(client[2], 10) - Displayed message: msg(352,client[3]) from user client[3]
client[2] - Room: stanza(client[2], 10) - Message received: msg(352,client[3])
client[2] - time to live = 0 for message: message from client[3] to stanza(client[2], 10)
client[4] - Room: stanza(client[2], 10) - Message discarded for I'm not a recipient: 
client[4] - time to live = 0 for message: message from client[3] to stanza(client[2], 10)
client[0] - Sending message to room stanza(client[1], 1) - msg(367,client[0])
client[4] - Room: stanza(client[1], 1) - Message discarded for I'm not a recipient: 
client[4] - time to live = 0 for message: message from client[0] to stanza(client[1], 1)
client[1] - stanza(client[1], 1) - Displayed message: msg(367,client[0]) from user client[0]
client[1] - Room: stanza(client[1], 1) - Message received: msg(367,client[0])
client[1] - time to live = 0 for message: message from client[0] to stanza(client[1], 1)
client[4] - Sending message to room stanza(client[3], 3) - msg(398,client[4])
client[3] - stanza(client[3], 3) - Displayed message: msg(398,client[4]) from user client[4]
client[3] - Room: stanza(client[3], 3) - Message received: msg(398,client[4])
client[3] - time to live = 0 for message: message from client[4] to stanza(client[3], 3)
client[0] - Room: stanza(client[3], 3) - Message discarded for I'm not a recipient: 
client[0] - time to live = 0 for message: message from client[4] to stanza(client[3], 3)
client[3] - Sending message to room stanza(client[3], 3) - msg(353,client[3])
client[2] - Room: stanza(client[3], 3) - Message discarded for I'm not a recipient: 
client[2] - time to live = 0 for message: message from client[3] to stanza(client[3], 3)
client[4] - stanza(client[3], 3) - Displayed message: msg(353,client[3]) from user client[3]
client[4] - Room: stanza(client[3], 3) - Message received: msg(353,client[3])
client[4] - time to live = 0 for message: message from client[3] to stanza(client[3], 3)
client[1] - Sending message to room stanza(client[1], 2) - msg(394,client[1])
client[0] - Asked for message: 2 - Room: stanza(client[1], 2)
client[0] - Asked for message: 1 - Room: stanza(client[1], 2)
client[0] - Asked for message: 1 - Room: stanza(client[1], 2)
client[0] - Asked for message: 18 - Room: stanza(client[1], 2)
client[0] - Asked for message: 1 - Room: stanza(client[1], 2)
client[0] - time to live = 0 for message: message from client[1] to stanza(client[1], 2)
client[2] - Asked for message: 2 - Room: stanza(client[1], 2)
client[2] - Asked for message: 1 - Room: stanza(client[1], 2)
client[2] - Asked for message: 1 - Room: stanza(client[1], 2)
client[2] - Asked for message: 1 - Room: stanza(client[1], 2)
client[2] - Asked for message: 17 - Room: stanza(client[1], 2)
client[2] - time to live = 0 for message: message from client[1] to stanza(client[1], 2)
client[4] - Room: stanza(client[1], 2) - Message discarded for I'm not a recipient: 
client[4] - time to live = 0 for message: ask message for missing message 2
NOT IMPLEMENTED YET
client[1] - Room: stanza(client[1], 2) - Asked for message: 2
client[1] - time to live = 0 for message: ask message for missing message 2
client[4] - Room: stanza(client[1], 2) - Message discarded for I'm not a recipient: 
client[4] - time to live = 0 for message: ask message for missing message 1
NOT IMPLEMENTED YET
client[1] - Room: stanza(client[1], 2) - Asked for message: 1
client[1] - time to live = 0 for message: ask message for missing message 1
client[4] - Room: stanza(client[1], 2) - Message discarded for I'm not a recipient: 
client[4] - time to live = 0 for message: ask message for missing message 1
NOT IMPLEMENTED YET
client[1] - Room: stanza(client[1], 2) - Asked for message: 1
client[1] - time to live = 0 for message: ask message for missing message 1
client[4] - Room: stanza(client[1], 2) - Message discarded for I'm not a recipient: 
client[4] - time to live = 0 for message: ask message for missing message 18
NOT IMPLEMENTED YET
client[1] - Room: stanza(client[1], 2) - Asked for message: 18
client[1] - time to live = 0 for message: ask message for missing message 18
client[4] - Room: stanza(client[1], 2) - Message discarded for I'm not a recipient: 
client[4] - time to live = 0 for message: ask message for missing message 1
NOT IMPLEMENTED YET
client[1] - Room: stanza(client[1], 2) - Asked for message: 1
client[1] - time to live = 0 for message: ask message for missing message 1
NOT IMPLEMENTED YET
client[1] - Room: stanza(client[1], 2) - Asked for message: 2
client[1] - time to live = 0 for message: ask message for missing message 2
client[3] - Room: stanza(client[1], 2) - Message discarded for I'm not a recipient: 
client[3] - time to live = 0 for message: ask message for missing message 2
NOT IMPLEMENTED YET
client[1] - Room: stanza(client[1], 2) - Asked for message: 1
client[1] - time to live = 0 for message: ask message for missing message 1
client[3] - Room: stanza(client[1], 2) - Message discarded for I'm not a recipient: 
client[3] - time to live = 0 for message: ask message for missing message 1
NOT IMPLEMENTED YET
client[1] - Room: stanza(client[1], 2) - Asked for message: 1
client[1] - time to live = 0 for message: ask message for missing message 1
client[3] - Room: stanza(client[1], 2) - Message discarded for I'm not a recipient: 
client[3] - time to live = 0 for message: ask message for missing message 1
NOT IMPLEMENTED YET
client[1] - Room: stanza(client[1], 2) - Asked for message: 1
client[1] - time to live = 0 for message: ask message for missing message 1
client[3] - Room: stanza(client[1], 2) - Message discarded for I'm not a recipient: 
client[3] - time to live = 0 for message: ask message for missing message 1
NOT IMPLEMENTED YET
client[1] - Room: stanza(client[1], 2) - Asked for message: 17
client[1] - time to live = 0 for message: ask message for missing message 17
client[3] - Room: stanza(client[1], 2) - Message discarded for I'm not a recipient: 
client[3] - time to live = 0 for message: ask message for missing message 17
client[0] - Sending message to room stanza(client[4], 1) - msg(368,client[0])
client[4] - stanza(client[4], 1) - Displayed message: msg(368,client[0]) from user client[0]
client[4] - Room: stanza(client[4], 1) - Message received: msg(368,client[0])
client[4] - time to live = 0 for message: message from client[0] to stanza(client[4], 1)
client[1] - Room: stanza(client[4], 1) - Message discarded for I'm not a recipient: 
client[1] - time to live = 0 for message: message from client[0] to stanza(client[4], 1)
client[4] - Sending message to room stanza(client[3], 4) - msg(399,client[4])
client[3] - stanza(client[3], 4) - Displayed message: msg(399,client[4]) from user client[4]
client[3] - Room: stanza(client[3], 4) - Message received: msg(399,client[4])
client[3] - time to live = 0 for message: message from client[4] to stanza(client[3], 4)
client[0] - Room: stanza(client[3], 4) - Message discarded for I'm not a recipient: 
client[0] - time to live = 0 for message: message from client[4] to stanza(client[3], 4)
client[0] - Sending message to room stanza(client[4], 0) - msg(369,client[0])
client[4] - stanza(client[4], 0) - Displayed message: msg(369,client[0]) from user client[0]
client[4] - Room: stanza(client[4], 0) - Message received: msg(369,client[0])
client[4] - time to live = 0 for message: message from client[0] to stanza(client[4], 0)
client[1] - Room: stanza(client[4], 0) - Message discarded for I'm not a recipient: 
client[1] - time to live = 0 for message: message from client[0] to stanza(client[4], 0)
client[3] - Sending message to room stanza(client[2], 3) - msg(354,client[3])
client[2] - stanza(client[2], 3) - Displayed message: msg(354,client[3]) from user client[3]
client[2] - Room: stanza(client[2], 3) - Message received: msg(354,client[3])
client[2] - time to live = 0 for message: message from client[3] to stanza(client[2], 3)
client[4] - Room: stanza(client[2], 3) - Message discarded for I'm not a recipient: 
client[4] - time to live = 0 for message: message from client[3] to stanza(client[2], 3)
client[4] - Sending message to room stanza(client[4], 3) - msg(400,client[4])
client[3] - Asked for message: 1 - Room: stanza(client[4], 3)
client[3] - Asked for message: 1 - Room: stanza(client[4], 3)
client[3] - Asked for message: 1 - Room: stanza(client[4], 3)
client[3] - Asked for message: 16 - Room: stanza(client[4], 3)
client[3] - Asked for message: 1 - Room: stanza(client[4], 3)
client[3] - time to live = 0 for message: message from client[4] to stanza(client[4], 3)
client[0] - Asked for message: 1 - Room: stanza(client[4], 3)
client[0] - Asked for message: 21 - Room: stanza(client[4], 3)
client[0] - Asked for message: 1 - Room: stanza(client[4], 3)
client[0] - Asked for message: 1 - Room: stanza(client[4], 3)
client[0] - Asked for message: 1 - Room: stanza(client[4], 3)
client[0] - time to live = 0 for message: message from client[4] to stanza(client[4], 3)
client[2] - Room: stanza(client[4], 3) - Message discarded for I'm not a recipient: 
client[2] - time to live = 0 for message: ask message for missing message 1
NOT IMPLEMENTED YET
client[4] - Room: stanza(client[4], 3) - Asked for message: 1
client[4] - time to live = 0 for message: ask message for missing message 1
client[2] - Room: stanza(client[4], 3) - Message discarded for I'm not a recipient: 
client[2] - time to live = 0 for message: ask message for missing message 1
NOT IMPLEMENTED YET
client[4] - Room: stanza(client[4], 3) - Asked for message: 1
client[4] - time to live = 0 for message: ask message for missing message 1
client[2] - Room: stanza(client[4], 3) - Message discarded for I'm not a recipient: 
client[2] - time to live = 0 for message: ask message for missing message 1
NOT IMPLEMENTED YET
client[4] - Room: stanza(client[4], 3) - Asked for message: 1
client[4] - time to live = 0 for message: ask message for missing message 1
client[2] - Room: stanza(client[4], 3) - Message discarded for I'm not a recipient: 
client[2] - time to live = 0 for message: ask message for missing message 16
NOT IMPLEMENTED YET
client[4] - Room: stanza(client[4], 3) - Asked for message: 16
client[4] - time to live = 0 for message: ask message for missing message 16
client[2] - Room: stanza(client[4], 3) - Message discarded for I'm not a recipient: 
client[2] - time to live = 0 for message: ask message for missing message 1
NOT IMPLEMENTED YET
client[4] - Room: stanza(client[4], 3) - Asked for message: 1
client[4] - time to live = 0 for message: ask message for missing message 1
NOT IMPLEMENTED YET
client[4] - Room: stanza(client[4], 3) - Asked for message: 1
client[4] - time to live = 0 for message: ask message for missing message 1
client[1] - Room: stanza(client[4], 3) - Message discarded for I'm not a recipient: 
client[1] - time to live = 0 for message: ask message for missing message 1
NOT IMPLEMENTED YET
client[4] - Room: stanza(client[4], 3) - Asked for message: 21
client[4] - time to live = 0 for message: ask message for missing message 21
client[1] - Room: stanza(client[4], 3) - Message discarded for I'm not a recipient: 
client[1] - time to live = 0 for message: ask message for missing message 21
NOT IMPLEMENTED YET
client[4] - Room: stanza(client[4], 3) - Asked for message: 1
client[4] - time to live = 0 for message: ask message for missing message 1
client[1] - Room: stanza(client[4], 3) - Message discarded for I'm not a recipient: 
client[1] - time to live = 0 for message: ask message for missing message 1
NOT IMPLEMENTED YET
client[4] - Room: stanza(client[4], 3) - Asked for message: 1
client[4] - time to live = 0 for message: ask message for missing message 1
client[1] - Room: stanza(client[4], 3) - Message discarded for I'm not a recipient: 
client[1] - time to live = 0 for message: ask message for missing message 1
NOT IMPLEMENTED YET
client[4] - Room: stanza(client[4], 3) - Asked for message: 1
client[4] - time to live = 0 for message: ask message for missing message 1
client[1] - Room: stanza(client[4], 3) - Message discarded for I'm not a recipient: 
client[1] - time to live = 0 for message: ask message for missing message 1
client[2] - Sending message to room stanza(client[3], 12) - msg(328,client[2])
client[1] - Room: stanza(client[3], 12) - Message discarded for I'm not a recipient: 
client[1] - time to live = 0 for message: message from client[2] to stanza(client[3], 12)
client[3] - stanza(client[3], 12) - Displayed message: msg(328,client[2]) from user client[2]
client[3] - Room: stanza(client[3], 12) - Message received: msg(328,client[2])
client[3] - time to live = 0 for message: message from client[2] to stanza(client[3], 12)
client[0] - Sent room creation: stanza(client[0], 7) with: client[0],client[4],client[3],client[1]
client[4] - Room created: stanza(client[0], 7)
client[4] - time to live = 0 for message: creation of room stanza(client[0], 7)
client[1] - Room created: stanza(client[0], 7)
client[1] - time to live = 0 for message: creation of room stanza(client[0], 7)
client[2] - Sending message to room stanza(client[2], 2) - msg(329,client[2])
client[1] - Room: stanza(client[2], 2) - Message discarded for I'm not a recipient: 
client[1] - time to live = 0 for message: message from client[2] to stanza(client[2], 2)
client[3] - stanza(client[2], 2) - Displayed message: msg(329,client[2]) from user client[2]
client[3] - Room: stanza(client[2], 2) - Message received: msg(329,client[2])
client[3] - time to live = 0 for message: message from client[2] to stanza(client[2], 2)
client[4] - Sending message to room stanza(client[3], 1) - msg(401,client[4])
client[3] - stanza(client[3], 1) - Displayed message: msg(401,client[4]) from user client[4]
client[3] - Room: stanza(client[3], 1) - Message received: msg(401,client[4])
client[3] - time to live = 0 for message: message from client[4] to stanza(client[3], 1)
client[0] - Room: stanza(client[3], 1) - Message discarded for I'm not a recipient: 
client[0] - time to live = 0 for message: message from client[4] to stanza(client[3], 1)
client[2] - Sending message to room stanza(client[3], 2) - msg(330,client[2])
client[1] - Room: stanza(client[3], 2) - Message discarded for I'm not a recipient: 
client[1] - time to live = 0 for message: message from client[2] to stanza(client[3], 2)
client[3] - stanza(client[3], 2) - Displayed message: msg(330,client[2]) from user client[2]
client[3] - Room: stanza(client[3], 2) - Message received: msg(330,client[2])
client[3] - time to live = 0 for message: message from client[2] to stanza(client[3], 2)
client[3] - Sending message to room stanza(client[2], 3) - msg(355,client[3])
client[2] - stanza(client[2], 3) - Displayed message: msg(355,client[3]) from user client[3]
client[2] - Room: stanza(client[2], 3) - Message received: msg(355,client[3])
client[2] - time to live = 0 for message: message from client[3] to stanza(client[2], 3)
client[4] - Room: stanza(client[2], 3) - Message discarded for I'm not a recipient: 
client[4] - time to live = 0 for message: message from client[3] to stanza(client[2], 3)
client[4] - Sending message to room stanza(client[3], 0) - msg(402,client[4])
client[3] - stanza(client[3], 0) - Displayed message: msg(402,client[4]) from user client[4]
client[3] - Room: stanza(client[3], 0) - Message received: msg(402,client[4])
client[3] - time to live = 0 for message: message from client[4] to stanza(client[3], 0)
client[0] - Room: stanza(client[3], 0) - Message discarded for I'm not a recipient: 
client[0] - time to live = 0 for message: message from client[4] to stanza(client[3], 0)
client[0] - Sending message to room stanza(client[0], 0) - msg(370,client[0])
client[4] - Room: stanza(client[0], 0) - Message discarded for I'm not a recipient: 
client[4] - time to live = 0 for message: message from client[0] to stanza(client[0], 0)
client[1] - Room: stanza(client[0], 0) - Message discarded for I'm not a recipient: 
client[1] - time to live = 0 for message: message from client[0] to stanza(client[0], 0)
client[4] - Sending message to room stanza(client[3], 1) - msg(403,client[4])
client[3] - stanza(client[3], 1) - Displayed message: msg(403,client[4]) from user client[4]
client[3] - Room: stanza(client[3], 1) - Message received: msg(403,client[4])
client[3] - time to live = 0 for message: message from client[4] to stanza(client[3], 1)
client[0] - Room: stanza(client[3], 1) - Message discarded for I'm not a recipient: 
client[0] - time to live = 0 for message: message from client[4] to stanza(client[3], 1)
client[1] - Sending message to room stanza(client[1], 2) - msg(395,client[1])
client[0] - Asked for message: 2 - Room: stanza(client[1], 2)
client[0] - Asked for message: 1 - Room: stanza(client[1], 2)
client[0] - Asked for message: 1 - Room: stanza(client[1], 2)
client[0] - Asked for message: 18 - Room: stanza(client[1], 2)
client[0] - Asked for message: 1 - Room: stanza(client[1], 2)
client[0] - time to live = 0 for message: message from client[1] to stanza(client[1], 2)
client[2] - Asked for message: 2 - Room: stanza(client[1], 2)
client[2] - Asked for message: 1 - Room: stanza(client[1], 2)
client[2] - Asked for message: 1 - Room: stanza(client[1], 2)
client[2] - Asked for message: 1 - Room: stanza(client[1], 2)
client[2] - Asked for message: 17 - Room: stanza(client[1], 2)
client[2] - time to live = 0 for message: message from client[1] to stanza(client[1], 2)
client[4] - Room: stanza(client[1], 2) - Message discarded for I'm not a recipient: 
client[4] - time to live = 0 for message: ask message for missing message 2
NOT IMPLEMENTED YET
client[1] - Room: stanza(client[1], 2) - Asked for message: 2
client[1] - time to live = 0 for message: ask message for missing message 2
client[4] - Room: stanza(client[1], 2) - Message discarded for I'm not a recipient: 
client[4] - time to live = 0 for message: ask message for missing message 1
NOT IMPLEMENTED YET
client[1] - Room: stanza(client[1], 2) - Asked for message: 1
client[1] - time to live = 0 for message: ask message for missing message 1
client[4] - Room: stanza(client[1], 2) - Message discarded for I'm not a recipient: 
client[4] - time to live = 0 for message: ask message for missing message 1
NOT IMPLEMENTED YET
client[1] - Room: stanza(client[1], 2) - Asked for message: 1
client[1] - time to live = 0 for message: ask message for missing message 1
client[4] - Room: stanza(client[1], 2) - Message discarded for I'm not a recipient: 
client[4] - time to live = 0 for message: ask message for missing message 18
NOT IMPLEMENTED YET
client[1] - Room: stanza(client[1], 2) - Asked for message: 18
client[1] - time to live = 0 for message: ask message for missing message 18
client[4] - Room: stanza(client[1], 2) - Message discarded for I'm not a recipient: 
client[4] - time to live = 0 for message: ask message for missing message 1
NOT IMPLEMENTED YET
client[1] - Room: stanza(client[1], 2) - Asked for message: 1
client[1] - time to live = 0 for message: ask message for missing message 1
NOT IMPLEMENTED YET
client[1] - Room: stanza(client[1], 2) - Asked for message: 2
client[1] - time to live = 0 for message: ask message for missing message 2
client[3] - Room: stanza(client[1], 2) - Message discarded for I'm not a recipient: 
client[3] - time to live = 0 for message: ask message for missing message 2
NOT IMPLEMENTED YET
client[1] - Room: stanza(client[1], 2) - Asked for message: 1
client[1] - time to live = 0 for message: ask message for missing message 1
client[3] - Room: stanza(client[1], 2) - Message discarded for I'm not a recipient: 
client[3] - time to live = 0 for message: ask message for missing message 1
NOT IMPLEMENTED YET
client[1] - Room: stanza(client[1], 2) - Asked for message: 1
client[1] - time to live = 0 for message: ask message for missing message 1
client[3] - Room: stanza(client[1], 2) - Message discarded for I'm not a recipient: 
client[3] - time to live = 0 for message: ask message for missing message 1
NOT IMPLEMENTED YET
client[1] - Room: stanza(client[1], 2) - Asked for message: 1
client[1] - time to live = 0 for message: ask message for missing message 1
client[3] - Room: stanza(client[1], 2) - Message discarded for I'm not a recipient: 
client[3] - time to live = 0 for message: ask message for missing message 1
NOT IMPLEMENTED YET
client[1] - Room: stanza(client[1], 2) - Asked for message: 17
client[1] - time to live = 0 for message: ask message for missing message 17
client[3] - Room: stanza(client[1], 2) - Message discarded for I'm not a recipient: 
client[3] - time to live = 0 for message: ask message for missing message 17
client[2] - Sending message to room stanza(client[3], 11) - msg(331,client[2])
client[1] - Room: stanza(client[3], 11) - Message discarded for I'm not a recipient: 
client[1] - time to live = 0 for message: message from client[2] to stanza(client[3], 11)
client[3] - stanza(client[3], 11) - Displayed message: msg(331,client[2]) from user client[2]
client[3] - Room: stanza(client[3], 11) - Message received: msg(331,client[2])
client[3] - time to live = 0 for message: message from client[2] to stanza(client[3], 11)
client[0] - Sending message to room stanza(client[4], 3) - msg(371,client[0])
client[4] - stanza(client[4], 3) - Displayed message: msg(371,client[0]) from user client[0]
client[4] - Room: stanza(client[4], 3) - Message received: msg(371,client[0])
client[4] - time to live = 0 for message: message from client[0] to stanza(client[4], 3)
client[1] - Room: stanza(client[4], 3) - Message discarded for I'm not a recipient: 
client[1] - time to live = 0 for message: message from client[0] to stanza(client[4], 3)
client[2] - Sending message to room stanza(client[2], 1) - msg(332,client[2])
client[1] - stanza(client[2], 1) - Displayed message: msg(332,client[2]) from user client[2]
client[1] - Room: stanza(client[2], 1) - Message received: msg(332,client[2])
client[1] - time to live = 0 for message: message from client[2] to stanza(client[2], 1)
client[3] - Room: stanza(client[2], 1) - Message discarded for I'm not a recipient: 
client[3] - time to live = 0 for message: message from client[2] to stanza(client[2], 1)
client[4] - Sending message to room stanza(client[3], 0) - msg(404,client[4])
client[3] - stanza(client[3], 0) - Displayed message: msg(404,client[4]) from user client[4]
client[3] - Room: stanza(client[3], 0) - Message received: msg(404,client[4])
client[3] - time to live = 0 for message: message from client[4] to stanza(client[3], 0)
client[0] - Room: stanza(client[3], 0) - Message discarded for I'm not a recipient: 
client[0] - time to live = 0 for message: message from client[4] to stanza(client[3], 0)
client[0] - Sending message to room stanza(client[4], 6) - msg(372,client[0])
client[4] - stanza(client[4], 6) - Displayed message: msg(372,client[0]) from user client[0]
client[4] - Room: stanza(client[4], 6) - Message received: msg(372,client[0])
client[4] - time to live = 0 for message: message from client[0] to stanza(client[4], 6)
client[1] - Room: stanza(client[4], 6) - Message discarded for I'm not a recipient: 
client[1] - time to live = 0 for message: message from client[0] to stanza(client[4], 6)
client[1] - Sending message to room stanza(client[2], 8) - msg(396,client[1])
client[0] - Room: stanza(client[2], 8) - Message discarded for I'm not a recipient: 
client[0] - time to live = 0 for message: message from client[1] to stanza(client[2], 8)
client[2] - stanza(client[2], 8) - Displayed message: msg(396,client[1]) from user client[1]
client[2] - Room: stanza(client[2], 8) - Message received: msg(396,client[1])
client[2] - time to live = 0 for message: message from client[1] to stanza(client[2], 8)
client[4] - Sending message to room stanza(client[0], 5) - msg(405,client[4])
client[3] - Room: stanza(client[0], 5) - Message discarded for I'm not a recipient: 
client[3] - time to live = 0 for message: message from client[4] to stanza(client[0], 5)
client[0] - stanza(client[0], 5) - Displayed message: msg(405,client[4]) from user client[4]
client[0] - Room: stanza(client[0], 5) - Message received: msg(405,client[4])
client[0] - time to live = 0 for message: message from client[4] to stanza(client[0], 5)
client[2] - Sending message to room stanza(client[3], 12) - msg(333,client[2])
client[1] - Room: stanza(client[3], 12) - Message discarded for I'm not a recipient: 
client[1] - time to live = 0 for message: message from client[2] to stanza(client[3], 12)
client[3] - stanza(client[3], 12) - Displayed message: msg(333,client[2]) from user client[2]
client[3] - Room: stanza(client[3], 12) - Message received: msg(333,client[2])
client[3] - time to live = 0 for message: message from client[2] to stanza(client[3], 12)
client[0] - Sending message to room stanza(client[0], 5) - msg(373,client[0])
client[4] - stanza(client[0], 5) - Displayed message: msg(373,client[0]) from user client[0]
client[4] - Room: stanza(client[0], 5) - Message received: msg(373,client[0])
client[4] - time to live = 0 for message: message from client[0] to stanza(client[0], 5)
client[1] - Room: stanza(client[0], 5) - Message discarded for I'm not a recipient: 
client[1] - time to live = 0 for message: message from client[0] to stanza(client[0], 5)
client[1] - Sending message to room stanza(client[1], 1) - msg(397,client[1])
client[0] - Asked for message: 2 - Room: stanza(client[1], 1)
client[0] - Asked for message: 25 - Room: stanza(client[1], 1)
client[0] - Asked for message: 1 - Room: stanza(client[1], 1)
client[0] - Asked for message: 1 - Room: stanza(client[1], 1)
client[0] - time to live = 0 for message: message from client[1] to stanza(client[1], 1)
client[2] - Asked for message: 2 - Room: stanza(client[1], 1)
client[2] - Asked for message: 1 - Room: stanza(client[1], 1)
client[2] - Asked for message: 37 - Room: stanza(client[1], 1)
client[2] - Asked for message: 1 - Room: stanza(client[1], 1)
client[2] - time to live = 0 for message: message from client[1] to stanza(client[1], 1)
client[4] - Room: stanza(client[1], 1) - Message discarded for I'm not a recipient: 
client[4] - time to live = 0 for message: ask message for missing message 2
NOT IMPLEMENTED YET
client[1] - Room: stanza(client[1], 1) - Asked for message: 2
client[1] - time to live = 0 for message: ask message for missing message 2
client[4] - Room: stanza(client[1], 1) - Message discarded for I'm not a recipient: 
client[4] - time to live = 0 for message: ask message for missing message 25
NOT IMPLEMENTED YET
client[1] - Room: stanza(client[1], 1) - Asked for message: 25
client[1] - time to live = 0 for message: ask message for missing message 25
client[4] - Room: stanza(client[1], 1) - Message discarded for I'm not a recipient: 
client[4] - time to live = 0 for message: ask message for missing message 1
NOT IMPLEMENTED YET
client[1] - Room: stanza(client[1], 1) - Asked for message: 1
client[1] - time to live = 0 for message: ask message for missing message 1
client[4] - Room: stanza(client[1], 1) - Message discarded for I'm not a recipient: 
client[4] - time to live = 0 for message: ask message for missing message 1
NOT IMPLEMENTED YET
client[1] - Room: stanza(client[1], 1) - Asked for message: 1
client[1] - time to live = 0 for message: ask message for missing message 1
NOT IMPLEMENTED YET
client[1] - Room: stanza(client[1], 1) - Asked for message: 2
client[1] - time to live = 0 for message: ask message for missing message 2
client[3] - Room: stanza(client[1], 1) - Message discarded for I'm not a recipient: 
client[3] - time to live = 0 for message: ask message for missing message 2
NOT IMPLEMENTED YET
client[1] - Room: stanza(client[1], 1) - Asked for message: 1
client[1] - time to live = 0 for message: ask message for missing message 1
client[3] - Room: stanza(client[1], 1) - Message discarded for I'm not a recipient: 
client[3] - time to live = 0 for message: ask message for missing message 1
NOT IMPLEMENTED YET
client[1] - Room: stanza(client[1], 1) - Asked for message: 37
client[1] - time to live = 0 for message: ask message for missing message 37
client[3] - Room: stanza(client[1], 1) - Message discarded for I'm not a recipient: 
client[3] - time to live = 0 for message: ask message for missing message 37
NOT IMPLEMENTED YET
client[1] - Room: stanza(client[1], 1) - Asked for message: 1
client[1] - time to live = 0 for message: ask message for missing message 1
client[3] - Room: stanza(client[1], 1) - Message discarded for I'm not a recipient: 
client[3] - time to live = 0 for message: ask message for missing message 1
client[2] - Sending message to room stanza(client[1], 7) - msg(334,client[2])
client[1] - stanza(client[1], 7) - Displayed message: msg(334,client[2]) from user client[2]
client[1] - Room: stanza(client[1], 7) - Message received: msg(334,client[2])
client[1] - time to live = 0 for message: message from client[2] to stanza(client[1], 7)
client[3] - Room: stanza(client[1], 7) - Message discarded for I'm not a recipient: 
client[3] - time to live = 0 for message: message from client[2] to stanza(client[1], 7)
client[1] - Sending message to room stanza(client[2], 11) - msg(398,client[1])
client[0] - Room: stanza(client[2], 11) - Message discarded for I'm not a recipient: 
client[0] - time to live = 0 for message: message from client[1] to stanza(client[2], 11)
client[2] - stanza(client[2], 11) - Displayed message: msg(398,client[1]) from user client[1]
client[2] - Room: stanza(client[2], 11) - Message received: msg(398,client[1])
client[2] - time to live = 0 for message: message from client[1] to stanza(client[2], 11)
client[4] - Sending message to room stanza(client[4], 6) - msg(406,client[4])
client[3] - Room: stanza(client[4], 6) - Message discarded for I'm not a recipient: 
client[3] - time to live = 0 for message: message from client[4] to stanza(client[4], 6)
client[0] - stanza(client[4], 6) - Displayed message: msg(406,client[4]) from user client[4]
client[0] - Room: stanza(client[4], 6) - Message received: msg(406,client[4])
client[0] - time to live = 0 for message: message from client[4] to stanza(client[4], 6)
client[2] - Sending message to room stanza(client[2], 9) - msg(335,client[2])
client[1] - Room: stanza(client[2], 9) - Message received: msg(335,client[2])
client[1] - time to live = 0 for message: message from client[2] to stanza(client[2], 9)
client[3] - Room: stanza(client[2], 9) - Message received: msg(335,client[2])
client[3] - time to live = 0 for message: message from client[2] to stanza(client[2], 9)
client[0] - Sending message to room stanza(client[4], 2) - msg(374,client[0])
client[4] - stanza(client[4], 2) - Displayed message: msg(374,client[0]) from user client[0]
client[4] - Room: stanza(client[4], 2) - Message received: msg(374,client[0])
client[4] - time to live = 0 for message: message from client[0] to stanza(client[4], 2)
client[1] - Room: stanza(client[4], 2) - Message discarded for I'm not a recipient: 
client[1] - time to live = 0 for message: message from client[0] to stanza(client[4], 2)
client[3] - Sending message to room stanza(client[2], 2) - msg(356,client[3])
client[2] - stanza(client[2], 2) - Displayed message: msg(356,client[3]) from user client[3]
client[2] - Room: stanza(client[2], 2) - Message received: msg(356,client[3])
client[2] - time to live = 0 for message: message from client[3] to stanza(client[2], 2)
client[4] - Room: stanza(client[2], 2) - Message discarded for I'm not a recipient: 
client[4] - time to live = 0 for message: message from client[3] to stanza(client[2], 2)
client[4] - Sending message to room stanza(client[3], 5) - msg(407,client[4])
client[3] - stanza(client[3], 5) - Displayed message: msg(407,client[4]) from user client[4]
client[3] - Room: stanza(client[3], 5) - Message received: msg(407,client[4])
client[3] - time to live = 0 for message: message from client[4] to stanza(client[3], 5)
client[0] - Room: stanza(client[3], 5) - Message discarded for I'm not a recipient: 
client[0] - time to live = 0 for message: message from client[4] to stanza(client[3], 5)
client[2] - Sending message to room stanza(client[2], 9) - msg(336,client[2])
client[1] - Room: stanza(client[2], 9) - Message received: msg(336,client[2])
client[1] - time to live = 0 for message: message from client[2] to stanza(client[2], 9)
client[3] - Room: stanza(client[2], 9) - Message received: msg(336,client[2])
client[3] - time to live = 0 for message: message from client[2] to stanza(client[2], 9)
client[0] - Sending message to room stanza(client[4], 6) - msg(375,client[0])
client[4] - stanza(client[4], 6) - Displayed message: msg(375,client[0]) from user client[0]
client[4] - Room: stanza(client[4], 6) - Message received: msg(375,client[0])
client[4] - time to live = 0 for message: message from client[0] to stanza(client[4], 6)
client[1] - Room: stanza(client[4], 6) - Message discarded for I'm not a recipient: 
client[1] - time to live = 0 for message: message from client[0] to stanza(client[4], 6)
client[3] - Sending message to room stanza(client[2], 9) - msg(357,client[3])
client[2] - stanza(client[2], 9) - Displayed message: msg(357,client[3]) from user client[3]
client[2] - Room: stanza(client[2], 9) - Message received: msg(357,client[3])
client[2] - time to live = 0 for message: message from client[3] to stanza(client[2], 9)
client[4] - Room: stanza(client[2], 9) - Message discarded for I'm not a recipient: 
client[4] - time to live = 0 for message: message from client[3] to stanza(client[2], 9)
client[1] - Sending message to room stanza(client[1], 5) - msg(399,client[1])
client[0] - Room: stanza(client[1], 5) - Message discarded for I'm not a recipient: 
client[0] - time to live = 0 for message: message from client[1] to stanza(client[1], 5)
client[2] - Room: stanza(client[1], 5) - Message discarded for I'm not a recipient: 
client[2] - time to live = 0 for message: message from client[1] to stanza(client[1], 5)
client[3] - Sending message to room stanza(client[2], 4) - msg(358,client[3])
client[2] - stanza(client[2], 4) - Displayed message: msg(358,client[3]) from user client[3]
client[2] - Room: stanza(client[2], 4) - Message received: msg(358,client[3])
client[2] - time to live = 0 for message: message from client[3] to stanza(client[2], 4)
client[4] - Room: stanza(client[2], 4) - Message discarded for I'm not a recipient: 
client[4] - time to live = 0 for message: message from client[3] to stanza(client[2], 4)
client[1] - Sending message to room stanza(client[1], 1) - msg(400,client[1])
client[0] - Asked for message: 2 - Room: stanza(client[1], 1)
client[0] - Asked for message: 25 - Room: stanza(client[1], 1)
client[0] - Asked for message: 1 - Room: stanza(client[1], 1)
client[0] - Asked for message: 1 - Room: stanza(client[1], 1)
client[0] - time to live = 0 for message: message from client[1] to stanza(client[1], 1)
client[2] - Asked for message: 2 - Room: stanza(client[1], 1)
client[2] - Asked for message: 1 - Room: stanza(client[1], 1)
client[2] - Asked for message: 37 - Room: stanza(client[1], 1)
client[2] - Asked for message: 1 - Room: stanza(client[1], 1)
client[2] - time to live = 0 for message: message from client[1] to stanza(client[1], 1)
client[4] - Room: stanza(client[1], 1) - Message discarded for I'm not a recipient: 
client[4] - time to live = 0 for message: ask message for missing message 2
NOT IMPLEMENTED YET
client[1] - Room: stanza(client[1], 1) - Asked for message: 2
client[1] - time to live = 0 for message: ask message for missing message 2
client[4] - Room: stanza(client[1], 1) - Message discarded for I'm not a recipient: 
client[4] - time to live = 0 for message: ask message for missing message 25
NOT IMPLEMENTED YET
client[1] - Room: stanza(client[1], 1) - Asked for message: 25
client[1] - time to live = 0 for message: ask message for missing message 25
client[4] - Room: stanza(client[1], 1) - Message discarded for I'm not a recipient: 
client[4] - time to live = 0 for message: ask message for missing message 1
NOT IMPLEMENTED YET
client[1] - Room: stanza(client[1], 1) - Asked for message: 1
client[1] - time to live = 0 for message: ask message for missing message 1
client[4] - Room: stanza(client[1], 1) - Message discarded for I'm not a recipient: 
client[4] - time to live = 0 for message: ask message for missing message 1
NOT IMPLEMENTED YET
client[1] - Room: stanza(client[1], 1) - Asked for message: 1
client[1] - time to live = 0 for message: ask message for missing message 1
NOT IMPLEMENTED YET
client[1] - Room: stanza(client[1], 1) - Asked for message: 2
client[1] - time to live = 0 for message: ask message for missing message 2
client[3] - Room: stanza(client[1], 1) - Message discarded for I'm not a recipient: 
client[3] - time to live = 0 for message: ask message for missing message 2
NOT IMPLEMENTED YET
client[1] - Room: stanza(client[1], 1) - Asked for message: 1
client[1] - time to live = 0 for message: ask message for missing message 1
client[3] - Room: stanza(client[1], 1) - Message discarded for I'm not a recipient: 
client[3] - time to live = 0 for message: ask message for missing message 1
NOT IMPLEMENTED YET
client[1] - Room: stanza(client[1], 1) - Asked for message: 37
client[1] - time to live = 0 for message: ask message for missing message 37
client[3] - Room: stanza(client[1], 1) - Message discarded for I'm not a recipient: 
client[3] - time to live = 0 for message: ask message for missing message 37
NOT IMPLEMENTED YET
client[1] - Room: stanza(client[1], 1) - Asked for message: 1
client[1] - time to live = 0 for message: ask message for missing message 1
client[3] - Room: stanza(client[1], 1) - Message discarded for I'm not a recipient: 
client[3] - time to live = 0 for message: ask message for missing message 1
client[2] - Sending message to room stanza(client[1], 4) - msg(337,client[2])
client[1] - stanza(client[1], 4) - Displayed message: msg(337,client[2]) from user client[2]
client[1] - Room: stanza(client[1], 4) - Message received: msg(337,client[2])
client[1] - time to live = 0 for message: message from client[2] to stanza(client[1], 4)
client[3] - Room: stanza(client[1], 4) - Message discarded for I'm not a recipient: 
client[3] - time to live = 0 for message: message from client[2] to stanza(client[1], 4)
client[1] - Sending message to room stanza(client[1], 3) - msg(401,client[1])
client[0] - stanza(client[1], 3) - Displayed message: msg(401,client[1]) from user client[1]
client[0] - Room: stanza(client[1], 3) - Message received: msg(401,client[1])
client[0] - time to live = 0 for message: message from client[1] to stanza(client[1], 3)
client[2] - Room: stanza(client[1], 3) - Message discarded for I'm not a recipient: 
client[2] - time to live = 0 for message: message from client[1] to stanza(client[1], 3)
client[4] - Sending message to room stanza(client[4], 1) - msg(408,client[4])
client[3] - Asked for message: 2 - Room: stanza(client[4], 1)
client[3] - Asked for message: 1 - Room: stanza(client[4], 1)
client[3] - Asked for message: 1 - Room: stanza(client[4], 1)
client[3] - Asked for message: 35 - Room: stanza(client[4], 1)
client[3] - time to live = 0 for message: message from client[4] to stanza(client[4], 1)
client[0] - Asked for message: 2 - Room: stanza(client[4], 1)
client[0] - Asked for message: 1 - Room: stanza(client[4], 1)
client[0] - Asked for message: 24 - Room: stanza(client[4], 1)
client[0] - Asked for message: 1 - Room: stanza(client[4], 1)
client[0] - time to live = 0 for message: message from client[4] to stanza(client[4], 1)
client[2] - Room: stanza(client[4], 1) - Message discarded for I'm not a recipient: 
client[2] - time to live = 0 for message: ask message for missing message 2
NOT IMPLEMENTED YET
client[4] - Room: stanza(client[4], 1) - Asked for message: 2
client[4] - time to live = 0 for message: ask message for missing message 2
client[2] - Room: stanza(client[4], 1) - Message discarded for I'm not a recipient: 
client[2] - time to live = 0 for message: ask message for missing message 1
NOT IMPLEMENTED YET
client[4] - Room: stanza(client[4], 1) - Asked for message: 1
client[4] - time to live = 0 for message: ask message for missing message 1
client[2] - Room: stanza(client[4], 1) - Message discarded for I'm not a recipient: 
client[2] - time to live = 0 for message: ask message for missing message 1
NOT IMPLEMENTED YET
client[4] - Room: stanza(client[4], 1) - Asked for message: 1
client[4] - time to live = 0 for message: ask message for missing message 1
client[2] - Room: stanza(client[4], 1) - Message discarded for I'm not a recipient: 
client[2] - time to live = 0 for message: ask message for missing message 35
NOT IMPLEMENTED YET
client[4] - Room: stanza(client[4], 1) - Asked for message: 35
client[4] - time to live = 0 for message: ask message for missing message 35
NOT IMPLEMENTED YET
client[4] - Room: stanza(client[4], 1) - Asked for message: 2
client[4] - time to live = 0 for message: ask message for missing message 2
client[1] - Room: stanza(client[4], 1) - Message discarded for I'm not a recipient: 
client[1] - time to live = 0 for message: ask message for missing message 2
NOT IMPLEMENTED YET
client[4] - Room: stanza(client[4], 1) - Asked for message: 1
client[4] - time to live = 0 for message: ask message for missing message 1
client[1] - Room: stanza(client[4], 1) - Message discarded for I'm not a recipient: 
client[1] - time to live = 0 for message: ask message for missing message 1
NOT IMPLEMENTED YET
client[4] - Room: stanza(client[4], 1) - Asked for message: 24
client[4] - time to live = 0 for message: ask message for missing message 24
client[1] - Room: stanza(client[4], 1) - Message discarded for I'm not a recipient: 
client[1] - time to live = 0 for message: ask message for missing message 24
NOT IMPLEMENTED YET
client[4] - Room: stanza(client[4], 1) - Asked for message: 1
client[4] - time to live = 0 for message: ask message for missing message 1
client[1] - Room: stanza(client[4], 1) - Message discarded for I'm not a recipient: 
client[1] - time to live = 0 for message: ask message for missing message 1
client[3] - Sending message to room stanza(client[3], 13) - msg(359,client[3])
client[2] - stanza(client[3], 13) - Displayed message: msg(359,client[3]) from user client[3]
client[2] - Room: stanza(client[3], 13) - Message received: msg(359,client[3])
client[2] - time to live = 0 for message: message from client[3] to stanza(client[3], 13)
client[4] - Room: stanza(client[3], 13) - Message discarded for I'm not a recipient: 
client[4] - time to live = 0 for message: message from client[3] to stanza(client[3], 13)
client[0] - Sending message to room stanza(client[1], 4) - msg(376,client[0])
client[4] - Room: stanza(client[1], 4) - Message discarded for I'm not a recipient: 
client[4] - time to live = 0 for message: message from client[0] to stanza(client[1], 4)
client[1] - stanza(client[1], 4) - Displayed message: msg(376,client[0]) from user client[0]
client[1] - Room: stanza(client[1], 4) - Message received: msg(376,client[0])
client[1] - time to live = 0 for message: message from client[0] to stanza(client[1], 4)
client[3] - Sending message to room stanza(client[2], 4) - msg(360,client[3])
client[2] - stanza(client[2], 4) - Displayed message: msg(360,client[3]) from user client[3]
client[2] - Room: stanza(client[2], 4) - Message received: msg(360,client[3])
client[2] - time to live = 0 for message: message from client[3] to stanza(client[2], 4)
client[4] - Room: stanza(client[2], 4) - Message discarded for I'm not a recipient: 
client[4] - time to live = 0 for message: message from client[3] to stanza(client[2], 4)
client[2] - Sending message to room stanza(client[3], 11) - msg(338,client[2])
client[1] - Room: stanza(client[3], 11) - Message discarded for I'm not a recipient: 
client[1] - time to live = 0 for message: message from client[2] to stanza(client[3], 11)
client[3] - stanza(client[3], 11) - Displayed message: msg(338,client[2]) from user client[2]
client[3] - Room: stanza(client[3], 11) - Message received: msg(338,client[2])
client[3] - time to live = 0 for message: message from client[2] to stanza(client[3], 11)
client[4] - Sending message to room stanza(client[4], 1) - msg(409,client[4])
client[3] - Asked for message: 2 - Room: stanza(client[4], 1)
client[3] - Asked for message: 1 - Room: stanza(client[4], 1)
client[3] - Asked for message: 1 - Room: stanza(client[4], 1)
client[3] - Asked for message: 35 - Room: stanza(client[4], 1)
client[3] - time to live = 0 for message: message from client[4] to stanza(client[4], 1)
client[0] - Asked for message: 2 - Room: stanza(client[4], 1)
client[0] - Asked for message: 1 - Room: stanza(client[4], 1)
client[0] - Asked for message: 24 - Room: stanza(client[4], 1)
client[0] - Asked for message: 1 - Room: stanza(client[4], 1)
client[0] - time to live = 0 for message: message from client[4] to stanza(client[4], 1)
client[2] - Room: stanza(client[4], 1) - Message discarded for I'm not a recipient: 
client[2] - time to live = 0 for message: ask message for missing message 2
NOT IMPLEMENTED YET
client[4] - Room: stanza(client[4], 1) - Asked for message: 2
client[4] - time to live = 0 for message: ask message for missing message 2
client[2] - Room: stanza(client[4], 1) - Message discarded for I'm not a recipient: 
client[2] - time to live = 0 for message: ask message for missing message 1
NOT IMPLEMENTED YET
client[4] - Room: stanza(client[4], 1) - Asked for message: 1
client[4] - time to live = 0 for message: ask message for missing message 1
client[2] - Room: stanza(client[4], 1) - Message discarded for I'm not a recipient: 
client[2] - time to live = 0 for message: ask message for missing message 1
NOT IMPLEMENTED YET
client[4] - Room: stanza(client[4], 1) - Asked for message: 1
client[4] - time to live = 0 for message: ask message for missing message 1
client[2] - Room: stanza(client[4], 1) - Message discarded for I'm not a recipient: 
client[2] - time to live = 0 for message: ask message for missing message 35
NOT IMPLEMENTED YET
client[4] - Room: stanza(client[4], 1) - Asked for message: 35
client[4] - time to live = 0 for message: ask message for missing message 35
NOT IMPLEMENTED YET
client[4] - Room: stanza(client[4], 1) - Asked for message: 2
client[4] - time to live = 0 for message: ask message for missing message 2
client[1] - Room: stanza(client[4], 1) - Message discarded for I'm not a recipient: 
client[1] - time to live = 0 for message: ask message for missing message 2
NOT IMPLEMENTED YET
client[4] - Room: stanza(client[4], 1) - Asked for message: 1
client[4] - time to live = 0 for message: ask message for missing message 1
client[1] - Room: stanza(client[4], 1) - Message discarded for I'm not a recipient: 
client[1] - time to live = 0 for message: ask message for missing message 1
NOT IMPLEMENTED YET
client[4] - Room: stanza(client[4], 1) - Asked for message: 24
client[4] - time to live = 0 for message: ask message for missing message 24
client[1] - Room: stanza(client[4], 1) - Message discarded for I'm not a recipient: 
client[1] - time to live = 0 for message: ask message for missing message 24
NOT IMPLEMENTED YET
client[4] - Room: stanza(client[4], 1) - Asked for message: 1
client[4] - time to live = 0 for message: ask message for missing message 1
client[1] - Room: stanza(client[4], 1) - Message discarded for I'm not a recipient: 
client[1] - time to live = 0 for message: ask message for missing message 1
client[2] - Sending message to room stanza(client[2], 2) - msg(339,client[2])
client[1] - Room: stanza(client[2], 2) - Message discarded for I'm not a recipient: 
client[1] - time to live = 0 for message: message from client[2] to stanza(client[2], 2)
client[3] - stanza(client[2], 2) - Displayed message: msg(339,client[2]) from user client[2]
client[3] - Room: stanza(client[2], 2) - Message received: msg(339,client[2])
client[3] - time to live = 0 for message: message from client[2] to stanza(client[2], 2)
client[1] - Sending message to room stanza(client[1], 6) - msg(402,client[1])
client[0] - Room: stanza(client[1], 6) - Message received: msg(402,client[1])
client[0] - time to live = 0 for message: message from client[1] to stanza(client[1], 6)
client[2] - Room: stanza(client[1], 6) - Message received: msg(402,client[1])
client[2] - time to live = 0 for message: message from client[1] to stanza(client[1], 6)
client[0] - Sending message to room stanza(client[0], 3) - msg(377,client[0])
client[4] - Room: stanza(client[0], 3) - Message discarded for I'm not a recipient: 
client[4] - time to live = 0 for message: message from client[0] to stanza(client[0], 3)
client[1] - stanza(client[0], 3) - Displayed message: msg(377,client[0]) from user client[0]
client[1] - Room: stanza(client[0], 3) - Message received: msg(377,client[0])
client[1] - time to live = 0 for message: message from client[0] to stanza(client[0], 3)
client[2] - Sending message to room stanza(client[3], 7) - msg(340,client[2])
client[1] - Room: stanza(client[3], 7) - Message discarded for I'm not a recipient: 
client[1] - time to live = 0 for message: message from client[2] to stanza(client[3], 7)
client[3] - stanza(client[3], 7) - Displayed message: msg(340,client[2]) from user client[2]
client[3] - Room: stanza(client[3], 7) - Message received: msg(340,client[2])
client[3] - time to live = 0 for message: message from client[2] to stanza(client[3], 7)
client[3] - Sending message to room stanza(client[3], 4) - msg(361,client[3])
client[2] - Room: stanza(client[3], 4) - Message discarded for I'm not a recipient: 
client[2] - time to live = 0 for message: message from client[3] to stanza(client[3], 4)
client[4] - stanza(client[3], 4) - Displayed message: msg(361,client[3]) from user client[3]
client[4] - Room: stanza(client[3], 4) - Message received: msg(361,client[3])
client[4] - time to live = 0 for message: message from client[3] to stanza(client[3], 4)
client[4] - Sending message to room stanza(client[0], 5) - msg(410,client[4])
client[3] - Room: stanza(client[0], 5) - Message discarded for I'm not a recipient: 
client[3] - time to live = 0 for message: message from client[4] to stanza(client[0], 5)
client[0] - stanza(client[0], 5) - Displayed message: msg(410,client[4]) from user client[4]
client[0] - Room: stanza(client[0], 5) - Message received: msg(410,client[4])
client[0] - time to live = 0 for message: message from client[4] to stanza(client[0], 5)
client[0] - Sent room creation: stanza(client[0], 8) with: client[0],client[3],client[4]
client[4] - Room created: stanza(client[0], 8)
client[4] - time to live = 0 for message: creation of room stanza(client[0], 8)
client[1] - Room: stanza(client[0], 8) - Message discarded for I'm not a recipient: 
client[1] - time to live = 0 for message: creation of room stanza(client[0], 8)
client[0] - Sending message to room stanza(client[1], 4) - msg(378,client[0])
client[4] - Room: stanza(client[1], 4) - Message discarded for I'm not a recipient: 
client[4] - time to live = 0 for message: message from client[0] to stanza(client[1], 4)
client[1] - stanza(client[1], 4) - Displayed message: msg(378,client[0]) from user client[0]
client[1] - Room: stanza(client[1], 4) - Message received: msg(378,client[0])
client[1] - time to live = 0 for message: message from client[0] to stanza(client[1], 4)
client[3] - Sending message to room stanza(client[2], 7) - msg(362,client[3])
client[2] - stanza(client[2], 7) - Displayed message: msg(362,client[3]) from user client[3]
client[2] - Room: stanza(client[2], 7) - Message received: msg(362,client[3])
client[2] - time to live = 0 for message: message from client[3] to stanza(client[2], 7)
client[4] - Room: stanza(client[2], 7) - Message discarded for I'm not a recipient: 
client[4] - time to live = 0 for message: message from client[3] to stanza(client[2], 7)
client[1] - Sending message to room stanza(client[1], 5) - msg(403,client[1])
client[0] - Room: stanza(client[1], 5) - Message discarded for I'm not a recipient: 
client[0] - time to live = 0 for message: message from client[1] to stanza(client[1], 5)
client[2] - Room: stanza(client[1], 5) - Message discarded for I'm not a recipient: 
client[2] - time to live = 0 for message: message from client[1] to stanza(client[1], 5)
client[1] - Sending message to room stanza(client[0], 1) - msg(404,client[1])
client[0] - stanza(client[0], 1) - Displayed message: msg(404,client[1]) from user client[1]
client[0] - Room: stanza(client[0], 1) - Message received: msg(404,client[1])
client[0] - time to live = 0 for message: message from client[1] to stanza(client[0], 1)
client[2] - Room: stanza(client[0], 1) - Message discarded for I'm not a recipient: 
client[2] - time to live = 0 for message: message from client[1] to stanza(client[0], 1)
client[2] - Sending message to room stanza(client[2], 10) - msg(341,client[2])
client[1] - Room: stanza(client[2], 10) - Message discarded for I'm not a recipient: 
client[1] - time to live = 0 for message: message from client[2] to stanza(client[2], 10)
client[3] - stanza(client[2], 10) - Displayed message: msg(341,client[2]) from user client[2]
client[3] - Room: stanza(client[2], 10) - Message received: msg(341,client[2])
client[3] - time to live = 0 for message: message from client[2] to stanza(client[2], 10)
client[4] - Sending message to room stanza(client[3], 0) - msg(411,client[4])
client[3] - stanza(client[3], 0) - Displayed message: msg(411,client[4]) from user client[4]
client[3] - Room: stanza(client[3], 0) - Message received: msg(411,client[4])
client[3] - time to live = 0 for message: message from client[4] to stanza(client[3], 0)
client[0] - Room: stanza(client[3], 0) - Message discarded for I'm not a recipient: 
client[0] - time to live = 0 for message: message from client[4] to stanza(client[3], 0)
client[2] - Sending message to room stanza(client[1], 1) - msg(342,client[2])
client[1] - stanza(client[1], 1) - Displayed message: msg(342,client[2]) from user client[2]
client[1] - Room: stanza(client[1], 1) - Message received: msg(342,client[2])
client[1] - time to live = 0 for message: message from client[2] to stanza(client[1], 1)
client[3] - Room: stanza(client[1], 1) - Message discarded for I'm not a recipient: 
client[3] - time to live = 0 for message: message from client[2] to stanza(client[1], 1)
client[1] - Sending message to room stanza(client[1], 7) - msg(405,client[1])
client[0] - Room: stanza(client[1], 7) - Message received: msg(405,client[1])
client[0] - time to live = 0 for message: message from client[1] to stanza(client[1], 7)
client[2] - Room: stanza(client[1], 7) - Message received: msg(405,client[1])
client[2] - time to live = 0 for message: message from client[1] to stanza(client[1], 7)
client[3] - Sending message to room stanza(client[2], 10) - msg(363,client[3])
client[2] - stanza(client[2], 10) - Displayed message: msg(363,client[3]) from user client[3]
client[2] - Room: stanza(client[2], 10) - Message received: msg(363,client[3])
client[2] - time to live = 0 for message: message from client[3] to stanza(client[2], 10)
client[4] - Room: stanza(client[2], 10) - Message discarded for I'm not a recipient: 
client[4] - time to live = 0 for message: message from client[3] to stanza(client[2], 10)
client[0] - Sending message to room stanza(client[0], 1) - msg(379,client[0])
client[4] - Asked for message: 1 - Room: stanza(client[0], 1)
client[4] - Asked for message: 1 - Room: stanza(client[0], 1)
client[4] - Asked for message: 1 - Room: stanza(client[0], 1)
client[4] - Asked for message: 66 - Room: stanza(client[0], 1)
client[4] - Asked for message: 1 - Room: stanza(client[0], 1)
client[4] - time to live = 0 for message: message from client[0] to stanza(client[0], 1)
client[1] - Asked for message: 1 - Room: stanza(client[0], 1)
client[1] - Asked for message: 1 - Room: stanza(client[0], 1)
client[1] - Asked for message: 1 - Room: stanza(client[0], 1)
client[1] - Asked for message: 1 - Room: stanza(client[0], 1)
client[1] - Asked for message: 78 - Room: stanza(client[0], 1)
client[1] - time to live = 0 for message: message from client[0] to stanza(client[0], 1)
client[3] - Room: stanza(client[0], 1) - Message discarded for I'm not a recipient: 
client[3] - time to live = 0 for message: ask message for missing message 1
NOT IMPLEMENTED YET
client[0] - Room: stanza(client[0], 1) - Asked for message: 1
client[0] - time to live = 0 for message: ask message for missing message 1
client[3] - Room: stanza(client[0], 1) - Message discarded for I'm not a recipient: 
client[3] - time to live = 0 for message: ask message for missing message 1
NOT IMPLEMENTED YET
client[0] - Room: stanza(client[0], 1) - Asked for message: 1
client[0] - time to live = 0 for message: ask message for missing message 1
client[3] - Room: stanza(client[0], 1) - Message discarded for I'm not a recipient: 
client[3] - time to live = 0 for message: ask message for missing message 1
NOT IMPLEMENTED YET
client[0] - Room: stanza(client[0], 1) - Asked for message: 1
client[0] - time to live = 0 for message: ask message for missing message 1
client[3] - Room: stanza(client[0], 1) - Message discarded for I'm not a recipient: 
client[3] - time to live = 0 for message: ask message for missing message 66
NOT IMPLEMENTED YET
client[0] - Room: stanza(client[0], 1) - Asked for message: 66
client[0] - time to live = 0 for message: ask message for missing message 66
client[3] - Room: stanza(client[0], 1) - Message discarded for I'm not a recipient: 
client[3] - time to live = 0 for message: ask message for missing message 1
NOT IMPLEMENTED YET
client[0] - Room: stanza(client[0], 1) - Asked for message: 1
client[0] - time to live = 0 for message: ask message for missing message 1
NOT IMPLEMENTED YET
client[0] - Room: stanza(client[0], 1) - Asked for message: 1
client[0] - time to live = 0 for message: ask message for missing message 1
client[2] - Room: stanza(client[0], 1) - Message discarded for I'm not a recipient: 
client[2] - time to live = 0 for message: ask message for missing message 1
NOT IMPLEMENTED YET
client[0] - Room: stanza(client[0], 1) - Asked for message: 1
client[0] - time to live = 0 for message: ask message for missing message 1
client[2] - Room: stanza(client[0], 1) - Message discarded for I'm not a recipient: 
client[2] - time to live = 0 for message: ask message for missing message 1
NOT IMPLEMENTED YET
client[0] - Room: stanza(client[0], 1) - Asked for message: 1
client[0] - time to live = 0 for message: ask message for missing message 1
client[2] - Room: stanza(client[0], 1) - Message discarded for I'm not a recipient: 
client[2] - time to live = 0 for message: ask message for missing message 1
NOT IMPLEMENTED YET
client[0] - Room: stanza(client[0], 1) - Asked for message: 1
client[0] - time to live = 0 for message: ask message for missing message 1
client[2] - Room: stanza(client[0], 1) - Message discarded for I'm not a recipient: 
client[2] - time to live = 0 for message: ask message for missing message 1
NOT IMPLEMENTED YET
client[0] - Room: stanza(client[0], 1) - Asked for message: 78
client[0] - time to live = 0 for message: ask message for missing message 78
client[2] - Room: stanza(client[0], 1) - Message discarded for I'm not a recipient: 
client[2] - time to live = 0 for message: ask message for missing message 78
client[2] - Sending message to room stanza(client[3], 9) - msg(343,client[2])
client[1] - Room: stanza(client[3], 9) - Message discarded for I'm not a recipient: 
client[1] - time to live = 0 for message: message from client[2] to stanza(client[3], 9)
client[3] - stanza(client[3], 9) - Displayed message: msg(343,client[2]) from user client[2]
client[3] - Room: stanza(client[3], 9) - Message received: msg(343,client[2])
client[3] - time to live = 0 for message: message from client[2] to stanza(client[3], 9)
client[4] - Sending message to room stanza(client[3], 4) - msg(412,client[4])
client[3] - stanza(client[3], 4) - Displayed message: msg(412,client[4]) from user client[4]
client[3] - Room: stanza(client[3], 4) - Message received: msg(412,client[4])
client[3] - time to live = 0 for message: message from client[4] to stanza(client[3], 4)
client[0] - Room: stanza(client[3], 4) - Message discarded for I'm not a recipient: 
client[0] - time to live = 0 for message: message from client[4] to stanza(client[3], 4)
client[2] - Sending message to room stanza(client[2], 7) - msg(344,client[2])
client[1] - Room: stanza(client[2], 7) - Message received: msg(344,client[2])
client[1] - time to live = 0 for message: message from client[2] to stanza(client[2], 7)
client[3] - Room: stanza(client[2], 7) - Message received: msg(344,client[2])
client[3] - time to live = 0 for message: message from client[2] to stanza(client[2], 7)
client[0] - Sending message to room stanza(client[4], 0) - msg(380,client[0])
client[4] - stanza(client[4], 0) - Displayed message: msg(380,client[0]) from user client[0]
client[4] - Room: stanza(client[4], 0) - Message received: msg(380,client[0])
client[4] - time to live = 0 for message: message from client[0] to stanza(client[4], 0)
client[1] - Room: stanza(client[4], 0) - Message discarded for I'm not a recipient: 
client[1] - time to live = 0 for message: message from client[0] to stanza(client[4], 0)
client[3] - Sending message to room stanza(client[3], 9) - msg(364,client[3])
client[2] - Room: stanza(client[3], 9) - Message received: msg(364,client[3])
client[2] - time to live = 0 for message: message from client[3] to stanza(client[3], 9)
client[4] - Room: stanza(client[3], 9) - Message received: msg(364,client[3])
client[4] - time to live = 0 for message: message from client[3] to stanza(client[3], 9)
client[0] - Sending message to room stanza(client[0], 6) - msg(381,client[0])
client[4] - Room: stanza(client[0], 6) - Message discarded for I'm not a recipient: 
client[4] - time to live = 0 for message: message from client[0] to stanza(client[0], 6)
client[1] - stanza(client[0], 6) - Displayed message: msg(381,client[0]) from user client[0]
client[1] - Room: stanza(client[0], 6) - Message received: msg(381,client[0])
client[1] - time to live = 0 for message: message from client[0] to stanza(client[0], 6)
client[2] - Sending message to room stanza(client[3], 9) - msg(345,client[2])
client[1] - Room: stanza(client[3], 9) - Message discarded for I'm not a recipient: 
client[1] - time to live = 0 for message: message from client[2] to stanza(client[3], 9)
client[3] - stanza(client[3], 9) - Displayed message: msg(345,client[2]) from user client[2]
client[3] - Room: stanza(client[3], 9) - Message received: msg(345,client[2])
client[3] - time to live = 0 for message: message from client[2] to stanza(client[3], 9)
client[3] - Sending message to room stanza(client[3], 6) - msg(365,client[3])
client[2] - Room: stanza(client[3], 6) - Message discarded for I'm not a recipient: 
client[2] - time to live = 0 for message: message from client[3] to stanza(client[3], 6)
client[4] - stanza(client[3], 6) - Displayed message: msg(365,client[3]) from user client[3]
client[4] - Room: stanza(client[3], 6) - Message received: msg(365,client[3])
client[4] - time to live = 0 for message: message from client[3] to stanza(client[3], 6)
client[1] - Sending message to room stanza(client[0], 2) - msg(406,client[1])
client[0] - stanza(client[0], 2) - Displayed message: msg(406,client[1]) from user client[1]
client[0] - Room: stanza(client[0], 2) - Message received: msg(406,client[1])
client[0] - time to live = 0 for message: message from client[1] to stanza(client[0], 2)
client[2] - Room: stanza(client[0], 2) - Message discarded for I'm not a recipient: 
client[2] - time to live = 0 for message: message from client[1] to stanza(client[0], 2)
client[0] - Sending message to room stanza(client[4], 2) - msg(382,client[0])
client[4] - stanza(client[4], 2) - Displayed message: msg(382,client[0]) from user client[0]
client[4] - Room: stanza(client[4], 2) - Message received: msg(382,client[0])
client[4] - time to live = 0 for message: message from client[0] to stanza(client[4], 2)
client[1] - Room: stanza(client[4], 2) - Message discarded for I'm not a recipient: 
client[1] - time to live = 0 for message: message from client[0] to stanza(client[4], 2)
client[2] - Sending message to room stanza(client[3], 12) - msg(346,client[2])
client[1] - Room: stanza(client[3], 12) - Message discarded for I'm not a recipient: 
client[1] - time to live = 0 for message: message from client[2] to stanza(client[3], 12)
client[3] - stanza(client[3], 12) - Displayed message: msg(346,client[2]) from user client[2]
client[3] - Room: stanza(client[3], 12) - Message received: msg(346,client[2])
client[3] - time to live = 0 for message: message from client[2] to stanza(client[3], 12)
client[0] - Sending message to room stanza(client[1], 6) - msg(383,client[0])
client[4] - Room: stanza(client[1], 6) - Message discarded for I'm not a recipient: 
client[4] - time to live = 0 for message: message from client[0] to stanza(client[1], 6)
client[1] - stanza(client[1], 6) - Displayed message: msg(383,client[0]) from user client[0]
client[1] - Room: stanza(client[1], 6) - Message received: msg(383,client[0])
client[1] - time to live = 0 for message: message from client[0] to stanza(client[1], 6)
client[3] - Sending message to room stanza(client[2], 4) - msg(366,client[3])
client[2] - stanza(client[2], 4) - Displayed message: msg(366,client[3]) from user client[3]
client[2] - Room: stanza(client[2], 4) - Message received: msg(366,client[3])
client[2] - time to live = 0 for message: message from client[3] to stanza(client[2], 4)
client[4] - Room: stanza(client[2], 4) - Message discarded for I'm not a recipient: 
client[4] - time to live = 0 for message: message from client[3] to stanza(client[2], 4)
client[2] - Sending message to room stanza(client[2], 4) - msg(347,client[2])
client[1] - Asked for message: 4 - Room: stanza(client[2], 4)
client[1] - Asked for message: 1 - Room: stanza(client[2], 4)
client[1] - Asked for message: 1 - Room: stanza(client[2], 4)
client[1] - Asked for message: 24 - Room: stanza(client[2], 4)
client[1] - Asked for message: 1 - Room: stanza(client[2], 4)
client[1] - time to live = 0 for message: message from client[2] to stanza(client[2], 4)
client[3] - Asked for message: 2 - Room: stanza(client[2], 4)
client[3] - Asked for message: 13 - Room: stanza(client[2], 4)
client[3] - Asked for message: 1 - Room: stanza(client[2], 4)
client[3] - Asked for message: 1 - Room: stanza(client[2], 4)
client[3] - Asked for message: 1 - Room: stanza(client[2], 4)
client[3] - time to live = 0 for message: message from client[2] to stanza(client[2], 4)
client[0] - Room: stanza(client[2], 4) - Message discarded for I'm not a recipient: 
client[0] - time to live = 0 for message: ask message for missing message 4
NOT IMPLEMENTED YET
client[2] - Room: stanza(client[2], 4) - Asked for message: 4
client[2] - time to live = 0 for message: ask message for missing message 4
client[0] - Room: stanza(client[2], 4) - Message discarded for I'm not a recipient: 
client[0] - time to live = 0 for message: ask message for missing message 1
NOT IMPLEMENTED YET
client[2] - Room: stanza(client[2], 4) - Asked for message: 1
client[2] - time to live = 0 for message: ask message for missing message 1
client[0] - Room: stanza(client[2], 4) - Message discarded for I'm not a recipient: 
client[0] - time to live = 0 for message: ask message for missing message 1
NOT IMPLEMENTED YET
client[2] - Room: stanza(client[2], 4) - Asked for message: 1
client[2] - time to live = 0 for message: ask message for missing message 1
client[0] - Room: stanza(client[2], 4) - Message discarded for I'm not a recipient: 
client[0] - time to live = 0 for message: ask message for missing message 24
NOT IMPLEMENTED YET
client[2] - Room: stanza(client[2], 4) - Asked for message: 24
client[2] - time to live = 0 for message: ask message for missing message 24
client[0] - Room: stanza(client[2], 4) - Message discarded for I'm not a recipient: 
client[0] - time to live = 0 for message: ask message for missing message 1
NOT IMPLEMENTED YET
client[2] - Room: stanza(client[2], 4) - Asked for message: 1
client[2] - time to live = 0 for message: ask message for missing message 1
NOT IMPLEMENTED YET
client[2] - Room: stanza(client[2], 4) - Asked for message: 2
client[2] - time to live = 0 for message: ask message for missing message 2
client[4] - Room: stanza(client[2], 4) - Message discarded for I'm not a recipient: 
client[4] - time to live = 0 for message: ask message for missing message 2
NOT IMPLEMENTED YET
client[2] - Room: stanza(client[2], 4) - Asked for message: 13
client[2] - time to live = 0 for message: ask message for missing message 13
client[4] - Room: stanza(client[2], 4) - Message discarded for I'm not a recipient: 
client[4] - time to live = 0 for message: ask message for missing message 13
NOT IMPLEMENTED YET
client[2] - Room: stanza(client[2], 4) - Asked for message: 1
client[2] - time to live = 0 for message: ask message for missing message 1
client[4] - Room: stanza(client[2], 4) - Message discarded for I'm not a recipient: 
client[4] - time to live = 0 for message: ask message for missing message 1
NOT IMPLEMENTED YET
client[2] - Room: stanza(client[2], 4) - Asked for message: 1
client[2] - time to live = 0 for message: ask message for missing message 1
client[4] - Room: stanza(client[2], 4) - Message discarded for I'm not a recipient: 
client[4] - time to live = 0 for message: ask message for missing message 1
NOT IMPLEMENTED YET
client[2] - Room: stanza(client[2], 4) - Asked for message: 1
client[2] - time to live = 0 for message: ask message for missing message 1
client[4] - Room: stanza(client[2], 4) - Message discarded for I'm not a recipient: 
client[4] - time to live = 0 for message: ask message for missing message 1
client[0] - Sending message to room stanza(client[0], 3) - msg(384,client[0])
client[4] - Room: stanza(client[0], 3) - Message discarded for I'm not a recipient: 
client[4] - time to live = 0 for message: message from client[0] to stanza(client[0], 3)
client[1] - stanza(client[0], 3) - Displayed message: msg(384,client[0]) from user client[0]
client[1] - Room: stanza(client[0], 3) - Message received: msg(384,client[0])
client[1] - time to live = 0 for message: message from client[0] to stanza(client[0], 3)
client[2] - Sending message to room stanza(client[2], 4) - msg(348,client[2])
client[1] - Asked for message: 4 - Room: stanza(client[2], 4)
client[1] - Asked for message: 1 - Room: stanza(client[2], 4)
client[1] - Asked for message: 1 - Room: stanza(client[2], 4)
client[1] - Asked for message: 24 - Room: stanza(client[2], 4)
client[1] - Asked for message: 1 - Room: stanza(client[2], 4)
client[1] - time to live = 0 for message: message from client[2] to stanza(client[2], 4)
client[3] - Asked for message: 2 - Room: stanza(client[2], 4)
client[3] - Asked for message: 13 - Room: stanza(client[2], 4)
client[3] - Asked for message: 1 - Room: stanza(client[2], 4)
client[3] - Asked for message: 1 - Room: stanza(client[2], 4)
client[3] - Asked for message: 1 - Room: stanza(client[2], 4)
client[3] - time to live = 0 for message: message from client[2] to stanza(client[2], 4)
client[0] - Room: stanza(client[2], 4) - Message discarded for I'm not a recipient: 
client[0] - time to live = 0 for message: ask message for missing message 4
NOT IMPLEMENTED YET
client[2] - Room: stanza(client[2], 4) - Asked for message: 4
client[2] - time to live = 0 for message: ask message for missing message 4
client[0] - Room: stanza(client[2], 4) - Message discarded for I'm not a recipient: 
client[0] - time to live = 0 for message: ask message for missing message 1
NOT IMPLEMENTED YET
client[2] - Room: stanza(client[2], 4) - Asked for message: 1
client[2] - time to live = 0 for message: ask message for missing message 1
client[0] - Room: stanza(client[2], 4) - Message discarded for I'm not a recipient: 
client[0] - time to live = 0 for message: ask message for missing message 1
NOT IMPLEMENTED YET
client[2] - Room: stanza(client[2], 4) - Asked for message: 1
client[2] - time to live = 0 for message: ask message for missing message 1
client[0] - Room: stanza(client[2], 4) - Message discarded for I'm not a recipient: 
client[0] - time to live = 0 for message: ask message for missing message 24
NOT IMPLEMENTED YET
client[2] - Room: stanza(client[2], 4) - Asked for message: 24
client[2] - time to live = 0 for message: ask message for missing message 24
client[0] - Room: stanza(client[2], 4) - Message discarded for I'm not a recipient: 
client[0] - time to live = 0 for message: ask message for missing message 1
NOT IMPLEMENTED YET
client[2] - Room: stanza(client[2], 4) - Asked for message: 1
client[2] - time to live = 0 for message: ask message for missing message 1
NOT IMPLEMENTED YET
client[2] - Room: stanza(client[2], 4) - Asked for message: 2
client[2] - time to live = 0 for message: ask message for missing message 2
client[4] - Room: stanza(client[2], 4) - Message discarded for I'm not a recipient: 
client[4] - time to live = 0 for message: ask message for missing message 2
NOT IMPLEMENTED YET
client[2] - Room: stanza(client[2], 4) - Asked for message: 13
client[2] - time to live = 0 for message: ask message for missing message 13
client[4] - Room: stanza(client[2], 4) - Message discarded for I'm not a recipient: 
client[4] - time to live = 0 for message: ask message for missing message 13
NOT IMPLEMENTED YET
client[2] - Room: stanza(client[2], 4) - Asked for message: 1
client[2] - time to live = 0 for message: ask message for missing message 1
client[4] - Room: stanza(client[2], 4) - Message discarded for I'm not a recipient: 
client[4] - time to live = 0 for message: ask message for missing message 1
NOT IMPLEMENTED YET
client[2] - Room: stanza(client[2], 4) - Asked for message: 1
client[2] - time to live = 0 for message: ask message for missing message 1
client[4] - Room: stanza(client[2], 4) - Message discarded for I'm not a recipient: 
client[4] - time to live = 0 for message: ask message for missing message 1
NOT IMPLEMENTED YET
client[2] - Room: stanza(client[2], 4) - Asked for message: 1
client[2] - time to live = 0 for message: ask message for missing message 1
client[4] - Room: stanza(client[2], 4) - Message discarded for I'm not a recipient: 
client[4] - time to live = 0 for message: ask message for missing message 1
client[2] - Sending message to room stanza(client[2], 6) - msg(349,client[2])
client[1] - Room: stanza(client[2], 6) - Message discarded for I'm not a recipient: 
client[1] - time to live = 0 for message: message from client[2] to stanza(client[2], 6)
client[3] - stanza(client[2], 6) - Displayed message: msg(349,client[2]) from user client[2]
client[3] - Room: stanza(client[2], 6) - Message received: msg(349,client[2])
client[3] - time to live = 0 for message: message from client[2] to stanza(client[2], 6)
client[1] - Sending message to room stanza(client[2], 11) - msg(407,client[1])
client[0] - Room: stanza(client[2], 11) - Message discarded for I'm not a recipient: 
client[0] - time to live = 0 for message: message from client[1] to stanza(client[2], 11)
client[2] - stanza(client[2], 11) - Displayed message: msg(407,client[1]) from user client[1]
client[2] - Room: stanza(client[2], 11) - Message received: msg(407,client[1])
client[2] - time to live = 0 for message: message from client[1] to stanza(client[2], 11)
client[0] - Sending message to room stanza(client[1], 2) - msg(385,client[0])
client[4] - Room: stanza(client[1], 2) - Message discarded for I'm not a recipient: 
client[4] - time to live = 0 for message: message from client[0] to stanza(client[1], 2)
client[1] - stanza(client[1], 2) - Displayed message: msg(385,client[0]) from user client[0]
client[1] - Room: stanza(client[1], 2) - Message received: msg(385,client[0])
client[1] - time to live = 0 for message: message from client[0] to stanza(client[1], 2)
client[4] - Sending message to room stanza(client[3], 5) - msg(413,client[4])
client[3] - stanza(client[3], 5) - Displayed message: msg(413,client[4]) from user client[4]
client[3] - Room: stanza(client[3], 5) - Message received: msg(413,client[4])
client[3] - time to live = 0 for message: message from client[4] to stanza(client[3], 5)
client[0] - Room: stanza(client[3], 5) - Message discarded for I'm not a recipient: 
client[0] - time to live = 0 for message: message from client[4] to stanza(client[3], 5)
client[3] - Sending message to room stanza(client[3], 12) - msg(367,client[3])
client[2] - Room: stanza(client[3], 12) - Message received: msg(367,client[3])
client[2] - time to live = 0 for message: message from client[3] to stanza(client[3], 12)
client[4] - Room: stanza(client[3], 12) - Message received: msg(367,client[3])
client[4] - time to live = 0 for message: message from client[3] to stanza(client[3], 12)
client[1] - Sending message to room stanza(client[0], 2) - msg(408,client[1])
client[0] - stanza(client[0], 2) - Displayed message: msg(408,client[1]) from user client[1]
client[0] - Room: stanza(client[0], 2) - Message received: msg(408,client[1])
client[0] - time to live = 0 for message: message from client[1] to stanza(client[0], 2)
client[2] - Room: stanza(client[0], 2) - Message discarded for I'm not a recipient: 
client[2] - time to live = 0 for message: message from client[1] to stanza(client[0], 2)
client[4] - Sending message to room stanza(client[4], 4) - msg(414,client[4])
client[3] - stanza(client[4], 4) - Displayed message: msg(414,client[4]) from user client[4]
client[3] - Room: stanza(client[4], 4) - Message received: msg(414,client[4])
client[3] - time to live = 0 for message: message from client[4] to stanza(client[4], 4)
client[0] - Room: stanza(client[4], 4) - Message discarded for I'm not a recipient: 
client[0] - time to live = 0 for message: message from client[4] to stanza(client[4], 4)
client[1] - Sending message to room stanza(client[2], 9) - msg(409,client[1])
client[0] - Room: stanza(client[2], 9) - Message discarded for I'm not a recipient: 
client[0] - time to live = 0 for message: message from client[1] to stanza(client[2], 9)
client[2] - stanza(client[2], 9) - Displayed message: msg(409,client[1]) from user client[1]
client[2] - Room: stanza(client[2], 9) - Message received: msg(409,client[1])
client[2] - time to live = 0 for message: message from client[1] to stanza(client[2], 9)
client[3] - Sending message to room stanza(client[3], 13) - msg(368,client[3])
client[2] - stanza(client[3], 13) - Displayed message: msg(368,client[3]) from user client[3]
client[2] - Room: stanza(client[3], 13) - Message received: msg(368,client[3])
client[2] - time to live = 0 for message: message from client[3] to stanza(client[3], 13)
client[4] - Room: stanza(client[3], 13) - Message discarded for I'm not a recipient: 
client[4] - time to live = 0 for message: message from client[3] to stanza(client[3], 13)
client[1] - Sending message to room stanza(client[2], 11) - msg(410,client[1])
client[0] - Room: stanza(client[2], 11) - Message discarded for I'm not a recipient: 
client[0] - time to live = 0 for message: message from client[1] to stanza(client[2], 11)
client[2] - stanza(client[2], 11) - Displayed message: msg(410,client[1]) from user client[1]
client[2] - Room: stanza(client[2], 11) - Message received: msg(410,client[1])
client[2] - time to live = 0 for message: message from client[1] to stanza(client[2], 11)
client[3] - Sending message to room stanza(client[3], 5) - msg(369,client[3])
client[2] - Room: stanza(client[3], 5) - Message discarded for I'm not a recipient: 
client[2] - time to live = 0 for message: message from client[3] to stanza(client[3], 5)
client[4] - stanza(client[3], 5) - Displayed message: msg(369,client[3]) from user client[3]
client[4] - Room: stanza(client[3], 5) - Message received: msg(369,client[3])
client[4] - time to live = 0 for message: message from client[3] to stanza(client[3], 5)
client[0] - Sending message to room stanza(client[1], 1) - msg(386,client[0])
client[4] - Room: stanza(client[1], 1) - Message discarded for I'm not a recipient: 
client[4] - time to live = 0 for message: message from client[0] to stanza(client[1], 1)
client[1] - stanza(client[1], 1) - Displayed message: msg(386,client[0]) from user client[0]
client[1] - Room: stanza(client[1], 1) - Message received: msg(386,client[0])
client[1] - time to live = 0 for message: message from client[0] to stanza(client[1], 1)
client[2] - Sending message to room stanza(client[1], 2) - msg(350,client[2])
client[1] - stanza(client[1], 2) - Displayed message: msg(350,client[2]) from user client[2]
client[1] - Room: stanza(client[1], 2) - Message received: msg(350,client[2])
client[1] - time to live = 0 for message: message from client[2] to stanza(client[1], 2)
client[3] - Room: stanza(client[1], 2) - Message discarded for I'm not a recipient: 
client[3] - time to live = 0 for message: message from client[2] to stanza(client[1], 2)
client[1] - Sending message to room stanza(client[1], 3) - msg(411,client[1])
client[0] - stanza(client[1], 3) - Displayed message: msg(411,client[1]) from user client[1]
client[0] - Room: stanza(client[1], 3) - Message received: msg(411,client[1])
client[0] - time to live = 0 for message: message from client[1] to stanza(client[1], 3)
client[2] - Room: stanza(client[1], 3) - Message discarded for I'm not a recipient: 
client[2] - time to live = 0 for message: message from client[1] to stanza(client[1], 3)
client[0] - Sending message to room stanza(client[1], 3) - msg(387,client[0])
client[4] - Room: stanza(client[1], 3) - Message discarded for I'm not a recipient: 
client[4] - time to live = 0 for message: message from client[0] to stanza(client[1], 3)
client[1] - stanza(client[1], 3) - Displayed message: msg(387,client[0]) from user client[0]
client[1] - Room: stanza(client[1], 3) - Message received: msg(387,client[0])
client[1] - time to live = 0 for message: message from client[0] to stanza(client[1], 3)
client[2] - Sending message to room stanza(client[2], 3) - msg(351,client[2])
client[1] - Room: stanza(client[2], 3) - Message discarded for I'm not a recipient: 
client[1] - time to live = 0 for message: message from client[2] to stanza(client[2], 3)
client[3] - stanza(client[2], 3) - Displayed message: msg(351,client[2]) from user client[2]
client[3] - Room: stanza(client[2], 3) - Message received: msg(351,client[2])
client[3] - time to live = 0 for message: message from client[2] to stanza(client[2], 3)
client[1] - Sending message to room stanza(client[1], 7) - msg(412,client[1])
client[0] - Room: stanza(client[1], 7) - Message received: msg(412,client[1])
client[0] - time to live = 0 for message: message from client[1] to stanza(client[1], 7)
client[2] - Room: stanza(client[1], 7) - Message received: msg(412,client[1])
client[2] - time to live = 0 for message: message from client[1] to stanza(client[1], 7)
client[0] - Sending message to room stanza(client[4], 5) - msg(388,client[0])
client[4] - stanza(client[4], 5) - Displayed message: msg(388,client[0]) from user client[0]
client[4] - Room: stanza(client[4], 5) - Message received: msg(388,client[0])
client[4] - time to live = 0 for message: message from client[0] to stanza(client[4], 5)
client[1] - Room: stanza(client[4], 5) - Message discarded for I'm not a recipient: 
client[1] - time to live = 0 for message: message from client[0] to stanza(client[4], 5)
client[3] - Sending message to room stanza(client[2], 6) - msg(370,client[3])
client[2] - stanza(client[2], 6) - Displayed message: msg(370,client[3]) from user client[3]
client[2] - Room: stanza(client[2], 6) - Message received: msg(370,client[3])
client[2] - time to live = 0 for message: message from client[3] to stanza(client[2], 6)
client[4] - Room: stanza(client[2], 6) - Message discarded for I'm not a recipient: 
client[4] - time to live = 0 for message: message from client[3] to stanza(client[2], 6)
client[2] - Sending message to room stanza(client[2], 5) - msg(352,client[2])
client[1] - stanza(client[2], 5) - Displayed message: msg(352,client[2]) from user client[2]
client[1] - Room: stanza(client[2], 5) - Message received: msg(352,client[2])
client[1] - time to live = 0 for message: message from client[2] to stanza(client[2], 5)
client[3] - Room: stanza(client[2], 5) - Message discarded for I'm not a recipient: 
client[3] - time to live = 0 for message: message from client[2] to stanza(client[2], 5)
client[0] - Sending message to room stanza(client[0], 6) - msg(389,client[0])
client[4] - Room: stanza(client[0], 6) - Message discarded for I'm not a recipient: 
client[4] - time to live = 0 for message: message from client[0] to stanza(client[0], 6)
client[1] - stanza(client[0], 6) - Displayed message: msg(389,client[0]) from user client[0]
client[1] - Room: stanza(client[0], 6) - Message received: msg(389,client[0])
client[1] - time to live = 0 for message: message from client[0] to stanza(client[0], 6)
client[0] - Sending message to room stanza(client[4], 6) - msg(390,client[0])
client[4] - stanza(client[4], 6) - Displayed message: msg(390,client[0]) from user client[0]
client[4] - Room: stanza(client[4], 6) - Message received: msg(390,client[0])
client[4] - time to live = 0 for message: message from client[0] to stanza(client[4], 6)
client[1] - Room: stanza(client[4], 6) - Message discarded for I'm not a recipient: 
client[1] - time to live = 0 for message: message from client[0] to stanza(client[4], 6)
client[2] - Sending message to room stanza(client[3], 12) - msg(353,client[2])
client[1] - Room: stanza(client[3], 12) - Message discarded for I'm not a recipient: 
client[1] - time to live = 0 for message: message from client[2] to stanza(client[3], 12)
client[3] - stanza(client[3], 12) - Displayed message: msg(353,client[2]) from user client[2]
client[3] - Room: stanza(client[3], 12) - Message received: msg(353,client[2])
client[3] - time to live = 0 for message: message from client[2] to stanza(client[3], 12)
client[3] - Sending message to room stanza(client[2], 6) - msg(371,client[3])
client[2] - stanza(client[2], 6) - Displayed message: msg(371,client[3]) from user client[3]
client[2] - Room: stanza(client[2], 6) - Message received: msg(371,client[3])
client[2] - time to live = 0 for message: message from client[3] to stanza(client[2], 6)
client[4] - Room: stanza(client[2], 6) - Message discarded for I'm not a recipient: 
client[4] - time to live = 0 for message: message from client[3] to stanza(client[2], 6)
client[2] - Sending message to room stanza(client[2], 1) - msg(354,client[2])
client[1] - stanza(client[2], 1) - Displayed message: msg(354,client[2]) from user client[2]
client[1] - Room: stanza(client[2], 1) - Message received: msg(354,client[2])
client[1] - time to live = 0 for message: message from client[2] to stanza(client[2], 1)
client[3] - Room: stanza(client[2], 1) - Message discarded for I'm not a recipient: 
client[3] - time to live = 0 for message: message from client[2] to stanza(client[2], 1)
client[3] - Sent room creation: stanza(client[3], 14) with: client[3],client[0],client[4],client[1]
client[2] - Room: stanza(client[3], 14) - Message discarded for I'm not a recipient: 
client[2] - time to live = 0 for message: creation of room stanza(client[3], 14)
client[4] - Room created: stanza(client[3], 14)
client[4] - time to live = 0 for message: creation of room stanza(client[3], 14)
client[2] - Sending message to room stanza(client[2], 0) - msg(355,client[2])
client[1] - stanza(client[2], 0) - Displayed message: msg(355,client[2]) from user client[2]
client[1] - Room: stanza(client[2], 0) - Message received: msg(355,client[2])
client[1] - time to live = 0 for message: message from client[2] to stanza(client[2], 0)
client[3] - Room: stanza(client[2], 0) - Message discarded for I'm not a recipient: 
client[3] - time to live = 0 for message: message from client[2] to stanza(client[2], 0)
client[4] - Sending message to room stanza(client[4], 6) - msg(415,client[4])
client[3] - Room: stanza(client[4], 6) - Message discarded for I'm not a recipient: 
client[3] - time to live = 0 for message: message from client[4] to stanza(client[4], 6)
client[0] - stanza(client[4], 6) - Displayed message: msg(415,client[4]) from user client[4]
client[0] - Room: stanza(client[4], 6) - Message received: msg(415,client[4])
client[0] - time to live = 0 for message: message from client[4] to stanza(client[4], 6)
client[0] - Sending message to room stanza(client[1], 6) - msg(391,client[0])
client[4] - Room: stanza(client[1], 6) - Message discarded for I'm not a recipient: 
client[4] - time to live = 0 for message: message from client[0] to stanza(client[1], 6)
client[1] - stanza(client[1], 6) - Displayed message: msg(391,client[0]) from user client[0]
client[1] - Room: stanza(client[1], 6) - Message received: msg(391,client[0])
client[1] - time to live = 0 for message: message from client[0] to stanza(client[1], 6)
client[0] - Sending message to room stanza(client[1], 7) - msg(392,client[0])
client[4] - Room: stanza(client[1], 7) - Message discarded for I'm not a recipient: 
client[4] - time to live = 0 for message: message from client[0] to stanza(client[1], 7)
client[1] - stanza(client[1], 7) - Displayed message: msg(392,client[0]) from user client[0]
client[1] - Room: stanza(client[1], 7) - Message received: msg(392,client[0])
client[1] - time to live = 0 for message: message from client[0] to stanza(client[1], 7)
client[2] - Sending message to room stanza(client[2], 8) - msg(356,client[2])
client[1] - stanza(client[2], 8) - Displayed message: msg(356,client[2]) from user client[2]
client[1] - Room: stanza(client[2], 8) - Message received: msg(356,client[2])
client[1] - time to live = 0 for message: message from client[2] to stanza(client[2], 8)
client[3] - Room: stanza(client[2], 8) - Message received: msg(356,client[2])
client[3] - time to live = 0 for message: message from client[2] to stanza(client[2], 8)
client[0] - Sending message to room stanza(client[1], 6) - msg(393,client[0])
client[4] - Room: stanza(client[1], 6) - Message discarded for I'm not a recipient: 
client[4] - time to live = 0 for message: message from client[0] to stanza(client[1], 6)
client[1] - stanza(client[1], 6) - Displayed message: msg(393,client[0]) from user client[0]
client[1] - Room: stanza(client[1], 6) - Message received: msg(393,client[0])
client[1] - time to live = 0 for message: message from client[0] to stanza(client[1], 6)
client[3] - Sending message to room stanza(client[3], 11) - msg(372,client[3])
client[2] - stanza(client[3], 11) - Displayed message: msg(372,client[3]) from user client[3]
client[2] - Room: stanza(client[3], 11) - Message received: msg(372,client[3])
client[2] - time to live = 0 for message: message from client[3] to stanza(client[3], 11)
client[4] - Room: stanza(client[3], 11) - Message discarded for I'm not a recipient: 
client[4] - time to live = 0 for message: message from client[3] to stanza(client[3], 11)
client[2] - Sending message to room stanza(client[2], 3) - msg(357,client[2])
client[1] - Room: stanza(client[2], 3) - Message discarded for I'm not a recipient: 
client[1] - time to live = 0 for message: message from client[2] to stanza(client[2], 3)
client[3] - stanza(client[2], 3) - Displayed message: msg(357,client[2]) from user client[2]
client[3] - Room: stanza(client[2], 3) - Message received: msg(357,client[2])
client[3] - time to live = 0 for message: message from client[2] to stanza(client[2], 3)
client[0] - Sending message to room stanza(client[1], 0) - msg(394,client[0])
client[4] - Room: stanza(client[1], 0) - Message discarded for I'm not a recipient: 
client[4] - time to live = 0 for message: message from client[0] to stanza(client[1], 0)
client[1] - stanza(client[1], 0) - Displayed message: msg(394,client[0]) from user client[0]
client[1] - Room: stanza(client[1], 0) - Message received: msg(394,client[0])
client[1] - time to live = 0 for message: message from client[0] to stanza(client[1], 0)
client[4] - Sending message to room stanza(client[4], 0) - msg(416,client[4])
client[3] - Room: stanza(client[4], 0) - Message discarded for I'm not a recipient: 
client[3] - time to live = 0 for message: message from client[4] to stanza(client[4], 0)
client[0] - stanza(client[4], 0) - Displayed message: msg(416,client[4]) from user client[4]
client[0] - Room: stanza(client[4], 0) - Message received: msg(416,client[4])
client[0] - time to live = 0 for message: message from client[4] to stanza(client[4], 0)
client[1] - Sending message to room stanza(client[1], 6) - msg(413,client[1])
client[0] - Room: stanza(client[1], 6) - Message received: msg(413,client[1])
client[0] - time to live = 0 for message: message from client[1] to stanza(client[1], 6)
client[2] - Room: stanza(client[1], 6) - Message received: msg(413,client[1])
client[2] - time to live = 0 for message: message from client[1] to stanza(client[1], 6)
client[3] - Sending message to room stanza(client[2], 4) - msg(373,client[3])
client[2] - stanza(client[2], 4) - Displayed message: msg(373,client[3]) from user client[3]
client[2] - Room: stanza(client[2], 4) - Message received: msg(373,client[3])
client[2] - time to live = 0 for message: message from client[3] to stanza(client[2], 4)
client[4] - Room: stanza(client[2], 4) - Message discarded for I'm not a recipient: 
client[4] - time to live = 0 for message: message from client[3] to stanza(client[2], 4)
client[0] - Sending message to room stanza(client[0], 5) - msg(395,client[0])
client[4] - stanza(client[0], 5) - Displayed message: msg(395,client[0]) from user client[0]
client[4] - Room: stanza(client[0], 5) - Message received: msg(395,client[0])
client[4] - time to live = 0 for message: message from client[0] to stanza(client[0], 5)
client[1] - Room: stanza(client[0], 5) - Message discarded for I'm not a recipient: 
client[1] - time to live = 0 for message: message from client[0] to stanza(client[0], 5)
client[1] - Sending message to room stanza(client[1], 4) - msg(414,client[1])
client[0] - Room: stanza(client[1], 4) - Message received: msg(414,client[1])
client[0] - time to live = 0 for message: message from client[1] to stanza(client[1], 4)
client[2] - Room: stanza(client[1], 4) - Message received: msg(414,client[1])
client[2] - time to live = 0 for message: message from client[1] to stanza(client[1], 4)
client[3] - Sending message to room stanza(client[3], 11) - msg(374,client[3])
client[2] - stanza(client[3], 11) - Displayed message: msg(374,client[3]) from user client[3]
client[2] - Room: stanza(client[3], 11) - Message received: msg(374,client[3])
client[2] - time to live = 0 for message: message from client[3] to stanza(client[3], 11)
client[4] - Room: stanza(client[3], 11) - Message discarded for I'm not a recipient: 
client[4] - time to live = 0 for message: message from client[3] to stanza(client[3], 11)
client[4] - Sending message to room stanza(client[0], 7) - msg(417,client[4])
client[3] - Room: stanza(client[0], 7) - Message discarded for I'm not a recipient: 
client[3] - time to live = 0 for message: message from client[4] to stanza(client[0], 7)
client[0] - stanza(client[0], 7) - Displayed message: msg(417,client[4]) from user client[4]
client[0] - Room: stanza(client[0], 7) - Message received: msg(417,client[4])
client[0] - time to live = 0 for message: message from client[4] to stanza(client[0], 7)
client[0] - Sending message to room stanza(client[4], 6) - msg(396,client[0])
client[4] - stanza(client[4], 6) - Displayed message: msg(396,client[0]) from user client[0]
client[4] - Room: stanza(client[4], 6) - Message received: msg(396,client[0])
client[4] - time to live = 0 for message: message from client[0] to stanza(client[4], 6)
client[1] - Room: stanza(client[4], 6) - Message discarded for I'm not a recipient: 
client[1] - time to live = 0 for message: message from client[0] to stanza(client[4], 6)
client[1] - Sending message to room stanza(client[1], 2) - msg(415,client[1])
client[0] - Asked for message: 2 - Room: stanza(client[1], 2)
client[0] - Asked for message: 1 - Room: stanza(client[1], 2)
client[0] - Asked for message: 1 - Room: stanza(client[1], 2)
client[0] - Asked for message: 19 - Room: stanza(client[1], 2)
client[0] - Asked for message: 1 - Room: stanza(client[1], 2)
client[0] - time to live = 0 for message: message from client[1] to stanza(client[1], 2)
client[2] - Asked for message: 2 - Room: stanza(client[1], 2)
client[2] - Asked for message: 1 - Room: stanza(client[1], 2)
client[2] - Asked for message: 1 - Room: stanza(client[1], 2)
client[2] - Asked for message: 1 - Room: stanza(client[1], 2)
client[2] - Asked for message: 18 - Room: stanza(client[1], 2)
client[2] - time to live = 0 for message: message from client[1] to stanza(client[1], 2)
client[4] - Room: stanza(client[1], 2) - Message discarded for I'm not a recipient: 
client[4] - time to live = 0 for message: ask message for missing message 2
NOT IMPLEMENTED YET
client[1] - Room: stanza(client[1], 2) - Asked for message: 2
client[1] - time to live = 0 for message: ask message for missing message 2
client[4] - Room: stanza(client[1], 2) - Message discarded for I'm not a recipient: 
client[4] - time to live = 0 for message: ask message for missing message 1
NOT IMPLEMENTED YET
client[1] - Room: stanza(client[1], 2) - Asked for message: 1
client[1] - time to live = 0 for message: ask message for missing message 1
client[4] - Room: stanza(client[1], 2) - Message discarded for I'm not a recipient: 
client[4] - time to live = 0 for message: ask message for missing message 1
NOT IMPLEMENTED YET
client[1] - Room: stanza(client[1], 2) - Asked for message: 1
client[1] - time to live = 0 for message: ask message for missing message 1
client[4] - Room: stanza(client[1], 2) - Message discarded for I'm not a recipient: 
client[4] - time to live = 0 for message: ask message for missing message 19
NOT IMPLEMENTED YET
client[1] - Room: stanza(client[1], 2) - Asked for message: 19
client[1] - time to live = 0 for message: ask message for missing message 19
client[4] - Room: stanza(client[1], 2) - Message discarded for I'm not a recipient: 
client[4] - time to live = 0 for message: ask message for missing message 1
NOT IMPLEMENTED YET
client[1] - Room: stanza(client[1], 2) - Asked for message: 1
client[1] - time to live = 0 for message: ask message for missing message 1
NOT IMPLEMENTED YET
client[1] - Room: stanza(client[1], 2) - Asked for message: 2
client[1] - time to live = 0 for message: ask message for missing message 2
client[3] - Room: stanza(client[1], 2) - Message discarded for I'm not a recipient: 
client[3] - time to live = 0 for message: ask message for missing message 2
NOT IMPLEMENTED YET
client[1] - Room: stanza(client[1], 2) - Asked for message: 1
client[1] - time to live = 0 for message: ask message for missing message 1
client[3] - Room: stanza(client[1], 2) - Message discarded for I'm not a recipient: 
client[3] - time to live = 0 for message: ask message for missing message 1
NOT IMPLEMENTED YET
client[1] - Room: stanza(client[1], 2) - Asked for message: 1
client[1] - time to live = 0 for message: ask message for missing message 1
client[3] - Room: stanza(client[1], 2) - Message discarded for I'm not a recipient: 
client[3] - time to live = 0 for message: ask message for missing message 1
NOT IMPLEMENTED YET
client[1] - Room: stanza(client[1], 2) - Asked for message: 1
client[1] - time to live = 0 for message: ask message for missing message 1
client[3] - Room: stanza(client[1], 2) - Message discarded for I'm not a recipient: 
client[3] - time to live = 0 for message: ask message for missing message 1
NOT IMPLEMENTED YET
client[1] - Room: stanza(client[1], 2) - Asked for message: 18
client[1] - time to live = 0 for message: ask message for missing message 18
client[3] - Room: stanza(client[1], 2) - Message discarded for I'm not a recipient: 
client[3] - time to live = 0 for message: ask message for missing message 18
client[0] - Sending message to room stanza(client[4], 5) - msg(397,client[0])
client[4] - stanza(client[4], 5) - Displayed message: msg(397,client[0]) from user client[0]
client[4] - Room: stanza(client[4], 5) - Message received: msg(397,client[0])
client[4] - time to live = 0 for message: message from client[0] to stanza(client[4], 5)
client[1] - Room: stanza(client[4], 5) - Message discarded for I'm not a recipient: 
client[1] - time to live = 0 for message: message from client[0] to stanza(client[4], 5)
client[2] - Sending message to room stanza(client[3], 13) - msg(358,client[2])
client[1] - Room: stanza(client[3], 13) - Message discarded for I'm not a recipient: 
client[1] - time to live = 0 for message: message from client[2] to stanza(client[3], 13)
client[3] - stanza(client[3], 13) - Displayed message: msg(358,client[2]) from user client[2]
client[3] - Room: stanza(client[3], 13) - Message received: msg(358,client[2])
client[3] - time to live = 0 for message: message from client[2] to stanza(client[3], 13)
client[4] - Sending message to room stanza(client[4], 2) - msg(418,client[4])
client[3] - Room: stanza(client[4], 2) - Message discarded for I'm not a recipient: 
client[3] - time to live = 0 for message: message from client[4] to stanza(client[4], 2)
client[0] - stanza(client[4], 2) - Displayed message: msg(418,client[4]) from user client[4]
client[0] - Room: stanza(client[4], 2) - Message received: msg(418,client[4])
client[0] - time to live = 0 for message: message from client[4] to stanza(client[4], 2)
client[2] - Sent room creation: stanza(client[2], 12) with: client[2],client[0],client[1],client[3],client[4]
client[1] - Room created: stanza(client[2], 12)
client[1] - time to live = 0 for message: creation of room stanza(client[2], 12)
client[3] - Room created: stanza(client[2], 12)
client[3] - time to live = 0 for message: creation of room stanza(client[2], 12)
client[1] - Sending message to room stanza(client[1], 5) - msg(416,client[1])
client[0] - Room: stanza(client[1], 5) - Message discarded for I'm not a recipient: 
client[0] - time to live = 0 for message: message from client[1] to stanza(client[1], 5)
client[2] - Room: stanza(client[1], 5) - Message discarded for I'm not a recipient: 
client[2] - time to live = 0 for message: message from client[1] to stanza(client[1], 5)
client[4] - Sending message to room stanza(client[4], 5) - msg(419,client[4])
client[3] - Room: stanza(client[4], 5) - Message discarded for I'm not a recipient: 
client[3] - time to live = 0 for message: message from client[4] to stanza(client[4], 5)
client[0] - stanza(client[4], 5) - Displayed message: msg(419,client[4]) from user client[4]
client[0] - Room: stanza(client[4], 5) - Message received: msg(419,client[4])
client[0] - time to live = 0 for message: message from client[4] to stanza(client[4], 5)
client[0] - Sending message to room stanza(client[4], 1) - msg(398,client[0])
client[4] - stanza(client[4], 1) - Displayed message: msg(398,client[0]) from user client[0]
client[4] - Room: stanza(client[4], 1) - Message received: msg(398,client[0])
client[4] - time to live = 0 for message: message from client[0] to stanza(client[4], 1)
client[1] - Room: stanza(client[4], 1) - Message discarded for I'm not a recipient: 
client[1] - time to live = 0 for message: message from client[0] to stanza(client[4], 1)
client[1] - Sending message to room stanza(client[1], 4) - msg(417,client[1])
client[0] - Room: stanza(client[1], 4) - Message received: msg(417,client[1])
client[0] - time to live = 0 for message: message from client[1] to stanza(client[1], 4)
client[2] - Room: stanza(client[1], 4) - Message received: msg(417,client[1])
client[2] - time to live = 0 for message: message from client[1] to stanza(client[1], 4)
client[0] - Sending message to room stanza(client[0], 0) - msg(399,client[0])
client[4] - Room: stanza(client[0], 0) - Message discarded for I'm not a recipient: 
client[4] - time to live = 0 for message: message from client[0] to stanza(client[0], 0)
client[1] - Room: stanza(client[0], 0) - Message discarded for I'm not a recipient: 
client[1] - time to live = 0 for message: message from client[0] to stanza(client[0], 0)
client[3] - Sending message to room stanza(client[4], 7) - msg(375,client[3])
client[2] - Room: stanza(client[4], 7) - Message discarded for I'm not a recipient: 
client[2] - time to live = 0 for message: message from client[3] to stanza(client[4], 7)
client[4] - stanza(client[4], 7) - Displayed message: msg(375,client[3]) from user client[3]
client[4] - Room: stanza(client[4], 7) - Message received: msg(375,client[3])
client[4] - time to live = 0 for message: message from client[3] to stanza(client[4], 7)
client[1] - Sending message to room stanza(client[2], 9) - msg(418,client[1])
client[0] - Room: stanza(client[2], 9) - Message discarded for I'm not a recipient: 
client[0] - time to live = 0 for message: message from client[1] to stanza(client[2], 9)
client[2] - stanza(client[2], 9) - Displayed message: msg(418,client[1]) from user client[1]
client[2] - Room: stanza(client[2], 9) - Message received: msg(418,client[1])
client[2] - time to live = 0 for message: message from client[1] to stanza(client[2], 9)
client[3] - Sending message to room stanza(client[3], 0) - msg(376,client[3])
client[2] - Room: stanza(client[3], 0) - Message discarded for I'm not a recipient: 
client[2] - time to live = 0 for message: message from client[3] to stanza(client[3], 0)
client[4] - stanza(client[3], 0) - Displayed message: msg(376,client[3]) from user client[3]
client[4] - Room: stanza(client[3], 0) - Message received: msg(376,client[3])
client[4] - time to live = 0 for message: message from client[3] to stanza(client[3], 0)
client[2] - Sending message to room stanza(client[2], 0) - msg(359,client[2])
client[1] - stanza(client[2], 0) - Displayed message: msg(359,client[2]) from user client[2]
client[1] - Room: stanza(client[2], 0) - Message received: msg(359,client[2])
client[1] - time to live = 0 for message: message from client[2] to stanza(client[2], 0)
client[3] - Room: stanza(client[2], 0) - Message discarded for I'm not a recipient: 
client[3] - time to live = 0 for message: message from client[2] to stanza(client[2], 0)
client[0] - Sending message to room stanza(client[0], 8) - msg(400,client[0])
client[4] - stanza(client[0], 8) - Displayed message: msg(400,client[0]) from user client[0]
client[4] - Room: stanza(client[0], 8) - Message received: msg(400,client[0])
client[4] - time to live = 0 for message: message from client[0] to stanza(client[0], 8)
client[1] - Room: stanza(client[0], 8) - Message discarded for I'm not a recipient: 
client[1] - time to live = 0 for message: message from client[0] to stanza(client[0], 8)
client[3] - Sending message to room stanza(client[4], 1) - msg(377,client[3])
client[2] - Room: stanza(client[4], 1) - Message discarded for I'm not a recipient: 
client[2] - time to live = 0 for message: message from client[3] to stanza(client[4], 1)
client[4] - stanza(client[4], 1) - Displayed message: msg(377,client[3]) from user client[3]
client[4] - Room: stanza(client[4], 1) - Message received: msg(377,client[3])
client[4] - time to live = 0 for message: message from client[3] to stanza(client[4], 1)
client[1] - Sending message to room stanza(client[1], 7) - msg(419,client[1])
client[0] - Room: stanza(client[1], 7) - Message received: msg(419,client[1])
client[0] - time to live = 0 for message: message from client[1] to stanza(client[1], 7)
client[2] - Room: stanza(client[1], 7) - Message received: msg(419,client[1])
client[2] - time to live = 0 for message: message from client[1] to stanza(client[1], 7)
client[2] - Sending message to room stanza(client[3], 12) - msg(360,client[2])
client[1] - Room: stanza(client[3], 12) - Message discarded for I'm not a recipient: 
client[1] - time to live = 0 for message: message from client[2] to stanza(client[3], 12)
client[3] - stanza(client[3], 12) - Displayed message: msg(360,client[2]) from user client[2]
client[3] - Room: stanza(client[3], 12) - Message received: msg(360,client[2])
client[3] - time to live = 0 for message: message from client[2] to stanza(client[3], 12)
client[0] - Sending message to room stanza(client[4], 5) - msg(401,client[0])
client[4] - stanza(client[4], 5) - Displayed message: msg(401,client[0]) from user client[0]
client[4] - Room: stanza(client[4], 5) - Message received: msg(401,client[0])
client[4] - time to live = 0 for message: message from client[0] to stanza(client[4], 5)
client[1] - Room: stanza(client[4], 5) - Message discarded for I'm not a recipient: 
client[1] - time to live = 0 for message: message from client[0] to stanza(client[4], 5)
client[3] - Sending message to room stanza(client[3], 6) - msg(378,client[3])
client[2] - Room: stanza(client[3], 6) - Message discarded for I'm not a recipient: 
client[2] - time to live = 0 for message: message from client[3] to stanza(client[3], 6)
client[4] - stanza(client[3], 6) - Displayed message: msg(378,client[3]) from user client[3]
client[4] - Room: stanza(client[3], 6) - Message received: msg(378,client[3])
client[4] - time to live = 0 for message: message from client[3] to stanza(client[3], 6)
client[2] - Sending message to room stanza(client[2], 1) - msg(361,client[2])
client[1] - stanza(client[2], 1) - Displayed message: msg(361,client[2]) from user client[2]
client[1] - Room: stanza(client[2], 1) - Message received: msg(361,client[2])
client[1] - time to live = 0 for message: message from client[2] to stanza(client[2], 1)
client[3] - Room: stanza(client[2], 1) - Message discarded for I'm not a recipient: 
client[3] - time to live = 0 for message: message from client[2] to stanza(client[2], 1)
client[0] - Sending message to room stanza(client[4], 6) - msg(402,client[0])
client[4] - stanza(client[4], 6) - Displayed message: msg(402,client[0]) from user client[0]
client[4] - Room: stanza(client[4], 6) - Message received: msg(402,client[0])
client[4] - time to live = 0 for message: message from client[0] to stanza(client[4], 6)
client[1] - Room: stanza(client[4], 6) - Message discarded for I'm not a recipient: 
client[1] - time to live = 0 for message: message from client[0] to stanza(client[4], 6)
client[1] - Sending message to room stanza(client[1], 3) - msg(420,client[1])
client[0] - stanza(client[1], 3) - Displayed message: msg(420,client[1]) from user client[1]
client[0] - Room: stanza(client[1], 3) - Message received: msg(420,client[1])
client[0] - time to live = 0 for message: message from client[1] to stanza(client[1], 3)
client[2] - Room: stanza(client[1], 3) - Message discarded for I'm not a recipient: 
client[2] - time to live = 0 for message: message from client[1] to stanza(client[1], 3)
client[4] - Sending message to room stanza(client[3], 6) - msg(420,client[4])
client[3] - stanza(client[3], 6) - Displayed message: msg(420,client[4]) from user client[4]
client[3] - Room: stanza(client[3], 6) - Message received: msg(420,client[4])
client[3] - time to live = 0 for message: message from client[4] to stanza(client[3], 6)
client[0] - Room: stanza(client[3], 6) - Message discarded for I'm not a recipient: 
client[0] - time to live = 0 for message: message from client[4] to stanza(client[3], 6)
client[1] - Sending message to room stanza(client[2], 1) - msg(421,client[1])
client[0] - Room: stanza(client[2], 1) - Message discarded for I'm not a recipient: 
client[0] - time to live = 0 for message: message from client[1] to stanza(client[2], 1)
client[2] - stanza(client[2], 1) - Displayed message: msg(421,client[1]) from user client[1]
client[2] - Room: stanza(client[2], 1) - Message received: msg(421,client[1])
client[2] - time to live = 0 for message: message from client[1] to stanza(client[2], 1)
client[1] - Sending message to room stanza(client[0], 2) - msg(422,client[1])
client[0] - stanza(client[0], 2) - Displayed message: msg(422,client[1]) from user client[1]
client[0] - Room: stanza(client[0], 2) - Message received: msg(422,client[1])
client[0] - time to live = 0 for message: message from client[1] to stanza(client[0], 2)
client[2] - Room: stanza(client[0], 2) - Message discarded for I'm not a recipient: 
client[2] - time to live = 0 for message: message from client[1] to stanza(client[0], 2)
client[3] - Sending message to room stanza(client[3], 9) - msg(379,client[3])
client[2] - Room: stanza(client[3], 9) - Message received: msg(379,client[3])
client[2] - time to live = 0 for message: message from client[3] to stanza(client[3], 9)
client[4] - Room: stanza(client[3], 9) - Message received: msg(379,client[3])
client[4] - time to live = 0 for message: message from client[3] to stanza(client[3], 9)
client[2] - Sending message to room stanza(client[2], 9) - msg(362,client[2])
client[1] - Room: stanza(client[2], 9) - Message received: msg(362,client[2])
client[1] - time to live = 0 for message: message from client[2] to stanza(client[2], 9)
client[3] - Room: stanza(client[2], 9) - Message received: msg(362,client[2])
client[3] - time to live = 0 for message: message from client[2] to stanza(client[2], 9)
client[0] - Sending message to room stanza(client[1], 0) - msg(403,client[0])
client[4] - Room: stanza(client[1], 0) - Message discarded for I'm not a recipient: 
client[4] - time to live = 0 for message: message from client[0] to stanza(client[1], 0)
client[1] - stanza(client[1], 0) - Displayed message: msg(403,client[0]) from user client[0]
client[1] - Room: stanza(client[1], 0) - Message received: msg(403,client[0])
client[1] - time to live = 0 for message: message from client[0] to stanza(client[1], 0)
client[3] - Sending message to room stanza(client[3], 5) - msg(380,client[3])
client[2] - Room: stanza(client[3], 5) - Message discarded for I'm not a recipient: 
client[2] - time to live = 0 for message: message from client[3] to stanza(client[3], 5)
client[4] - stanza(client[3], 5) - Displayed message: msg(380,client[3]) from user client[3]
client[4] - Room: stanza(client[3], 5) - Message received: msg(380,client[3])
client[4] - time to live = 0 for message: message from client[3] to stanza(client[3], 5)
client[4] - Sending message to room stanza(client[3], 3) - msg(421,client[4])
client[3] - stanza(client[3], 3) - Displayed message: msg(421,client[4]) from user client[4]
client[3] - Room: stanza(client[3], 3) - Message received: msg(421,client[4])
client[3] - time to live = 0 for message: message from client[4] to stanza(client[3], 3)
client[0] - Room: stanza(client[3], 3) - Message discarded for I'm not a recipient: 
client[0] - time to live = 0 for message: message from client[4] to stanza(client[3], 3)
client[0] - Sending message to room stanza(client[4], 6) - msg(404,client[0])
client[4] - stanza(client[4], 6) - Displayed message: msg(404,client[0]) from user client[0]
client[4] - Room: stanza(client[4], 6) - Message received: msg(404,client[0])
client[4] - time to live = 0 for message: message from client[0] to stanza(client[4], 6)
client[1] - Room: stanza(client[4], 6) - Message discarded for I'm not a recipient: 
client[1] - time to live = 0 for message: message from client[0] to stanza(client[4], 6)
client[0] - Sending message to room stanza(client[1], 1) - msg(405,client[0])
client[4] - Room: stanza(client[1], 1) - Message discarded for I'm not a recipient: 
client[4] - time to live = 0 for message: message from client[0] to stanza(client[1], 1)
client[1] - stanza(client[1], 1) - Displayed message: msg(405,client[0]) from user client[0]
client[1] - Room: stanza(client[1], 1) - Message received: msg(405,client[0])
client[1] - time to live = 0 for message: message from client[0] to stanza(client[1], 1)
client[3] - Sending message to room stanza(client[3], 1) - msg(381,client[3])
client[2] - Asked for message: 3 - Room: stanza(client[3], 1)
client[2] - Asked for message: 1 - Room: stanza(client[3], 1)
client[2] - Asked for message: 48 - Room: stanza(client[3], 1)
client[2] - Asked for message: 1 - Room: stanza(client[3], 1)
client[2] - Asked for message: 1 - Room: stanza(client[3], 1)
client[2] - time to live = 0 for message: message from client[3] to stanza(client[3], 1)
client[4] - Asked for message: 1 - Room: stanza(client[3], 1)
client[4] - Asked for message: 1 - Room: stanza(client[3], 1)
client[4] - Asked for message: 1 - Room: stanza(client[3], 1)
client[4] - Asked for message: 1 - Room: stanza(client[3], 1)
client[4] - Asked for message: 45 - Room: stanza(client[3], 1)
client[4] - time to live = 0 for message: message from client[3] to stanza(client[3], 1)
client[1] - Room: stanza(client[3], 1) - Message discarded for I'm not a recipient: 
client[1] - time to live = 0 for message: ask message for missing message 3
NOT IMPLEMENTED YET
client[3] - Room: stanza(client[3], 1) - Asked for message: 3
client[3] - time to live = 0 for message: ask message for missing message 3
client[1] - Room: stanza(client[3], 1) - Message discarded for I'm not a recipient: 
client[1] - time to live = 0 for message: ask message for missing message 1
NOT IMPLEMENTED YET
client[3] - Room: stanza(client[3], 1) - Asked for message: 1
client[3] - time to live = 0 for message: ask message for missing message 1
client[1] - Room: stanza(client[3], 1) - Message discarded for I'm not a recipient: 
client[1] - time to live = 0 for message: ask message for missing message 48
NOT IMPLEMENTED YET
client[3] - Room: stanza(client[3], 1) - Asked for message: 48
client[3] - time to live = 0 for message: ask message for missing message 48
client[1] - Room: stanza(client[3], 1) - Message discarded for I'm not a recipient: 
client[1] - time to live = 0 for message: ask message for missing message 1
NOT IMPLEMENTED YET
client[3] - Room: stanza(client[3], 1) - Asked for message: 1
client[3] - time to live = 0 for message: ask message for missing message 1
client[1] - Room: stanza(client[3], 1) - Message discarded for I'm not a recipient: 
client[1] - time to live = 0 for message: ask message for missing message 1
NOT IMPLEMENTED YET
client[3] - Room: stanza(client[3], 1) - Asked for message: 1
client[3] - time to live = 0 for message: ask message for missing message 1
NOT IMPLEMENTED YET
client[3] - Room: stanza(client[3], 1) - Asked for message: 1
client[3] - time to live = 0 for message: ask message for missing message 1
client[0] - Room: stanza(client[3], 1) - Message discarded for I'm not a recipient: 
client[0] - time to live = 0 for message: ask message for missing message 1
NOT IMPLEMENTED YET
client[3] - Room: stanza(client[3], 1) - Asked for message: 1
client[3] - time to live = 0 for message: ask message for missing message 1
client[0] - Room: stanza(client[3], 1) - Message discarded for I'm not a recipient: 
client[0] - time to live = 0 for message: ask message for missing message 1
NOT IMPLEMENTED YET
client[3] - Room: stanza(client[3], 1) - Asked for message: 1
client[3] - time to live = 0 for message: ask message for missing message 1
client[0] - Room: stanza(client[3], 1) - Message discarded for I'm not a recipient: 
client[0] - time to live = 0 for message: ask message for missing message 1
NOT IMPLEMENTED YET
client[3] - Room: stanza(client[3], 1) - Asked for message: 1
client[3] - time to live = 0 for message: ask message for missing message 1
client[0] - Room: stanza(client[3], 1) - Message discarded for I'm not a recipient: 
client[0] - time to live = 0 for message: ask message for missing message 1
NOT IMPLEMENTED YET
client[3] - Room: stanza(client[3], 1) - Asked for message: 45
client[3] - time to live = 0 for message: ask message for missing message 45
client[0] - Room: stanza(client[3], 1) - Message discarded for I'm not a recipient: 
client[0] - time to live = 0 for message: ask message for missing message 45
client[1] - Sending message to room stanza(client[1], 3) - msg(423,client[1])
client[0] - stanza(client[1], 3) - Displayed message: msg(423,client[1]) from user client[1]
client[0] - Room: stanza(client[1], 3) - Message received: msg(423,client[1])
client[0] - time to live = 0 for message: message from client[1] to stanza(client[1], 3)
client[2] - Room: stanza(client[1], 3) - Message discarded for I'm not a recipient: 
client[2] - time to live = 0 for message: message from client[1] to stanza(client[1], 3)
client[0] - Sending message to room stanza(client[1], 6) - msg(406,client[0])
client[4] - Room: stanza(client[1], 6) - Message discarded for I'm not a recipient: 
client[4] - time to live = 0 for message: message from client[0] to stanza(client[1], 6)
client[1] - stanza(client[1], 6) - Displayed message: msg(406,client[0]) from user client[0]
client[1] - Room: stanza(client[1], 6) - Message received: msg(406,client[0])
client[1] - time to live = 0 for message: message from client[0] to stanza(client[1], 6)
client[4] - Sending message to room stanza(client[4], 3) - msg(422,client[4])
client[3] - Asked for message: 1 - Room: stanza(client[4], 3)
client[3] - Asked for message: 1 - Room: stanza(client[4], 3)
client[3] - Asked for message: 1 - Room: stanza(client[4], 3)
client[3] - Asked for message: 16 - Room: stanza(client[4], 3)
client[3] - Asked for message: 1 - Room: stanza(client[4], 3)
client[3] - time to live = 0 for message: message from client[4] to stanza(client[4], 3)
client[0] - Asked for message: 1 - Room: stanza(client[4], 3)
client[0] - Asked for message: 22 - Room: stanza(client[4], 3)
client[0] - Asked for message: 1 - Room: stanza(client[4], 3)
client[0] - Asked for message: 1 - Room: stanza(client[4], 3)
client[0] - Asked for message: 1 - Room: stanza(client[4], 3)
client[0] - time to live = 0 for message: message from client[4] to stanza(client[4], 3)
client[2] - Room: stanza(client[4], 3) - Message discarded for I'm not a recipient: 
client[2] - time to live = 0 for message: ask message for missing message 1
NOT IMPLEMENTED YET
client[4] - Room: stanza(client[4], 3) - Asked for message: 1
client[4] - time to live = 0 for message: ask message for missing message 1
client[2] - Room: stanza(client[4], 3) - Message discarded for I'm not a recipient: 
client[2] - time to live = 0 for message: ask message for missing message 1
NOT IMPLEMENTED YET
client[4] - Room: stanza(client[4], 3) - Asked for message: 1
client[4] - time to live = 0 for message: ask message for missing message 1
client[2] - Room: stanza(client[4], 3) - Message discarded for I'm not a recipient: 
client[2] - time to live = 0 for message: ask message for missing message 1
NOT IMPLEMENTED YET
client[4] - Room: stanza(client[4], 3) - Asked for message: 1
client[4] - time to live = 0 for message: ask message for missing message 1
client[2] - Room: stanza(client[4], 3) - Message discarded for I'm not a recipient: 
client[2] - time to live = 0 for message: ask message for missing message 16
NOT IMPLEMENTED YET
client[4] - Room: stanza(client[4], 3) - Asked for message: 16
client[4] - time to live = 0 for message: ask message for missing message 16
client[2] - Room: stanza(client[4], 3) - Message discarded for I'm not a recipient: 
client[2] - time to live = 0 for message: ask message for missing message 1
NOT IMPLEMENTED YET
client[4] - Room: stanza(client[4], 3) - Asked for message: 1
client[4] - time to live = 0 for message: ask message for missing message 1
NOT IMPLEMENTED YET
client[4] - Room: stanza(client[4], 3) - Asked for message: 1
client[4] - time to live = 0 for message: ask message for missing message 1
client[1] - Room: stanza(client[4], 3) - Message discarded for I'm not a recipient: 
client[1] - time to live = 0 for message: ask message for missing message 1
NOT IMPLEMENTED YET
client[4] - Room: stanza(client[4], 3) - Asked for message: 22
client[4] - time to live = 0 for message: ask message for missing message 22
client[1] - Room: stanza(client[4], 3) - Message discarded for I'm not a recipient: 
client[1] - time to live = 0 for message: ask message for missing message 22
NOT IMPLEMENTED YET
client[4] - Room: stanza(client[4], 3) - Asked for message: 1
client[4] - time to live = 0 for message: ask message for missing message 1
client[1] - Room: stanza(client[4], 3) - Message discarded for I'm not a recipient: 
client[1] - time to live = 0 for message: ask message for missing message 1
NOT IMPLEMENTED YET
client[4] - Room: stanza(client[4], 3) - Asked for message: 1
client[4] - time to live = 0 for message: ask message for missing message 1
client[1] - Room: stanza(client[4], 3) - Message discarded for I'm not a recipient: 
client[1] - time to live = 0 for message: ask message for missing message 1
NOT IMPLEMENTED YET
client[4] - Room: stanza(client[4], 3) - Asked for message: 1
client[4] - time to live = 0 for message: ask message for missing message 1
client[1] - Room: stanza(client[4], 3) - Message discarded for I'm not a recipient: 
client[1] - time to live = 0 for message: ask message for missing message 1
client[2] - Sending message to room stanza(client[1], 4) - msg(363,client[2])
client[1] - stanza(client[1], 4) - Displayed message: msg(363,client[2]) from user client[2]
client[1] - Room: stanza(client[1], 4) - Message received: msg(363,client[2])
client[1] - time to live = 0 for message: message from client[2] to stanza(client[1], 4)
client[3] - Room: stanza(client[1], 4) - Message discarded for I'm not a recipient: 
client[3] - time to live = 0 for message: message from client[2] to stanza(client[1], 4)
client[3] - Sending message to room stanza(client[3], 5) - msg(382,client[3])
client[2] - Room: stanza(client[3], 5) - Message discarded for I'm not a recipient: 
client[2] - time to live = 0 for message: message from client[3] to stanza(client[3], 5)
client[4] - stanza(client[3], 5) - Displayed message: msg(382,client[3]) from user client[3]
client[4] - Room: stanza(client[3], 5) - Message received: msg(382,client[3])
client[4] - time to live = 0 for message: message from client[3] to stanza(client[3], 5)
client[0] - Sending message to room stanza(client[1], 1) - msg(407,client[0])
client[4] - Room: stanza(client[1], 1) - Message discarded for I'm not a recipient: 
client[4] - time to live = 0 for message: message from client[0] to stanza(client[1], 1)
client[1] - stanza(client[1], 1) - Displayed message: msg(407,client[0]) from user client[0]
client[1] - Room: stanza(client[1], 1) - Message received: msg(407,client[0])
client[1] - time to live = 0 for message: message from client[0] to stanza(client[1], 1)
client[1] - Sending message to room stanza(client[1], 0) - msg(424,client[1])
client[0] - stanza(client[1], 0) - Displayed message: msg(424,client[1]) from user client[1]
client[0] - Room: stanza(client[1], 0) - Message received: msg(424,client[1])
client[0] - time to live = 0 for message: message from client[1] to stanza(client[1], 0)
client[2] - Room: stanza(client[1], 0) - Message discarded for I'm not a recipient: 
client[2] - time to live = 0 for message: message from client[1] to stanza(client[1], 0)
client[3] - Sending message to room stanza(client[4], 3) - msg(383,client[3])
client[2] - Room: stanza(client[4], 3) - Message discarded for I'm not a recipient: 
client[2] - time to live = 0 for message: message from client[3] to stanza(client[4], 3)
client[4] - stanza(client[4], 3) - Displayed message: msg(383,client[3]) from user client[3]
client[4] - Room: stanza(client[4], 3) - Message received: msg(383,client[3])
client[4] - time to live = 0 for message: message from client[3] to stanza(client[4], 3)
client[3] - Sending message to room stanza(client[3], 10) - msg(384,client[3])
client[2] - Room: stanza(client[3], 10) - Message discarded for I'm not a recipient: 
client[2] - time to live = 0 for message: message from client[3] to stanza(client[3], 10)
client[4] - stanza(client[3], 10) - Displayed message: msg(384,client[3]) from user client[3]
client[4] - Room: stanza(client[3], 10) - Message received: msg(384,client[3])
client[4] - time to live = 0 for message: message from client[3] to stanza(client[3], 10)
client[0] - Sending message to room stanza(client[0], 1) - msg(408,client[0])
client[4] - Asked for message: 1 - Room: stanza(client[0], 1)
client[4] - Asked for message: 1 - Room: stanza(client[0], 1)
client[4] - Asked for message: 1 - Room: stanza(client[0], 1)
client[4] - Asked for message: 66 - Room: stanza(client[0], 1)
client[4] - Asked for message: 1 - Room: stanza(client[0], 1)
client[4] - time to live = 0 for message: message from client[0] to stanza(client[0], 1)
client[1] - Asked for message: 1 - Room: stanza(client[0], 1)
client[1] - Asked for message: 1 - Room: stanza(client[0], 1)
client[1] - Asked for message: 1 - Room: stanza(client[0], 1)
client[1] - Asked for message: 1 - Room: stanza(client[0], 1)
client[1] - Asked for message: 78 - Room: stanza(client[0], 1)
client[1] - time to live = 0 for message: message from client[0] to stanza(client[0], 1)
client[3] - Room: stanza(client[0], 1) - Message discarded for I'm not a recipient: 
client[3] - time to live = 0 for message: ask message for missing message 1
NOT IMPLEMENTED YET
client[0] - Room: stanza(client[0], 1) - Asked for message: 1
client[0] - time to live = 0 for message: ask message for missing message 1
client[3] - Room: stanza(client[0], 1) - Message discarded for I'm not a recipient: 
client[3] - time to live = 0 for message: ask message for missing message 1
NOT IMPLEMENTED YET
client[0] - Room: stanza(client[0], 1) - Asked for message: 1
client[0] - time to live = 0 for message: ask message for missing message 1
client[3] - Room: stanza(client[0], 1) - Message discarded for I'm not a recipient: 
client[3] - time to live = 0 for message: ask message for missing message 1
NOT IMPLEMENTED YET
client[0] - Room: stanza(client[0], 1) - Asked for message: 1
client[0] - time to live = 0 for message: ask message for missing message 1
client[3] - Room: stanza(client[0], 1) - Message discarded for I'm not a recipient: 
client[3] - time to live = 0 for message: ask message for missing message 66
NOT IMPLEMENTED YET
client[0] - Room: stanza(client[0], 1) - Asked for message: 66
client[0] - time to live = 0 for message: ask message for missing message 66
client[3] - Room: stanza(client[0], 1) - Message discarded for I'm not a recipient: 
client[3] - time to live = 0 for message: ask message for missing message 1
NOT IMPLEMENTED YET
client[0] - Room: stanza(client[0], 1) - Asked for message: 1
client[0] - time to live = 0 for message: ask message for missing message 1
NOT IMPLEMENTED YET
client[0] - Room: stanza(client[0], 1) - Asked for message: 1
client[0] - time to live = 0 for message: ask message for missing message 1
client[2] - Room: stanza(client[0], 1) - Message discarded for I'm not a recipient: 
client[2] - time to live = 0 for message: ask message for missing message 1
NOT IMPLEMENTED YET
client[0] - Room: stanza(client[0], 1) - Asked for message: 1
client[0] - time to live = 0 for message: ask message for missing message 1
client[2] - Room: stanza(client[0], 1) - Message discarded for I'm not a recipient: 
client[2] - time to live = 0 for message: ask message for missing message 1
NOT IMPLEMENTED YET
client[0] - Room: stanza(client[0], 1) - Asked for message: 1
client[0] - time to live = 0 for message: ask message for missing message 1
client[2] - Room: stanza(client[0], 1) - Message discarded for I'm not a recipient: 
client[2] - time to live = 0 for message: ask message for missing message 1
NOT IMPLEMENTED YET
client[0] - Room: stanza(client[0], 1) - Asked for message: 1
client[0] - time to live = 0 for message: ask message for missing message 1
client[2] - Room: stanza(client[0], 1) - Message discarded for I'm not a recipient: 
client[2] - time to live = 0 for message: ask message for missing message 1
NOT IMPLEMENTED YET
client[0] - Room: stanza(client[0], 1) - Asked for message: 78
client[0] - time to live = 0 for message: ask message for missing message 78
client[2] - Room: stanza(client[0], 1) - Message discarded for I'm not a recipient: 
client[2] - time to live = 0 for message: ask message for missing message 78
client[2] - Sending message to room stanza(client[2], 0) - msg(364,client[2])
client[1] - stanza(client[2], 0) - Displayed message: msg(364,client[2]) from user client[2]
client[1] - Room: stanza(client[2], 0) - Message received: msg(364,client[2])
client[1] - time to live = 0 for message: message from client[2] to stanza(client[2], 0)
client[3] - Room: stanza(client[2], 0) - Message discarded for I'm not a recipient: 
client[3] - time to live = 0 for message: message from client[2] to stanza(client[2], 0)
client[1] - Sending message to room stanza(client[1], 0) - msg(425,client[1])
client[0] - stanza(client[1], 0) - Displayed message: msg(425,client[1]) from user client[1]
client[0] - Room: stanza(client[1], 0) - Message received: msg(425,client[1])
client[0] - time to live = 0 for message: message from client[1] to stanza(client[1], 0)
client[2] - Room: stanza(client[1], 0) - Message discarded for I'm not a recipient: 
client[2] - time to live = 0 for message: message from client[1] to stanza(client[1], 0)
client[1] - Sending message to room stanza(client[2], 9) - msg(426,client[1])
client[0] - Room: stanza(client[2], 9) - Message discarded for I'm not a recipient: 
client[0] - time to live = 0 for message: message from client[1] to stanza(client[2], 9)
client[2] - stanza(client[2], 9) - Displayed message: msg(426,client[1]) from user client[1]
client[2] - Room: stanza(client[2], 9) - Message received: msg(426,client[1])
client[2] - time to live = 0 for message: message from client[1] to stanza(client[2], 9)
client[2] - Sending message to room stanza(client[3], 7) - msg(365,client[2])
client[1] - Room: stanza(client[3], 7) - Message discarded for I'm not a recipient: 
client[1] - time to live = 0 for message: message from client[2] to stanza(client[3], 7)
client[3] - stanza(client[3], 7) - Displayed message: msg(365,client[2]) from user client[2]
client[3] - Room: stanza(client[3], 7) - Message received: msg(365,client[2])
client[3] - time to live = 0 for message: message from client[2] to stanza(client[3], 7)
client[3] - Sending message to room stanza(client[2], 3) - msg(385,client[3])
client[2] - stanza(client[2], 3) - Displayed message: msg(385,client[3]) from user client[3]
client[2] - Room: stanza(client[2], 3) - Message received: msg(385,client[3])
client[2] - time to live = 0 for message: message from client[3] to stanza(client[2], 3)
client[4] - Room: stanza(client[2], 3) - Message discarded for I'm not a recipient: 
client[4] - time to live = 0 for message: message from client[3] to stanza(client[2], 3)
client[1] - Sending message to room stanza(client[0], 6) - msg(427,client[1])
client[0] - stanza(client[0], 6) - Displayed message: msg(427,client[1]) from user client[1]
client[0] - Room: stanza(client[0], 6) - Message received: msg(427,client[1])
client[0] - time to live = 0 for message: message from client[1] to stanza(client[0], 6)
client[2] - Room: stanza(client[0], 6) - Message discarded for I'm not a recipient: 
client[2] - time to live = 0 for message: message from client[1] to stanza(client[0], 6)
client[4] - Sending message to room stanza(client[4], 4) - msg(423,client[4])
client[3] - stanza(client[4], 4) - Displayed message: msg(423,client[4]) from user client[4]
client[3] - Room: stanza(client[4], 4) - Message received: msg(423,client[4])
client[3] - time to live = 0 for message: message from client[4] to stanza(client[4], 4)
client[0] - Room: stanza(client[4], 4) - Message discarded for I'm not a recipient: 
client[0] - time to live = 0 for message: message from client[4] to stanza(client[4], 4)
client[1] - Sending message to room stanza(client[2], 5) - msg(428,client[1])
client[0] - Room: stanza(client[2], 5) - Message discarded for I'm not a recipient: 
client[0] - time to live = 0 for message: message from client[1] to stanza(client[2], 5)
client[2] - stanza(client[2], 5) - Displayed message: msg(428,client[1]) from user client[1]
client[2] - Room: stanza(client[2], 5) - Message received: msg(428,client[1])
client[2] - time to live = 0 for message: message from client[1] to stanza(client[2], 5)
client[3] - Sending message to room stanza(client[2], 9) - msg(386,client[3])
client[2] - stanza(client[2], 9) - Displayed message: msg(386,client[3]) from user client[3]
client[2] - Room: stanza(client[2], 9) - Message received: msg(386,client[3])
client[2] - time to live = 0 for message: message from client[3] to stanza(client[2], 9)
client[4] - Room: stanza(client[2], 9) - Message discarded for I'm not a recipient: 
client[4] - time to live = 0 for message: message from client[3] to stanza(client[2], 9)
client[4] - Sending message to room stanza(client[3], 5) - msg(424,client[4])
client[3] - stanza(client[3], 5) - Displayed message: msg(424,client[4]) from user client[4]
client[3] - Room: stanza(client[3], 5) - Message received: msg(424,client[4])
client[3] - time to live = 0 for message: message from client[4] to stanza(client[3], 5)
client[0] - Room: stanza(client[3], 5) - Message discarded for I'm not a recipient: 
client[0] - time to live = 0 for message: message from client[4] to stanza(client[3], 5)
client[1] - Sending message to room stanza(client[1], 6) - msg(429,client[1])
client[0] - Room: stanza(client[1], 6) - Message received: msg(429,client[1])
client[0] - time to live = 0 for message: message from client[1] to stanza(client[1], 6)
client[2] - Room: stanza(client[1], 6) - Message received: msg(429,client[1])
client[2] - time to live = 0 for message: message from client[1] to stanza(client[1], 6)
client[3] - Sending message to room stanza(client[4], 3) - msg(387,client[3])
client[2] - Room: stanza(client[4], 3) - Message discarded for I'm not a recipient: 
client[2] - time to live = 0 for message: message from client[3] to stanza(client[4], 3)
client[4] - stanza(client[4], 3) - Displayed message: msg(387,client[3]) from user client[3]
client[4] - Room: stanza(client[4], 3) - Message received: msg(387,client[3])
client[4] - time to live = 0 for message: message from client[3] to stanza(client[4], 3)
client[0] - Sending message to room stanza(client[1], 3) - msg(409,client[0])
client[4] - Room: stanza(client[1], 3) - Message discarded for I'm not a recipient: 
client[4] - time to live = 0 for message: message from client[0] to stanza(client[1], 3)
client[1] - stanza(client[1], 3) - Displayed message: msg(409,client[0]) from user client[0]
client[1] - Room: stanza(client[1], 3) - Message received: msg(409,client[0])
client[1] - time to live = 0 for message: message from client[0] to stanza(client[1], 3)
client[4] - Sending message to room stanza(client[4], 3) - msg(425,client[4])
client[3] - Asked for message: 1 - Room: stanza(client[4], 3)
client[3] - Asked for message: 1 - Room: stanza(client[4], 3)
client[3] - Asked for message: 1 - Room: stanza(client[4], 3)
client[3] - Asked for message: 18 - Room: stanza(client[4], 3)
client[3] - Asked for message: 1 - Room: stanza(client[4], 3)
client[3] - time to live = 0 for message: message from client[4] to stanza(client[4], 3)
client[0] - Asked for message: 1 - Room: stanza(client[4], 3)
client[0] - Asked for message: 22 - Room: stanza(client[4], 3)
client[0] - Asked for message: 1 - Room: stanza(client[4], 3)
client[0] - Asked for message: 1 - Room: stanza(client[4], 3)
client[0] - Asked for message: 1 - Room: stanza(client[4], 3)
client[0] - time to live = 0 for message: message from client[4] to stanza(client[4], 3)
client[2] - Room: stanza(client[4], 3) - Message discarded for I'm not a recipient: 
client[2] - time to live = 0 for message: ask message for missing message 1
NOT IMPLEMENTED YET
client[4] - Room: stanza(client[4], 3) - Asked for message: 1
client[4] - time to live = 0 for message: ask message for missing message 1
client[2] - Room: stanza(client[4], 3) - Message discarded for I'm not a recipient: 
client[2] - time to live = 0 for message: ask message for missing message 1
NOT IMPLEMENTED YET
client[4] - Room: stanza(client[4], 3) - Asked for message: 1
client[4] - time to live = 0 for message: ask message for missing message 1
client[2] - Room: stanza(client[4], 3) - Message discarded for I'm not a recipient: 
client[2] - time to live = 0 for message: ask message for missing message 1
NOT IMPLEMENTED YET
client[4] - Room: stanza(client[4], 3) - Asked for message: 1
client[4] - time to live = 0 for message: ask message for missing message 1
client[2] - Room: stanza(client[4], 3) - Message discarded for I'm not a recipient: 
client[2] - time to live = 0 for message: ask message for missing message 18
NOT IMPLEMENTED YET
client[4] - Room: stanza(client[4], 3) - Asked for message: 18
client[4] - time to live = 0 for message: ask message for missing message 18
client[2] - Room: stanza(client[4], 3) - Message discarded for I'm not a recipient: 
client[2] - time to live = 0 for message: ask message for missing message 1
NOT IMPLEMENTED YET
client[4] - Room: stanza(client[4], 3) - Asked for message: 1
client[4] - time to live = 0 for message: ask message for missing message 1
NOT IMPLEMENTED YET
client[4] - Room: stanza(client[4], 3) - Asked for message: 1
client[4] - time to live = 0 for message: ask message for missing message 1
client[1] - Room: stanza(client[4], 3) - Message discarded for I'm not a recipient: 
client[1] - time to live = 0 for message: ask message for missing message 1
NOT IMPLEMENTED YET
client[4] - Room: stanza(client[4], 3) - Asked for message: 22
client[4] - time to live = 0 for message: ask message for missing message 22
client[1] - Room: stanza(client[4], 3) - Message discarded for I'm not a recipient: 
client[1] - time to live = 0 for message: ask message for missing message 22
NOT IMPLEMENTED YET
client[4] - Room: stanza(client[4], 3) - Asked for message: 1
client[4] - time to live = 0 for message: ask message for missing message 1
client[1] - Room: stanza(client[4], 3) - Message discarded for I'm not a recipient: 
client[1] - time to live = 0 for message: ask message for missing message 1
NOT IMPLEMENTED YET
client[4] - Room: stanza(client[4], 3) - Asked for message: 1
client[4] - time to live = 0 for message: ask message for missing message 1
client[1] - Room: stanza(client[4], 3) - Message discarded for I'm not a recipient: 
client[1] - time to live = 0 for message: ask message for missing message 1
NOT IMPLEMENTED YET
client[4] - Room: stanza(client[4], 3) - Asked for message: 1
client[4] - time to live = 0 for message: ask message for missing message 1
client[1] - Room: stanza(client[4], 3) - Message discarded for I'm not a recipient: 
client[1] - time to live = 0 for message: ask message for missing message 1
client[0] - Sending message to room stanza(client[4], 1) - msg(410,client[0])
client[4] - stanza(client[4], 1) - Displayed message: msg(410,client[0]) from user client[0]
client[4] - Room: stanza(client[4], 1) - Message received: msg(410,client[0])
client[4] - time to live = 0 for message: message from client[0] to stanza(client[4], 1)
client[1] - Room: stanza(client[4], 1) - Message discarded for I'm not a recipient: 
client[1] - time to live = 0 for message: message from client[0] to stanza(client[4], 1)
client[2] - Sending message to room stanza(client[2], 12) - msg(366,client[2])
client[1] - stanza(client[2], 12) - Displayed message: msg(366,client[2]) from user client[2]
client[1] - Room: stanza(client[2], 12) - Message received: msg(366,client[2])
client[1] - time to live = 0 for message: message from client[2] to stanza(client[2], 12)
client[3] - stanza(client[2], 12) - Displayed message: msg(366,client[2]) from user client[2]
client[3] - Room: stanza(client[2], 12) - Message received: msg(366,client[2])
client[3] - time to live = 0 for message: message from client[2] to stanza(client[2], 12)
client[1] - Sending message to room stanza(client[1], 6) - msg(430,client[1])
client[0] - Room: stanza(client[1], 6) - Message received: msg(430,client[1])
client[0] - time to live = 0 for message: message from client[1] to stanza(client[1], 6)
client[2] - Room: stanza(client[1], 6) - Message received: msg(430,client[1])
client[2] - time to live = 0 for message: message from client[1] to stanza(client[1], 6)
client[4] - Sending message to room stanza(client[3], 5) - msg(426,client[4])
client[3] - stanza(client[3], 5) - Displayed message: msg(426,client[4]) from user client[4]
client[3] - Room: stanza(client[3], 5) - Message received: msg(426,client[4])
client[3] - time to live = 0 for message: message from client[4] to stanza(client[3], 5)
client[0] - Room: stanza(client[3], 5) - Message discarded for I'm not a recipient: 
client[0] - time to live = 0 for message: message from client[4] to stanza(client[3], 5)
client[3] - Sending message to room stanza(client[3], 0) - msg(388,client[3])
client[2] - Room: stanza(client[3], 0) - Message discarded for I'm not a recipient: 
client[2] - time to live = 0 for message: message from client[3] to stanza(client[3], 0)
client[4] - stanza(client[3], 0) - Displayed message: msg(388,client[3]) from user client[3]
client[4] - Room: stanza(client[3], 0) - Message received: msg(388,client[3])
client[4] - time to live = 0 for message: message from client[3] to stanza(client[3], 0)
client[4] - Sending message to room stanza(client[4], 0) - msg(427,client[4])
client[3] - Room: stanza(client[4], 0) - Message discarded for I'm not a recipient: 
client[3] - time to live = 0 for message: message from client[4] to stanza(client[4], 0)
client[0] - stanza(client[4], 0) - Displayed message: msg(427,client[4]) from user client[4]
client[0] - Room: stanza(client[4], 0) - Message received: msg(427,client[4])
client[0] - time to live = 0 for message: message from client[4] to stanza(client[4], 0)
client[0] - Sending message to room stanza(client[0], 3) - msg(411,client[0])
client[4] - Room: stanza(client[0], 3) - Message discarded for I'm not a recipient: 
client[4] - time to live = 0 for message: message from client[0] to stanza(client[0], 3)
client[1] - stanza(client[0], 3) - Displayed message: msg(411,client[0]) from user client[0]
client[1] - Room: stanza(client[0], 3) - Message received: msg(411,client[0])
client[1] - time to live = 0 for message: message from client[0] to stanza(client[0], 3)
client[0] - Sending message to room stanza(client[4], 1) - msg(412,client[0])
client[4] - stanza(client[4], 1) - Displayed message: msg(412,client[0]) from user client[0]
client[4] - Room: stanza(client[4], 1) - Message received: msg(412,client[0])
client[4] - time to live = 0 for message: message from client[0] to stanza(client[4], 1)
client[1] - Room: stanza(client[4], 1) - Message discarded for I'm not a recipient: 
client[1] - time to live = 0 for message: message from client[0] to stanza(client[4], 1)
client[2] - Sending message to room stanza(client[1], 4) - msg(367,client[2])
client[1] - stanza(client[1], 4) - Displayed message: msg(367,client[2]) from user client[2]
client[1] - Room: stanza(client[1], 4) - Message received: msg(367,client[2])
client[1] - time to live = 0 for message: message from client[2] to stanza(client[1], 4)
client[3] - Room: stanza(client[1], 4) - Message discarded for I'm not a recipient: 
client[3] - time to live = 0 for message: message from client[2] to stanza(client[1], 4)
client[2] - Sending message to room stanza(client[2], 12) - msg(368,client[2])
client[1] - stanza(client[2], 12) - Displayed message: msg(368,client[2]) from user client[2]
client[1] - Room: stanza(client[2], 12) - Message received: msg(368,client[2])
client[1] - time to live = 0 for message: message from client[2] to stanza(client[2], 12)
client[3] - stanza(client[2], 12) - Displayed message: msg(368,client[2]) from user client[2]
client[3] - Room: stanza(client[2], 12) - Message received: msg(368,client[2])
client[3] - time to live = 0 for message: message from client[2] to stanza(client[2], 12)
client[1] - Sending message to room stanza(client[1], 1) - msg(431,client[1])
client[0] - Asked for message: 2 - Room: stanza(client[1], 1)
client[0] - Asked for message: 28 - Room: stanza(client[1], 1)
client[0] - Asked for message: 1 - Room: stanza(client[1], 1)
client[0] - Asked for message: 1 - Room: stanza(client[1], 1)
client[0] - time to live = 0 for message: message from client[1] to stanza(client[1], 1)
client[2] - Asked for message: 2 - Room: stanza(client[1], 1)
client[2] - Asked for message: 1 - Room: stanza(client[1], 1)
client[2] - Asked for message: 38 - Room: stanza(client[1], 1)
client[2] - Asked for message: 1 - Room: stanza(client[1], 1)
client[2] - time to live = 0 for message: message from client[1] to stanza(client[1], 1)
client[4] - Room: stanza(client[1], 1) - Message discarded for I'm not a recipient: 
client[4] - time to live = 0 for message: ask message for missing message 2
NOT IMPLEMENTED YET
client[1] - Room: stanza(client[1], 1) - Asked for message: 2
client[1] - time to live = 0 for message: ask message for missing message 2
client[4] - Room: stanza(client[1], 1) - Message discarded for I'm not a recipient: 
client[4] - time to live = 0 for message: ask message for missing message 28
NOT IMPLEMENTED YET
client[1] - Room: stanza(client[1], 1) - Asked for message: 28
client[1] - time to live = 0 for message: ask message for missing message 28
client[4] - Room: stanza(client[1], 1) - Message discarded for I'm not a recipient: 
client[4] - time to live = 0 for message: ask message for missing message 1
NOT IMPLEMENTED YET
client[1] - Room: stanza(client[1], 1) - Asked for message: 1
client[1] - time to live = 0 for message: ask message for missing message 1
client[4] - Room: stanza(client[1], 1) - Message discarded for I'm not a recipient: 
client[4] - time to live = 0 for message: ask message for missing message 1
NOT IMPLEMENTED YET
client[1] - Room: stanza(client[1], 1) - Asked for message: 1
client[1] - time to live = 0 for message: ask message for missing message 1
NOT IMPLEMENTED YET
client[1] - Room: stanza(client[1], 1) - Asked for message: 2
client[1] - time to live = 0 for message: ask message for missing message 2
client[3] - Room: stanza(client[1], 1) - Message discarded for I'm not a recipient: 
client[3] - time to live = 0 for message: ask message for missing message 2
NOT IMPLEMENTED YET
client[1] - Room: stanza(client[1], 1) - Asked for message: 1
client[1] - time to live = 0 for message: ask message for missing message 1
client[3] - Room: stanza(client[1], 1) - Message discarded for I'm not a recipient: 
client[3] - time to live = 0 for message: ask message for missing message 1
NOT IMPLEMENTED YET
client[1] - Room: stanza(client[1], 1) - Asked for message: 38
client[1] - time to live = 0 for message: ask message for missing message 38
client[3] - Room: stanza(client[1], 1) - Message discarded for I'm not a recipient: 
client[3] - time to live = 0 for message: ask message for missing message 38
NOT IMPLEMENTED YET
client[1] - Room: stanza(client[1], 1) - Asked for message: 1
client[1] - time to live = 0 for message: ask message for missing message 1
client[3] - Room: stanza(client[1], 1) - Message discarded for I'm not a recipient: 
client[3] - time to live = 0 for message: ask message for missing message 1
client[4] - Sending message to room stanza(client[4], 2) - msg(428,client[4])
client[3] - Room: stanza(client[4], 2) - Message discarded for I'm not a recipient: 
client[3] - time to live = 0 for message: message from client[4] to stanza(client[4], 2)
client[0] - stanza(client[4], 2) - Displayed message: msg(428,client[4]) from user client[4]
client[0] - Room: stanza(client[4], 2) - Message received: msg(428,client[4])
client[0] - time to live = 0 for message: message from client[4] to stanza(client[4], 2)
client[2] - Sending message to room stanza(client[2], 6) - msg(369,client[2])
client[1] - Room: stanza(client[2], 6) - Message discarded for I'm not a recipient: 
client[1] - time to live = 0 for message: message from client[2] to stanza(client[2], 6)
client[3] - stanza(client[2], 6) - Displayed message: msg(369,client[2]) from user client[2]
client[3] - Room: stanza(client[2], 6) - Message received: msg(369,client[2])
client[3] - time to live = 0 for message: message from client[2] to stanza(client[2], 6)
client[3] - Sending message to room stanza(client[4], 7) - msg(389,client[3])
client[2] - Room: stanza(client[4], 7) - Message discarded for I'm not a recipient: 
client[2] - time to live = 0 for message: message from client[3] to stanza(client[4], 7)
client[4] - stanza(client[4], 7) - Displayed message: msg(389,client[3]) from user client[3]
client[4] - Room: stanza(client[4], 7) - Message received: msg(389,client[3])
client[4] - time to live = 0 for message: message from client[3] to stanza(client[4], 7)
client[0] - Sending message to room stanza(client[1], 6) - msg(413,client[0])
client[4] - Room: stanza(client[1], 6) - Message discarded for I'm not a recipient: 
client[4] - time to live = 0 for message: message from client[0] to stanza(client[1], 6)
client[1] - stanza(client[1], 6) - Displayed message: msg(413,client[0]) from user client[0]
client[1] - Room: stanza(client[1], 6) - Message received: msg(413,client[0])
client[1] - time to live = 0 for message: message from client[0] to stanza(client[1], 6)
client[0] - Sending message to room stanza(client[1], 3) - msg(414,client[0])
client[4] - Room: stanza(client[1], 3) - Message discarded for I'm not a recipient: 
client[4] - time to live = 0 for message: message from client[0] to stanza(client[1], 3)
client[1] - stanza(client[1], 3) - Displayed message: msg(414,client[0]) from user client[0]
client[1] - Room: stanza(client[1], 3) - Message received: msg(414,client[0])
client[1] - time to live = 0 for message: message from client[0] to stanza(client[1], 3)
client[3] - Sending message to room stanza(client[3], 13) - msg(390,client[3])
client[2] - stanza(client[3], 13) - Displayed message: msg(390,client[3]) from user client[3]
client[2] - Room: stanza(client[3], 13) - Message received: msg(390,client[3])
client[2] - time to live = 0 for message: message from client[3] to stanza(client[3], 13)
client[4] - Room: stanza(client[3], 13) - Message discarded for I'm not a recipient: 
client[4] - time to live = 0 for message: message from client[3] to stanza(client[3], 13)
client[3] - Sending message to room stanza(client[3], 7) - msg(391,client[3])
client[2] - Asked for message: 3 - Room: stanza(client[3], 7)
client[2] - Asked for message: 1 - Room: stanza(client[3], 7)
client[2] - Asked for message: 17 - Room: stanza(client[3], 7)
client[2] - Asked for message: 1 - Room: stanza(client[3], 7)
client[2] - Asked for message: 1 - Room: stanza(client[3], 7)
client[2] - time to live = 0 for message: message from client[3] to stanza(client[3], 7)
client[4] - Asked for message: 3 - Room: stanza(client[3], 7)
client[4] - Asked for message: 1 - Room: stanza(client[3], 7)
client[4] - Asked for message: 1 - Room: stanza(client[3], 7)
client[4] - Asked for message: 1 - Room: stanza(client[3], 7)
client[4] - Asked for message: 10 - Room: stanza(client[3], 7)
client[4] - time to live = 0 for message: message from client[3] to stanza(client[3], 7)
client[1] - Room: stanza(client[3], 7) - Message discarded for I'm not a recipient: 
client[1] - time to live = 0 for message: ask message for missing message 3
NOT IMPLEMENTED YET
client[3] - Room: stanza(client[3], 7) - Asked for message: 3
client[3] - time to live = 0 for message: ask message for missing message 3
client[1] - Room: stanza(client[3], 7) - Message discarded for I'm not a recipient: 
client[1] - time to live = 0 for message: ask message for missing message 1
NOT IMPLEMENTED YET
client[3] - Room: stanza(client[3], 7) - Asked for message: 1
client[3] - time to live = 0 for message: ask message for missing message 1
client[1] - Room: stanza(client[3], 7) - Message discarded for I'm not a recipient: 
client[1] - time to live = 0 for message: ask message for missing message 17
NOT IMPLEMENTED YET
client[3] - Room: stanza(client[3], 7) - Asked for message: 17
client[3] - time to live = 0 for message: ask message for missing message 17
client[1] - Room: stanza(client[3], 7) - Message discarded for I'm not a recipient: 
client[1] - time to live = 0 for message: ask message for missing message 1
NOT IMPLEMENTED YET
client[3] - Room: stanza(client[3], 7) - Asked for message: 1
client[3] - time to live = 0 for message: ask message for missing message 1
client[1] - Room: stanza(client[3], 7) - Message discarded for I'm not a recipient: 
client[1] - time to live = 0 for message: ask message for missing message 1
NOT IMPLEMENTED YET
client[3] - Room: stanza(client[3], 7) - Asked for message: 1
client[3] - time to live = 0 for message: ask message for missing message 1
NOT IMPLEMENTED YET
client[3] - Room: stanza(client[3], 7) - Asked for message: 3
client[3] - time to live = 0 for message: ask message for missing message 3
client[0] - Room: stanza(client[3], 7) - Message discarded for I'm not a recipient: 
client[0] - time to live = 0 for message: ask message for missing message 3
NOT IMPLEMENTED YET
client[3] - Room: stanza(client[3], 7) - Asked for message: 1
client[3] - time to live = 0 for message: ask message for missing message 1
client[0] - Room: stanza(client[3], 7) - Message discarded for I'm not a recipient: 
client[0] - time to live = 0 for message: ask message for missing message 1
NOT IMPLEMENTED YET
client[3] - Room: stanza(client[3], 7) - Asked for message: 1
client[3] - time to live = 0 for message: ask message for missing message 1
client[0] - Room: stanza(client[3], 7) - Message discarded for I'm not a recipient: 
client[0] - time to live = 0 for message: ask message for missing message 1
NOT IMPLEMENTED YET
client[3] - Room: stanza(client[3], 7) - Asked for message: 1
client[3] - time to live = 0 for message: ask message for missing message 1
client[0] - Room: stanza(client[3], 7) - Message discarded for I'm not a recipient: 
client[0] - time to live = 0 for message: ask message for missing message 1
NOT IMPLEMENTED YET
client[3] - Room: stanza(client[3], 7) - Asked for message: 10
client[3] - time to live = 0 for message: ask message for missing message 10
client[0] - Room: stanza(client[3], 7) - Message discarded for I'm not a recipient: 
client[0] - time to live = 0 for message: ask message for missing message 10
client[0] - Sending message to room stanza(client[1], 0) - msg(415,client[0])
client[4] - Room: stanza(client[1], 0) - Message discarded for I'm not a recipient: 
client[4] - time to live = 0 for message: message from client[0] to stanza(client[1], 0)
client[1] - stanza(client[1], 0) - Displayed message: msg(415,client[0]) from user client[0]
client[1] - Room: stanza(client[1], 0) - Message received: msg(415,client[0])
client[1] - time to live = 0 for message: message from client[0] to stanza(client[1], 0)
client[1] - Sending message to room stanza(client[1], 6) - msg(432,client[1])
client[0] - Room: stanza(client[1], 6) - Message received: msg(432,client[1])
client[0] - time to live = 0 for message: message from client[1] to stanza(client[1], 6)
client[2] - Room: stanza(client[1], 6) - Message received: msg(432,client[1])
client[2] - time to live = 0 for message: message from client[1] to stanza(client[1], 6)
client[3] - Sending message to room stanza(client[3], 9) - msg(392,client[3])
client[2] - Room: stanza(client[3], 9) - Message received: msg(392,client[3])
client[2] - time to live = 0 for message: message from client[3] to stanza(client[3], 9)
client[4] - Room: stanza(client[3], 9) - Message received: msg(392,client[3])
client[4] - time to live = 0 for message: message from client[3] to stanza(client[3], 9)
client[1] - Sending message to room stanza(client[2], 11) - msg(433,client[1])
client[0] - Room: stanza(client[2], 11) - Message discarded for I'm not a recipient: 
client[0] - time to live = 0 for message: message from client[1] to stanza(client[2], 11)
client[2] - stanza(client[2], 11) - Displayed message: msg(433,client[1]) from user client[1]
client[2] - Room: stanza(client[2], 11) - Message received: msg(433,client[1])
client[2] - time to live = 0 for message: message from client[1] to stanza(client[2], 11)
client[0] - Sending message to room stanza(client[0], 7) - msg(416,client[0])
client[4] - stanza(client[0], 7) - Displayed message: msg(416,client[0]) from user client[0]
client[4] - Room: stanza(client[0], 7) - Message received: msg(416,client[0])
client[4] - time to live = 0 for message: message from client[0] to stanza(client[0], 7)
client[1] - Room: stanza(client[0], 7) - Message received: msg(416,client[0])
client[1] - time to live = 0 for message: message from client[0] to stanza(client[0], 7)
client[3] - Sending message to room stanza(client[2], 9) - msg(393,client[3])
client[2] - stanza(client[2], 9) - Displayed message: msg(393,client[3]) from user client[3]
client[2] - Room: stanza(client[2], 9) - Message received: msg(393,client[3])
client[2] - time to live = 0 for message: message from client[3] to stanza(client[2], 9)
client[4] - Room: stanza(client[2], 9) - Message discarded for I'm not a recipient: 
client[4] - time to live = 0 for message: message from client[3] to stanza(client[2], 9)
client[1] - Sending message to room stanza(client[1], 5) - msg(434,client[1])
client[0] - Room: stanza(client[1], 5) - Message discarded for I'm not a recipient: 
client[0] - time to live = 0 for message: message from client[1] to stanza(client[1], 5)
client[2] - Room: stanza(client[1], 5) - Message discarded for I'm not a recipient: 
client[2] - time to live = 0 for message: message from client[1] to stanza(client[1], 5)
client[3] - Sending message to room stanza(client[3], 8) - msg(394,client[3])
client[2] - Room: stanza(client[3], 8) - Message discarded for I'm not a recipient: 
client[2] - time to live = 0 for message: message from client[3] to stanza(client[3], 8)
client[4] - Room: stanza(client[3], 8) - Message discarded for I'm not a recipient: 
client[4] - time to live = 0 for message: message from client[3] to stanza(client[3], 8)
client[2] - Sending message to room stanza(client[2], 8) - msg(370,client[2])
client[1] - stanza(client[2], 8) - Displayed message: msg(370,client[2]) from user client[2]
client[1] - Room: stanza(client[2], 8) - Message received: msg(370,client[2])
client[1] - time to live = 0 for message: message from client[2] to stanza(client[2], 8)
client[3] - Room: stanza(client[2], 8) - Message received: msg(370,client[2])
client[3] - time to live = 0 for message: message from client[2] to stanza(client[2], 8)
client[0] - Sending message to room stanza(client[0], 8) - msg(417,client[0])
client[4] - stanza(client[0], 8) - Displayed message: msg(417,client[0]) from user client[0]
client[4] - Room: stanza(client[0], 8) - Message received: msg(417,client[0])
client[4] - time to live = 0 for message: message from client[0] to stanza(client[0], 8)
client[1] - Room: stanza(client[0], 8) - Message discarded for I'm not a recipient: 
client[1] - time to live = 0 for message: message from client[0] to stanza(client[0], 8)
client[1] - Sending message to room stanza(client[1], 6) - msg(435,client[1])
client[0] - Room: stanza(client[1], 6) - Message received: msg(435,client[1])
client[0] - time to live = 0 for message: message from client[1] to stanza(client[1], 6)
client[2] - Room: stanza(client[1], 6) - Message received: msg(435,client[1])
client[2] - time to live = 0 for message: message from client[1] to stanza(client[1], 6)
client[1] - Sending message to room stanza(client[2], 11) - msg(436,client[1])
client[0] - Room: stanza(client[2], 11) - Message discarded for I'm not a recipient: 
client[0] - time to live = 0 for message: message from client[1] to stanza(client[2], 11)
client[2] - stanza(client[2], 11) - Displayed message: msg(436,client[1]) from user client[1]
client[2] - Room: stanza(client[2], 11) - Message received: msg(436,client[1])
client[2] - time to live = 0 for message: message from client[1] to stanza(client[2], 11)
client[0] - Sending message to room stanza(client[4], 2) - msg(418,client[0])
client[4] - stanza(client[4], 2) - Displayed message: msg(418,client[0]) from user client[0]
client[4] - Room: stanza(client[4], 2) - Message received: msg(418,client[0])
client[4] - time to live = 0 for message: message from client[0] to stanza(client[4], 2)
client[1] - Room: stanza(client[4], 2) - Message discarded for I'm not a recipient: 
client[1] - time to live = 0 for message: message from client[0] to stanza(client[4], 2)
client[4] - Sending message to room stanza(client[4], 4) - msg(429,client[4])
client[3] - stanza(client[4], 4) - Displayed message: msg(429,client[4]) from user client[4]
client[3] - Room: stanza(client[4], 4) - Message received: msg(429,client[4])
client[3] - time to live = 0 for message: message from client[4] to stanza(client[4], 4)
client[0] - Room: stanza(client[4], 4) - Message discarded for I'm not a recipient: 
client[0] - time to live = 0 for message: message from client[4] to stanza(client[4], 4)
client[1] - Sending message to room stanza(client[1], 1) - msg(437,client[1])
client[0] - Asked for message: 2 - Room: stanza(client[1], 1)
client[0] - Asked for message: 28 - Room: stanza(client[1], 1)
client[0] - Asked for message: 1 - Room: stanza(client[1], 1)
client[0] - Asked for message: 1 - Room: stanza(client[1], 1)
client[0] - time to live = 0 for message: message from client[1] to stanza(client[1], 1)
client[2] - Asked for message: 2 - Room: stanza(client[1], 1)
client[2] - Asked for message: 1 - Room: stanza(client[1], 1)
client[2] - Asked for message: 38 - Room: stanza(client[1], 1)
client[2] - Asked for message: 1 - Room: stanza(client[1], 1)
client[2] - time to live = 0 for message: message from client[1] to stanza(client[1], 1)
client[4] - Room: stanza(client[1], 1) - Message discarded for I'm not a recipient: 
client[4] - time to live = 0 for message: ask message for missing message 2
NOT IMPLEMENTED YET
client[1] - Room: stanza(client[1], 1) - Asked for message: 2
client[1] - time to live = 0 for message: ask message for missing message 2
client[4] - Room: stanza(client[1], 1) - Message discarded for I'm not a recipient: 
client[4] - time to live = 0 for message: ask message for missing message 28
NOT IMPLEMENTED YET
client[1] - Room: stanza(client[1], 1) - Asked for message: 28
client[1] - time to live = 0 for message: ask message for missing message 28
client[4] - Room: stanza(client[1], 1) - Message discarded for I'm not a recipient: 
client[4] - time to live = 0 for message: ask message for missing message 1
NOT IMPLEMENTED YET
client[1] - Room: stanza(client[1], 1) - Asked for message: 1
client[1] - time to live = 0 for message: ask message for missing message 1
client[4] - Room: stanza(client[1], 1) - Message discarded for I'm not a recipient: 
client[4] - time to live = 0 for message: ask message for missing message 1
NOT IMPLEMENTED YET
client[1] - Room: stanza(client[1], 1) - Asked for message: 1
client[1] - time to live = 0 for message: ask message for missing message 1
NOT IMPLEMENTED YET
client[1] - Room: stanza(client[1], 1) - Asked for message: 2
client[1] - time to live = 0 for message: ask message for missing message 2
client[3] - Room: stanza(client[1], 1) - Message discarded for I'm not a recipient: 
client[3] - time to live = 0 for message: ask message for missing message 2
NOT IMPLEMENTED YET
client[1] - Room: stanza(client[1], 1) - Asked for message: 1
client[1] - time to live = 0 for message: ask message for missing message 1
client[3] - Room: stanza(client[1], 1) - Message discarded for I'm not a recipient: 
client[3] - time to live = 0 for message: ask message for missing message 1
NOT IMPLEMENTED YET
client[1] - Room: stanza(client[1], 1) - Asked for message: 38
client[1] - time to live = 0 for message: ask message for missing message 38
client[3] - Room: stanza(client[1], 1) - Message discarded for I'm not a recipient: 
client[3] - time to live = 0 for message: ask message for missing message 38
NOT IMPLEMENTED YET
client[1] - Room: stanza(client[1], 1) - Asked for message: 1
client[1] - time to live = 0 for message: ask message for missing message 1
client[3] - Room: stanza(client[1], 1) - Message discarded for I'm not a recipient: 
client[3] - time to live = 0 for message: ask message for missing message 1
client[4] - Sending message to room stanza(client[4], 3) - msg(430,client[4])
client[3] - Asked for message: 1 - Room: stanza(client[4], 3)
client[3] - Asked for message: 1 - Room: stanza(client[4], 3)
client[3] - Asked for message: 1 - Room: stanza(client[4], 3)
client[3] - Asked for message: 18 - Room: stanza(client[4], 3)
client[3] - Asked for message: 1 - Room: stanza(client[4], 3)
client[3] - time to live = 0 for message: message from client[4] to stanza(client[4], 3)
client[0] - Asked for message: 1 - Room: stanza(client[4], 3)
client[0] - Asked for message: 22 - Room: stanza(client[4], 3)
client[0] - Asked for message: 1 - Room: stanza(client[4], 3)
client[0] - Asked for message: 1 - Room: stanza(client[4], 3)
client[0] - Asked for message: 1 - Room: stanza(client[4], 3)
client[0] - time to live = 0 for message: message from client[4] to stanza(client[4], 3)
client[2] - Room: stanza(client[4], 3) - Message discarded for I'm not a recipient: 
client[2] - time to live = 0 for message: ask message for missing message 1
NOT IMPLEMENTED YET
client[4] - Room: stanza(client[4], 3) - Asked for message: 1
client[4] - time to live = 0 for message: ask message for missing message 1
client[2] - Room: stanza(client[4], 3) - Message discarded for I'm not a recipient: 
client[2] - time to live = 0 for message: ask message for missing message 1
NOT IMPLEMENTED YET
client[4] - Room: stanza(client[4], 3) - Asked for message: 1
client[4] - time to live = 0 for message: ask message for missing message 1
client[2] - Room: stanza(client[4], 3) - Message discarded for I'm not a recipient: 
client[2] - time to live = 0 for message: ask message for missing message 1
NOT IMPLEMENTED YET
client[4] - Room: stanza(client[4], 3) - Asked for message: 1
client[4] - time to live = 0 for message: ask message for missing message 1
client[2] - Room: stanza(client[4], 3) - Message discarded for I'm not a recipient: 
client[2] - time to live = 0 for message: ask message for missing message 18
NOT IMPLEMENTED YET
client[4] - Room: stanza(client[4], 3) - Asked for message: 18
client[4] - time to live = 0 for message: ask message for missing message 18
client[2] - Room: stanza(client[4], 3) - Message discarded for I'm not a recipient: 
client[2] - time to live = 0 for message: ask message for missing message 1
NOT IMPLEMENTED YET
client[4] - Room: stanza(client[4], 3) - Asked for message: 1
client[4] - time to live = 0 for message: ask message for missing message 1
NOT IMPLEMENTED YET
client[4] - Room: stanza(client[4], 3) - Asked for message: 1
client[4] - time to live = 0 for message: ask message for missing message 1
client[1] - Room: stanza(client[4], 3) - Message discarded for I'm not a recipient: 
client[1] - time to live = 0 for message: ask message for missing message 1
NOT IMPLEMENTED YET
client[4] - Room: stanza(client[4], 3) - Asked for message: 22
client[4] - time to live = 0 for message: ask message for missing message 22
client[1] - Room: stanza(client[4], 3) - Message discarded for I'm not a recipient: 
client[1] - time to live = 0 for message: ask message for missing message 22
NOT IMPLEMENTED YET
client[4] - Room: stanza(client[4], 3) - Asked for message: 1
client[4] - time to live = 0 for message: ask message for missing message 1
client[1] - Room: stanza(client[4], 3) - Message discarded for I'm not a recipient: 
client[1] - time to live = 0 for message: ask message for missing message 1
NOT IMPLEMENTED YET
client[4] - Room: stanza(client[4], 3) - Asked for message: 1
client[4] - time to live = 0 for message: ask message for missing message 1
client[1] - Room: stanza(client[4], 3) - Message discarded for I'm not a recipient: 
client[1] - time to live = 0 for message: ask message for missing message 1
NOT IMPLEMENTED YET
client[4] - Room: stanza(client[4], 3) - Asked for message: 1
client[4] - time to live = 0 for message: ask message for missing message 1
client[1] - Room: stanza(client[4], 3) - Message discarded for I'm not a recipient: 
client[1] - time to live = 0 for message: ask message for missing message 1
client[3] - Sending message to room stanza(client[2], 9) - msg(395,client[3])
client[2] - stanza(client[2], 9) - Displayed message: msg(395,client[3]) from user client[3]
client[2] - Room: stanza(client[2], 9) - Message received: msg(395,client[3])
client[2] - time to live = 0 for message: message from client[3] to stanza(client[2], 9)
client[4] - Room: stanza(client[2], 9) - Message discarded for I'm not a recipient: 
client[4] - time to live = 0 for message: message from client[3] to stanza(client[2], 9)
client[1] - Sending message to room stanza(client[2], 5) - msg(438,client[1])
client[0] - Room: stanza(client[2], 5) - Message discarded for I'm not a recipient: 
client[0] - time to live = 0 for message: message from client[1] to stanza(client[2], 5)
client[2] - stanza(client[2], 5) - Displayed message: msg(438,client[1]) from user client[1]
client[2] - Room: stanza(client[2], 5) - Message received: msg(438,client[1])
client[2] - time to live = 0 for message: message from client[1] to stanza(client[2], 5)
client[3] - Sending message to room stanza(client[3], 8) - msg(396,client[3])
client[2] - Room: stanza(client[3], 8) - Message discarded for I'm not a recipient: 
client[2] - time to live = 0 for message: message from client[3] to stanza(client[3], 8)
client[4] - Room: stanza(client[3], 8) - Message discarded for I'm not a recipient: 
client[4] - time to live = 0 for message: message from client[3] to stanza(client[3], 8)
client[0] - Sending message to room stanza(client[0], 8) - msg(419,client[0])
client[4] - stanza(client[0], 8) - Displayed message: msg(419,client[0]) from user client[0]
client[4] - Room: stanza(client[0], 8) - Message received: msg(419,client[0])
client[4] - time to live = 0 for message: message from client[0] to stanza(client[0], 8)
client[1] - Room: stanza(client[0], 8) - Message discarded for I'm not a recipient: 
client[1] - time to live = 0 for message: message from client[0] to stanza(client[0], 8)
client[3] - Sending message to room stanza(client[4], 1) - msg(397,client[3])
client[2] - Room: stanza(client[4], 1) - Message discarded for I'm not a recipient: 
client[2] - time to live = 0 for message: message from client[3] to stanza(client[4], 1)
client[4] - stanza(client[4], 1) - Displayed message: msg(397,client[3]) from user client[3]
client[4] - Room: stanza(client[4], 1) - Message received: msg(397,client[3])
client[4] - time to live = 0 for message: message from client[3] to stanza(client[4], 1)
client[2] - Sending message to room stanza(client[1], 7) - msg(371,client[2])
client[1] - stanza(client[1], 7) - Displayed message: msg(371,client[2]) from user client[2]
client[1] - Room: stanza(client[1], 7) - Message received: msg(371,client[2])
client[1] - time to live = 0 for message: message from client[2] to stanza(client[1], 7)
client[3] - Room: stanza(client[1], 7) - Message discarded for I'm not a recipient: 
client[3] - time to live = 0 for message: message from client[2] to stanza(client[1], 7)
client[0] - Sending message to room stanza(client[0], 7) - msg(420,client[0])
client[4] - stanza(client[0], 7) - Displayed message: msg(420,client[0]) from user client[0]
client[4] - Room: stanza(client[0], 7) - Message received: msg(420,client[0])
client[4] - time to live = 0 for message: message from client[0] to stanza(client[0], 7)
client[1] - Room: stanza(client[0], 7) - Message received: msg(420,client[0])
client[1] - time to live = 0 for message: message from client[0] to stanza(client[0], 7)
client[2] - Sending message to room stanza(client[3], 1) - msg(372,client[2])
client[1] - Room: stanza(client[3], 1) - Message discarded for I'm not a recipient: 
client[1] - time to live = 0 for message: message from client[2] to stanza(client[3], 1)
client[3] - stanza(client[3], 1) - Displayed message: msg(372,client[2]) from user client[2]
client[3] - Room: stanza(client[3], 1) - Message received: msg(372,client[2])
client[3] - time to live = 0 for message: message from client[2] to stanza(client[3], 1)
client[3] - Sending message to room stanza(client[2], 4) - msg(398,client[3])
client[2] - stanza(client[2], 4) - Displayed message: msg(398,client[3]) from user client[3]
client[2] - Room: stanza(client[2], 4) - Message received: msg(398,client[3])
client[2] - time to live = 0 for message: message from client[3] to stanza(client[2], 4)
client[4] - Room: stanza(client[2], 4) - Message discarded for I'm not a recipient: 
client[4] - time to live = 0 for message: message from client[3] to stanza(client[2], 4)
client[4] - Sending message to room stanza(client[3], 7) - msg(431,client[4])
client[3] - stanza(client[3], 7) - Displayed message: msg(431,client[4]) from user client[4]
client[3] - Room: stanza(client[3], 7) - Message received: msg(431,client[4])
client[3] - time to live = 0 for message: message from client[4] to stanza(client[3], 7)
client[0] - Room: stanza(client[3], 7) - Message discarded for I'm not a recipient: 
client[0] - time to live = 0 for message: message from client[4] to stanza(client[3], 7)
client[1] - Sending message to room stanza(client[2], 0) - msg(439,client[1])
client[0] - Room: stanza(client[2], 0) - Message discarded for I'm not a recipient: 
client[0] - time to live = 0 for message: message from client[1] to stanza(client[2], 0)
client[2] - stanza(client[2], 0) - Displayed message: msg(439,client[1]) from user client[1]
client[2] - Room: stanza(client[2], 0) - Message received: msg(439,client[1])
client[2] - time to live = 0 for message: message from client[1] to stanza(client[2], 0)
client[1] - Sent room creation: stanza(client[1], 8) with: client[1],client[2]
client[0] - Room: stanza(client[1], 8) - Message discarded for I'm not a recipient: 
client[0] - time to live = 0 for message: creation of room stanza(client[1], 8)
client[2] - Room created: stanza(client[1], 8)
client[2] - time to live = 0 for message: creation of room stanza(client[1], 8)
client[1] - Sending message to room stanza(client[0], 2) - msg(440,client[1])
client[0] - stanza(client[0], 2) - Displayed message: msg(440,client[1]) from user client[1]
client[0] - Room: stanza(client[0], 2) - Message received: msg(440,client[1])
client[0] - time to live = 0 for message: message from client[1] to stanza(client[0], 2)
client[2] - Room: stanza(client[0], 2) - Message discarded for I'm not a recipient: 
client[2] - time to live = 0 for message: message from client[1] to stanza(client[0], 2)
client[0] - Sending message to room stanza(client[4], 3) - msg(421,client[0])
client[4] - stanza(client[4], 3) - Displayed message: msg(421,client[0]) from user client[0]
client[4] - Room: stanza(client[4], 3) - Message received: msg(421,client[0])
client[4] - time to live = 0 for message: message from client[0] to stanza(client[4], 3)
client[1] - Room: stanza(client[4], 3) - Message discarded for I'm not a recipient: 
client[1] - time to live = 0 for message: message from client[0] to stanza(client[4], 3)
client[4] - Sending message to room stanza(client[0], 5) - msg(432,client[4])
client[3] - Room: stanza(client[0], 5) - Message discarded for I'm not a recipient: 
client[3] - time to live = 0 for message: message from client[4] to stanza(client[0], 5)
client[0] - stanza(client[0], 5) - Displayed message: msg(432,client[4]) from user client[4]
client[0] - Room: stanza(client[0], 5) - Message received: msg(432,client[4])
client[0] - time to live = 0 for message: message from client[4] to stanza(client[0], 5)
client[3] - Sending message to room stanza(client[3], 5) - msg(399,client[3])
client[2] - Room: stanza(client[3], 5) - Message discarded for I'm not a recipient: 
client[2] - time to live = 0 for message: message from client[3] to stanza(client[3], 5)
client[4] - stanza(client[3], 5) - Displayed message: msg(399,client[3]) from user client[3]
client[4] - Room: stanza(client[3], 5) - Message received: msg(399,client[3])
client[4] - time to live = 0 for message: message from client[3] to stanza(client[3], 5)
client[1] - Sending message to room stanza(client[2], 11) - msg(441,client[1])
client[0] - Room: stanza(client[2], 11) - Message discarded for I'm not a recipient: 
client[0] - time to live = 0 for message: message from client[1] to stanza(client[2], 11)
client[2] - stanza(client[2], 11) - Displayed message: msg(441,client[1]) from user client[1]
client[2] - Room: stanza(client[2], 11) - Message received: msg(441,client[1])
client[2] - time to live = 0 for message: message from client[1] to stanza(client[2], 11)
client[3] - Sending message to room stanza(client[3], 2) - msg(400,client[3])
client[2] - stanza(client[3], 2) - Displayed message: msg(400,client[3]) from user client[3]
client[2] - Room: stanza(client[3], 2) - Message received: msg(400,client[3])
client[2] - time to live = 0 for message: message from client[3] to stanza(client[3], 2)
client[4] - Room: stanza(client[3], 2) - Message discarded for I'm not a recipient: 
client[4] - time to live = 0 for message: message from client[3] to stanza(client[3], 2)
client[1] - Sending message to room stanza(client[1], 2) - msg(442,client[1])
client[0] - Asked for message: 2 - Room: stanza(client[1], 2)
client[0] - Asked for message: 1 - Room: stanza(client[1], 2)
client[0] - Asked for message: 1 - Room: stanza(client[1], 2)
client[0] - Asked for message: 19 - Room: stanza(client[1], 2)
client[0] - Asked for message: 1 - Room: stanza(client[1], 2)
client[0] - time to live = 0 for message: message from client[1] to stanza(client[1], 2)
client[2] - Asked for message: 2 - Room: stanza(client[1], 2)
client[2] - Asked for message: 1 - Room: stanza(client[1], 2)
client[2] - Asked for message: 1 - Room: stanza(client[1], 2)
client[2] - Asked for message: 1 - Room: stanza(client[1], 2)
client[2] - Asked for message: 18 - Room: stanza(client[1], 2)
client[2] - time to live = 0 for message: message from client[1] to stanza(client[1], 2)
client[4] - Room: stanza(client[1], 2) - Message discarded for I'm not a recipient: 
client[4] - time to live = 0 for message: ask message for missing message 2
NOT IMPLEMENTED YET
client[1] - Room: stanza(client[1], 2) - Asked for message: 2
client[1] - time to live = 0 for message: ask message for missing message 2
client[4] - Room: stanza(client[1], 2) - Message discarded for I'm not a recipient: 
client[4] - time to live = 0 for message: ask message for missing message 1
NOT IMPLEMENTED YET
client[1] - Room: stanza(client[1], 2) - Asked for message: 1
client[1] - time to live = 0 for message: ask message for missing message 1
client[4] - Room: stanza(client[1], 2) - Message discarded for I'm not a recipient: 
client[4] - time to live = 0 for message: ask message for missing message 1
NOT IMPLEMENTED YET
client[1] - Room: stanza(client[1], 2) - Asked for message: 1
client[1] - time to live = 0 for message: ask message for missing message 1
client[4] - Room: stanza(client[1], 2) - Message discarded for I'm not a recipient: 
client[4] - time to live = 0 for message: ask message for missing message 19
NOT IMPLEMENTED YET
client[1] - Room: stanza(client[1], 2) - Asked for message: 19
client[1] - time to live = 0 for message: ask message for missing message 19
client[4] - Room: stanza(client[1], 2) - Message discarded for I'm not a recipient: 
client[4] - time to live = 0 for message: ask message for missing message 1
NOT IMPLEMENTED YET
client[1] - Room: stanza(client[1], 2) - Asked for message: 1
client[1] - time to live = 0 for message: ask message for missing message 1
NOT IMPLEMENTED YET
client[1] - Room: stanza(client[1], 2) - Asked for message: 2
client[1] - time to live = 0 for message: ask message for missing message 2
client[3] - Room: stanza(client[1], 2) - Message discarded for I'm not a recipient: 
client[3] - time to live = 0 for message: ask message for missing message 2
NOT IMPLEMENTED YET
client[1] - Room: stanza(client[1], 2) - Asked for message: 1
client[1] - time to live = 0 for message: ask message for missing message 1
client[3] - Room: stanza(client[1], 2) - Message discarded for I'm not a recipient: 
client[3] - time to live = 0 for message: ask message for missing message 1
NOT IMPLEMENTED YET
client[1] - Room: stanza(client[1], 2) - Asked for message: 1
client[1] - time to live = 0 for message: ask message for missing message 1
client[3] - Room: stanza(client[1], 2) - Message discarded for I'm not a recipient: 
client[3] - time to live = 0 for message: ask message for missing message 1
NOT IMPLEMENTED YET
client[1] - Room: stanza(client[1], 2) - Asked for message: 1
client[1] - time to live = 0 for message: ask message for missing message 1
client[3] - Room: stanza(client[1], 2) - Message discarded for I'm not a recipient: 
client[3] - time to live = 0 for message: ask message for missing message 1
NOT IMPLEMENTED YET
client[1] - Room: stanza(client[1], 2) - Asked for message: 18
client[1] - time to live = 0 for message: ask message for missing message 18
client[3] - Room: stanza(client[1], 2) - Message discarded for I'm not a recipient: 
client[3] - time to live = 0 for message: ask message for missing message 18
client[0] - Sent room creation: stanza(client[0], 9) with: client[0],client[2],client[4],client[1],client[3]
client[4] - Room created: stanza(client[0], 9)
client[4] - time to live = 0 for message: creation of room stanza(client[0], 9)
client[1] - Room created: stanza(client[0], 9)
client[1] - time to live = 0 for message: creation of room stanza(client[0], 9)
client[4] - Sending message to room stanza(client[0], 5) - msg(433,client[4])
client[3] - Room: stanza(client[0], 5) - Message discarded for I'm not a recipient: 
client[3] - time to live = 0 for message: message from client[4] to stanza(client[0], 5)
client[0] - stanza(client[0], 5) - Displayed message: msg(433,client[4]) from user client[4]
client[0] - Room: stanza(client[0], 5) - Message received: msg(433,client[4])
client[0] - time to live = 0 for message: message from client[4] to stanza(client[0], 5)
client[3] - Sending message to room stanza(client[3], 3) - msg(401,client[3])
client[2] - Room: stanza(client[3], 3) - Message discarded for I'm not a recipient: 
client[2] - time to live = 0 for message: message from client[3] to stanza(client[3], 3)
client[4] - stanza(client[3], 3) - Displayed message: msg(401,client[3]) from user client[3]
client[4] - Room: stanza(client[3], 3) - Message received: msg(401,client[3])
client[4] - time to live = 0 for message: message from client[3] to stanza(client[3], 3)
client[2] - Sending message to room stanza(client[2], 11) - msg(373,client[2])
client[1] - stanza(client[2], 11) - Displayed message: msg(373,client[2]) from user client[2]
client[1] - Room: stanza(client[2], 11) - Message received: msg(373,client[2])
client[1] - time to live = 0 for message: message from client[2] to stanza(client[2], 11)
client[3] - Room: stanza(client[2], 11) - Message discarded for I'm not a recipient: 
client[3] - time to live = 0 for message: message from client[2] to stanza(client[2], 11)
client[3] - Sending message to room stanza(client[2], 10) - msg(402,client[3])
client[2] - stanza(client[2], 10) - Displayed message: msg(402,client[3]) from user client[3]
client[2] - Room: stanza(client[2], 10) - Message received: msg(402,client[3])
client[2] - time to live = 0 for message: message from client[3] to stanza(client[2], 10)
client[4] - Room: stanza(client[2], 10) - Message discarded for I'm not a recipient: 
client[4] - time to live = 0 for message: message from client[3] to stanza(client[2], 10)
client[4] - Sending message to room stanza(client[0], 8) - msg(434,client[4])
client[3] - Room: stanza(client[0], 8) - Message discarded for I'm not a recipient: 
client[3] - time to live = 0 for message: message from client[4] to stanza(client[0], 8)
client[0] - stanza(client[0], 8) - Displayed message: msg(434,client[4]) from user client[4]
client[0] - Room: stanza(client[0], 8) - Message received: msg(434,client[4])
client[0] - time to live = 0 for message: message from client[4] to stanza(client[0], 8)
client[1] - Sending message to room stanza(client[2], 1) - msg(443,client[1])
client[0] - Room: stanza(client[2], 1) - Message discarded for I'm not a recipient: 
client[0] - time to live = 0 for message: message from client[1] to stanza(client[2], 1)
client[2] - stanza(client[2], 1) - Displayed message: msg(443,client[1]) from user client[1]
client[2] - Room: stanza(client[2], 1) - Message received: msg(443,client[1])
client[2] - time to live = 0 for message: message from client[1] to stanza(client[2], 1)
client[4] - Sending message to room stanza(client[0], 4) - msg(435,client[4])
client[3] - Room: stanza(client[0], 4) - Message discarded for I'm not a recipient: 
client[3] - time to live = 0 for message: message from client[4] to stanza(client[0], 4)
client[0] - stanza(client[0], 4) - Displayed message: msg(435,client[4]) from user client[4]
client[0] - Room: stanza(client[0], 4) - Message received: msg(435,client[4])
client[0] - time to live = 0 for message: message from client[4] to stanza(client[0], 4)
client[0] - Sending message to room stanza(client[4], 6) - msg(422,client[0])
client[4] - stanza(client[4], 6) - Displayed message: msg(422,client[0]) from user client[0]
client[4] - Room: stanza(client[4], 6) - Message received: msg(422,client[0])
client[4] - time to live = 0 for message: message from client[0] to stanza(client[4], 6)
client[1] - Room: stanza(client[4], 6) - Message discarded for I'm not a recipient: 
client[1] - time to live = 0 for message: message from client[0] to stanza(client[4], 6)
client[1] - Sending message to room stanza(client[2], 0) - msg(444,client[1])
client[0] - Room: stanza(client[2], 0) - Message discarded for I'm not a recipient: 
client[0] - time to live = 0 for message: message from client[1] to stanza(client[2], 0)
client[2] - stanza(client[2], 0) - Displayed message: msg(444,client[1]) from user client[1]
client[2] - Room: stanza(client[2], 0) - Message received: msg(444,client[1])
client[2] - time to live = 0 for message: message from client[1] to stanza(client[2], 0)
client[3] - Sending message to room stanza(client[3], 12) - msg(403,client[3])
client[2] - Room: stanza(client[3], 12) - Message received: msg(403,client[3])
client[2] - time to live = 0 for message: message from client[3] to stanza(client[3], 12)
client[4] - Room: stanza(client[3], 12) - Message received: msg(403,client[3])
client[4] - time to live = 0 for message: message from client[3] to stanza(client[3], 12)
client[0] - Sending message to room stanza(client[1], 2) - msg(423,client[0])
client[4] - Room: stanza(client[1], 2) - Message discarded for I'm not a recipient: 
client[4] - time to live = 0 for message: message from client[0] to stanza(client[1], 2)
client[1] - stanza(client[1], 2) - Displayed message: msg(423,client[0]) from user client[0]
client[1] - Room: stanza(client[1], 2) - Message received: msg(423,client[0])
client[1] - time to live = 0 for message: message from client[0] to stanza(client[1], 2)
client[4] - Sending message to room stanza(client[3], 10) - msg(436,client[4])
client[3] - stanza(client[3], 10) - Displayed message: msg(436,client[4]) from user client[4]
client[3] - Room: stanza(client[3], 10) - Message received: msg(436,client[4])
client[3] - time to live = 0 for message: message from client[4] to stanza(client[3], 10)
client[0] - Room: stanza(client[3], 10) - Message discarded for I'm not a recipient: 
client[0] - time to live = 0 for message: message from client[4] to stanza(client[3], 10)
client[1] - Sending message to room stanza(client[1], 6) - msg(445,client[1])
client[0] - Room: stanza(client[1], 6) - Message received: msg(445,client[1])
client[0] - time to live = 0 for message: message from client[1] to stanza(client[1], 6)
client[2] - Room: stanza(client[1], 6) - Message received: msg(445,client[1])
client[2] - time to live = 0 for message: message from client[1] to stanza(client[1], 6)
client[1] - Sending message to room stanza(client[0], 1) - msg(446,client[1])
client[0] - stanza(client[0], 1) - Displayed message: msg(446,client[1]) from user client[1]
client[0] - Room: stanza(client[0], 1) - Message received: msg(446,client[1])
client[0] - time to live = 0 for message: message from client[1] to stanza(client[0], 1)
client[2] - Room: stanza(client[0], 1) - Message discarded for I'm not a recipient: 
client[2] - time to live = 0 for message: message from client[1] to stanza(client[0], 1)
client[0] - Sending message to room stanza(client[0], 5) - msg(424,client[0])
client[4] - stanza(client[0], 5) - Displayed message: msg(424,client[0]) from user client[0]
client[4] - Room: stanza(client[0], 5) - Message received: msg(424,client[0])
client[4] - time to live = 0 for message: message from client[0] to stanza(client[0], 5)
client[1] - Room: stanza(client[0], 5) - Message discarded for I'm not a recipient: 
client[1] - time to live = 0 for message: message from client[0] to stanza(client[0], 5)
client[0] - Sending message to room stanza(client[1], 1) - msg(425,client[0])
client[4] - Room: stanza(client[1], 1) - Message discarded for I'm not a recipient: 
client[4] - time to live = 0 for message: message from client[0] to stanza(client[1], 1)
client[1] - stanza(client[1], 1) - Displayed message: msg(425,client[0]) from user client[0]
client[1] - Room: stanza(client[1], 1) - Message received: msg(425,client[0])
client[1] - time to live = 0 for message: message from client[0] to stanza(client[1], 1)
client[3] - Sending message to room stanza(client[3], 9) - msg(404,client[3])
client[2] - Room: stanza(client[3], 9) - Message received: msg(404,client[3])
client[2] - time to live = 0 for message: message from client[3] to stanza(client[3], 9)
client[4] - Room: stanza(client[3], 9) - Message received: msg(404,client[3])
client[4] - time to live = 0 for message: message from client[3] to stanza(client[3], 9)
client[1] - Sending message to room stanza(client[0], 6) - msg(447,client[1])
client[0] - stanza(client[0], 6) - Displayed message: msg(447,client[1]) from user client[1]
client[0] - Room: stanza(client[0], 6) - Message received: msg(447,client[1])
client[0] - time to live = 0 for message: message from client[1] to stanza(client[0], 6)
client[2] - Room: stanza(client[0], 6) - Message discarded for I'm not a recipient: 
client[2] - time to live = 0 for message: message from client[1] to stanza(client[0], 6)
client[4] - Sending message to room stanza(client[0], 8) - msg(437,client[4])
client[3] - Room: stanza(client[0], 8) - Message discarded for I'm not a recipient: 
client[3] - time to live = 0 for message: message from client[4] to stanza(client[0], 8)
client[0] - stanza(client[0], 8) - Displayed message: msg(437,client[4]) from user client[4]
client[0] - Room: stanza(client[0], 8) - Message received: msg(437,client[4])
client[0] - time to live = 0 for message: message from client[4] to stanza(client[0], 8)
client[4] - Sending message to room stanza(client[4], 2) - msg(438,client[4])
client[3] - Room: stanza(client[4], 2) - Message discarded for I'm not a recipient: 
client[3] - time to live = 0 for message: message from client[4] to stanza(client[4], 2)
client[0] - stanza(client[4], 2) - Displayed message: msg(438,client[4]) from user client[4]
client[0] - Room: stanza(client[4], 2) - Message received: msg(438,client[4])
client[0] - time to live = 0 for message: message from client[4] to stanza(client[4], 2)
client[1] - Sending message to room stanza(client[0], 9) - msg(448,client[1])
client[0] - stanza(client[0], 9) - Displayed message: msg(448,client[1]) from user client[1]
client[0] - Room: stanza(client[0], 9) - Message received: msg(448,client[1])
client[0] - time to live = 0 for message: message from client[1] to stanza(client[0], 9)
client[2] - Room: stanza(client[0], 9) - Message discarded for I'm not a recipient: 
client[2] - time to live = 0 for message: message from client[1] to stanza(client[0], 9)
client[3] - Sending message to room stanza(client[2], 3) - msg(405,client[3])
client[2] - stanza(client[2], 3) - Displayed message: msg(405,client[3]) from user client[3]
client[2] - Room: stanza(client[2], 3) - Message received: msg(405,client[3])
client[2] - time to live = 0 for message: message from client[3] to stanza(client[2], 3)
client[4] - Room: stanza(client[2], 3) - Message discarded for I'm not a recipient: 
client[4] - time to live = 0 for message: message from client[3] to stanza(client[2], 3)
client[4] - Sending message to room stanza(client[4], 7) - msg(439,client[4])
client[3] - stanza(client[4], 7) - Displayed message: msg(439,client[4]) from user client[4]
client[3] - Room: stanza(client[4], 7) - Message received: msg(439,client[4])
client[3] - time to live = 0 for message: message from client[4] to stanza(client[4], 7)
client[0] - Room: stanza(client[4], 7) - Message discarded for I'm not a recipient: 
client[0] - time to live = 0 for message: message from client[4] to stanza(client[4], 7)
client[2] - Sending message to room stanza(client[3], 13) - msg(374,client[2])
client[1] - Room: stanza(client[3], 13) - Message discarded for I'm not a recipient: 
client[1] - time to live = 0 for message: message from client[2] to stanza(client[3], 13)
client[3] - stanza(client[3], 13) - Displayed message: msg(374,client[2]) from user client[2]
client[3] - Room: stanza(client[3], 13) - Message received: msg(374,client[2])
client[3] - time to live = 0 for message: message from client[2] to stanza(client[3], 13)
client[1] - Sending message to room stanza(client[1], 0) - msg(449,client[1])
client[0] - stanza(client[1], 0) - Displayed message: msg(449,client[1]) from user client[1]
client[0] - Room: stanza(client[1], 0) - Message received: msg(449,client[1])
client[0] - time to live = 0 for message: message from client[1] to stanza(client[1], 0)
client[2] - Room: stanza(client[1], 0) - Message discarded for I'm not a recipient: 
client[2] - time to live = 0 for message: message from client[1] to stanza(client[1], 0)
client[0] - Sending message to room stanza(client[0], 0) - msg(426,client[0])
client[4] - Room: stanza(client[0], 0) - Message discarded for I'm not a recipient: 
client[4] - time to live = 0 for message: message from client[0] to stanza(client[0], 0)
client[1] - Room: stanza(client[0], 0) - Message discarded for I'm not a recipient: 
client[1] - time to live = 0 for message: message from client[0] to stanza(client[0], 0)
client[3] - Sending message to room stanza(client[3], 8) - msg(406,client[3])
client[2] - Room: stanza(client[3], 8) - Message discarded for I'm not a recipient: 
client[2] - time to live = 0 for message: message from client[3] to stanza(client[3], 8)
client[4] - Room: stanza(client[3], 8) - Message discarded for I'm not a recipient: 
client[4] - time to live = 0 for message: message from client[3] to stanza(client[3], 8)
client[1] - Sending message to room stanza(client[0], 7) - msg(450,client[1])
client[0] - stanza(client[0], 7) - Displayed message: msg(450,client[1]) from user client[1]
client[0] - Room: stanza(client[0], 7) - Message received: msg(450,client[1])
client[0] - time to live = 0 for message: message from client[1] to stanza(client[0], 7)
client[2] - Room: stanza(client[0], 7) - Message discarded for I'm not a recipient: 
client[2] - time to live = 0 for message: message from client[1] to stanza(client[0], 7)
client[0] - Sending message to room stanza(client[4], 5) - msg(427,client[0])
client[4] - stanza(client[4], 5) - Displayed message: msg(427,client[0]) from user client[0]
client[4] - Room: stanza(client[4], 5) - Message received: msg(427,client[0])
client[4] - time to live = 0 for message: message from client[0] to stanza(client[4], 5)
client[1] - Room: stanza(client[4], 5) - Message discarded for I'm not a recipient: 
client[1] - time to live = 0 for message: message from client[0] to stanza(client[4], 5)
client[2] - Sending message to room stanza(client[1], 7) - msg(375,client[2])
client[1] - stanza(client[1], 7) - Displayed message: msg(375,client[2]) from user client[2]
client[1] - Room: stanza(client[1], 7) - Message received: msg(375,client[2])
client[1] - time to live = 0 for message: message from client[2] to stanza(client[1], 7)
client[3] - Room: stanza(client[1], 7) - Message discarded for I'm not a recipient: 
client[3] - time to live = 0 for message: message from client[2] to stanza(client[1], 7)
client[3] - Sending message to room stanza(client[3], 0) - msg(407,client[3])
client[2] - Room: stanza(client[3], 0) - Message discarded for I'm not a recipient: 
client[2] - time to live = 0 for message: message from client[3] to stanza(client[3], 0)
client[4] - stanza(client[3], 0) - Displayed message: msg(407,client[3]) from user client[3]
client[4] - Room: stanza(client[3], 0) - Message received: msg(407,client[3])
client[4] - time to live = 0 for message: message from client[3] to stanza(client[3], 0)
client[2] - Sending message to room stanza(client[2], 6) - msg(376,client[2])
client[1] - Room: stanza(client[2], 6) - Message discarded for I'm not a recipient: 
client[1] - time to live = 0 for message: message from client[2] to stanza(client[2], 6)
client[3] - stanza(client[2], 6) - Displayed message: msg(376,client[2]) from user client[2]
client[3] - Room: stanza(client[2], 6) - Message received: msg(376,client[2])
client[3] - time to live = 0 for message: message from client[2] to stanza(client[2], 6)
client[0] - Sending message to room stanza(client[0], 2) - msg(428,client[0])
client[4] - Asked for message: 1 - Room: stanza(client[0], 2)
client[4] - Asked for message: 1 - Room: stanza(client[0], 2)
client[4] - Asked for message: 50 - Room: stanza(client[0], 2)
client[4] - Asked for message: 1 - Room: stanza(client[0], 2)
client[4] - Asked for message: 1 - Room: stanza(client[0], 2)
client[4] - time to live = 0 for message: message from client[0] to stanza(client[0], 2)
client[1] - Asked for message: 1 - Room: stanza(client[0], 2)
client[1] - Asked for message: 1 - Room: stanza(client[0], 2)
client[1] - Asked for message: 1 - Room: stanza(client[0], 2)
client[1] - Asked for message: 52 - Room: stanza(client[0], 2)
client[1] - Asked for message: 1 - Room: stanza(client[0], 2)
client[1] - time to live = 0 for message: message from client[0] to stanza(client[0], 2)
client[3] - Room: stanza(client[0], 2) - Message discarded for I'm not a recipient: 
client[3] - time to live = 0 for message: ask message for missing message 1
NOT IMPLEMENTED YET
client[0] - Room: stanza(client[0], 2) - Asked for message: 1
client[0] - time to live = 0 for message: ask message for missing message 1
client[3] - Room: stanza(client[0], 2) - Message discarded for I'm not a recipient: 
client[3] - time to live = 0 for message: ask message for missing message 1
NOT IMPLEMENTED YET
client[0] - Room: stanza(client[0], 2) - Asked for message: 1
client[0] - time to live = 0 for message: ask message for missing message 1
client[3] - Room: stanza(client[0], 2) - Message discarded for I'm not a recipient: 
client[3] - time to live = 0 for message: ask message for missing message 50
NOT IMPLEMENTED YET
client[0] - Room: stanza(client[0], 2) - Asked for message: 50
client[0] - time to live = 0 for message: ask message for missing message 50
client[3] - Room: stanza(client[0], 2) - Message discarded for I'm not a recipient: 
client[3] - time to live = 0 for message: ask message for missing message 1
NOT IMPLEMENTED YET
client[0] - Room: stanza(client[0], 2) - Asked for message: 1
client[0] - time to live = 0 for message: ask message for missing message 1
client[3] - Room: stanza(client[0], 2) - Message discarded for I'm not a recipient: 
client[3] - time to live = 0 for message: ask message for missing message 1
NOT IMPLEMENTED YET
client[0] - Room: stanza(client[0], 2) - Asked for message: 1
client[0] - time to live = 0 for message: ask message for missing message 1
NOT IMPLEMENTED YET
client[0] - Room: stanza(client[0], 2) - Asked for message: 1
client[0] - time to live = 0 for message: ask message for missing message 1
client[2] - Room: stanza(client[0], 2) - Message discarded for I'm not a recipient: 
client[2] - time to live = 0 for message: ask message for missing message 1
NOT IMPLEMENTED YET
client[0] - Room: stanza(client[0], 2) - Asked for message: 1
client[0] - time to live = 0 for message: ask message for missing message 1
client[2] - Room: stanza(client[0], 2) - Message discarded for I'm not a recipient: 
client[2] - time to live = 0 for message: ask message for missing message 1
NOT IMPLEMENTED YET
client[0] - Room: stanza(client[0], 2) - Asked for message: 1
client[0] - time to live = 0 for message: ask message for missing message 1
client[2] - Room: stanza(client[0], 2) - Message discarded for I'm not a recipient: 
client[2] - time to live = 0 for message: ask message for missing message 1
NOT IMPLEMENTED YET
client[0] - Room: stanza(client[0], 2) - Asked for message: 52
client[0] - time to live = 0 for message: ask message for missing message 52
client[2] - Room: stanza(client[0], 2) - Message discarded for I'm not a recipient: 
client[2] - time to live = 0 for message: ask message for missing message 52
NOT IMPLEMENTED YET
client[0] - Room: stanza(client[0], 2) - Asked for message: 1
client[0] - time to live = 0 for message: ask message for missing message 1
client[2] - Room: stanza(client[0], 2) - Message discarded for I'm not a recipient: 
client[2] - time to live = 0 for message: ask message for missing message 1
client[4] - Sending message to room stanza(client[0], 1) - msg(440,client[4])
client[3] - Room: stanza(client[0], 1) - Message discarded for I'm not a recipient: 
client[3] - time to live = 0 for message: message from client[4] to stanza(client[0], 1)
client[0] - stanza(client[0], 1) - Displayed message: msg(440,client[4]) from user client[4]
client[0] - Room: stanza(client[0], 1) - Message received: msg(440,client[4])
client[0] - time to live = 0 for message: message from client[4] to stanza(client[0], 1)
client[3] - Sending message to room stanza(client[4], 7) - msg(408,client[3])
client[2] - Room: stanza(client[4], 7) - Message discarded for I'm not a recipient: 
client[2] - time to live = 0 for message: message from client[3] to stanza(client[4], 7)
client[4] - stanza(client[4], 7) - Displayed message: msg(408,client[3]) from user client[3]
client[4] - Room: stanza(client[4], 7) - Message received: msg(408,client[3])
client[4] - time to live = 0 for message: message from client[3] to stanza(client[4], 7)
client[2] - Sending message to room stanza(client[2], 8) - msg(377,client[2])
client[1] - stanza(client[2], 8) - Displayed message: msg(377,client[2]) from user client[2]
client[1] - Room: stanza(client[2], 8) - Message received: msg(377,client[2])
client[1] - time to live = 0 for message: message from client[2] to stanza(client[2], 8)
client[3] - Room: stanza(client[2], 8) - Message received: msg(377,client[2])
client[3] - time to live = 0 for message: message from client[2] to stanza(client[2], 8)
client[1] - Sending message to room stanza(client[2], 1) - msg(451,client[1])
client[0] - Room: stanza(client[2], 1) - Message discarded for I'm not a recipient: 
client[0] - time to live = 0 for message: message from client[1] to stanza(client[2], 1)
client[2] - stanza(client[2], 1) - Displayed message: msg(451,client[1]) from user client[1]
client[2] - Room: stanza(client[2], 1) - Message received: msg(451,client[1])
client[2] - time to live = 0 for message: message from client[1] to stanza(client[2], 1)
client[1] - Sent room creation: stanza(client[1], 9) with: client[1],client[3],client[4]
client[0] - Room: stanza(client[1], 9) - Message discarded for I'm not a recipient: 
client[0] - time to live = 0 for message: creation of room stanza(client[1], 9)
client[2] - Room: stanza(client[1], 9) - Message discarded for I'm not a recipient: 
client[2] - time to live = 0 for message: creation of room stanza(client[1], 9)
client[0] - Sending message to room stanza(client[4], 6) - msg(429,client[0])
client[4] - stanza(client[4], 6) - Displayed message: msg(429,client[0]) from user client[0]
client[4] - Room: stanza(client[4], 6) - Message received: msg(429,client[0])
client[4] - time to live = 0 for message: message from client[0] to stanza(client[4], 6)
client[1] - Room: stanza(client[4], 6) - Message discarded for I'm not a recipient: 
client[1] - time to live = 0 for message: message from client[0] to stanza(client[4], 6)
client[4] - Sending message to room stanza(client[4], 0) - msg(441,client[4])
client[3] - Room: stanza(client[4], 0) - Message discarded for I'm not a recipient: 
client[3] - time to live = 0 for message: message from client[4] to stanza(client[4], 0)
client[0] - stanza(client[4], 0) - Displayed message: msg(441,client[4]) from user client[4]
client[0] - Room: stanza(client[4], 0) - Message received: msg(441,client[4])
client[0] - time to live = 0 for message: message from client[4] to stanza(client[4], 0)
client[1] - Sending message to room stanza(client[1], 5) - msg(452,client[1])
client[0] - Room: stanza(client[1], 5) - Message discarded for I'm not a recipient: 
client[0] - time to live = 0 for message: message from client[1] to stanza(client[1], 5)
client[2] - Room: stanza(client[1], 5) - Message discarded for I'm not a recipient: 
client[2] - time to live = 0 for message: message from client[1] to stanza(client[1], 5)
client[3] - Sent room creation: stanza(client[3], 15) with: client[3],client[1],client[4]
client[2] - Room: stanza(client[3], 15) - Message discarded for I'm not a recipient: 
client[2] - time to live = 0 for message: creation of room stanza(client[3], 15)
client[4] - Room created: stanza(client[3], 15)
client[4] - time to live = 0 for message: creation of room stanza(client[3], 15)
client[0] - Sending message to room stanza(client[0], 5) - msg(430,client[0])
client[4] - stanza(client[0], 5) - Displayed message: msg(430,client[0]) from user client[0]
client[4] - Room: stanza(client[0], 5) - Message received: msg(430,client[0])
client[4] - time to live = 0 for message: message from client[0] to stanza(client[0], 5)
client[1] - Room: stanza(client[0], 5) - Message discarded for I'm not a recipient: 
client[1] - time to live = 0 for message: message from client[0] to stanza(client[0], 5)
client[3] - Sending message to room stanza(client[4], 3) - msg(409,client[3])
client[2] - Room: stanza(client[4], 3) - Message discarded for I'm not a recipient: 
client[2] - time to live = 0 for message: message from client[3] to stanza(client[4], 3)
client[4] - stanza(client[4], 3) - Displayed message: msg(409,client[3]) from user client[3]
client[4] - Room: stanza(client[4], 3) - Message received: msg(409,client[3])
client[4] - time to live = 0 for message: message from client[3] to stanza(client[4], 3)
client[2] - Sending message to room stanza(client[2], 10) - msg(378,client[2])
client[1] - Room: stanza(client[2], 10) - Message discarded for I'm not a recipient: 
client[1] - time to live = 0 for message: message from client[2] to stanza(client[2], 10)
client[3] - stanza(client[2], 10) - Displayed message: msg(378,client[2]) from user client[2]
client[3] - Room: stanza(client[2], 10) - Message received: msg(378,client[2])
client[3] - time to live = 0 for message: message from client[2] to stanza(client[2], 10)
client[4] - Sending message to room stanza(client[0], 8) - msg(442,client[4])
client[3] - Room: stanza(client[0], 8) - Message discarded for I'm not a recipient: 
client[3] - time to live = 0 for message: message from client[4] to stanza(client[0], 8)
client[0] - stanza(client[0], 8) - Displayed message: msg(442,client[4]) from user client[4]
client[0] - Room: stanza(client[0], 8) - Message received: msg(442,client[4])
client[0] - time to live = 0 for message: message from client[4] to stanza(client[0], 8)
client[0] - Sending message to room stanza(client[1], 6) - msg(431,client[0])
client[4] - Room: stanza(client[1], 6) - Message discarded for I'm not a recipient: 
client[4] - time to live = 0 for message: message from client[0] to stanza(client[1], 6)
client[1] - stanza(client[1], 6) - Displayed message: msg(431,client[0]) from user client[0]
client[1] - Room: stanza(client[1], 6) - Message received: msg(431,client[0])
client[1] - time to live = 0 for message: message from client[0] to stanza(client[1], 6)
client[2] - Sending message to room stanza(client[3], 9) - msg(379,client[2])
client[1] - Room: stanza(client[3], 9) - Message discarded for I'm not a recipient: 
client[1] - time to live = 0 for message: message from client[2] to stanza(client[3], 9)
client[3] - stanza(client[3], 9) - Displayed message: msg(379,client[2]) from user client[2]
client[3] - Room: stanza(client[3], 9) - Message received: msg(379,client[2])
client[3] - time to live = 0 for message: message from client[2] to stanza(client[3], 9)
client[1] - Sending message to room stanza(client[0], 3) - msg(453,client[1])
client[0] - stanza(client[0], 3) - Displayed message: msg(453,client[1]) from user client[1]
client[0] - Room: stanza(client[0], 3) - Message received: msg(453,client[1])
client[0] - time to live = 0 for message: message from client[1] to stanza(client[0], 3)
client[2] - Room: stanza(client[0], 3) - Message discarded for I'm not a recipient: 
client[2] - time to live = 0 for message: message from client[1] to stanza(client[0], 3)
client[4] - Sending message to room stanza(client[3], 15) - msg(443,client[4])
client[3] - stanza(client[3], 15) - Displayed message: msg(443,client[4]) from user client[4]
client[3] - Room: stanza(client[3], 15) - Message received: msg(443,client[4])
client[3] - time to live = 0 for message: message from client[4] to stanza(client[3], 15)
client[0] - Room: stanza(client[3], 15) - Message discarded for I'm not a recipient: 
client[0] - time to live = 0 for message: message from client[4] to stanza(client[3], 15)
client[0] - Sending message to room stanza(client[0], 8) - msg(432,client[0])
client[4] - stanza(client[0], 8) - Displayed message: msg(432,client[0]) from user client[0]
client[4] - Room: stanza(client[0], 8) - Message received: msg(432,client[0])
client[4] - time to live = 0 for message: message from client[0] to stanza(client[0], 8)
client[1] - Room: stanza(client[0], 8) - Message discarded for I'm not a recipient: 
client[1] - time to live = 0 for message: message from client[0] to stanza(client[0], 8)
client[2] - Sending message to room stanza(client[1], 8) - msg(380,client[2])
client[1] - stanza(client[1], 8) - Displayed message: msg(380,client[2]) from user client[2]
client[1] - Room: stanza(client[1], 8) - Message received: msg(380,client[2])
client[1] - time to live = 0 for message: message from client[2] to stanza(client[1], 8)
client[3] - Room: stanza(client[1], 8) - Message discarded for I'm not a recipient: 
client[3] - time to live = 0 for message: message from client[2] to stanza(client[1], 8)
client[4] - Sending message to room stanza(client[3], 5) - msg(444,client[4])
client[3] - stanza(client[3], 5) - Displayed message: msg(444,client[4]) from user client[4]
client[3] - Room: stanza(client[3], 5) - Message received: msg(444,client[4])
client[3] - time to live = 0 for message: message from client[4] to stanza(client[3], 5)
client[0] - Room: stanza(client[3], 5) - Message discarded for I'm not a recipient: 
client[0] - time to live = 0 for message: message from client[4] to stanza(client[3], 5)
client[2] - Sending message to room stanza(client[2], 0) - msg(381,client[2])
client[1] - stanza(client[2], 0) - Displayed message: msg(381,client[2]) from user client[2]
client[1] - Room: stanza(client[2], 0) - Message received: msg(381,client[2])
client[1] - time to live = 0 for message: message from client[2] to stanza(client[2], 0)
client[3] - Room: stanza(client[2], 0) - Message discarded for I'm not a recipient: 
client[3] - time to live = 0 for message: message from client[2] to stanza(client[2], 0)
client[3] - Sending message to room stanza(client[2], 7) - msg(410,client[3])
client[2] - stanza(client[2], 7) - Displayed message: msg(410,client[3]) from user client[3]
client[2] - Room: stanza(client[2], 7) - Message received: msg(410,client[3])
client[2] - time to live = 0 for message: message from client[3] to stanza(client[2], 7)
client[4] - Room: stanza(client[2], 7) - Message discarded for I'm not a recipient: 
client[4] - time to live = 0 for message: message from client[3] to stanza(client[2], 7)
client[4] - Sending message to room stanza(client[0], 8) - msg(445,client[4])
client[3] - Room: stanza(client[0], 8) - Message discarded for I'm not a recipient: 
client[3] - time to live = 0 for message: message from client[4] to stanza(client[0], 8)
client[0] - stanza(client[0], 8) - Displayed message: msg(445,client[4]) from user client[4]
client[0] - Room: stanza(client[0], 8) - Message received: msg(445,client[4])
client[0] - time to live = 0 for message: message from client[4] to stanza(client[0], 8)
client[1] - Sending message to room stanza(client[2], 1) - msg(454,client[1])
client[0] - Room: stanza(client[2], 1) - Message discarded for I'm not a recipient: 
client[0] - time to live = 0 for message: message from client[1] to stanza(client[2], 1)
client[2] - stanza(client[2], 1) - Displayed message: msg(454,client[1]) from user client[1]
client[2] - Room: stanza(client[2], 1) - Message received: msg(454,client[1])
client[2] - time to live = 0 for message: message from client[1] to stanza(client[2], 1)
client[3] - Sending message to room stanza(client[3], 7) - msg(411,client[3])
client[2] - Asked for message: 3 - Room: stanza(client[3], 7)
client[2] - Asked for message: 1 - Room: stanza(client[3], 7)
client[2] - Asked for message: 17 - Room: stanza(client[3], 7)
client[2] - Asked for message: 1 - Room: stanza(client[3], 7)
client[2] - Asked for message: 1 - Room: stanza(client[3], 7)
client[2] - time to live = 0 for message: message from client[3] to stanza(client[3], 7)
client[4] - Asked for message: 3 - Room: stanza(client[3], 7)
client[4] - Asked for message: 1 - Room: stanza(client[3], 7)
client[4] - Asked for message: 1 - Room: stanza(client[3], 7)
client[4] - Asked for message: 1 - Room: stanza(client[3], 7)
client[4] - Asked for message: 11 - Room: stanza(client[3], 7)
client[4] - time to live = 0 for message: message from client[3] to stanza(client[3], 7)
client[1] - Room: stanza(client[3], 7) - Message discarded for I'm not a recipient: 
client[1] - time to live = 0 for message: ask message for missing message 3
NOT IMPLEMENTED YET
client[3] - Room: stanza(client[3], 7) - Asked for message: 3
client[3] - time to live = 0 for message: ask message for missing message 3
client[1] - Room: stanza(client[3], 7) - Message discarded for I'm not a recipient: 
client[1] - time to live = 0 for message: ask message for missing message 1
NOT IMPLEMENTED YET
client[3] - Room: stanza(client[3], 7) - Asked for message: 1
client[3] - time to live = 0 for message: ask message for missing message 1
client[1] - Room: stanza(client[3], 7) - Message discarded for I'm not a recipient: 
client[1] - time to live = 0 for message: ask message for missing message 17
NOT IMPLEMENTED YET
client[3] - Room: stanza(client[3], 7) - Asked for message: 17
client[3] - time to live = 0 for message: ask message for missing message 17
client[1] - Room: stanza(client[3], 7) - Message discarded for I'm not a recipient: 
client[1] - time to live = 0 for message: ask message for missing message 1
NOT IMPLEMENTED YET
client[3] - Room: stanza(client[3], 7) - Asked for message: 1
client[3] - time to live = 0 for message: ask message for missing message 1
client[1] - Room: stanza(client[3], 7) - Message discarded for I'm not a recipient: 
client[1] - time to live = 0 for message: ask message for missing message 1
NOT IMPLEMENTED YET
client[3] - Room: stanza(client[3], 7) - Asked for message: 1
client[3] - time to live = 0 for message: ask message for missing message 1
NOT IMPLEMENTED YET
client[3] - Room: stanza(client[3], 7) - Asked for message: 3
client[3] - time to live = 0 for message: ask message for missing message 3
client[0] - Room: stanza(client[3], 7) - Message discarded for I'm not a recipient: 
client[0] - time to live = 0 for message: ask message for missing message 3
NOT IMPLEMENTED YET
client[3] - Room: stanza(client[3], 7) - Asked for message: 1
client[3] - time to live = 0 for message: ask message for missing message 1
client[0] - Room: stanza(client[3], 7) - Message discarded for I'm not a recipient: 
client[0] - time to live = 0 for message: ask message for missing message 1
NOT IMPLEMENTED YET
client[3] - Room: stanza(client[3], 7) - Asked for message: 1
client[3] - time to live = 0 for message: ask message for missing message 1
client[0] - Room: stanza(client[3], 7) - Message discarded for I'm not a recipient: 
client[0] - time to live = 0 for message: ask message for missing message 1
NOT IMPLEMENTED YET
client[3] - Room: stanza(client[3], 7) - Asked for message: 1
client[3] - time to live = 0 for message: ask message for missing message 1
client[0] - Room: stanza(client[3], 7) - Message discarded for I'm not a recipient: 
client[0] - time to live = 0 for message: ask message for missing message 1
NOT IMPLEMENTED YET
client[3] - Room: stanza(client[3], 7) - Asked for message: 11
client[3] - time to live = 0 for message: ask message for missing message 11
client[0] - Room: stanza(client[3], 7) - Message discarded for I'm not a recipient: 
client[0] - time to live = 0 for message: ask message for missing message 11
client[4] - Sending message to room stanza(client[4], 5) - msg(446,client[4])
client[3] - Room: stanza(client[4], 5) - Message discarded for I'm not a recipient: 
client[3] - time to live = 0 for message: message from client[4] to stanza(client[4], 5)
client[0] - stanza(client[4], 5) - Displayed message: msg(446,client[4]) from user client[4]
client[0] - Room: stanza(client[4], 5) - Message received: msg(446,client[4])
client[0] - time to live = 0 for message: message from client[4] to stanza(client[4], 5)
client[3] - Sending message to room stanza(client[4], 7) - msg(412,client[3])
client[2] - Room: stanza(client[4], 7) - Message discarded for I'm not a recipient: 
client[2] - time to live = 0 for message: message from client[3] to stanza(client[4], 7)
client[4] - stanza(client[4], 7) - Displayed message: msg(412,client[3]) from user client[3]
client[4] - Room: stanza(client[4], 7) - Message received: msg(412,client[3])
client[4] - time to live = 0 for message: message from client[3] to stanza(client[4], 7)
client[2] - Sending message to room stanza(client[3], 2) - msg(382,client[2])
client[1] - Room: stanza(client[3], 2) - Message discarded for I'm not a recipient: 
client[1] - time to live = 0 for message: message from client[2] to stanza(client[3], 2)
client[3] - stanza(client[3], 2) - Displayed message: msg(382,client[2]) from user client[2]
client[3] - Room: stanza(client[3], 2) - Message received: msg(382,client[2])
client[3] - time to live = 0 for message: message from client[2] to stanza(client[3], 2)
client[1] - Sending message to room stanza(client[1], 3) - msg(455,client[1])
client[0] - stanza(client[1], 3) - Displayed message: msg(455,client[1]) from user client[1]
client[0] - Room: stanza(client[1], 3) - Message received: msg(455,client[1])
client[0] - time to live = 0 for message: message from client[1] to stanza(client[1], 3)
client[2] - Room: stanza(client[1], 3) - Message discarded for I'm not a recipient: 
client[2] - time to live = 0 for message: message from client[1] to stanza(client[1], 3)
client[3] - Sending message to room stanza(client[4], 4) - msg(413,client[3])
client[2] - Room: stanza(client[4], 4) - Message discarded for I'm not a recipient: 
client[2] - time to live = 0 for message: message from client[3] to stanza(client[4], 4)
client[4] - stanza(client[4], 4) - Displayed message: msg(413,client[3]) from user client[3]
client[4] - Room: stanza(client[4], 4) - Message received: msg(413,client[3])
client[4] - time to live = 0 for message: message from client[3] to stanza(client[4], 4)
client[3] - Sending message to room stanza(client[3], 5) - msg(414,client[3])
client[2] - Room: stanza(client[3], 5) - Message discarded for I'm not a recipient: 
client[2] - time to live = 0 for message: message from client[3] to stanza(client[3], 5)
client[4] - stanza(client[3], 5) - Displayed message: msg(414,client[3]) from user client[3]
client[4] - Room: stanza(client[3], 5) - Message received: msg(414,client[3])
client[4] - time to live = 0 for message: message from client[3] to stanza(client[3], 5)
client[1] - Sending message to room stanza(client[0], 2) - msg(456,client[1])
client[0] - stanza(client[0], 2) - Displayed message: msg(456,client[1]) from user client[1]
client[0] - Room: stanza(client[0], 2) - Message received: msg(456,client[1])
client[0] - time to live = 0 for message: message from client[1] to stanza(client[0], 2)
client[2] - Room: stanza(client[0], 2) - Message discarded for I'm not a recipient: 
client[2] - time to live = 0 for message: message from client[1] to stanza(client[0], 2)
client[0] - Sending message to room stanza(client[1], 4) - msg(433,client[0])
client[4] - Room: stanza(client[1], 4) - Message discarded for I'm not a recipient: 
client[4] - time to live = 0 for message: message from client[0] to stanza(client[1], 4)
client[1] - stanza(client[1], 4) - Displayed message: msg(433,client[0]) from user client[0]
client[1] - Room: stanza(client[1], 4) - Message received: msg(433,client[0])
client[1] - time to live = 0 for message: message from client[0] to stanza(client[1], 4)
client[3] - Sending message to room stanza(client[2], 9) - msg(415,client[3])
client[2] - stanza(client[2], 9) - Displayed message: msg(415,client[3]) from user client[3]
client[2] - Room: stanza(client[2], 9) - Message received: msg(415,client[3])
client[2] - time to live = 0 for message: message from client[3] to stanza(client[2], 9)
client[4] - Room: stanza(client[2], 9) - Message discarded for I'm not a recipient: 
client[4] - time to live = 0 for message: message from client[3] to stanza(client[2], 9)
client[4] - Sending message to room stanza(client[0], 7) - msg(447,client[4])
client[3] - Room: stanza(client[0], 7) - Message discarded for I'm not a recipient: 
client[3] - time to live = 0 for message: message from client[4] to stanza(client[0], 7)
client[0] - stanza(client[0], 7) - Displayed message: msg(447,client[4]) from user client[4]
client[0] - Room: stanza(client[0], 7) - Message received: msg(447,client[4])
client[0] - time to live = 0 for message: message from client[4] to stanza(client[0], 7)
client[3] - Sending message to room stanza(client[3], 7) - msg(416,client[3])
client[2] - Asked for message: 3 - Room: stanza(client[3], 7)
client[2] - Asked for message: 1 - Room: stanza(client[3], 7)
client[2] - Asked for message: 17 - Room: stanza(client[3], 7)
client[2] - Asked for message: 1 - Room: stanza(client[3], 7)
client[2] - Asked for message: 1 - Room: stanza(client[3], 7)
client[2] - time to live = 0 for message: message from client[3] to stanza(client[3], 7)
client[4] - Asked for message: 3 - Room: stanza(client[3], 7)
client[4] - Asked for message: 1 - Room: stanza(client[3], 7)
client[4] - Asked for message: 1 - Room: stanza(client[3], 7)
client[4] - Asked for message: 1 - Room: stanza(client[3], 7)
client[4] - Asked for message: 11 - Room: stanza(client[3], 7)
client[4] - time to live = 0 for message: message from client[3] to stanza(client[3], 7)
client[1] - Room: stanza(client[3], 7) - Message discarded for I'm not a recipient: 
client[1] - time to live = 0 for message: ask message for missing message 3
NOT IMPLEMENTED YET
client[3] - Room: stanza(client[3], 7) - Asked for message: 3
client[3] - time to live = 0 for message: ask message for missing message 3
client[1] - Room: stanza(client[3], 7) - Message discarded for I'm not a recipient: 
client[1] - time to live = 0 for message: ask message for missing message 1
NOT IMPLEMENTED YET
client[3] - Room: stanza(client[3], 7) - Asked for message: 1
client[3] - time to live = 0 for message: ask message for missing message 1
client[1] - Room: stanza(client[3], 7) - Message discarded for I'm not a recipient: 
client[1] - time to live = 0 for message: ask message for missing message 17
NOT IMPLEMENTED YET
client[3] - Room: stanza(client[3], 7) - Asked for message: 17
client[3] - time to live = 0 for message: ask message for missing message 17
client[1] - Room: stanza(client[3], 7) - Message discarded for I'm not a recipient: 
client[1] - time to live = 0 for message: ask message for missing message 1
NOT IMPLEMENTED YET
client[3] - Room: stanza(client[3], 7) - Asked for message: 1
client[3] - time to live = 0 for message: ask message for missing message 1
client[1] - Room: stanza(client[3], 7) - Message discarded for I'm not a recipient: 
client[1] - time to live = 0 for message: ask message for missing message 1
NOT IMPLEMENTED YET
client[3] - Room: stanza(client[3], 7) - Asked for message: 1
client[3] - time to live = 0 for message: ask message for missing message 1
NOT IMPLEMENTED YET
client[3] - Room: stanza(client[3], 7) - Asked for message: 3
client[3] - time to live = 0 for message: ask message for missing message 3
client[0] - Room: stanza(client[3], 7) - Message discarded for I'm not a recipient: 
client[0] - time to live = 0 for message: ask message for missing message 3
NOT IMPLEMENTED YET
client[3] - Room: stanza(client[3], 7) - Asked for message: 1
client[3] - time to live = 0 for message: ask message for missing message 1
client[0] - Room: stanza(client[3], 7) - Message discarded for I'm not a recipient: 
client[0] - time to live = 0 for message: ask message for missing message 1
NOT IMPLEMENTED YET
client[3] - Room: stanza(client[3], 7) - Asked for message: 1
client[3] - time to live = 0 for message: ask message for missing message 1
client[0] - Room: stanza(client[3], 7) - Message discarded for I'm not a recipient: 
client[0] - time to live = 0 for message: ask message for missing message 1
NOT IMPLEMENTED YET
client[3] - Room: stanza(client[3], 7) - Asked for message: 1
client[3] - time to live = 0 for message: ask message for missing message 1
client[0] - Room: stanza(client[3], 7) - Message discarded for I'm not a recipient: 
client[0] - time to live = 0 for message: ask message for missing message 1
NOT IMPLEMENTED YET
client[3] - Room: stanza(client[3], 7) - Asked for message: 11
client[3] - time to live = 0 for message: ask message for missing message 11
client[0] - Room: stanza(client[3], 7) - Message discarded for I'm not a recipient: 
client[0] - time to live = 0 for message: ask message for missing message 11
client[2] - Sending message to room stanza(client[3], 12) - msg(383,client[2])
client[1] - Room: stanza(client[3], 12) - Message discarded for I'm not a recipient: 
client[1] - time to live = 0 for message: message from client[2] to stanza(client[3], 12)
client[3] - stanza(client[3], 12) - Displayed message: msg(383,client[2]) from user client[2]
client[3] - Room: stanza(client[3], 12) - Message received: msg(383,client[2])
client[3] - time to live = 0 for message: message from client[2] to stanza(client[3], 12)
client[1] - Sending message to room stanza(client[1], 9) - msg(457,client[1])
client[0] - Room: stanza(client[1], 9) - Message discarded for I'm not a recipient: 
client[0] - time to live = 0 for message: message from client[1] to stanza(client[1], 9)
client[2] - Room: stanza(client[1], 9) - Message discarded for I'm not a recipient: 
client[2] - time to live = 0 for message: message from client[1] to stanza(client[1], 9)
client[4] - Sending message to room stanza(client[3], 3) - msg(448,client[4])
client[3] - stanza(client[3], 3) - Displayed message: msg(448,client[4]) from user client[4]
client[3] - Room: stanza(client[3], 3) - Message received: msg(448,client[4])
client[3] - time to live = 0 for message: message from client[4] to stanza(client[3], 3)
client[0] - Room: stanza(client[3], 3) - Message discarded for I'm not a recipient: 
client[0] - time to live = 0 for message: message from client[4] to stanza(client[3], 3)
client[2] - Sending message to room stanza(client[2], 9) - msg(384,client[2])
client[1] - Room: stanza(client[2], 9) - Message received: msg(384,client[2])
client[1] - time to live = 0 for message: message from client[2] to stanza(client[2], 9)
client[3] - Room: stanza(client[2], 9) - Message received: msg(384,client[2])
client[3] - time to live = 0 for message: message from client[2] to stanza(client[2], 9)
client[3] - Sent room creation: stanza(client[3], 16) with: client[3],client[1],client[2],client[4],client[0]
client[2] - Room created: stanza(client[3], 16)
client[2] - time to live = 0 for message: creation of room stanza(client[3], 16)
client[4] - Room created: stanza(client[3], 16)
client[4] - time to live = 0 for message: creation of room stanza(client[3], 16)
client[1] - Sending message to room stanza(client[1], 5) - msg(458,client[1])
client[0] - Room: stanza(client[1], 5) - Message discarded for I'm not a recipient: 
client[0] - time to live = 0 for message: message from client[1] to stanza(client[1], 5)
client[2] - Room: stanza(client[1], 5) - Message discarded for I'm not a recipient: 
client[2] - time to live = 0 for message: message from client[1] to stanza(client[1], 5)
client[0] - Sending message to room stanza(client[1], 2) - msg(434,client[0])
client[4] - Room: stanza(client[1], 2) - Message discarded for I'm not a recipient: 
client[4] - time to live = 0 for message: message from client[0] to stanza(client[1], 2)
client[1] - stanza(client[1], 2) - Displayed message: msg(434,client[0]) from user client[0]
client[1] - Room: stanza(client[1], 2) - Message received: msg(434,client[0])
client[1] - time to live = 0 for message: message from client[0] to stanza(client[1], 2)
client[0] - Sending message to room stanza(client[1], 3) - msg(435,client[0])
client[4] - Room: stanza(client[1], 3) - Message discarded for I'm not a recipient: 
client[4] - time to live = 0 for message: message from client[0] to stanza(client[1], 3)
client[1] - stanza(client[1], 3) - Displayed message: msg(435,client[0]) from user client[0]
client[1] - Room: stanza(client[1], 3) - Message received: msg(435,client[0])
client[1] - time to live = 0 for message: message from client[0] to stanza(client[1], 3)
client[4] - Sending message to room stanza(client[3], 9) - msg(449,client[4])
client[3] - stanza(client[3], 9) - Displayed message: msg(449,client[4]) from user client[4]
client[3] - Room: stanza(client[3], 9) - Message received: msg(449,client[4])
client[3] - time to live = 0 for message: message from client[4] to stanza(client[3], 9)
client[0] - Room: stanza(client[3], 9) - Message discarded for I'm not a recipient: 
client[0] - time to live = 0 for message: message from client[4] to stanza(client[3], 9)
client[1] - Sending message to room stanza(client[0], 3) - msg(459,client[1])
client[0] - stanza(client[0], 3) - Displayed message: msg(459,client[1]) from user client[1]
client[0] - Room: stanza(client[0], 3) - Message received: msg(459,client[1])
client[0] - time to live = 0 for message: message from client[1] to stanza(client[0], 3)
client[2] - Room: stanza(client[0], 3) - Message discarded for I'm not a recipient: 
client[2] - time to live = 0 for message: message from client[1] to stanza(client[0], 3)
client[0] - Sending message to room stanza(client[1], 4) - msg(436,client[0])
client[4] - Room: stanza(client[1], 4) - Message discarded for I'm not a recipient: 
client[4] - time to live = 0 for message: message from client[0] to stanza(client[1], 4)
client[1] - stanza(client[1], 4) - Displayed message: msg(436,client[0]) from user client[0]
client[1] - Room: stanza(client[1], 4) - Message received: msg(436,client[0])
client[1] - time to live = 0 for message: message from client[0] to stanza(client[1], 4)
client[4] - Sending message to room stanza(client[4], 2) - msg(450,client[4])
client[3] - Room: stanza(client[4], 2) - Message discarded for I'm not a recipient: 
client[3] - time to live = 0 for message: message from client[4] to stanza(client[4], 2)
client[0] - stanza(client[4], 2) - Displayed message: msg(450,client[4]) from user client[4]
client[0] - Room: stanza(client[4], 2) - Message received: msg(450,client[4])
client[0] - time to live = 0 for message: message from client[4] to stanza(client[4], 2)
client[2] - Sending message to room stanza(client[1], 2) - msg(385,client[2])
client[1] - stanza(client[1], 2) - Displayed message: msg(385,client[2]) from user client[2]
client[1] - Room: stanza(client[1], 2) - Message received: msg(385,client[2])
client[1] - time to live = 0 for message: message from client[2] to stanza(client[1], 2)
client[3] - Room: stanza(client[1], 2) - Message discarded for I'm not a recipient: 
client[3] - time to live = 0 for message: message from client[2] to stanza(client[1], 2)
client[1] - Sending message to room stanza(client[2], 9) - msg(460,client[1])
client[0] - Room: stanza(client[2], 9) - Message discarded for I'm not a recipient: 
client[0] - time to live = 0 for message: message from client[1] to stanza(client[2], 9)
client[2] - stanza(client[2], 9) - Displayed message: msg(460,client[1]) from user client[1]
client[2] - Room: stanza(client[2], 9) - Message received: msg(460,client[1])
client[2] - time to live = 0 for message: message from client[1] to stanza(client[2], 9)
client[3] - Sending message to room stanza(client[3], 8) - msg(417,client[3])
client[2] - Room: stanza(client[3], 8) - Message discarded for I'm not a recipient: 
client[2] - time to live = 0 for message: message from client[3] to stanza(client[3], 8)
client[4] - Room: stanza(client[3], 8) - Message discarded for I'm not a recipient: 
client[4] - time to live = 0 for message: message from client[3] to stanza(client[3], 8)
client[1] - Sending message to room stanza(client[1], 8) - msg(461,client[1])
client[0] - Room: stanza(client[1], 8) - Message discarded for I'm not a recipient: 
client[0] - time to live = 0 for message: message from client[1] to stanza(client[1], 8)
client[2] - stanza(client[1], 8) - Displayed message: msg(461,client[1]) from user client[1]
client[2] - Room: stanza(client[1], 8) - Message received: msg(461,client[1])
client[2] - time to live = 0 for message: message from client[1] to stanza(client[1], 8)
client[0] - Sending message to room stanza(client[0], 8) - msg(437,client[0])
client[4] - stanza(client[0], 8) - Displayed message: msg(437,client[0]) from user client[0]
client[4] - Room: stanza(client[0], 8) - Message received: msg(437,client[0])
client[4] - time to live = 0 for message: message from client[0] to stanza(client[0], 8)
client[1] - Room: stanza(client[0], 8) - Message discarded for I'm not a recipient: 
client[1] - time to live = 0 for message: message from client[0] to stanza(client[0], 8)
client[2] - Sending message to room stanza(client[1], 2) - msg(386,client[2])
client[1] - stanza(client[1], 2) - Displayed message: msg(386,client[2]) from user client[2]
client[1] - Room: stanza(client[1], 2) - Message received: msg(386,client[2])
client[1] - time to live = 0 for message: message from client[2] to stanza(client[1], 2)
client[3] - Room: stanza(client[1], 2) - Message discarded for I'm not a recipient: 
client[3] - time to live = 0 for message: message from client[2] to stanza(client[1], 2)
client[3] - Sending message to room stanza(client[3], 8) - msg(418,client[3])
client[2] - Room: stanza(client[3], 8) - Message discarded for I'm not a recipient: 
client[2] - time to live = 0 for message: message from client[3] to stanza(client[3], 8)
client[4] - Room: stanza(client[3], 8) - Message discarded for I'm not a recipient: 
client[4] - time to live = 0 for message: message from client[3] to stanza(client[3], 8)
client[1] - Sending message to room stanza(client[2], 1) - msg(462,client[1])
client[0] - Room: stanza(client[2], 1) - Message discarded for I'm not a recipient: 
client[0] - time to live = 0 for message: message from client[1] to stanza(client[2], 1)
client[2] - stanza(client[2], 1) - Displayed message: msg(462,client[1]) from user client[1]
client[2] - Room: stanza(client[2], 1) - Message received: msg(462,client[1])
client[2] - time to live = 0 for message: message from client[1] to stanza(client[2], 1)
client[4] - Sending message to room stanza(client[4], 6) - msg(451,client[4])
client[3] - Room: stanza(client[4], 6) - Message discarded for I'm not a recipient: 
client[3] - time to live = 0 for message: message from client[4] to stanza(client[4], 6)
client[0] - stanza(client[4], 6) - Displayed message: msg(451,client[4]) from user client[4]
client[0] - Room: stanza(client[4], 6) - Message received: msg(451,client[4])
client[0] - time to live = 0 for message: message from client[4] to stanza(client[4], 6)
client[0] - Sending message to room stanza(client[4], 5) - msg(438,client[0])
client[4] - stanza(client[4], 5) - Displayed message: msg(438,client[0]) from user client[0]
client[4] - Room: stanza(client[4], 5) - Message received: msg(438,client[0])
client[4] - time to live = 0 for message: message from client[0] to stanza(client[4], 5)
client[1] - Room: stanza(client[4], 5) - Message discarded for I'm not a recipient: 
client[1] - time to live = 0 for message: message from client[0] to stanza(client[4], 5)
client[2] - Sending message to room stanza(client[1], 7) - msg(387,client[2])
client[1] - stanza(client[1], 7) - Displayed message: msg(387,client[2]) from user client[2]
client[1] - Room: stanza(client[1], 7) - Message received: msg(387,client[2])
client[1] - time to live = 0 for message: message from client[2] to stanza(client[1], 7)
client[3] - Room: stanza(client[1], 7) - Message discarded for I'm not a recipient: 
client[3] - time to live = 0 for message: message from client[2] to stanza(client[1], 7)
client[4] - Sending message to room stanza(client[0], 2) - msg(452,client[4])
client[3] - Room: stanza(client[0], 2) - Message discarded for I'm not a recipient: 
client[3] - time to live = 0 for message: message from client[4] to stanza(client[0], 2)
client[0] - stanza(client[0], 2) - Displayed message: msg(452,client[4]) from user client[4]
client[0] - Room: stanza(client[0], 2) - Message received: msg(452,client[4])
client[0] - time to live = 0 for message: message from client[4] to stanza(client[0], 2)
client[1] - Sending message to room stanza(client[0], 1) - msg(463,client[1])
client[0] - stanza(client[0], 1) - Displayed message: msg(463,client[1]) from user client[1]
client[0] - Room: stanza(client[0], 1) - Message received: msg(463,client[1])
client[0] - time to live = 0 for message: message from client[1] to stanza(client[0], 1)
client[2] - Room: stanza(client[0], 1) - Message discarded for I'm not a recipient: 
client[2] - time to live = 0 for message: message from client[1] to stanza(client[0], 1)
client[4] - Sending message to room stanza(client[0], 9) - msg(453,client[4])
client[3] - Room: stanza(client[0], 9) - Message discarded for I'm not a recipient: 
client[3] - time to live = 0 for message: message from client[4] to stanza(client[0], 9)
client[0] - stanza(client[0], 9) - Displayed message: msg(453,client[4]) from user client[4]
client[0] - Room: stanza(client[0], 9) - Message received: msg(453,client[4])
client[0] - time to live = 0 for message: message from client[4] to stanza(client[0], 9)
client[0] - Sending message to room stanza(client[1], 6) - msg(439,client[0])
client[4] - Room: stanza(client[1], 6) - Message discarded for I'm not a recipient: 
client[4] - time to live = 0 for message: message from client[0] to stanza(client[1], 6)
client[1] - stanza(client[1], 6) - Displayed message: msg(439,client[0]) from user client[0]
client[1] - Room: stanza(client[1], 6) - Message received: msg(439,client[0])
client[1] - time to live = 0 for message: message from client[0] to stanza(client[1], 6)
client[2] - Sending message to room stanza(client[3], 16) - msg(388,client[2])
client[1] - Room: stanza(client[3], 16) - Message discarded for I'm not a recipient: 
client[1] - time to live = 0 for message: message from client[2] to stanza(client[3], 16)
client[3] - stanza(client[3], 16) - Displayed message: msg(388,client[2]) from user client[2]
client[3] - Room: stanza(client[3], 16) - Message received: msg(388,client[2])
client[3] - time to live = 0 for message: message from client[2] to stanza(client[3], 16)
client[4] - Sending message to room stanza(client[4], 7) - msg(454,client[4])
client[3] - stanza(client[4], 7) - Displayed message: msg(454,client[4]) from user client[4]
client[3] - Room: stanza(client[4], 7) - Message received: msg(454,client[4])
client[3] - time to live = 0 for message: message from client[4] to stanza(client[4], 7)
client[0] - Room: stanza(client[4], 7) - Message discarded for I'm not a recipient: 
client[0] - time to live = 0 for message: message from client[4] to stanza(client[4], 7)
client[2] - Sending message to room stanza(client[1], 4) - msg(389,client[2])
client[1] - stanza(client[1], 4) - Displayed message: msg(389,client[2]) from user client[2]
client[1] - Room: stanza(client[1], 4) - Message received: msg(389,client[2])
client[1] - time to live = 0 for message: message from client[2] to stanza(client[1], 4)
client[3] - Room: stanza(client[1], 4) - Message discarded for I'm not a recipient: 
client[3] - time to live = 0 for message: message from client[2] to stanza(client[1], 4)
client[4] - Sending message to room stanza(client[0], 9) - msg(455,client[4])
client[3] - Room: stanza(client[0], 9) - Message discarded for I'm not a recipient: 
client[3] - time to live = 0 for message: message from client[4] to stanza(client[0], 9)
client[0] - stanza(client[0], 9) - Displayed message: msg(455,client[4]) from user client[4]
client[0] - Room: stanza(client[0], 9) - Message received: msg(455,client[4])
client[0] - time to live = 0 for message: message from client[4] to stanza(client[0], 9)
client[2] - Sending message to room stanza(client[1], 6) - msg(390,client[2])
client[1] - stanza(client[1], 6) - Displayed message: msg(390,client[2]) from user client[2]
client[1] - Room: stanza(client[1], 6) - Message received: msg(390,client[2])
client[1] - time to live = 0 for message: message from client[2] to stanza(client[1], 6)
client[3] - Room: stanza(client[1], 6) - Message discarded for I'm not a recipient: 
client[3] - time to live = 0 for message: message from client[2] to stanza(client[1], 6)
client[0] - Sending message to room stanza(client[0], 7) - msg(440,client[0])
client[4] - Room: stanza(client[0], 7) - Message received: msg(440,client[0])
client[4] - time to live = 0 for message: message from client[0] to stanza(client[0], 7)
client[1] - Room: stanza(client[0], 7) - Message received: msg(440,client[0])
client[1] - time to live = 0 for message: message from client[0] to stanza(client[0], 7)
client[4] - Sending message to room stanza(client[0], 5) - msg(456,client[4])
client[3] - Room: stanza(client[0], 5) - Message discarded for I'm not a recipient: 
client[3] - time to live = 0 for message: message from client[4] to stanza(client[0], 5)
client[0] - stanza(client[0], 5) - Displayed message: msg(456,client[4]) from user client[4]
client[0] - Room: stanza(client[0], 5) - Message received: msg(456,client[4])
client[0] - time to live = 0 for message: message from client[4] to stanza(client[0], 5)
client[0] - Sending message to room stanza(client[4], 6) - msg(441,client[0])
client[4] - stanza(client[4], 6) - Displayed message: msg(441,client[0]) from user client[0]
client[4] - Room: stanza(client[4], 6) - Message received: msg(441,client[0])
client[4] - time to live = 0 for message: message from client[0] to stanza(client[4], 6)
client[1] - Room: stanza(client[4], 6) - Message discarded for I'm not a recipient: 
client[1] - time to live = 0 for message: message from client[0] to stanza(client[4], 6)
client[2] - Sending message to room stanza(client[2], 8) - msg(391,client[2])
client[1] - stanza(client[2], 8) - Displayed message: msg(391,client[2]) from user client[2]
client[1] - Room: stanza(client[2], 8) - Message received: msg(391,client[2])
client[1] - time to live = 0 for message: message from client[2] to stanza(client[2], 8)
client[3] - Room: stanza(client[2], 8) - Message received: msg(391,client[2])
client[3] - time to live = 0 for message: message from client[2] to stanza(client[2], 8)
client[3] - Sending message to room stanza(client[2], 10) - msg(419,client[3])
client[2] - stanza(client[2], 10) - Displayed message: msg(419,client[3]) from user client[3]
client[2] - Room: stanza(client[2], 10) - Message received: msg(419,client[3])
client[2] - time to live = 0 for message: message from client[3] to stanza(client[2], 10)
client[4] - Room: stanza(client[2], 10) - Message discarded for I'm not a recipient: 
client[4] - time to live = 0 for message: message from client[3] to stanza(client[2], 10)
client[1] - Sending message to room stanza(client[0], 1) - msg(464,client[1])
client[0] - stanza(client[0], 1) - Displayed message: msg(464,client[1]) from user client[1]
client[0] - Room: stanza(client[0], 1) - Message received: msg(464,client[1])
client[0] - time to live = 0 for message: message from client[1] to stanza(client[0], 1)
client[2] - Room: stanza(client[0], 1) - Message discarded for I'm not a recipient: 
client[2] - time to live = 0 for message: message from client[1] to stanza(client[0], 1)
client[0] - Sending message to room stanza(client[0], 3) - msg(442,client[0])
client[4] - Room: stanza(client[0], 3) - Message discarded for I'm not a recipient: 
client[4] - time to live = 0 for message: message from client[0] to stanza(client[0], 3)
client[1] - stanza(client[0], 3) - Displayed message: msg(442,client[0]) from user client[0]
client[1] - Room: stanza(client[0], 3) - Message received: msg(442,client[0])
client[1] - time to live = 0 for message: message from client[0] to stanza(client[0], 3)
client[1] - Sending message to room stanza(client[1], 4) - msg(465,client[1])
client[0] - Room: stanza(client[1], 4) - Message received: msg(465,client[1])
client[0] - time to live = 0 for message: message from client[1] to stanza(client[1], 4)
client[2] - Room: stanza(client[1], 4) - Message received: msg(465,client[1])
client[2] - time to live = 0 for message: message from client[1] to stanza(client[1], 4)
client[4] - Sending message to room stanza(client[3], 1) - msg(457,client[4])
client[3] - stanza(client[3], 1) - Displayed message: msg(457,client[4]) from user client[4]
client[3] - Room: stanza(client[3], 1) - Message received: msg(457,client[4])
client[3] - time to live = 0 for message: message from client[4] to stanza(client[3], 1)
client[0] - Room: stanza(client[3], 1) - Message discarded for I'm not a recipient: 
client[0] - time to live = 0 for message: message from client[4] to stanza(client[3], 1)
client[1] - Sent room creation: stanza(client[1], 10) with: client[1],client[2],client[0],client[3]
client[0] - Room created: stanza(client[1], 10)
client[0] - time to live = 0 for message: creation of room stanza(client[1], 10)
client[2] - Room created: stanza(client[1], 10)
client[2] - time to live = 0 for message: creation of room stanza(client[1], 10)
client[3] - Sending message to room stanza(client[3], 5) - msg(420,client[3])
client[2] - Room: stanza(client[3], 5) - Message discarded for I'm not a recipient: 
client[2] - time to live = 0 for message: message from client[3] to stanza(client[3], 5)
client[4] - stanza(client[3], 5) - Displayed message: msg(420,client[3]) from user client[3]
client[4] - Room: stanza(client[3], 5) - Message received: msg(420,client[3])
client[4] - time to live = 0 for message: message from client[3] to stanza(client[3], 5)
client[1] - Sending message to room stanza(client[1], 7) - msg(466,client[1])
client[0] - Room: stanza(client[1], 7) - Message received: msg(466,client[1])
client[0] - time to live = 0 for message: message from client[1] to stanza(client[1], 7)
client[2] - Room: stanza(client[1], 7) - Message received: msg(466,client[1])
client[2] - time to live = 0 for message: message from client[1] to stanza(client[1], 7)
client[2] - Sending message to room stanza(client[2], 1) - msg(392,client[2])
client[1] - stanza(client[2], 1) - Displayed message: msg(392,client[2]) from user client[2]
client[1] - Room: stanza(client[2], 1) - Message received: msg(392,client[2])
client[1] - time to live = 0 for message: message from client[2] to stanza(client[2], 1)
client[3] - Room: stanza(client[2], 1) - Message discarded for I'm not a recipient: 
client[3] - time to live = 0 for message: message from client[2] to stanza(client[2], 1)
client[1] - Sending message to room stanza(client[1], 2) - msg(467,client[1])
client[0] - Asked for message: 2 - Room: stanza(client[1], 2)
client[0] - Asked for message: 1 - Room: stanza(client[1], 2)
client[0] - Asked for message: 1 - Room: stanza(client[1], 2)
client[0] - Asked for message: 21 - Room: stanza(client[1], 2)
client[0] - Asked for message: 1 - Room: stanza(client[1], 2)
client[0] - time to live = 0 for message: message from client[1] to stanza(client[1], 2)
client[2] - Asked for message: 2 - Room: stanza(client[1], 2)
client[2] - Asked for message: 1 - Room: stanza(client[1], 2)
client[2] - Asked for message: 1 - Room: stanza(client[1], 2)
client[2] - Asked for message: 1 - Room: stanza(client[1], 2)
client[2] - Asked for message: 20 - Room: stanza(client[1], 2)
client[2] - time to live = 0 for message: message from client[1] to stanza(client[1], 2)
client[4] - Room: stanza(client[1], 2) - Message discarded for I'm not a recipient: 
client[4] - time to live = 0 for message: ask message for missing message 2
NOT IMPLEMENTED YET
client[1] - Room: stanza(client[1], 2) - Asked for message: 2
client[1] - time to live = 0 for message: ask message for missing message 2
client[4] - Room: stanza(client[1], 2) - Message discarded for I'm not a recipient: 
client[4] - time to live = 0 for message: ask message for missing message 1
NOT IMPLEMENTED YET
client[1] - Room: stanza(client[1], 2) - Asked for message: 1
client[1] - time to live = 0 for message: ask message for missing message 1
client[4] - Room: stanza(client[1], 2) - Message discarded for I'm not a recipient: 
client[4] - time to live = 0 for message: ask message for missing message 1
NOT IMPLEMENTED YET
client[1] - Room: stanza(client[1], 2) - Asked for message: 1
client[1] - time to live = 0 for message: ask message for missing message 1
client[4] - Room: stanza(client[1], 2) - Message discarded for I'm not a recipient: 
client[4] - time to live = 0 for message: ask message for missing message 21
NOT IMPLEMENTED YET
client[1] - Room: stanza(client[1], 2) - Asked for message: 21
client[1] - time to live = 0 for message: ask message for missing message 21
client[4] - Room: stanza(client[1], 2) - Message discarded for I'm not a recipient: 
client[4] - time to live = 0 for message: ask message for missing message 1
NOT IMPLEMENTED YET
client[1] - Room: stanza(client[1], 2) - Asked for message: 1
client[1] - time to live = 0 for message: ask message for missing message 1
NOT IMPLEMENTED YET
client[1] - Room: stanza(client[1], 2) - Asked for message: 2
client[1] - time to live = 0 for message: ask message for missing message 2
client[3] - Room: stanza(client[1], 2) - Message discarded for I'm not a recipient: 
client[3] - time to live = 0 for message: ask message for missing message 2
NOT IMPLEMENTED YET
client[1] - Room: stanza(client[1], 2) - Asked for message: 1
client[1] - time to live = 0 for message: ask message for missing message 1
client[3] - Room: stanza(client[1], 2) - Message discarded for I'm not a recipient: 
client[3] - time to live = 0 for message: ask message for missing message 1
NOT IMPLEMENTED YET
client[1] - Room: stanza(client[1], 2) - Asked for message: 1
client[1] - time to live = 0 for message: ask message for missing message 1
client[3] - Room: stanza(client[1], 2) - Message discarded for I'm not a recipient: 
client[3] - time to live = 0 for message: ask message for missing message 1
NOT IMPLEMENTED YET
client[1] - Room: stanza(client[1], 2) - Asked for message: 1
client[1] - time to live = 0 for message: ask message for missing message 1
client[3] - Room: stanza(client[1], 2) - Message discarded for I'm not a recipient: 
client[3] - time to live = 0 for message: ask message for missing message 1
NOT IMPLEMENTED YET
client[1] - Room: stanza(client[1], 2) - Asked for message: 20
client[1] - time to live = 0 for message: ask message for missing message 20
client[3] - Room: stanza(client[1], 2) - Message discarded for I'm not a recipient: 
client[3] - time to live = 0 for message: ask message for missing message 20
client[3] - Sending message to room stanza(client[2], 12) - msg(421,client[3])
client[2] - stanza(client[2], 12) - Displayed message: msg(421,client[3]) from user client[3]
client[2] - Room: stanza(client[2], 12) - Message received: msg(421,client[3])
client[2] - time to live = 0 for message: message from client[3] to stanza(client[2], 12)
client[4] - Room: stanza(client[2], 12) - Message discarded for I'm not a recipient: 
client[4] - time to live = 0 for message: message from client[3] to stanza(client[2], 12)
client[1] - Sending message to room stanza(client[1], 3) - msg(468,client[1])
client[0] - stanza(client[1], 3) - Displayed message: msg(468,client[1]) from user client[1]
client[0] - Room: stanza(client[1], 3) - Message received: msg(468,client[1])
client[0] - time to live = 0 for message: message from client[1] to stanza(client[1], 3)
client[2] - Room: stanza(client[1], 3) - Message discarded for I'm not a recipient: 
client[2] - time to live = 0 for message: message from client[1] to stanza(client[1], 3)
client[3] - Sending message to room stanza(client[3], 7) - msg(422,client[3])
client[2] - Asked for message: 3 - Room: stanza(client[3], 7)
client[2] - Asked for message: 1 - Room: stanza(client[3], 7)
client[2] - Asked for message: 17 - Room: stanza(client[3], 7)
client[2] - Asked for message: 1 - Room: stanza(client[3], 7)
client[2] - Asked for message: 1 - Room: stanza(client[3], 7)
client[2] - time to live = 0 for message: message from client[3] to stanza(client[3], 7)
client[4] - Asked for message: 3 - Room: stanza(client[3], 7)
client[4] - Asked for message: 1 - Room: stanza(client[3], 7)
client[4] - Asked for message: 1 - Room: stanza(client[3], 7)
client[4] - Asked for message: 1 - Room: stanza(client[3], 7)
client[4] - Asked for message: 11 - Room: stanza(client[3], 7)
client[4] - time to live = 0 for message: message from client[3] to stanza(client[3], 7)
client[1] - Room: stanza(client[3], 7) - Message discarded for I'm not a recipient: 
client[1] - time to live = 0 for message: ask message for missing message 3
NOT IMPLEMENTED YET
client[3] - Room: stanza(client[3], 7) - Asked for message: 3
client[3] - time to live = 0 for message: ask message for missing message 3
client[1] - Room: stanza(client[3], 7) - Message discarded for I'm not a recipient: 
client[1] - time to live = 0 for message: ask message for missing message 1
NOT IMPLEMENTED YET
client[3] - Room: stanza(client[3], 7) - Asked for message: 1
client[3] - time to live = 0 for message: ask message for missing message 1
client[1] - Room: stanza(client[3], 7) - Message discarded for I'm not a recipient: 
client[1] - time to live = 0 for message: ask message for missing message 17
NOT IMPLEMENTED YET
client[3] - Room: stanza(client[3], 7) - Asked for message: 17
client[3] - time to live = 0 for message: ask message for missing message 17
client[1] - Room: stanza(client[3], 7) - Message discarded for I'm not a recipient: 
client[1] - time to live = 0 for message: ask message for missing message 1
NOT IMPLEMENTED YET
client[3] - Room: stanza(client[3], 7) - Asked for message: 1
client[3] - time to live = 0 for message: ask message for missing message 1
client[1] - Room: stanza(client[3], 7) - Message discarded for I'm not a recipient: 
client[1] - time to live = 0 for message: ask message for missing message 1
NOT IMPLEMENTED YET
client[3] - Room: stanza(client[3], 7) - Asked for message: 1
client[3] - time to live = 0 for message: ask message for missing message 1
NOT IMPLEMENTED YET
client[3] - Room: stanza(client[3], 7) - Asked for message: 3
client[3] - time to live = 0 for message: ask message for missing message 3
client[0] - Room: stanza(client[3], 7) - Message discarded for I'm not a recipient: 
client[0] - time to live = 0 for message: ask message for missing message 3
NOT IMPLEMENTED YET
client[3] - Room: stanza(client[3], 7) - Asked for message: 1
client[3] - time to live = 0 for message: ask message for missing message 1
client[0] - Room: stanza(client[3], 7) - Message discarded for I'm not a recipient: 
client[0] - time to live = 0 for message: ask message for missing message 1
NOT IMPLEMENTED YET
client[3] - Room: stanza(client[3], 7) - Asked for message: 1
client[3] - time to live = 0 for message: ask message for missing message 1
client[0] - Room: stanza(client[3], 7) - Message discarded for I'm not a recipient: 
client[0] - time to live = 0 for message: ask message for missing message 1
NOT IMPLEMENTED YET
client[3] - Room: stanza(client[3], 7) - Asked for message: 1
client[3] - time to live = 0 for message: ask message for missing message 1
client[0] - Room: stanza(client[3], 7) - Message discarded for I'm not a recipient: 
client[0] - time to live = 0 for message: ask message for missing message 1
NOT IMPLEMENTED YET
client[3] - Room: stanza(client[3], 7) - Asked for message: 11
client[3] - time to live = 0 for message: ask message for missing message 11
client[0] - Room: stanza(client[3], 7) - Message discarded for I'm not a recipient: 
client[0] - time to live = 0 for message: ask message for missing message 11
client[2] - Sending message to room stanza(client[1], 7) - msg(393,client[2])
client[1] - stanza(client[1], 7) - Displayed message: msg(393,client[2]) from user client[2]
client[1] - Room: stanza(client[1], 7) - Message received: msg(393,client[2])
client[1] - time to live = 0 for message: message from client[2] to stanza(client[1], 7)
client[3] - Room: stanza(client[1], 7) - Message discarded for I'm not a recipient: 
client[3] - time to live = 0 for message: message from client[2] to stanza(client[1], 7)
client[1] - Sending message to room stanza(client[1], 2) - msg(469,client[1])
client[0] - Asked for message: 2 - Room: stanza(client[1], 2)
client[0] - Asked for message: 1 - Room: stanza(client[1], 2)
client[0] - Asked for message: 1 - Room: stanza(client[1], 2)
client[0] - Asked for message: 21 - Room: stanza(client[1], 2)
client[0] - Asked for message: 1 - Room: stanza(client[1], 2)
client[0] - time to live = 0 for message: message from client[1] to stanza(client[1], 2)
client[2] - Asked for message: 2 - Room: stanza(client[1], 2)
client[2] - Asked for message: 1 - Room: stanza(client[1], 2)
client[2] - Asked for message: 1 - Room: stanza(client[1], 2)
client[2] - Asked for message: 1 - Room: stanza(client[1], 2)
client[2] - Asked for message: 20 - Room: stanza(client[1], 2)
client[2] - time to live = 0 for message: message from client[1] to stanza(client[1], 2)
client[4] - Room: stanza(client[1], 2) - Message discarded for I'm not a recipient: 
client[4] - time to live = 0 for message: ask message for missing message 2
NOT IMPLEMENTED YET
client[1] - Room: stanza(client[1], 2) - Asked for message: 2
client[1] - time to live = 0 for message: ask message for missing message 2
client[4] - Room: stanza(client[1], 2) - Message discarded for I'm not a recipient: 
client[4] - time to live = 0 for message: ask message for missing message 1
NOT IMPLEMENTED YET
client[1] - Room: stanza(client[1], 2) - Asked for message: 1
client[1] - time to live = 0 for message: ask message for missing message 1
client[4] - Room: stanza(client[1], 2) - Message discarded for I'm not a recipient: 
client[4] - time to live = 0 for message: ask message for missing message 1
NOT IMPLEMENTED YET
client[1] - Room: stanza(client[1], 2) - Asked for message: 1
client[1] - time to live = 0 for message: ask message for missing message 1
client[4] - Room: stanza(client[1], 2) - Message discarded for I'm not a recipient: 
client[4] - time to live = 0 for message: ask message for missing message 21
NOT IMPLEMENTED YET
client[1] - Room: stanza(client[1], 2) - Asked for message: 21
client[1] - time to live = 0 for message: ask message for missing message 21
client[4] - Room: stanza(client[1], 2) - Message discarded for I'm not a recipient: 
client[4] - time to live = 0 for message: ask message for missing message 1
NOT IMPLEMENTED YET
client[1] - Room: stanza(client[1], 2) - Asked for message: 1
client[1] - time to live = 0 for message: ask message for missing message 1
NOT IMPLEMENTED YET
client[1] - Room: stanza(client[1], 2) - Asked for message: 2
client[1] - time to live = 0 for message: ask message for missing message 2
client[3] - Room: stanza(client[1], 2) - Message discarded for I'm not a recipient: 
client[3] - time to live = 0 for message: ask message for missing message 2
NOT IMPLEMENTED YET
client[1] - Room: stanza(client[1], 2) - Asked for message: 1
client[1] - time to live = 0 for message: ask message for missing message 1
client[3] - Room: stanza(client[1], 2) - Message discarded for I'm not a recipient: 
client[3] - time to live = 0 for message: ask message for missing message 1
NOT IMPLEMENTED YET
client[1] - Room: stanza(client[1], 2) - Asked for message: 1
client[1] - time to live = 0 for message: ask message for missing message 1
client[3] - Room: stanza(client[1], 2) - Message discarded for I'm not a recipient: 
client[3] - time to live = 0 for message: ask message for missing message 1
NOT IMPLEMENTED YET
client[1] - Room: stanza(client[1], 2) - Asked for message: 1
client[1] - time to live = 0 for message: ask message for missing message 1
client[3] - Room: stanza(client[1], 2) - Message discarded for I'm not a recipient: 
client[3] - time to live = 0 for message: ask message for missing message 1
NOT IMPLEMENTED YET
client[1] - Room: stanza(client[1], 2) - Asked for message: 20
client[1] - time to live = 0 for message: ask message for missing message 20
client[3] - Room: stanza(client[1], 2) - Message discarded for I'm not a recipient: 
client[3] - time to live = 0 for message: ask message for missing message 20
client[0] - Sending message to room stanza(client[0], 0) - msg(443,client[0])
client[4] - Room: stanza(client[0], 0) - Message discarded for I'm not a recipient: 
client[4] - time to live = 0 for message: message from client[0] to stanza(client[0], 0)
client[1] - Room: stanza(client[0], 0) - Message discarded for I'm not a recipient: 
client[1] - time to live = 0 for message: message from client[0] to stanza(client[0], 0)
client[4] - Sending message to room stanza(client[4], 1) - msg(458,client[4])
client[3] - Asked for message: 2 - Room: stanza(client[4], 1)
client[3] - Asked for message: 1 - Room: stanza(client[4], 1)
client[3] - Asked for message: 1 - Room: stanza(client[4], 1)
client[3] - Asked for message: 37 - Room: stanza(client[4], 1)
client[3] - time to live = 0 for message: message from client[4] to stanza(client[4], 1)
client[0] - Asked for message: 2 - Room: stanza(client[4], 1)
client[0] - Asked for message: 1 - Room: stanza(client[4], 1)
client[0] - Asked for message: 27 - Room: stanza(client[4], 1)
client[0] - Asked for message: 1 - Room: stanza(client[4], 1)
client[0] - time to live = 0 for message: message from client[4] to stanza(client[4], 1)
client[2] - Room: stanza(client[4], 1) - Message discarded for I'm not a recipient: 
client[2] - time to live = 0 for message: ask message for missing message 2
NOT IMPLEMENTED YET
client[4] - Room: stanza(client[4], 1) - Asked for message: 2
client[4] - time to live = 0 for message: ask message for missing message 2
client[2] - Room: stanza(client[4], 1) - Message discarded for I'm not a recipient: 
client[2] - time to live = 0 for message: ask message for missing message 1
NOT IMPLEMENTED YET
client[4] - Room: stanza(client[4], 1) - Asked for message: 1
client[4] - time to live = 0 for message: ask message for missing message 1
client[2] - Room: stanza(client[4], 1) - Message discarded for I'm not a recipient: 
client[2] - time to live = 0 for message: ask message for missing message 1
NOT IMPLEMENTED YET
client[4] - Room: stanza(client[4], 1) - Asked for message: 1
client[4] - time to live = 0 for message: ask message for missing message 1
client[2] - Room: stanza(client[4], 1) - Message discarded for I'm not a recipient: 
client[2] - time to live = 0 for message: ask message for missing message 37
NOT IMPLEMENTED YET
client[4] - Room: stanza(client[4], 1) - Asked for message: 37
client[4] - time to live = 0 for message: ask message for missing message 37
NOT IMPLEMENTED YET
client[4] - Room: stanza(client[4], 1) - Asked for message: 2
client[4] - time to live = 0 for message: ask message for missing message 2
client[1] - Room: stanza(client[4], 1) - Message discarded for I'm not a recipient: 
client[1] - time to live = 0 for message: ask message for missing message 2
NOT IMPLEMENTED YET
client[4] - Room: stanza(client[4], 1) - Asked for message: 1
client[4] - time to live = 0 for message: ask message for missing message 1
client[1] - Room: stanza(client[4], 1) - Message discarded for I'm not a recipient: 
client[1] - time to live = 0 for message: ask message for missing message 1
NOT IMPLEMENTED YET
client[4] - Room: stanza(client[4], 1) - Asked for message: 27
client[4] - time to live = 0 for message: ask message for missing message 27
client[1] - Room: stanza(client[4], 1) - Message discarded for I'm not a recipient: 
client[1] - time to live = 0 for message: ask message for missing message 27
NOT IMPLEMENTED YET
client[4] - Room: stanza(client[4], 1) - Asked for message: 1
client[4] - time to live = 0 for message: ask message for missing message 1
client[1] - Room: stanza(client[4], 1) - Message discarded for I'm not a recipient: 
client[1] - time to live = 0 for message: ask message for missing message 1
client[0] - Sending message to room stanza(client[4], 1) - msg(444,client[0])
client[4] - stanza(client[4], 1) - Displayed message: msg(444,client[0]) from user client[0]
client[4] - Room: stanza(client[4], 1) - Message received: msg(444,client[0])
client[4] - time to live = 0 for message: message from client[0] to stanza(client[4], 1)
client[1] - Room: stanza(client[4], 1) - Message discarded for I'm not a recipient: 
client[1] - time to live = 0 for message: message from client[0] to stanza(client[4], 1)
client[2] - Sending message to room stanza(client[2], 10) - msg(394,client[2])
client[1] - Room: stanza(client[2], 10) - Message discarded for I'm not a recipient: 
client[1] - time to live = 0 for message: message from client[2] to stanza(client[2], 10)
client[3] - stanza(client[2], 10) - Displayed message: msg(394,client[2]) from user client[2]
client[3] - Room: stanza(client[2], 10) - Message received: msg(394,client[2])
client[3] - time to live = 0 for message: message from client[2] to stanza(client[2], 10)
client[2] - Sending message to room stanza(client[3], 12) - msg(395,client[2])
client[1] - Room: stanza(client[3], 12) - Message discarded for I'm not a recipient: 
client[1] - time to live = 0 for message: message from client[2] to stanza(client[3], 12)
client[3] - stanza(client[3], 12) - Displayed message: msg(395,client[2]) from user client[2]
client[3] - Room: stanza(client[3], 12) - Message received: msg(395,client[2])
client[3] - time to live = 0 for message: message from client[2] to stanza(client[3], 12)
client[0] - Sending message to room stanza(client[1], 7) - msg(445,client[0])
client[4] - Room: stanza(client[1], 7) - Message discarded for I'm not a recipient: 
client[4] - time to live = 0 for message: message from client[0] to stanza(client[1], 7)
client[1] - stanza(client[1], 7) - Displayed message: msg(445,client[0]) from user client[0]
client[1] - Room: stanza(client[1], 7) - Message received: msg(445,client[0])
client[1] - time to live = 0 for message: message from client[0] to stanza(client[1], 7)
client[1] - Sending message to room stanza(client[2], 8) - msg(470,client[1])
client[0] - Room: stanza(client[2], 8) - Message discarded for I'm not a recipient: 
client[0] - time to live = 0 for message: message from client[1] to stanza(client[2], 8)
client[2] - stanza(client[2], 8) - Displayed message: msg(470,client[1]) from user client[1]
client[2] - Room: stanza(client[2], 8) - Message received: msg(470,client[1])
client[2] - time to live = 0 for message: message from client[1] to stanza(client[2], 8)
client[2] - Sending message to room stanza(client[1], 2) - msg(396,client[2])
client[1] - stanza(client[1], 2) - Displayed message: msg(396,client[2]) from user client[2]
client[1] - Room: stanza(client[1], 2) - Message received: msg(396,client[2])
client[1] - time to live = 0 for message: message from client[2] to stanza(client[1], 2)
client[3] - Room: stanza(client[1], 2) - Message discarded for I'm not a recipient: 
client[3] - time to live = 0 for message: message from client[2] to stanza(client[1], 2)
client[4] - Sending message to room stanza(client[0], 7) - msg(459,client[4])
client[3] - Room: stanza(client[0], 7) - Message discarded for I'm not a recipient: 
client[3] - time to live = 0 for message: message from client[4] to stanza(client[0], 7)
client[0] - stanza(client[0], 7) - Displayed message: msg(459,client[4]) from user client[4]
client[0] - Room: stanza(client[0], 7) - Message received: msg(459,client[4])
client[0] - time to live = 0 for message: message from client[4] to stanza(client[0], 7)
client[4] - Sending message to room stanza(client[4], 2) - msg(460,client[4])
client[3] - Room: stanza(client[4], 2) - Message discarded for I'm not a recipient: 
client[3] - time to live = 0 for message: message from client[4] to stanza(client[4], 2)
client[0] - stanza(client[4], 2) - Displayed message: msg(460,client[4]) from user client[4]
client[0] - Room: stanza(client[4], 2) - Message received: msg(460,client[4])
client[0] - time to live = 0 for message: message from client[4] to stanza(client[4], 2)
client[3] - Sending message to room stanza(client[4], 3) - msg(423,client[3])
client[2] - Room: stanza(client[4], 3) - Message discarded for I'm not a recipient: 
client[2] - time to live = 0 for message: message from client[3] to stanza(client[4], 3)
client[4] - stanza(client[4], 3) - Displayed message: msg(423,client[3]) from user client[3]
client[4] - Room: stanza(client[4], 3) - Message received: msg(423,client[3])
client[4] - time to live = 0 for message: message from client[3] to stanza(client[4], 3)
client[1] - Sending message to room stanza(client[2], 0) - msg(471,client[1])
client[0] - Room: stanza(client[2], 0) - Message discarded for I'm not a recipient: 
client[0] - time to live = 0 for message: message from client[1] to stanza(client[2], 0)
client[2] - stanza(client[2], 0) - Displayed message: msg(471,client[1]) from user client[1]
client[2] - Room: stanza(client[2], 0) - Message received: msg(471,client[1])
client[2] - time to live = 0 for message: message from client[1] to stanza(client[2], 0)
client[1] - Sending message to room stanza(client[2], 0) - msg(472,client[1])
client[0] - Room: stanza(client[2], 0) - Message discarded for I'm not a recipient: 
client[0] - time to live = 0 for message: message from client[1] to stanza(client[2], 0)
client[2] - stanza(client[2], 0) - Displayed message: msg(472,client[1]) from user client[1]
client[2] - Room: stanza(client[2], 0) - Message received: msg(472,client[1])
client[2] - time to live = 0 for message: message from client[1] to stanza(client[2], 0)
client[3] - Sending message to room stanza(client[4], 4) - msg(424,client[3])
client[2] - Room: stanza(client[4], 4) - Message discarded for I'm not a recipient: 
client[2] - time to live = 0 for message: message from client[3] to stanza(client[4], 4)
client[4] - stanza(client[4], 4) - Displayed message: msg(424,client[3]) from user client[3]
client[4] - Room: stanza(client[4], 4) - Message received: msg(424,client[3])
client[4] - time to live = 0 for message: message from client[3] to stanza(client[4], 4)

End.
